[0.553s] Invoking command in '/home/anirudh/Nav2/src/nav2': DEBUGINFOD_URLS=https://debuginfod.ubuntu.com PYTHONPATH=/home/anirudh/Nav2/build/nav2/prefix_override:/usr/lib/python3/dist-packages/colcon_core/task/python/colcon_distutils_commands:/home/anirudh/Nav2/install/nav2/lib/python3.12/site-packages:${PYTHONPATH} /usr/bin/python3 -W ignore:setup.py install is deprecated -W ignore:easy_install command is deprecated setup.py egg_info --egg-base ../../build/nav2 build --build-base /home/anirudh/Nav2/build/nav2/build install --record /home/anirudh/Nav2/build/nav2/install.log --single-version-externally-managed install_data
[0.731s] running egg_info
[0.731s] creating ../../build/nav2/nav2.egg-info
[0.743s] writing ../../build/nav2/nav2.egg-info/PKG-INFO
[0.743s] writing dependency_links to ../../build/nav2/nav2.egg-info/dependency_links.txt
[0.743s] writing entry points to ../../build/nav2/nav2.egg-info/entry_points.txt
[0.743s] writing requirements to ../../build/nav2/nav2.egg-info/requires.txt
[0.743s] writing top-level names to ../../build/nav2/nav2.egg-info/top_level.txt
[0.744s] writing manifest file '../../build/nav2/nav2.egg-info/SOURCES.txt'
[0.769s] reading manifest file '../../build/nav2/nav2.egg-info/SOURCES.txt'
[0.769s] writing manifest file '../../build/nav2/nav2.egg-info/SOURCES.txt'
[0.769s] running build
[0.769s] running build_py
[0.769s] creating /home/anirudh/Nav2/build/nav2/build
[0.769s] creating /home/anirudh/Nav2/build/nav2/build/lib
[0.769s] creating /home/anirudh/Nav2/build/nav2/build/lib/nav2
[0.769s] copying nav2/odom.py -> /home/anirudh/Nav2/build/nav2/build/lib/nav2
[0.770s] copying nav2/__init__.py -> /home/anirudh/Nav2/build/nav2/build/lib/nav2
[0.770s] copying nav2/nav2.py -> /home/anirudh/Nav2/build/nav2/build/lib/nav2
[0.770s] copying nav2/laser.py -> /home/anirudh/Nav2/build/nav2/build/lib/nav2
[0.770s] running install
[0.774s] running install_lib
[0.786s] creating /home/anirudh/Nav2/install/nav2/lib/python3.12/site-packages/nav2
[0.787s] copying /home/anirudh/Nav2/build/nav2/build/lib/nav2/odom.py -> /home/anirudh/Nav2/install/nav2/lib/python3.12/site-packages/nav2
[0.787s] copying /home/anirudh/Nav2/build/nav2/build/lib/nav2/__init__.py -> /home/anirudh/Nav2/install/nav2/lib/python3.12/site-packages/nav2
[0.787s] copying /home/anirudh/Nav2/build/nav2/build/lib/nav2/nav2.py -> /home/anirudh/Nav2/install/nav2/lib/python3.12/site-packages/nav2
[0.787s] copying /home/anirudh/Nav2/build/nav2/build/lib/nav2/laser.py -> /home/anirudh/Nav2/install/nav2/lib/python3.12/site-packages/nav2
[0.787s] byte-compiling /home/anirudh/Nav2/install/nav2/lib/python3.12/site-packages/nav2/odom.py to odom.cpython-312.pyc
[0.788s] byte-compiling /home/anirudh/Nav2/install/nav2/lib/python3.12/site-packages/nav2/__init__.py to __init__.cpython-312.pyc
[0.788s] byte-compiling /home/anirudh/Nav2/install/nav2/lib/python3.12/site-packages/nav2/nav2.py to nav2.cpython-312.pyc
[0.788s] byte-compiling /home/anirudh/Nav2/install/nav2/lib/python3.12/site-packages/nav2/laser.py to laser.cpython-312.pyc
[0.789s] running install_data
[0.789s] creating /home/anirudh/Nav2/install/nav2/share/ament_index
[0.789s] creating /home/anirudh/Nav2/install/nav2/share/ament_index/resource_index
[0.789s] creating /home/anirudh/Nav2/install/nav2/share/ament_index/resource_index/packages
[0.789s] copying resource/nav2 -> /home/anirudh/Nav2/install/nav2/share/ament_index/resource_index/packages
[0.789s] copying package.xml -> /home/anirudh/Nav2/install/nav2/share/nav2
[0.789s] creating /home/anirudh/Nav2/install/nav2/share/nav2/launch
[0.789s] running install_egg_info
[0.803s] Copying ../../build/nav2/nav2.egg-info to /home/anirudh/Nav2/install/nav2/lib/python3.12/site-packages/nav2-0.0.0-py3.12.egg-info
[0.803s] running install_scripts
[0.889s] Installing laser_node script to /home/anirudh/Nav2/install/nav2/lib/nav2
[0.889s] Installing odom script to /home/anirudh/Nav2/install/nav2/lib/nav2
[0.889s] writing list of installed files to '/home/anirudh/Nav2/build/nav2/install.log'
[0.906s] Invoked command in '/home/anirudh/Nav2/src/nav2' returned '0': DEBUGINFOD_URLS=https://debuginfod.ubuntu.com PYTHONPATH=/home/anirudh/Nav2/build/nav2/prefix_override:/usr/lib/python3/dist-packages/colcon_core/task/python/colcon_distutils_commands:/home/anirudh/Nav2/install/nav2/lib/python3.12/site-packages:${PYTHONPATH} /usr/bin/python3 -W ignore:setup.py install is deprecated -W ignore:easy_install command is deprecated setup.py egg_info --egg-base ../../build/nav2 build --build-base /home/anirudh/Nav2/build/nav2/build install --record /home/anirudh/Nav2/build/nav2/install.log --single-version-externally-managed install_data
