[0.049s] Invoking command in '/home/rpd/Nav2/build/multirobot_map_merge': CMAKE_PREFIX_PATH=${CMAKE_PREFIX_PATH}:/opt/ros/jazzy /usr/bin/cmake --build /home/rpd/Nav2/build/multirobot_map_merge -- -j4 -l4
[0.731s] [ 16%] Built target gtest_main
[0.740s] [ 33%] Built target gtest
[0.798s] [ 66%] Built target combine_grids
[0.956s] [ 83%] Built target test_merging_pipeline
[1.207s] [100%] Built target map_merge
[1.238s] Invoked command in '/home/rpd/Nav2/build/multirobot_map_merge' returned '0': CMAKE_PREFIX_PATH=${CMAKE_PREFIX_PATH}:/opt/ros/jazzy /usr/bin/cmake --build /home/rpd/Nav2/build/multirobot_map_merge -- -j4 -l4
[1.244s] Invoking command in '/home/rpd/Nav2/build/multirobot_map_merge': CMAKE_PREFIX_PATH=${CMAKE_PREFIX_PATH}:/opt/ros/jazzy /usr/bin/cmake --install /home/rpd/Nav2/build/multirobot_map_merge
[1.266s] -- Install configuration: ""
[1.268s] -- Up-to-date: /home/rpd/Nav2/install/multirobot_map_merge/include/map_merge/
[1.268s] -- Up-to-date: /home/rpd/Nav2/install/multirobot_map_merge/include/map_merge//ros1_names.hpp
[1.269s] -- Up-to-date: /home/rpd/Nav2/install/multirobot_map_merge/include/map_merge//map_merge.h
[1.311s] -- Up-to-date: /home/rpd/Nav2/install/multirobot_map_merge/share/multirobot_map_merge/launch
[1.315s] -- Up-to-date: /home/rpd/Nav2/install/multirobot_map_merge/share/multirobot_map_merge/launch/map_merge.launch.py
[1.316s] -- Up-to-date: /home/rpd/Nav2/install/multirobot_map_merge/share/multirobot_map_merge/launch/from_map_server.launch.py
[1.316s] -- Up-to-date: /home/rpd/Nav2/install/multirobot_map_merge/share/multirobot_map_merge/launch/tb3_simulation
[1.318s] -- Up-to-date: /home/rpd/Nav2/install/multirobot_map_merge/share/multirobot_map_merge/launch/tb3_simulation/bringup_launch.py
[1.318s] -- Up-to-date: /home/rpd/Nav2/install/multirobot_map_merge/share/multirobot_map_merge/launch/tb3_simulation/worlds
[1.323s] -- Up-to-date: /home/rpd/Nav2/install/multirobot_map_merge/share/multirobot_map_merge/launch/tb3_simulation/worlds/world_only.model
[1.323s] -- Up-to-date: /home/rpd/Nav2/install/multirobot_map_merge/share/multirobot_map_merge/launch/tb3_simulation/multi_tb3_simulation_launch.py
[1.323s] -- Up-to-date: /home/rpd/Nav2/install/multirobot_map_merge/share/multirobot_map_merge/launch/tb3_simulation/config
[1.327s] -- Up-to-date: /home/rpd/Nav2/install/multirobot_map_merge/share/multirobot_map_merge/launch/tb3_simulation/config/nav2_multirobot_params_1.yaml
[1.327s] -- Up-to-date: /home/rpd/Nav2/install/multirobot_map_merge/share/multirobot_map_merge/launch/tb3_simulation/config/nav2_multirobot_params_2.yaml
[1.327s] -- Up-to-date: /home/rpd/Nav2/install/multirobot_map_merge/share/multirobot_map_merge/launch/tb3_simulation/tb3_simulation_launch.py
[1.327s] -- Up-to-date: /home/rpd/Nav2/install/multirobot_map_merge/share/multirobot_map_merge/launch/tb3_simulation/slam_toolbox.py
[1.328s] -- Up-to-date: /home/rpd/Nav2/install/multirobot_map_merge/share/multirobot_map_merge/launch/map_merge.rviz
[1.328s] -- Up-to-date: /home/rpd/Nav2/install/multirobot_map_merge/share/multirobot_map_merge/config
[1.331s] -- Up-to-date: /home/rpd/Nav2/install/multirobot_map_merge/share/multirobot_map_merge/config/params.yaml
[1.333s] -- Up-to-date: /home/rpd/Nav2/install/multirobot_map_merge/lib/libcombine_grids.a
[1.345s] -- Up-to-date: /home/rpd/Nav2/install/multirobot_map_merge/lib/multirobot_map_merge/map_merge
[1.346s] -- Up-to-date: /home/rpd/Nav2/install/multirobot_map_merge/share/multirobot_map_merge/environment/library_path.sh
[1.346s] -- Up-to-date: /home/rpd/Nav2/install/multirobot_map_merge/share/multirobot_map_merge/environment/library_path.dsv
[1.353s] -- Up-to-date: /home/rpd/Nav2/install/multirobot_map_merge/share/ament_index/resource_index/package_run_dependencies/multirobot_map_merge
[1.356s] -- Up-to-date: /home/rpd/Nav2/install/multirobot_map_merge/share/ament_index/resource_index/parent_prefix_path/multirobot_map_merge
[1.358s] -- Up-to-date: /home/rpd/Nav2/install/multirobot_map_merge/share/multirobot_map_merge/environment/ament_prefix_path.sh
[1.359s] -- Up-to-date: /home/rpd/Nav2/install/multirobot_map_merge/share/multirobot_map_merge/environment/ament_prefix_path.dsv
[1.359s] -- Up-to-date: /home/rpd/Nav2/install/multirobot_map_merge/share/multirobot_map_merge/environment/path.sh
[1.359s] -- Up-to-date: /home/rpd/Nav2/install/multirobot_map_merge/share/multirobot_map_merge/environment/path.dsv
[1.359s] -- Up-to-date: /home/rpd/Nav2/install/multirobot_map_merge/share/multirobot_map_merge/local_setup.bash
[1.359s] -- Up-to-date: /home/rpd/Nav2/install/multirobot_map_merge/share/multirobot_map_merge/local_setup.sh
[1.359s] -- Up-to-date: /home/rpd/Nav2/install/multirobot_map_merge/share/multirobot_map_merge/local_setup.zsh
[1.359s] -- Up-to-date: /home/rpd/Nav2/install/multirobot_map_merge/share/multirobot_map_merge/local_setup.dsv
[1.360s] -- Installing: /home/rpd/Nav2/install/multirobot_map_merge/share/multirobot_map_merge/package.dsv
[1.360s] -- Up-to-date: /home/rpd/Nav2/install/multirobot_map_merge/share/ament_index/resource_index/packages/multirobot_map_merge
[1.362s] -- Up-to-date: /home/rpd/Nav2/install/multirobot_map_merge/share/multirobot_map_merge/cmake/ament_cmake_export_include_directories-extras.cmake
[1.363s] -- Up-to-date: /home/rpd/Nav2/install/multirobot_map_merge/share/multirobot_map_merge/cmake/ament_cmake_export_libraries-extras.cmake
[1.363s] -- Up-to-date: /home/rpd/Nav2/install/multirobot_map_merge/share/multirobot_map_merge/cmake/multirobot_map_mergeConfig.cmake
[1.363s] -- Up-to-date: /home/rpd/Nav2/install/multirobot_map_merge/share/multirobot_map_merge/cmake/multirobot_map_mergeConfig-version.cmake
[1.363s] -- Up-to-date: /home/rpd/Nav2/install/multirobot_map_merge/share/multirobot_map_merge/package.xml
[1.376s] Invoked command in '/home/rpd/Nav2/build/multirobot_map_merge' returned '0': CMAKE_PREFIX_PATH=${CMAKE_PREFIX_PATH}:/opt/ros/jazzy /usr/bin/cmake --install /home/rpd/Nav2/build/multirobot_map_merge
