[1.745s] Invoking command in '/home/rpd/Nav2/src/nav2': PYTHONPATH=/home/rpd/Nav2/build/nav2/prefix_override:/usr/lib/python3/dist-packages/colcon_core/task/python/colcon_distutils_commands:/home/rpd/Nav2/install/nav2/lib/python3.12/site-packages:${PYTHONPATH} /usr/bin/python3 -W ignore:setup.py install is deprecated -W ignore:easy_install command is deprecated setup.py egg_info --egg-base ../../build/nav2 build --build-base /home/rpd/Nav2/build/nav2/build install --record /home/rpd/Nav2/build/nav2/install.log --single-version-externally-managed install_data
[2.087s] running egg_info
[2.110s] writing ../../build/nav2/nav2.egg-info/PKG-INFO
[2.110s] writing dependency_links to ../../build/nav2/nav2.egg-info/dependency_links.txt
[2.111s] writing entry points to ../../build/nav2/nav2.egg-info/entry_points.txt
[2.112s] writing requirements to ../../build/nav2/nav2.egg-info/requires.txt
[2.113s] writing top-level names to ../../build/nav2/nav2.egg-info/top_level.txt
[2.161s] reading manifest file '../../build/nav2/nav2.egg-info/SOURCES.txt'
[2.162s] writing manifest file '../../build/nav2/nav2.egg-info/SOURCES.txt'
[2.163s] running build
[2.163s] running build_py
[2.163s] copying nav2/odom.py -> /home/rpd/Nav2/build/nav2/build/lib/nav2
[2.164s] running install
[2.173s] running install_lib
[2.197s] copying /home/rpd/Nav2/build/nav2/build/lib/nav2/odom.py -> /home/rpd/Nav2/install/nav2/lib/python3.12/site-packages/nav2
[2.198s] byte-compiling /home/rpd/Nav2/install/nav2/lib/python3.12/site-packages/nav2/odom.py to odom.cpython-312.pyc
[2.200s] running install_data
[2.200s] copying nav2/launch/slam.py -> /home/rpd/Nav2/install/nav2/share/nav2/launch
[2.200s] running install_egg_info
[2.226s] removing '/home/rpd/Nav2/install/nav2/lib/python3.12/site-packages/nav2-0.0.0-py3.12.egg-info' (and everything under it)
[2.226s] Copying ../../build/nav2/nav2.egg-info to /home/rpd/Nav2/install/nav2/lib/python3.12/site-packages/nav2-0.0.0-py3.12.egg-info
[2.227s] running install_scripts
[2.393s] Installing laser_node script to /home/rpd/Nav2/install/nav2/lib/nav2
[2.394s] Installing odom script to /home/rpd/Nav2/install/nav2/lib/nav2
[2.397s] writing list of installed files to '/home/rpd/Nav2/build/nav2/install.log'
[2.482s] Invoked command in '/home/rpd/Nav2/src/nav2' returned '0': PYTHONPATH=/home/rpd/Nav2/build/nav2/prefix_override:/usr/lib/python3/dist-packages/colcon_core/task/python/colcon_distutils_commands:/home/rpd/Nav2/install/nav2/lib/python3.12/site-packages:${PYTHONPATH} /usr/bin/python3 -W ignore:setup.py install is deprecated -W ignore:easy_install command is deprecated setup.py egg_info --egg-base ../../build/nav2 build --build-base /home/rpd/Nav2/build/nav2/build install --record /home/rpd/Nav2/build/nav2/install.log --single-version-externally-managed install_data
