[0.051s] Invoking command in '/home/rpd/Nav2/build/explore_lite_msgs': CMAKE_PREFIX_PATH=${CMAKE_PREFIX_PATH}:/opt/ros/jazzy /usr/bin/cmake --build /home/rpd/Nav2/build/explore_lite_msgs -- -j4 -l4
[0.578s] [  2%] Built target explore_lite_msgs__rosidl_generator_type_description
[0.653s] [  2%] Built target ament_cmake_python_copy_explore_lite_msgs
[0.702s] [  5%] Built target explore_lite_msgs__cpp
[0.749s] [ 20%] Built target explore_lite_msgs__rosidl_generator_c
[0.924s] [ 29%] Built target explore_lite_msgs__rosidl_typesupport_fastrtps_c
[0.930s] [ 38%] Built target explore_lite_msgs__rosidl_typesupport_cpp
[0.945s] [ 47%] Built target explore_lite_msgs__rosidl_typesupport_introspection_c
[1.049s] [ 55%] Built target explore_lite_msgs__rosidl_typesupport_c
[1.059s] [ 64%] Built target explore_lite_msgs__rosidl_typesupport_fastrtps_cpp
[1.075s] [ 73%] Built target explore_lite_msgs__rosidl_typesupport_introspection_cpp
[1.140s] [ 73%] Built target explore_lite_msgs
[1.198s] [ 76%] Built target explore_lite_msgs__py
[1.273s] [ 82%] Built target explore_lite_msgs__rosidl_generator_py
[1.314s] running egg_info
[1.360s] [ 88%] Built target explore_lite_msgs_s__rosidl_typesupport_introspection_c
[1.361s] writing explore_lite_msgs.egg-info/PKG-INFO
[1.362s] writing dependency_links to explore_lite_msgs.egg-info/dependency_links.txt
[1.362s] [ 94%] Built target explore_lite_msgs_s__rosidl_typesupport_fastrtps_c
[1.364s] writing top-level names to explore_lite_msgs.egg-info/top_level.txt
[1.375s] [100%] Built target explore_lite_msgs_s__rosidl_typesupport_c
[1.440s] reading manifest file 'explore_lite_msgs.egg-info/SOURCES.txt'
[1.442s] writing manifest file 'explore_lite_msgs.egg-info/SOURCES.txt'
[1.523s] [100%] Built target ament_cmake_python_build_explore_lite_msgs_egg
[1.546s] Invoked command in '/home/rpd/Nav2/build/explore_lite_msgs' returned '0': CMAKE_PREFIX_PATH=${CMAKE_PREFIX_PATH}:/opt/ros/jazzy /usr/bin/cmake --build /home/rpd/Nav2/build/explore_lite_msgs -- -j4 -l4
[1.551s] Invoking command in '/home/rpd/Nav2/build/explore_lite_msgs': CMAKE_PREFIX_PATH=${CMAKE_PREFIX_PATH}:/opt/ros/jazzy /usr/bin/cmake --install /home/rpd/Nav2/build/explore_lite_msgs
[1.569s] -- Install configuration: ""
[1.572s] -- Up-to-date: /home/rpd/Nav2/install/explore_lite_msgs/share/ament_index/resource_index/rosidl_interfaces/explore_lite_msgs
[1.573s] -- Up-to-date: /home/rpd/Nav2/install/explore_lite_msgs/share/explore_lite_msgs/msg/ExploreStatus.json
[1.574s] -- Up-to-date: /home/rpd/Nav2/install/explore_lite_msgs/include/explore_lite_msgs/explore_lite_msgs
[1.574s] -- Up-to-date: /home/rpd/Nav2/install/explore_lite_msgs/include/explore_lite_msgs/explore_lite_msgs/msg
[1.575s] -- Up-to-date: /home/rpd/Nav2/install/explore_lite_msgs/include/explore_lite_msgs/explore_lite_msgs/msg/explore_status.h
[1.575s] -- Up-to-date: /home/rpd/Nav2/install/explore_lite_msgs/include/explore_lite_msgs/explore_lite_msgs/msg/detail
[1.576s] -- Installing: /home/rpd/Nav2/install/explore_lite_msgs/include/explore_lite_msgs/explore_lite_msgs/msg/detail/explore_status__type_support.c
[1.577s] -- Up-to-date: /home/rpd/Nav2/install/explore_lite_msgs/include/explore_lite_msgs/explore_lite_msgs/msg/detail/explore_status__description.c
[1.577s] -- Up-to-date: /home/rpd/Nav2/install/explore_lite_msgs/include/explore_lite_msgs/explore_lite_msgs/msg/detail/explore_status__functions.h
[1.577s] -- Up-to-date: /home/rpd/Nav2/install/explore_lite_msgs/include/explore_lite_msgs/explore_lite_msgs/msg/detail/explore_status__struct.h
[1.577s] -- Up-to-date: /home/rpd/Nav2/install/explore_lite_msgs/include/explore_lite_msgs/explore_lite_msgs/msg/detail/explore_status__type_support.h
[1.577s] -- Up-to-date: /home/rpd/Nav2/install/explore_lite_msgs/include/explore_lite_msgs/explore_lite_msgs/msg/detail/explore_status__functions.c
[1.577s] -- Up-to-date: /home/rpd/Nav2/install/explore_lite_msgs/include/explore_lite_msgs/explore_lite_msgs/msg/rosidl_generator_c__visibility_control.h
[1.578s] -- Up-to-date: /home/rpd/Nav2/install/explore_lite_msgs/share/explore_lite_msgs/environment/library_path.sh
[1.578s] -- Up-to-date: /home/rpd/Nav2/install/explore_lite_msgs/share/explore_lite_msgs/environment/library_path.dsv
[1.581s] -- Up-to-date: /home/rpd/Nav2/install/explore_lite_msgs/lib/libexplore_lite_msgs__rosidl_generator_c.so
[1.581s] -- Up-to-date: /home/rpd/Nav2/install/explore_lite_msgs/include/explore_lite_msgs/explore_lite_msgs
[1.581s] -- Up-to-date: /home/rpd/Nav2/install/explore_lite_msgs/include/explore_lite_msgs/explore_lite_msgs/msg
[1.581s] -- Up-to-date: /home/rpd/Nav2/install/explore_lite_msgs/include/explore_lite_msgs/explore_lite_msgs/msg/detail
[1.581s] -- Up-to-date: /home/rpd/Nav2/install/explore_lite_msgs/include/explore_lite_msgs/explore_lite_msgs/msg/detail/explore_status__rosidl_typesupport_fastrtps_c.h
[1.581s] -- Up-to-date: /home/rpd/Nav2/install/explore_lite_msgs/include/explore_lite_msgs/explore_lite_msgs/msg/rosidl_typesupport_fastrtps_c__visibility_control.h
[1.584s] -- Up-to-date: /home/rpd/Nav2/install/explore_lite_msgs/lib/libexplore_lite_msgs__rosidl_typesupport_fastrtps_c.so
[1.584s] -- Up-to-date: /home/rpd/Nav2/install/explore_lite_msgs/include/explore_lite_msgs/explore_lite_msgs
[1.584s] -- Up-to-date: /home/rpd/Nav2/install/explore_lite_msgs/include/explore_lite_msgs/explore_lite_msgs/msg
[1.584s] -- Up-to-date: /home/rpd/Nav2/install/explore_lite_msgs/include/explore_lite_msgs/explore_lite_msgs/msg/rosidl_typesupport_introspection_c__visibility_control.h
[1.585s] -- Up-to-date: /home/rpd/Nav2/install/explore_lite_msgs/include/explore_lite_msgs/explore_lite_msgs/msg/detail
[1.585s] -- Up-to-date: /home/rpd/Nav2/install/explore_lite_msgs/include/explore_lite_msgs/explore_lite_msgs/msg/detail/explore_status__rosidl_typesupport_introspection_c.h
[1.585s] -- Installing: /home/rpd/Nav2/install/explore_lite_msgs/include/explore_lite_msgs/explore_lite_msgs/msg/detail/explore_status__type_support.c
[1.587s] -- Up-to-date: /home/rpd/Nav2/install/explore_lite_msgs/lib/libexplore_lite_msgs__rosidl_typesupport_introspection_c.so
[1.589s] -- Up-to-date: /home/rpd/Nav2/install/explore_lite_msgs/lib/libexplore_lite_msgs__rosidl_typesupport_c.so
[1.589s] -- Up-to-date: /home/rpd/Nav2/install/explore_lite_msgs/include/explore_lite_msgs/explore_lite_msgs
[1.589s] -- Up-to-date: /home/rpd/Nav2/install/explore_lite_msgs/include/explore_lite_msgs/explore_lite_msgs/msg
[1.589s] -- Up-to-date: /home/rpd/Nav2/install/explore_lite_msgs/include/explore_lite_msgs/explore_lite_msgs/msg/rosidl_generator_cpp__visibility_control.hpp
[1.590s] -- Up-to-date: /home/rpd/Nav2/install/explore_lite_msgs/include/explore_lite_msgs/explore_lite_msgs/msg/detail
[1.590s] -- Up-to-date: /home/rpd/Nav2/install/explore_lite_msgs/include/explore_lite_msgs/explore_lite_msgs/msg/detail/explore_status__struct.hpp
[1.590s] -- Up-to-date: /home/rpd/Nav2/install/explore_lite_msgs/include/explore_lite_msgs/explore_lite_msgs/msg/detail/explore_status__traits.hpp
[1.590s] -- Up-to-date: /home/rpd/Nav2/install/explore_lite_msgs/include/explore_lite_msgs/explore_lite_msgs/msg/detail/explore_status__builder.hpp
[1.590s] -- Up-to-date: /home/rpd/Nav2/install/explore_lite_msgs/include/explore_lite_msgs/explore_lite_msgs/msg/detail/explore_status__type_support.hpp
[1.590s] -- Up-to-date: /home/rpd/Nav2/install/explore_lite_msgs/include/explore_lite_msgs/explore_lite_msgs/msg/explore_status.hpp
[1.590s] -- Up-to-date: /home/rpd/Nav2/install/explore_lite_msgs/include/explore_lite_msgs/explore_lite_msgs
[1.590s] -- Up-to-date: /home/rpd/Nav2/install/explore_lite_msgs/include/explore_lite_msgs/explore_lite_msgs/msg
[1.590s] -- Up-to-date: /home/rpd/Nav2/install/explore_lite_msgs/include/explore_lite_msgs/explore_lite_msgs/msg/rosidl_typesupport_fastrtps_cpp__visibility_control.h
[1.591s] -- Up-to-date: /home/rpd/Nav2/install/explore_lite_msgs/include/explore_lite_msgs/explore_lite_msgs/msg/detail
[1.591s] -- Up-to-date: /home/rpd/Nav2/install/explore_lite_msgs/include/explore_lite_msgs/explore_lite_msgs/msg/detail/dds_fastrtps
[1.591s] -- Up-to-date: /home/rpd/Nav2/install/explore_lite_msgs/include/explore_lite_msgs/explore_lite_msgs/msg/detail/explore_status__rosidl_typesupport_fastrtps_cpp.hpp
[1.592s] -- Up-to-date: /home/rpd/Nav2/install/explore_lite_msgs/lib/libexplore_lite_msgs__rosidl_typesupport_fastrtps_cpp.so
[1.592s] -- Up-to-date: /home/rpd/Nav2/install/explore_lite_msgs/include/explore_lite_msgs/explore_lite_msgs
[1.592s] -- Up-to-date: /home/rpd/Nav2/install/explore_lite_msgs/include/explore_lite_msgs/explore_lite_msgs/msg
[1.592s] -- Up-to-date: /home/rpd/Nav2/install/explore_lite_msgs/include/explore_lite_msgs/explore_lite_msgs/msg/detail
[1.593s] -- Up-to-date: /home/rpd/Nav2/install/explore_lite_msgs/include/explore_lite_msgs/explore_lite_msgs/msg/detail/explore_status__type_support.cpp
[1.593s] -- Up-to-date: /home/rpd/Nav2/install/explore_lite_msgs/include/explore_lite_msgs/explore_lite_msgs/msg/detail/explore_status__rosidl_typesupport_introspection_cpp.hpp
[1.595s] -- Up-to-date: /home/rpd/Nav2/install/explore_lite_msgs/lib/libexplore_lite_msgs__rosidl_typesupport_introspection_cpp.so
[1.597s] -- Up-to-date: /home/rpd/Nav2/install/explore_lite_msgs/lib/libexplore_lite_msgs__rosidl_typesupport_cpp.so
[1.598s] -- Up-to-date: /home/rpd/Nav2/install/explore_lite_msgs/share/explore_lite_msgs/environment/pythonpath.sh
[1.598s] -- Up-to-date: /home/rpd/Nav2/install/explore_lite_msgs/share/explore_lite_msgs/environment/pythonpath.dsv
[1.599s] -- Up-to-date: /home/rpd/Nav2/install/explore_lite_msgs/lib/python3.12/site-packages/explore_lite_msgs-1.0.0-py3.12.egg-info
[1.600s] -- Installing: /home/rpd/Nav2/install/explore_lite_msgs/lib/python3.12/site-packages/explore_lite_msgs-1.0.0-py3.12.egg-info/dependency_links.txt
[1.600s] -- Installing: /home/rpd/Nav2/install/explore_lite_msgs/lib/python3.12/site-packages/explore_lite_msgs-1.0.0-py3.12.egg-info/SOURCES.txt
[1.600s] -- Installing: /home/rpd/Nav2/install/explore_lite_msgs/lib/python3.12/site-packages/explore_lite_msgs-1.0.0-py3.12.egg-info/top_level.txt
[1.600s] -- Installing: /home/rpd/Nav2/install/explore_lite_msgs/lib/python3.12/site-packages/explore_lite_msgs-1.0.0-py3.12.egg-info/PKG-INFO
[1.600s] -- Up-to-date: /home/rpd/Nav2/install/explore_lite_msgs/lib/python3.12/site-packages/explore_lite_msgs
[1.601s] -- Up-to-date: /home/rpd/Nav2/install/explore_lite_msgs/lib/python3.12/site-packages/explore_lite_msgs/explore_lite_msgs_s__rosidl_typesupport_c.so
[1.601s] -- Up-to-date: /home/rpd/Nav2/install/explore_lite_msgs/lib/python3.12/site-packages/explore_lite_msgs/msg
[1.602s] -- Up-to-date: /home/rpd/Nav2/install/explore_lite_msgs/lib/python3.12/site-packages/explore_lite_msgs/msg/_explore_status.py
[1.602s] -- Up-to-date: /home/rpd/Nav2/install/explore_lite_msgs/lib/python3.12/site-packages/explore_lite_msgs/msg/__init__.py
[1.602s] -- Up-to-date: /home/rpd/Nav2/install/explore_lite_msgs/lib/python3.12/site-packages/explore_lite_msgs/msg/_explore_status_s.c
[1.602s] -- Up-to-date: /home/rpd/Nav2/install/explore_lite_msgs/lib/python3.12/site-packages/explore_lite_msgs/__init__.py
[1.602s] -- Up-to-date: /home/rpd/Nav2/install/explore_lite_msgs/lib/python3.12/site-packages/explore_lite_msgs/_explore_lite_msgs_s.ep.rosidl_typesupport_c.c
[1.602s] -- Up-to-date: /home/rpd/Nav2/install/explore_lite_msgs/lib/python3.12/site-packages/explore_lite_msgs/explore_lite_msgs_s__rosidl_typesupport_fastrtps_c.so
[1.602s] -- Up-to-date: /home/rpd/Nav2/install/explore_lite_msgs/lib/python3.12/site-packages/explore_lite_msgs/explore_lite_msgs_s__rosidl_typesupport_introspection_c.so
[1.602s] -- Up-to-date: /home/rpd/Nav2/install/explore_lite_msgs/lib/python3.12/site-packages/explore_lite_msgs/_explore_lite_msgs_s.ep.rosidl_typesupport_introspection_c.c
[1.603s] -- Up-to-date: /home/rpd/Nav2/install/explore_lite_msgs/lib/python3.12/site-packages/explore_lite_msgs/_explore_lite_msgs_s.ep.rosidl_typesupport_fastrtps_c.c
[1.659s] Listing '/home/rpd/Nav2/install/explore_lite_msgs/lib/python3.12/site-packages/explore_lite_msgs'...
[1.660s] Listing '/home/rpd/Nav2/install/explore_lite_msgs/lib/python3.12/site-packages/explore_lite_msgs/msg'...
[1.677s] -- Up-to-date: /home/rpd/Nav2/install/explore_lite_msgs/lib/python3.12/site-packages/explore_lite_msgs/explore_lite_msgs_s__rosidl_typesupport_fastrtps_c.so
[1.679s] -- Up-to-date: /home/rpd/Nav2/install/explore_lite_msgs/lib/python3.12/site-packages/explore_lite_msgs/explore_lite_msgs_s__rosidl_typesupport_introspection_c.so
[1.681s] -- Up-to-date: /home/rpd/Nav2/install/explore_lite_msgs/lib/python3.12/site-packages/explore_lite_msgs/explore_lite_msgs_s__rosidl_typesupport_c.so
[1.684s] -- Up-to-date: /home/rpd/Nav2/install/explore_lite_msgs/lib/libexplore_lite_msgs__rosidl_generator_py.so
[1.684s] -- Up-to-date: /home/rpd/Nav2/install/explore_lite_msgs/share/explore_lite_msgs/msg/ExploreStatus.idl
[1.684s] -- Up-to-date: /home/rpd/Nav2/install/explore_lite_msgs/share/explore_lite_msgs/msg/ExploreStatus.msg
[1.685s] -- Up-to-date: /home/rpd/Nav2/install/explore_lite_msgs/share/ament_index/resource_index/package_run_dependencies/explore_lite_msgs
[1.685s] -- Up-to-date: /home/rpd/Nav2/install/explore_lite_msgs/share/ament_index/resource_index/parent_prefix_path/explore_lite_msgs
[1.686s] -- Up-to-date: /home/rpd/Nav2/install/explore_lite_msgs/share/explore_lite_msgs/environment/ament_prefix_path.sh
[1.686s] -- Up-to-date: /home/rpd/Nav2/install/explore_lite_msgs/share/explore_lite_msgs/environment/ament_prefix_path.dsv
[1.686s] -- Up-to-date: /home/rpd/Nav2/install/explore_lite_msgs/share/explore_lite_msgs/environment/path.sh
[1.686s] -- Up-to-date: /home/rpd/Nav2/install/explore_lite_msgs/share/explore_lite_msgs/environment/path.dsv
[1.686s] -- Up-to-date: /home/rpd/Nav2/install/explore_lite_msgs/share/explore_lite_msgs/local_setup.bash
[1.686s] -- Up-to-date: /home/rpd/Nav2/install/explore_lite_msgs/share/explore_lite_msgs/local_setup.sh
[1.686s] -- Up-to-date: /home/rpd/Nav2/install/explore_lite_msgs/share/explore_lite_msgs/local_setup.zsh
[1.686s] -- Up-to-date: /home/rpd/Nav2/install/explore_lite_msgs/share/explore_lite_msgs/local_setup.dsv
[1.686s] -- Installing: /home/rpd/Nav2/install/explore_lite_msgs/share/explore_lite_msgs/package.dsv
[1.687s] -- Up-to-date: /home/rpd/Nav2/install/explore_lite_msgs/share/ament_index/resource_index/packages/explore_lite_msgs
[1.690s] -- Up-to-date: /home/rpd/Nav2/install/explore_lite_msgs/share/explore_lite_msgs/cmake/export_explore_lite_msgs__rosidl_generator_cExport.cmake
[1.690s] -- Up-to-date: /home/rpd/Nav2/install/explore_lite_msgs/share/explore_lite_msgs/cmake/export_explore_lite_msgs__rosidl_generator_cExport-noconfig.cmake
[1.691s] -- Up-to-date: /home/rpd/Nav2/install/explore_lite_msgs/share/explore_lite_msgs/cmake/export_explore_lite_msgs__rosidl_typesupport_fastrtps_cExport.cmake
[1.691s] -- Up-to-date: /home/rpd/Nav2/install/explore_lite_msgs/share/explore_lite_msgs/cmake/export_explore_lite_msgs__rosidl_typesupport_fastrtps_cExport-noconfig.cmake
[1.692s] -- Up-to-date: /home/rpd/Nav2/install/explore_lite_msgs/share/explore_lite_msgs/cmake/explore_lite_msgs__rosidl_typesupport_introspection_cExport.cmake
[1.692s] -- Up-to-date: /home/rpd/Nav2/install/explore_lite_msgs/share/explore_lite_msgs/cmake/explore_lite_msgs__rosidl_typesupport_introspection_cExport-noconfig.cmake
[1.694s] -- Up-to-date: /home/rpd/Nav2/install/explore_lite_msgs/share/explore_lite_msgs/cmake/explore_lite_msgs__rosidl_typesupport_cExport.cmake
[1.694s] -- Up-to-date: /home/rpd/Nav2/install/explore_lite_msgs/share/explore_lite_msgs/cmake/explore_lite_msgs__rosidl_typesupport_cExport-noconfig.cmake
[1.695s] -- Up-to-date: /home/rpd/Nav2/install/explore_lite_msgs/share/explore_lite_msgs/cmake/export_explore_lite_msgs__rosidl_generator_cppExport.cmake
[1.697s] -- Up-to-date: /home/rpd/Nav2/install/explore_lite_msgs/share/explore_lite_msgs/cmake/export_explore_lite_msgs__rosidl_typesupport_fastrtps_cppExport.cmake
[1.697s] -- Up-to-date: /home/rpd/Nav2/install/explore_lite_msgs/share/explore_lite_msgs/cmake/export_explore_lite_msgs__rosidl_typesupport_fastrtps_cppExport-noconfig.cmake
[1.698s] -- Up-to-date: /home/rpd/Nav2/install/explore_lite_msgs/share/explore_lite_msgs/cmake/explore_lite_msgs__rosidl_typesupport_introspection_cppExport.cmake
[1.698s] -- Up-to-date: /home/rpd/Nav2/install/explore_lite_msgs/share/explore_lite_msgs/cmake/explore_lite_msgs__rosidl_typesupport_introspection_cppExport-noconfig.cmake
[1.700s] -- Up-to-date: /home/rpd/Nav2/install/explore_lite_msgs/share/explore_lite_msgs/cmake/explore_lite_msgs__rosidl_typesupport_cppExport.cmake
[1.700s] -- Up-to-date: /home/rpd/Nav2/install/explore_lite_msgs/share/explore_lite_msgs/cmake/explore_lite_msgs__rosidl_typesupport_cppExport-noconfig.cmake
[1.701s] -- Up-to-date: /home/rpd/Nav2/install/explore_lite_msgs/share/explore_lite_msgs/cmake/export_explore_lite_msgs__rosidl_generator_pyExport.cmake
[1.701s] -- Up-to-date: /home/rpd/Nav2/install/explore_lite_msgs/share/explore_lite_msgs/cmake/export_explore_lite_msgs__rosidl_generator_pyExport-noconfig.cmake
[1.701s] -- Up-to-date: /home/rpd/Nav2/install/explore_lite_msgs/share/explore_lite_msgs/cmake/rosidl_cmake-extras.cmake
[1.702s] -- Up-to-date: /home/rpd/Nav2/install/explore_lite_msgs/share/explore_lite_msgs/cmake/ament_cmake_export_include_directories-extras.cmake
[1.702s] -- Up-to-date: /home/rpd/Nav2/install/explore_lite_msgs/share/explore_lite_msgs/cmake/ament_cmake_export_libraries-extras.cmake
[1.702s] -- Up-to-date: /home/rpd/Nav2/install/explore_lite_msgs/share/explore_lite_msgs/cmake/ament_cmake_export_targets-extras.cmake
[1.702s] -- Up-to-date: /home/rpd/Nav2/install/explore_lite_msgs/share/explore_lite_msgs/cmake/rosidl_cmake_export_typesupport_targets-extras.cmake
[1.702s] -- Up-to-date: /home/rpd/Nav2/install/explore_lite_msgs/share/explore_lite_msgs/cmake/ament_cmake_export_dependencies-extras.cmake
[1.702s] -- Up-to-date: /home/rpd/Nav2/install/explore_lite_msgs/share/explore_lite_msgs/cmake/rosidl_cmake_export_typesupport_libraries-extras.cmake
[1.702s] -- Up-to-date: /home/rpd/Nav2/install/explore_lite_msgs/share/explore_lite_msgs/cmake/explore_lite_msgsConfig.cmake
[1.702s] -- Up-to-date: /home/rpd/Nav2/install/explore_lite_msgs/share/explore_lite_msgs/cmake/explore_lite_msgsConfig-version.cmake
[1.703s] -- Up-to-date: /home/rpd/Nav2/install/explore_lite_msgs/share/explore_lite_msgs/package.xml
[1.706s] Invoked command in '/home/rpd/Nav2/build/explore_lite_msgs' returned '0': CMAKE_PREFIX_PATH=${CMAKE_PREFIX_PATH}:/opt/ros/jazzy /usr/bin/cmake --install /home/rpd/Nav2/build/explore_lite_msgs
