[0.054s] Invoking command in '/home/rpd/Nav2/build/explore_lite_msgs': CMAKE_PREFIX_PATH=${CMAKE_PREFIX_PATH}:/opt/ros/jazzy /usr/bin/cmake --build /home/rpd/Nav2/build/explore_lite_msgs -- -j4 -l4
[0.587s] [  2%] Built target explore_lite_msgs__rosidl_generator_type_description
[0.633s] [  2%] Built target ament_cmake_python_copy_explore_lite_msgs
[0.696s] [  5%] Built target explore_lite_msgs__cpp
[0.754s] [ 20%] Built target explore_lite_msgs__rosidl_generator_c
[0.928s] [ 38%] Built target explore_lite_msgs__rosidl_typesupport_fastrtps_c
[0.929s] [ 38%] Built target explore_lite_msgs__rosidl_typesupport_introspection_c
[0.981s] [ 47%] Built target explore_lite_msgs__rosidl_typesupport_cpp
[1.074s] [ 55%] Built target explore_lite_msgs__rosidl_typesupport_fastrtps_cpp
[1.084s] [ 64%] Built target explore_lite_msgs__rosidl_typesupport_c
[1.129s] [ 73%] Built target explore_lite_msgs__rosidl_typesupport_introspection_cpp
[1.186s] [ 73%] Built target explore_lite_msgs
[1.251s] [ 76%] Built target explore_lite_msgs__py
[1.321s] [ 82%] Built target explore_lite_msgs__rosidl_generator_py
[1.349s] running egg_info
[1.394s] writing explore_lite_msgs.egg-info/PKG-INFO
[1.396s] writing dependency_links to explore_lite_msgs.egg-info/dependency_links.txt
[1.397s] writing top-level names to explore_lite_msgs.egg-info/top_level.txt
[1.409s] [ 91%] Built target explore_lite_msgs_s__rosidl_typesupport_c
[1.409s] [ 94%] Built target explore_lite_msgs_s__rosidl_typesupport_introspection_c
[1.410s] [100%] Built target explore_lite_msgs_s__rosidl_typesupport_fastrtps_c
[1.480s] reading manifest file 'explore_lite_msgs.egg-info/SOURCES.txt'
[1.482s] writing manifest file 'explore_lite_msgs.egg-info/SOURCES.txt'
[1.569s] [100%] Built target ament_cmake_python_build_explore_lite_msgs_egg
[1.592s] Invoked command in '/home/rpd/Nav2/build/explore_lite_msgs' returned '0': CMAKE_PREFIX_PATH=${CMAKE_PREFIX_PATH}:/opt/ros/jazzy /usr/bin/cmake --build /home/rpd/Nav2/build/explore_lite_msgs -- -j4 -l4
[1.598s] Invoking command in '/home/rpd/Nav2/build/explore_lite_msgs': CMAKE_PREFIX_PATH=${CMAKE_PREFIX_PATH}:/opt/ros/jazzy /usr/bin/cmake --install /home/rpd/Nav2/build/explore_lite_msgs
[1.618s] -- Install configuration: ""
[1.620s] -- Up-to-date: /home/rpd/Nav2/install/explore_lite_msgs/share/ament_index/resource_index/rosidl_interfaces/explore_lite_msgs
[1.620s] -- Up-to-date: /home/rpd/Nav2/install/explore_lite_msgs/share/explore_lite_msgs/msg/ExploreStatus.json
[1.621s] -- Up-to-date: /home/rpd/Nav2/install/explore_lite_msgs/include/explore_lite_msgs/explore_lite_msgs
[1.622s] -- Up-to-date: /home/rpd/Nav2/install/explore_lite_msgs/include/explore_lite_msgs/explore_lite_msgs/msg
[1.622s] -- Up-to-date: /home/rpd/Nav2/install/explore_lite_msgs/include/explore_lite_msgs/explore_lite_msgs/msg/explore_status.h
[1.622s] -- Up-to-date: /home/rpd/Nav2/install/explore_lite_msgs/include/explore_lite_msgs/explore_lite_msgs/msg/detail
[1.622s] -- Installing: /home/rpd/Nav2/install/explore_lite_msgs/include/explore_lite_msgs/explore_lite_msgs/msg/detail/explore_status__type_support.c
[1.623s] -- Up-to-date: /home/rpd/Nav2/install/explore_lite_msgs/include/explore_lite_msgs/explore_lite_msgs/msg/detail/explore_status__description.c
[1.623s] -- Up-to-date: /home/rpd/Nav2/install/explore_lite_msgs/include/explore_lite_msgs/explore_lite_msgs/msg/detail/explore_status__functions.h
[1.623s] -- Up-to-date: /home/rpd/Nav2/install/explore_lite_msgs/include/explore_lite_msgs/explore_lite_msgs/msg/detail/explore_status__struct.h
[1.623s] -- Up-to-date: /home/rpd/Nav2/install/explore_lite_msgs/include/explore_lite_msgs/explore_lite_msgs/msg/detail/explore_status__type_support.h
[1.624s] -- Up-to-date: /home/rpd/Nav2/install/explore_lite_msgs/include/explore_lite_msgs/explore_lite_msgs/msg/detail/explore_status__functions.c
[1.624s] -- Up-to-date: /home/rpd/Nav2/install/explore_lite_msgs/include/explore_lite_msgs/explore_lite_msgs/msg/rosidl_generator_c__visibility_control.h
[1.624s] -- Up-to-date: /home/rpd/Nav2/install/explore_lite_msgs/share/explore_lite_msgs/environment/library_path.sh
[1.624s] -- Up-to-date: /home/rpd/Nav2/install/explore_lite_msgs/share/explore_lite_msgs/environment/library_path.dsv
[1.627s] -- Up-to-date: /home/rpd/Nav2/install/explore_lite_msgs/lib/libexplore_lite_msgs__rosidl_generator_c.so
[1.628s] -- Up-to-date: /home/rpd/Nav2/install/explore_lite_msgs/include/explore_lite_msgs/explore_lite_msgs
[1.628s] -- Up-to-date: /home/rpd/Nav2/install/explore_lite_msgs/include/explore_lite_msgs/explore_lite_msgs/msg
[1.628s] -- Up-to-date: /home/rpd/Nav2/install/explore_lite_msgs/include/explore_lite_msgs/explore_lite_msgs/msg/detail
[1.628s] -- Up-to-date: /home/rpd/Nav2/install/explore_lite_msgs/include/explore_lite_msgs/explore_lite_msgs/msg/detail/explore_status__rosidl_typesupport_fastrtps_c.h
[1.628s] -- Up-to-date: /home/rpd/Nav2/install/explore_lite_msgs/include/explore_lite_msgs/explore_lite_msgs/msg/rosidl_typesupport_fastrtps_c__visibility_control.h
[1.631s] -- Up-to-date: /home/rpd/Nav2/install/explore_lite_msgs/lib/libexplore_lite_msgs__rosidl_typesupport_fastrtps_c.so
[1.631s] -- Up-to-date: /home/rpd/Nav2/install/explore_lite_msgs/include/explore_lite_msgs/explore_lite_msgs
[1.631s] -- Up-to-date: /home/rpd/Nav2/install/explore_lite_msgs/include/explore_lite_msgs/explore_lite_msgs/msg
[1.631s] -- Up-to-date: /home/rpd/Nav2/install/explore_lite_msgs/include/explore_lite_msgs/explore_lite_msgs/msg/rosidl_typesupport_introspection_c__visibility_control.h
[1.632s] -- Up-to-date: /home/rpd/Nav2/install/explore_lite_msgs/include/explore_lite_msgs/explore_lite_msgs/msg/detail
[1.632s] -- Up-to-date: /home/rpd/Nav2/install/explore_lite_msgs/include/explore_lite_msgs/explore_lite_msgs/msg/detail/explore_status__rosidl_typesupport_introspection_c.h
[1.632s] -- Installing: /home/rpd/Nav2/install/explore_lite_msgs/include/explore_lite_msgs/explore_lite_msgs/msg/detail/explore_status__type_support.c
[1.635s] -- Up-to-date: /home/rpd/Nav2/install/explore_lite_msgs/lib/libexplore_lite_msgs__rosidl_typesupport_introspection_c.so
[1.637s] -- Up-to-date: /home/rpd/Nav2/install/explore_lite_msgs/lib/libexplore_lite_msgs__rosidl_typesupport_c.so
[1.637s] -- Up-to-date: /home/rpd/Nav2/install/explore_lite_msgs/include/explore_lite_msgs/explore_lite_msgs
[1.637s] -- Up-to-date: /home/rpd/Nav2/install/explore_lite_msgs/include/explore_lite_msgs/explore_lite_msgs/msg
[1.638s] -- Up-to-date: /home/rpd/Nav2/install/explore_lite_msgs/include/explore_lite_msgs/explore_lite_msgs/msg/rosidl_generator_cpp__visibility_control.hpp
[1.638s] -- Up-to-date: /home/rpd/Nav2/install/explore_lite_msgs/include/explore_lite_msgs/explore_lite_msgs/msg/detail
[1.638s] -- Up-to-date: /home/rpd/Nav2/install/explore_lite_msgs/include/explore_lite_msgs/explore_lite_msgs/msg/detail/explore_status__struct.hpp
[1.638s] -- Up-to-date: /home/rpd/Nav2/install/explore_lite_msgs/include/explore_lite_msgs/explore_lite_msgs/msg/detail/explore_status__traits.hpp
[1.638s] -- Up-to-date: /home/rpd/Nav2/install/explore_lite_msgs/include/explore_lite_msgs/explore_lite_msgs/msg/detail/explore_status__builder.hpp
[1.638s] -- Up-to-date: /home/rpd/Nav2/install/explore_lite_msgs/include/explore_lite_msgs/explore_lite_msgs/msg/detail/explore_status__type_support.hpp
[1.638s] -- Up-to-date: /home/rpd/Nav2/install/explore_lite_msgs/include/explore_lite_msgs/explore_lite_msgs/msg/explore_status.hpp
[1.638s] -- Up-to-date: /home/rpd/Nav2/install/explore_lite_msgs/include/explore_lite_msgs/explore_lite_msgs
[1.639s] -- Up-to-date: /home/rpd/Nav2/install/explore_lite_msgs/include/explore_lite_msgs/explore_lite_msgs/msg
[1.639s] -- Up-to-date: /home/rpd/Nav2/install/explore_lite_msgs/include/explore_lite_msgs/explore_lite_msgs/msg/rosidl_typesupport_fastrtps_cpp__visibility_control.h
[1.639s] -- Up-to-date: /home/rpd/Nav2/install/explore_lite_msgs/include/explore_lite_msgs/explore_lite_msgs/msg/detail
[1.639s] -- Up-to-date: /home/rpd/Nav2/install/explore_lite_msgs/include/explore_lite_msgs/explore_lite_msgs/msg/detail/dds_fastrtps
[1.639s] -- Up-to-date: /home/rpd/Nav2/install/explore_lite_msgs/include/explore_lite_msgs/explore_lite_msgs/msg/detail/explore_status__rosidl_typesupport_fastrtps_cpp.hpp
[1.641s] -- Up-to-date: /home/rpd/Nav2/install/explore_lite_msgs/lib/libexplore_lite_msgs__rosidl_typesupport_fastrtps_cpp.so
[1.641s] -- Up-to-date: /home/rpd/Nav2/install/explore_lite_msgs/include/explore_lite_msgs/explore_lite_msgs
[1.641s] -- Up-to-date: /home/rpd/Nav2/install/explore_lite_msgs/include/explore_lite_msgs/explore_lite_msgs/msg
[1.641s] -- Up-to-date: /home/rpd/Nav2/install/explore_lite_msgs/include/explore_lite_msgs/explore_lite_msgs/msg/detail
[1.642s] -- Up-to-date: /home/rpd/Nav2/install/explore_lite_msgs/include/explore_lite_msgs/explore_lite_msgs/msg/detail/explore_status__type_support.cpp
[1.642s] -- Up-to-date: /home/rpd/Nav2/install/explore_lite_msgs/include/explore_lite_msgs/explore_lite_msgs/msg/detail/explore_status__rosidl_typesupport_introspection_cpp.hpp
[1.644s] -- Up-to-date: /home/rpd/Nav2/install/explore_lite_msgs/lib/libexplore_lite_msgs__rosidl_typesupport_introspection_cpp.so
[1.646s] -- Up-to-date: /home/rpd/Nav2/install/explore_lite_msgs/lib/libexplore_lite_msgs__rosidl_typesupport_cpp.so
[1.647s] -- Up-to-date: /home/rpd/Nav2/install/explore_lite_msgs/share/explore_lite_msgs/environment/pythonpath.sh
[1.647s] -- Up-to-date: /home/rpd/Nav2/install/explore_lite_msgs/share/explore_lite_msgs/environment/pythonpath.dsv
[1.648s] -- Up-to-date: /home/rpd/Nav2/install/explore_lite_msgs/lib/python3.12/site-packages/explore_lite_msgs-1.0.0-py3.12.egg-info
[1.649s] -- Installing: /home/rpd/Nav2/install/explore_lite_msgs/lib/python3.12/site-packages/explore_lite_msgs-1.0.0-py3.12.egg-info/dependency_links.txt
[1.649s] -- Installing: /home/rpd/Nav2/install/explore_lite_msgs/lib/python3.12/site-packages/explore_lite_msgs-1.0.0-py3.12.egg-info/SOURCES.txt
[1.649s] -- Installing: /home/rpd/Nav2/install/explore_lite_msgs/lib/python3.12/site-packages/explore_lite_msgs-1.0.0-py3.12.egg-info/top_level.txt
[1.649s] -- Installing: /home/rpd/Nav2/install/explore_lite_msgs/lib/python3.12/site-packages/explore_lite_msgs-1.0.0-py3.12.egg-info/PKG-INFO
[1.650s] -- Up-to-date: /home/rpd/Nav2/install/explore_lite_msgs/lib/python3.12/site-packages/explore_lite_msgs
[1.650s] -- Up-to-date: /home/rpd/Nav2/install/explore_lite_msgs/lib/python3.12/site-packages/explore_lite_msgs/explore_lite_msgs_s__rosidl_typesupport_c.so
[1.650s] -- Up-to-date: /home/rpd/Nav2/install/explore_lite_msgs/lib/python3.12/site-packages/explore_lite_msgs/msg
[1.651s] -- Up-to-date: /home/rpd/Nav2/install/explore_lite_msgs/lib/python3.12/site-packages/explore_lite_msgs/msg/_explore_status.py
[1.651s] -- Up-to-date: /home/rpd/Nav2/install/explore_lite_msgs/lib/python3.12/site-packages/explore_lite_msgs/msg/__init__.py
[1.651s] -- Up-to-date: /home/rpd/Nav2/install/explore_lite_msgs/lib/python3.12/site-packages/explore_lite_msgs/msg/_explore_status_s.c
[1.651s] -- Up-to-date: /home/rpd/Nav2/install/explore_lite_msgs/lib/python3.12/site-packages/explore_lite_msgs/__init__.py
[1.652s] -- Up-to-date: /home/rpd/Nav2/install/explore_lite_msgs/lib/python3.12/site-packages/explore_lite_msgs/_explore_lite_msgs_s.ep.rosidl_typesupport_c.c
[1.652s] -- Up-to-date: /home/rpd/Nav2/install/explore_lite_msgs/lib/python3.12/site-packages/explore_lite_msgs/explore_lite_msgs_s__rosidl_typesupport_fastrtps_c.so
[1.652s] -- Up-to-date: /home/rpd/Nav2/install/explore_lite_msgs/lib/python3.12/site-packages/explore_lite_msgs/explore_lite_msgs_s__rosidl_typesupport_introspection_c.so
[1.652s] -- Up-to-date: /home/rpd/Nav2/install/explore_lite_msgs/lib/python3.12/site-packages/explore_lite_msgs/_explore_lite_msgs_s.ep.rosidl_typesupport_introspection_c.c
[1.652s] -- Up-to-date: /home/rpd/Nav2/install/explore_lite_msgs/lib/python3.12/site-packages/explore_lite_msgs/_explore_lite_msgs_s.ep.rosidl_typesupport_fastrtps_c.c
[1.713s] Listing '/home/rpd/Nav2/install/explore_lite_msgs/lib/python3.12/site-packages/explore_lite_msgs'...
[1.714s] Listing '/home/rpd/Nav2/install/explore_lite_msgs/lib/python3.12/site-packages/explore_lite_msgs/msg'...
[1.731s] -- Up-to-date: /home/rpd/Nav2/install/explore_lite_msgs/lib/python3.12/site-packages/explore_lite_msgs/explore_lite_msgs_s__rosidl_typesupport_fastrtps_c.so
[1.734s] -- Up-to-date: /home/rpd/Nav2/install/explore_lite_msgs/lib/python3.12/site-packages/explore_lite_msgs/explore_lite_msgs_s__rosidl_typesupport_introspection_c.so
[1.736s] -- Up-to-date: /home/rpd/Nav2/install/explore_lite_msgs/lib/python3.12/site-packages/explore_lite_msgs/explore_lite_msgs_s__rosidl_typesupport_c.so
[1.738s] -- Up-to-date: /home/rpd/Nav2/install/explore_lite_msgs/lib/libexplore_lite_msgs__rosidl_generator_py.so
[1.739s] -- Up-to-date: /home/rpd/Nav2/install/explore_lite_msgs/share/explore_lite_msgs/msg/ExploreStatus.idl
[1.739s] -- Up-to-date: /home/rpd/Nav2/install/explore_lite_msgs/share/explore_lite_msgs/msg/ExploreStatus.msg
[1.739s] -- Up-to-date: /home/rpd/Nav2/install/explore_lite_msgs/share/ament_index/resource_index/package_run_dependencies/explore_lite_msgs
[1.740s] -- Up-to-date: /home/rpd/Nav2/install/explore_lite_msgs/share/ament_index/resource_index/parent_prefix_path/explore_lite_msgs
[1.740s] -- Up-to-date: /home/rpd/Nav2/install/explore_lite_msgs/share/explore_lite_msgs/environment/ament_prefix_path.sh
[1.740s] -- Up-to-date: /home/rpd/Nav2/install/explore_lite_msgs/share/explore_lite_msgs/environment/ament_prefix_path.dsv
[1.741s] -- Up-to-date: /home/rpd/Nav2/install/explore_lite_msgs/share/explore_lite_msgs/environment/path.sh
[1.741s] -- Up-to-date: /home/rpd/Nav2/install/explore_lite_msgs/share/explore_lite_msgs/environment/path.dsv
[1.741s] -- Up-to-date: /home/rpd/Nav2/install/explore_lite_msgs/share/explore_lite_msgs/local_setup.bash
[1.741s] -- Up-to-date: /home/rpd/Nav2/install/explore_lite_msgs/share/explore_lite_msgs/local_setup.sh
[1.741s] -- Up-to-date: /home/rpd/Nav2/install/explore_lite_msgs/share/explore_lite_msgs/local_setup.zsh
[1.741s] -- Up-to-date: /home/rpd/Nav2/install/explore_lite_msgs/share/explore_lite_msgs/local_setup.dsv
[1.741s] -- Installing: /home/rpd/Nav2/install/explore_lite_msgs/share/explore_lite_msgs/package.dsv
[1.742s] -- Up-to-date: /home/rpd/Nav2/install/explore_lite_msgs/share/ament_index/resource_index/packages/explore_lite_msgs
[1.746s] -- Up-to-date: /home/rpd/Nav2/install/explore_lite_msgs/share/explore_lite_msgs/cmake/export_explore_lite_msgs__rosidl_generator_cExport.cmake
[1.746s] -- Up-to-date: /home/rpd/Nav2/install/explore_lite_msgs/share/explore_lite_msgs/cmake/export_explore_lite_msgs__rosidl_generator_cExport-noconfig.cmake
[1.748s] -- Up-to-date: /home/rpd/Nav2/install/explore_lite_msgs/share/explore_lite_msgs/cmake/export_explore_lite_msgs__rosidl_typesupport_fastrtps_cExport.cmake
[1.748s] -- Up-to-date: /home/rpd/Nav2/install/explore_lite_msgs/share/explore_lite_msgs/cmake/export_explore_lite_msgs__rosidl_typesupport_fastrtps_cExport-noconfig.cmake
[1.749s] -- Up-to-date: /home/rpd/Nav2/install/explore_lite_msgs/share/explore_lite_msgs/cmake/explore_lite_msgs__rosidl_typesupport_introspection_cExport.cmake
[1.749s] -- Up-to-date: /home/rpd/Nav2/install/explore_lite_msgs/share/explore_lite_msgs/cmake/explore_lite_msgs__rosidl_typesupport_introspection_cExport-noconfig.cmake
[1.750s] -- Up-to-date: /home/rpd/Nav2/install/explore_lite_msgs/share/explore_lite_msgs/cmake/explore_lite_msgs__rosidl_typesupport_cExport.cmake
[1.751s] -- Up-to-date: /home/rpd/Nav2/install/explore_lite_msgs/share/explore_lite_msgs/cmake/explore_lite_msgs__rosidl_typesupport_cExport-noconfig.cmake
[1.752s] -- Up-to-date: /home/rpd/Nav2/install/explore_lite_msgs/share/explore_lite_msgs/cmake/export_explore_lite_msgs__rosidl_generator_cppExport.cmake
[1.753s] -- Up-to-date: /home/rpd/Nav2/install/explore_lite_msgs/share/explore_lite_msgs/cmake/export_explore_lite_msgs__rosidl_typesupport_fastrtps_cppExport.cmake
[1.753s] -- Up-to-date: /home/rpd/Nav2/install/explore_lite_msgs/share/explore_lite_msgs/cmake/export_explore_lite_msgs__rosidl_typesupport_fastrtps_cppExport-noconfig.cmake
[1.755s] -- Up-to-date: /home/rpd/Nav2/install/explore_lite_msgs/share/explore_lite_msgs/cmake/explore_lite_msgs__rosidl_typesupport_introspection_cppExport.cmake
[1.755s] -- Up-to-date: /home/rpd/Nav2/install/explore_lite_msgs/share/explore_lite_msgs/cmake/explore_lite_msgs__rosidl_typesupport_introspection_cppExport-noconfig.cmake
[1.756s] -- Up-to-date: /home/rpd/Nav2/install/explore_lite_msgs/share/explore_lite_msgs/cmake/explore_lite_msgs__rosidl_typesupport_cppExport.cmake
[1.756s] -- Up-to-date: /home/rpd/Nav2/install/explore_lite_msgs/share/explore_lite_msgs/cmake/explore_lite_msgs__rosidl_typesupport_cppExport-noconfig.cmake
[1.758s] -- Up-to-date: /home/rpd/Nav2/install/explore_lite_msgs/share/explore_lite_msgs/cmake/export_explore_lite_msgs__rosidl_generator_pyExport.cmake
[1.758s] -- Up-to-date: /home/rpd/Nav2/install/explore_lite_msgs/share/explore_lite_msgs/cmake/export_explore_lite_msgs__rosidl_generator_pyExport-noconfig.cmake
[1.758s] -- Up-to-date: /home/rpd/Nav2/install/explore_lite_msgs/share/explore_lite_msgs/cmake/rosidl_cmake-extras.cmake
[1.758s] -- Up-to-date: /home/rpd/Nav2/install/explore_lite_msgs/share/explore_lite_msgs/cmake/ament_cmake_export_include_directories-extras.cmake
[1.758s] -- Up-to-date: /home/rpd/Nav2/install/explore_lite_msgs/share/explore_lite_msgs/cmake/ament_cmake_export_libraries-extras.cmake
[1.759s] -- Up-to-date: /home/rpd/Nav2/install/explore_lite_msgs/share/explore_lite_msgs/cmake/ament_cmake_export_targets-extras.cmake
[1.759s] -- Up-to-date: /home/rpd/Nav2/install/explore_lite_msgs/share/explore_lite_msgs/cmake/rosidl_cmake_export_typesupport_targets-extras.cmake
[1.759s] -- Up-to-date: /home/rpd/Nav2/install/explore_lite_msgs/share/explore_lite_msgs/cmake/ament_cmake_export_dependencies-extras.cmake
[1.759s] -- Up-to-date: /home/rpd/Nav2/install/explore_lite_msgs/share/explore_lite_msgs/cmake/rosidl_cmake_export_typesupport_libraries-extras.cmake
[1.759s] -- Up-to-date: /home/rpd/Nav2/install/explore_lite_msgs/share/explore_lite_msgs/cmake/explore_lite_msgsConfig.cmake
[1.759s] -- Up-to-date: /home/rpd/Nav2/install/explore_lite_msgs/share/explore_lite_msgs/cmake/explore_lite_msgsConfig-version.cmake
[1.759s] -- Up-to-date: /home/rpd/Nav2/install/explore_lite_msgs/share/explore_lite_msgs/package.xml
[1.764s] Invoked command in '/home/rpd/Nav2/build/explore_lite_msgs' returned '0': CMAKE_PREFIX_PATH=${CMAKE_PREFIX_PATH}:/opt/ros/jazzy /usr/bin/cmake --install /home/rpd/Nav2/build/explore_lite_msgs
