[0.496s] DEBUG:colcon:Command line arguments: ['/usr/bin/colcon', 'build']
[0.496s] DEBUG:colcon:Parsed command line arguments: Namespace(log_base=None, log_level=None, verb_name='build', build_base='build', install_base='install', merge_install=False, symlink_install=False, test_result_base=None, continue_on_error=False, executor='parallel', parallel_workers=4, event_handlers=None, ignore_user_meta=False, metas=['./colcon.meta'], base_paths=['.'], packages_ignore=None, packages_ignore_regex=None, paths=None, packages_up_to=None, packages_up_to_regex=None, packages_above=None, packages_above_and_dependencies=None, packages_above_depth=None, packages_select_by_dep=None, packages_skip_by_dep=None, packages_skip_up_to=None, packages_select_build_failed=False, packages_skip_build_finished=False, packages_select_test_failures=False, packages_skip_test_passed=False, packages_select=None, packages_skip=None, packages_select_regex=None, packages_skip_regex=None, packages_start=None, packages_end=None, allow_overriding=[], cmake_args=None, cmake_target=None, cmake_target_skip_unavailable=False, cmake_clean_cache=False, cmake_clean_first=False, cmake_force_configure=False, ament_cmake_args=None, catkin_cmake_args=None, catkin_skip_building_tests=False, verb_parser=<colcon_defaults.argument_parser.defaults.DefaultArgumentsDecorator object at 0xffff90358170>, verb_extension=<colcon_core.verb.build.BuildVerb object at 0xffff90477ad0>, main=<bound method BuildVerb.main of <colcon_core.verb.build.BuildVerb object at 0xffff90477ad0>>)
[0.615s] Level 1:colcon.colcon_core.package_discovery:discover_packages(colcon_meta) check parameters
[0.616s] Level 1:colcon.colcon_core.package_discovery:discover_packages(recursive) check parameters
[0.616s] Level 1:colcon.colcon_core.package_discovery:discover_packages(ignore) check parameters
[0.616s] Level 1:colcon.colcon_core.package_discovery:discover_packages(path) check parameters
[0.616s] Level 1:colcon.colcon_core.package_discovery:discover_packages(colcon_meta) discover
[0.616s] Level 1:colcon.colcon_core.package_discovery:discover_packages(recursive) discover
[0.616s] INFO:colcon.colcon_core.package_discovery:Crawling recursively for packages in '/home/rpd/Nav2'
[0.616s] Level 1:colcon.colcon_core.package_identification:_identify(.) by extensions ['ignore', 'ignore_ament_install']
[0.616s] Level 1:colcon.colcon_core.package_identification:_identify(.) by extension 'ignore'
[0.616s] Level 1:colcon.colcon_core.package_identification:_identify(.) by extension 'ignore_ament_install'
[0.616s] Level 1:colcon.colcon_core.package_identification:_identify(.) by extensions ['colcon_pkg']
[0.617s] Level 1:colcon.colcon_core.package_identification:_identify(.) by extension 'colcon_pkg'
[0.617s] Level 1:colcon.colcon_core.package_identification:_identify(.) by extensions ['colcon_meta']
[0.617s] Level 1:colcon.colcon_core.package_identification:_identify(.) by extension 'colcon_meta'
[0.617s] Level 1:colcon.colcon_core.package_identification:_identify(.) by extensions ['ros']
[0.617s] Level 1:colcon.colcon_core.package_identification:_identify(.) by extension 'ros'
[0.671s] Level 1:colcon.colcon_core.package_identification:_identify(.) by extensions ['cmake', 'python']
[0.671s] Level 1:colcon.colcon_core.package_identification:_identify(.) by extension 'cmake'
[0.671s] Level 1:colcon.colcon_core.package_identification:_identify(.) by extension 'python'
[0.671s] Level 1:colcon.colcon_core.package_identification:_identify(.) by extensions ['python_setup_py']
[0.671s] Level 1:colcon.colcon_core.package_identification:_identify(.) by extension 'python_setup_py'
[0.672s] Level 1:colcon.colcon_core.package_identification:_identify(build) by extensions ['ignore', 'ignore_ament_install']
[0.672s] Level 1:colcon.colcon_core.package_identification:_identify(build) by extension 'ignore'
[0.672s] Level 1:colcon.colcon_core.package_identification:_identify(build) ignored
[0.672s] Level 1:colcon.colcon_core.package_identification:_identify(install) by extensions ['ignore', 'ignore_ament_install']
[0.672s] Level 1:colcon.colcon_core.package_identification:_identify(install) by extension 'ignore'
[0.672s] Level 1:colcon.colcon_core.package_identification:_identify(install) ignored
[0.672s] Level 1:colcon.colcon_core.package_identification:_identify(log) by extensions ['ignore', 'ignore_ament_install']
[0.672s] Level 1:colcon.colcon_core.package_identification:_identify(log) by extension 'ignore'
[0.672s] Level 1:colcon.colcon_core.package_identification:_identify(log) ignored
[0.672s] Level 1:colcon.colcon_core.package_identification:_identify(src) by extensions ['ignore', 'ignore_ament_install']
[0.673s] Level 1:colcon.colcon_core.package_identification:_identify(src) by extension 'ignore'
[0.673s] Level 1:colcon.colcon_core.package_identification:_identify(src) by extension 'ignore_ament_install'
[0.673s] Level 1:colcon.colcon_core.package_identification:_identify(src) by extensions ['colcon_pkg']
[0.673s] Level 1:colcon.colcon_core.package_identification:_identify(src) by extension 'colcon_pkg'
[0.673s] Level 1:colcon.colcon_core.package_identification:_identify(src) by extensions ['colcon_meta']
[0.673s] Level 1:colcon.colcon_core.package_identification:_identify(src) by extension 'colcon_meta'
[0.673s] Level 1:colcon.colcon_core.package_identification:_identify(src) by extensions ['ros']
[0.673s] Level 1:colcon.colcon_core.package_identification:_identify(src) by extension 'ros'
[0.673s] Level 1:colcon.colcon_core.package_identification:_identify(src) by extensions ['cmake', 'python']
[0.673s] Level 1:colcon.colcon_core.package_identification:_identify(src) by extension 'cmake'
[0.673s] Level 1:colcon.colcon_core.package_identification:_identify(src) by extension 'python'
[0.673s] Level 1:colcon.colcon_core.package_identification:_identify(src) by extensions ['python_setup_py']
[0.673s] Level 1:colcon.colcon_core.package_identification:_identify(src) by extension 'python_setup_py'
[0.673s] Level 1:colcon.colcon_core.package_identification:_identify(src/m-explore-ros2) by extensions ['ignore', 'ignore_ament_install']
[0.673s] Level 1:colcon.colcon_core.package_identification:_identify(src/m-explore-ros2) by extension 'ignore'
[0.673s] Level 1:colcon.colcon_core.package_identification:_identify(src/m-explore-ros2) by extension 'ignore_ament_install'
[0.673s] Level 1:colcon.colcon_core.package_identification:_identify(src/m-explore-ros2) by extensions ['colcon_pkg']
[0.674s] Level 1:colcon.colcon_core.package_identification:_identify(src/m-explore-ros2) by extension 'colcon_pkg'
[0.674s] Level 1:colcon.colcon_core.package_identification:_identify(src/m-explore-ros2) by extensions ['colcon_meta']
[0.674s] Level 1:colcon.colcon_core.package_identification:_identify(src/m-explore-ros2) by extension 'colcon_meta'
[0.674s] Level 1:colcon.colcon_core.package_identification:_identify(src/m-explore-ros2) by extensions ['ros']
[0.674s] Level 1:colcon.colcon_core.package_identification:_identify(src/m-explore-ros2) by extension 'ros'
[0.674s] Level 1:colcon.colcon_core.package_identification:_identify(src/m-explore-ros2) by extensions ['cmake', 'python']
[0.674s] Level 1:colcon.colcon_core.package_identification:_identify(src/m-explore-ros2) by extension 'cmake'
[0.674s] Level 1:colcon.colcon_core.package_identification:_identify(src/m-explore-ros2) by extension 'python'
[0.674s] Level 1:colcon.colcon_core.package_identification:_identify(src/m-explore-ros2) by extensions ['python_setup_py']
[0.674s] Level 1:colcon.colcon_core.package_identification:_identify(src/m-explore-ros2) by extension 'python_setup_py'
[0.674s] Level 1:colcon.colcon_core.package_identification:_identify(src/m-explore-ros2/explore) by extensions ['ignore', 'ignore_ament_install']
[0.674s] Level 1:colcon.colcon_core.package_identification:_identify(src/m-explore-ros2/explore) by extension 'ignore'
[0.674s] Level 1:colcon.colcon_core.package_identification:_identify(src/m-explore-ros2/explore) by extension 'ignore_ament_install'
[0.674s] Level 1:colcon.colcon_core.package_identification:_identify(src/m-explore-ros2/explore) by extensions ['colcon_pkg']
[0.674s] Level 1:colcon.colcon_core.package_identification:_identify(src/m-explore-ros2/explore) by extension 'colcon_pkg'
[0.674s] Level 1:colcon.colcon_core.package_identification:_identify(src/m-explore-ros2/explore) by extensions ['colcon_meta']
[0.674s] Level 1:colcon.colcon_core.package_identification:_identify(src/m-explore-ros2/explore) by extension 'colcon_meta'
[0.674s] Level 1:colcon.colcon_core.package_identification:_identify(src/m-explore-ros2/explore) by extensions ['ros']
[0.674s] Level 1:colcon.colcon_core.package_identification:_identify(src/m-explore-ros2/explore) by extension 'ros'
[0.684s] DEBUG:colcon.colcon_core.package_identification:Package 'src/m-explore-ros2/explore' with type 'ros.ament_cmake' and name 'explore_lite'
[0.684s] Level 1:colcon.colcon_core.package_identification:_identify(src/m-explore-ros2/explore_lite_msgs) by extensions ['ignore', 'ignore_ament_install']
[0.684s] Level 1:colcon.colcon_core.package_identification:_identify(src/m-explore-ros2/explore_lite_msgs) by extension 'ignore'
[0.684s] Level 1:colcon.colcon_core.package_identification:_identify(src/m-explore-ros2/explore_lite_msgs) by extension 'ignore_ament_install'
[0.684s] Level 1:colcon.colcon_core.package_identification:_identify(src/m-explore-ros2/explore_lite_msgs) by extensions ['colcon_pkg']
[0.684s] Level 1:colcon.colcon_core.package_identification:_identify(src/m-explore-ros2/explore_lite_msgs) by extension 'colcon_pkg'
[0.684s] Level 1:colcon.colcon_core.package_identification:_identify(src/m-explore-ros2/explore_lite_msgs) by extensions ['colcon_meta']
[0.684s] Level 1:colcon.colcon_core.package_identification:_identify(src/m-explore-ros2/explore_lite_msgs) by extension 'colcon_meta'
[0.684s] Level 1:colcon.colcon_core.package_identification:_identify(src/m-explore-ros2/explore_lite_msgs) by extensions ['ros']
[0.684s] Level 1:colcon.colcon_core.package_identification:_identify(src/m-explore-ros2/explore_lite_msgs) by extension 'ros'
[0.685s] DEBUG:colcon.colcon_core.package_identification:Package 'src/m-explore-ros2/explore_lite_msgs' with type 'ros.ament_cmake' and name 'explore_lite_msgs'
[0.686s] Level 1:colcon.colcon_core.package_identification:_identify(src/m-explore-ros2/map_merge) by extensions ['ignore', 'ignore_ament_install']
[0.686s] Level 1:colcon.colcon_core.package_identification:_identify(src/m-explore-ros2/map_merge) by extension 'ignore'
[0.686s] Level 1:colcon.colcon_core.package_identification:_identify(src/m-explore-ros2/map_merge) by extension 'ignore_ament_install'
[0.686s] Level 1:colcon.colcon_core.package_identification:_identify(src/m-explore-ros2/map_merge) by extensions ['colcon_pkg']
[0.686s] Level 1:colcon.colcon_core.package_identification:_identify(src/m-explore-ros2/map_merge) by extension 'colcon_pkg'
[0.686s] Level 1:colcon.colcon_core.package_identification:_identify(src/m-explore-ros2/map_merge) by extensions ['colcon_meta']
[0.686s] Level 1:colcon.colcon_core.package_identification:_identify(src/m-explore-ros2/map_merge) by extension 'colcon_meta'
[0.686s] Level 1:colcon.colcon_core.package_identification:_identify(src/m-explore-ros2/map_merge) by extensions ['ros']
[0.686s] Level 1:colcon.colcon_core.package_identification:_identify(src/m-explore-ros2/map_merge) by extension 'ros'
[0.688s] DEBUG:colcon.colcon_core.package_identification:Package 'src/m-explore-ros2/map_merge' with type 'ros.ament_cmake' and name 'multirobot_map_merge'
[0.688s] Level 1:colcon.colcon_core.package_identification:_identify(src/nav2) by extensions ['ignore', 'ignore_ament_install']
[0.688s] Level 1:colcon.colcon_core.package_identification:_identify(src/nav2) by extension 'ignore'
[0.688s] Level 1:colcon.colcon_core.package_identification:_identify(src/nav2) by extension 'ignore_ament_install'
[0.688s] Level 1:colcon.colcon_core.package_identification:_identify(src/nav2) by extensions ['colcon_pkg']
[0.688s] Level 1:colcon.colcon_core.package_identification:_identify(src/nav2) by extension 'colcon_pkg'
[0.688s] Level 1:colcon.colcon_core.package_identification:_identify(src/nav2) by extensions ['colcon_meta']
[0.688s] Level 1:colcon.colcon_core.package_identification:_identify(src/nav2) by extension 'colcon_meta'
[0.688s] Level 1:colcon.colcon_core.package_identification:_identify(src/nav2) by extensions ['ros']
[0.688s] Level 1:colcon.colcon_core.package_identification:_identify(src/nav2) by extension 'ros'
[0.689s] DEBUG:colcon.colcon_core.package_identification:Package 'src/nav2' with type 'ros.ament_python' and name 'nav2'
[0.690s] Level 1:colcon.colcon_core.package_identification:_identify(src/rplidar_ros) by extensions ['ignore', 'ignore_ament_install']
[0.690s] Level 1:colcon.colcon_core.package_identification:_identify(src/rplidar_ros) by extension 'ignore'
[0.690s] Level 1:colcon.colcon_core.package_identification:_identify(src/rplidar_ros) by extension 'ignore_ament_install'
[0.690s] Level 1:colcon.colcon_core.package_identification:_identify(src/rplidar_ros) by extensions ['colcon_pkg']
[0.690s] Level 1:colcon.colcon_core.package_identification:_identify(src/rplidar_ros) by extension 'colcon_pkg'
[0.690s] Level 1:colcon.colcon_core.package_identification:_identify(src/rplidar_ros) by extensions ['colcon_meta']
[0.690s] Level 1:colcon.colcon_core.package_identification:_identify(src/rplidar_ros) by extension 'colcon_meta'
[0.690s] Level 1:colcon.colcon_core.package_identification:_identify(src/rplidar_ros) by extensions ['ros']
[0.690s] Level 1:colcon.colcon_core.package_identification:_identify(src/rplidar_ros) by extension 'ros'
[0.691s] DEBUG:colcon.colcon_core.package_identification:Package 'src/rplidar_ros' with type 'ros.ament_cmake' and name 'rplidar_ros'
[0.691s] Level 1:colcon.colcon_core.package_discovery:discover_packages(recursive) using defaults
[0.691s] Level 1:colcon.colcon_core.package_discovery:discover_packages(ignore) discover
[0.691s] Level 1:colcon.colcon_core.package_discovery:discover_packages(ignore) using defaults
[0.691s] Level 1:colcon.colcon_core.package_discovery:discover_packages(path) discover
[0.691s] Level 1:colcon.colcon_core.package_discovery:discover_packages(path) using defaults
[0.736s] Level 1:colcon.colcon_core.package_discovery:discover_packages(prefix_path) check parameters
[0.736s] Level 1:colcon.colcon_core.package_discovery:discover_packages(prefix_path) discover
[0.744s] DEBUG:colcon.colcon_installed_package_information.package_discovery:Found 419 installed packages in /opt/ros/jazzy
[0.746s] Level 1:colcon.colcon_core.package_discovery:discover_packages(prefix_path) using defaults
[0.825s] Level 5:colcon.colcon_core.verb:set package 'explore_lite_msgs' build argument 'cmake_args' from command line to 'None'
[0.825s] Level 5:colcon.colcon_core.verb:set package 'explore_lite_msgs' build argument 'cmake_target' from command line to 'None'
[0.825s] Level 5:colcon.colcon_core.verb:set package 'explore_lite_msgs' build argument 'cmake_target_skip_unavailable' from command line to 'False'
[0.825s] Level 5:colcon.colcon_core.verb:set package 'explore_lite_msgs' build argument 'cmake_clean_cache' from command line to 'False'
[0.825s] Level 5:colcon.colcon_core.verb:set package 'explore_lite_msgs' build argument 'cmake_clean_first' from command line to 'False'
[0.825s] Level 5:colcon.colcon_core.verb:set package 'explore_lite_msgs' build argument 'cmake_force_configure' from command line to 'False'
[0.825s] Level 5:colcon.colcon_core.verb:set package 'explore_lite_msgs' build argument 'ament_cmake_args' from command line to 'None'
[0.825s] Level 5:colcon.colcon_core.verb:set package 'explore_lite_msgs' build argument 'catkin_cmake_args' from command line to 'None'
[0.825s] Level 5:colcon.colcon_core.verb:set package 'explore_lite_msgs' build argument 'catkin_skip_building_tests' from command line to 'False'
[0.825s] DEBUG:colcon.colcon_core.verb:Building package 'explore_lite_msgs' with the following arguments: {'ament_cmake_args': None, 'build_base': '/home/rpd/Nav2/build/explore_lite_msgs', 'catkin_cmake_args': None, 'catkin_skip_building_tests': False, 'cmake_args': None, 'cmake_clean_cache': False, 'cmake_clean_first': False, 'cmake_force_configure': False, 'cmake_target': None, 'cmake_target_skip_unavailable': False, 'install_base': '/home/rpd/Nav2/install/explore_lite_msgs', 'merge_install': False, 'path': '/home/rpd/Nav2/src/m-explore-ros2/explore_lite_msgs', 'symlink_install': False, 'test_result_base': None}
[0.826s] Level 5:colcon.colcon_core.verb:set package 'multirobot_map_merge' build argument 'cmake_args' from command line to 'None'
[0.826s] Level 5:colcon.colcon_core.verb:set package 'multirobot_map_merge' build argument 'cmake_target' from command line to 'None'
[0.826s] Level 5:colcon.colcon_core.verb:set package 'multirobot_map_merge' build argument 'cmake_target_skip_unavailable' from command line to 'False'
[0.826s] Level 5:colcon.colcon_core.verb:set package 'multirobot_map_merge' build argument 'cmake_clean_cache' from command line to 'False'
[0.826s] Level 5:colcon.colcon_core.verb:set package 'multirobot_map_merge' build argument 'cmake_clean_first' from command line to 'False'
[0.826s] Level 5:colcon.colcon_core.verb:set package 'multirobot_map_merge' build argument 'cmake_force_configure' from command line to 'False'
[0.826s] Level 5:colcon.colcon_core.verb:set package 'multirobot_map_merge' build argument 'ament_cmake_args' from command line to 'None'
[0.826s] Level 5:colcon.colcon_core.verb:set package 'multirobot_map_merge' build argument 'catkin_cmake_args' from command line to 'None'
[0.826s] Level 5:colcon.colcon_core.verb:set package 'multirobot_map_merge' build argument 'catkin_skip_building_tests' from command line to 'False'
[0.826s] DEBUG:colcon.colcon_core.verb:Building package 'multirobot_map_merge' with the following arguments: {'ament_cmake_args': None, 'build_base': '/home/rpd/Nav2/build/multirobot_map_merge', 'catkin_cmake_args': None, 'catkin_skip_building_tests': False, 'cmake_args': None, 'cmake_clean_cache': False, 'cmake_clean_first': False, 'cmake_force_configure': False, 'cmake_target': None, 'cmake_target_skip_unavailable': False, 'install_base': '/home/rpd/Nav2/install/multirobot_map_merge', 'merge_install': False, 'path': '/home/rpd/Nav2/src/m-explore-ros2/map_merge', 'symlink_install': False, 'test_result_base': None}
[0.826s] Level 5:colcon.colcon_core.verb:set package 'nav2' build argument 'cmake_args' from command line to 'None'
[0.826s] Level 5:colcon.colcon_core.verb:set package 'nav2' build argument 'cmake_target' from command line to 'None'
[0.826s] Level 5:colcon.colcon_core.verb:set package 'nav2' build argument 'cmake_target_skip_unavailable' from command line to 'False'
[0.826s] Level 5:colcon.colcon_core.verb:set package 'nav2' build argument 'cmake_clean_cache' from command line to 'False'
[0.826s] Level 5:colcon.colcon_core.verb:set package 'nav2' build argument 'cmake_clean_first' from command line to 'False'
[0.826s] Level 5:colcon.colcon_core.verb:set package 'nav2' build argument 'cmake_force_configure' from command line to 'False'
[0.826s] Level 5:colcon.colcon_core.verb:set package 'nav2' build argument 'ament_cmake_args' from command line to 'None'
[0.826s] Level 5:colcon.colcon_core.verb:set package 'nav2' build argument 'catkin_cmake_args' from command line to 'None'
[0.826s] Level 5:colcon.colcon_core.verb:set package 'nav2' build argument 'catkin_skip_building_tests' from command line to 'False'
[0.826s] DEBUG:colcon.colcon_core.verb:Building package 'nav2' with the following arguments: {'ament_cmake_args': None, 'build_base': '/home/rpd/Nav2/build/nav2', 'catkin_cmake_args': None, 'catkin_skip_building_tests': False, 'cmake_args': None, 'cmake_clean_cache': False, 'cmake_clean_first': False, 'cmake_force_configure': False, 'cmake_target': None, 'cmake_target_skip_unavailable': False, 'install_base': '/home/rpd/Nav2/install/nav2', 'merge_install': False, 'path': '/home/rpd/Nav2/src/nav2', 'symlink_install': False, 'test_result_base': None}
[0.827s] Level 5:colcon.colcon_core.verb:set package 'rplidar_ros' build argument 'cmake_args' from command line to 'None'
[0.827s] Level 5:colcon.colcon_core.verb:set package 'rplidar_ros' build argument 'cmake_target' from command line to 'None'
[0.827s] Level 5:colcon.colcon_core.verb:set package 'rplidar_ros' build argument 'cmake_target_skip_unavailable' from command line to 'False'
[0.827s] Level 5:colcon.colcon_core.verb:set package 'rplidar_ros' build argument 'cmake_clean_cache' from command line to 'False'
[0.827s] Level 5:colcon.colcon_core.verb:set package 'rplidar_ros' build argument 'cmake_clean_first' from command line to 'False'
[0.827s] Level 5:colcon.colcon_core.verb:set package 'rplidar_ros' build argument 'cmake_force_configure' from command line to 'False'
[0.827s] Level 5:colcon.colcon_core.verb:set package 'rplidar_ros' build argument 'ament_cmake_args' from command line to 'None'
[0.827s] Level 5:colcon.colcon_core.verb:set package 'rplidar_ros' build argument 'catkin_cmake_args' from command line to 'None'
[0.827s] Level 5:colcon.colcon_core.verb:set package 'rplidar_ros' build argument 'catkin_skip_building_tests' from command line to 'False'
[0.827s] DEBUG:colcon.colcon_core.verb:Building package 'rplidar_ros' with the following arguments: {'ament_cmake_args': None, 'build_base': '/home/rpd/Nav2/build/rplidar_ros', 'catkin_cmake_args': None, 'catkin_skip_building_tests': False, 'cmake_args': None, 'cmake_clean_cache': False, 'cmake_clean_first': False, 'cmake_force_configure': False, 'cmake_target': None, 'cmake_target_skip_unavailable': False, 'install_base': '/home/rpd/Nav2/install/rplidar_ros', 'merge_install': False, 'path': '/home/rpd/Nav2/src/rplidar_ros', 'symlink_install': False, 'test_result_base': None}
[0.827s] Level 5:colcon.colcon_core.verb:set package 'explore_lite' build argument 'cmake_args' from command line to 'None'
[0.827s] Level 5:colcon.colcon_core.verb:set package 'explore_lite' build argument 'cmake_target' from command line to 'None'
[0.827s] Level 5:colcon.colcon_core.verb:set package 'explore_lite' build argument 'cmake_target_skip_unavailable' from command line to 'False'
[0.827s] Level 5:colcon.colcon_core.verb:set package 'explore_lite' build argument 'cmake_clean_cache' from command line to 'False'
[0.827s] Level 5:colcon.colcon_core.verb:set package 'explore_lite' build argument 'cmake_clean_first' from command line to 'False'
[0.827s] Level 5:colcon.colcon_core.verb:set package 'explore_lite' build argument 'cmake_force_configure' from command line to 'False'
[0.827s] Level 5:colcon.colcon_core.verb:set package 'explore_lite' build argument 'ament_cmake_args' from command line to 'None'
[0.827s] Level 5:colcon.colcon_core.verb:set package 'explore_lite' build argument 'catkin_cmake_args' from command line to 'None'
[0.827s] Level 5:colcon.colcon_core.verb:set package 'explore_lite' build argument 'catkin_skip_building_tests' from command line to 'False'
[0.828s] DEBUG:colcon.colcon_core.verb:Building package 'explore_lite' with the following arguments: {'ament_cmake_args': None, 'build_base': '/home/rpd/Nav2/build/explore_lite', 'catkin_cmake_args': None, 'catkin_skip_building_tests': False, 'cmake_args': None, 'cmake_clean_cache': False, 'cmake_clean_first': False, 'cmake_force_configure': False, 'cmake_target': None, 'cmake_target_skip_unavailable': False, 'install_base': '/home/rpd/Nav2/install/explore_lite', 'merge_install': False, 'path': '/home/rpd/Nav2/src/m-explore-ros2/explore', 'symlink_install': False, 'test_result_base': None}
[0.828s] INFO:colcon.colcon_core.executor:Executing jobs using 'parallel' executor
[0.829s] DEBUG:colcon.colcon_parallel_executor.executor.parallel:run_until_complete
[0.830s] INFO:colcon.colcon_ros.task.ament_cmake.build:Building ROS package in '/home/rpd/Nav2/src/m-explore-ros2/explore_lite_msgs' with build type 'ament_cmake'
[0.830s] INFO:colcon.colcon_cmake.task.cmake.build:Building CMake package in '/home/rpd/Nav2/src/m-explore-ros2/explore_lite_msgs'
[0.838s] INFO:colcon.colcon_core.plugin_system:Skipping extension 'colcon_core.shell.bat': Not used on non-Windows systems
[0.839s] INFO:colcon.colcon_core.shell:Skip shell extension 'powershell' for command environment: Not usable outside of PowerShell
[0.839s] DEBUG:colcon.colcon_core.shell:Skip shell extension 'dsv' for command environment
[0.844s] INFO:colcon.colcon_ros.task.ament_cmake.build:Building ROS package in '/home/rpd/Nav2/src/m-explore-ros2/map_merge' with build type 'ament_cmake'
[0.845s] INFO:colcon.colcon_cmake.task.cmake.build:Building CMake package in '/home/rpd/Nav2/src/m-explore-ros2/map_merge'
[0.845s] INFO:colcon.colcon_core.shell:Skip shell extension 'powershell' for command environment: Not usable outside of PowerShell
[0.845s] DEBUG:colcon.colcon_core.shell:Skip shell extension 'dsv' for command environment
[0.851s] INFO:colcon.colcon_ros.task.ament_python.build:Building ROS package in '/home/rpd/Nav2/src/nav2' with build type 'ament_python'
[0.851s] Level 1:colcon.colcon_core.shell:create_environment_hook('nav2', 'ament_prefix_path')
[0.851s] INFO:colcon.colcon_core.shell:Creating environment hook '/home/rpd/Nav2/install/nav2/share/nav2/hook/ament_prefix_path.ps1'
[0.853s] INFO:colcon.colcon_core.shell:Creating environment descriptor '/home/rpd/Nav2/install/nav2/share/nav2/hook/ament_prefix_path.dsv'
[0.857s] INFO:colcon.colcon_core.shell:Creating environment hook '/home/rpd/Nav2/install/nav2/share/nav2/hook/ament_prefix_path.sh'
[0.859s] INFO:colcon.colcon_core.shell:Skip shell extension 'powershell' for command environment: Not usable outside of PowerShell
[0.859s] DEBUG:colcon.colcon_core.shell:Skip shell extension 'dsv' for command environment
[0.863s] INFO:colcon.colcon_ros.task.ament_cmake.build:Building ROS package in '/home/rpd/Nav2/src/rplidar_ros' with build type 'ament_cmake'
[0.864s] INFO:colcon.colcon_cmake.task.cmake.build:Building CMake package in '/home/rpd/Nav2/src/rplidar_ros'
[0.864s] INFO:colcon.colcon_core.shell:Skip shell extension 'powershell' for command environment: Not usable outside of PowerShell
[0.864s] DEBUG:colcon.colcon_core.shell:Skip shell extension 'dsv' for command environment
[0.878s] DEBUG:colcon.colcon_core.event_handler.log_command:Invoking command in '/home/rpd/Nav2/build/explore_lite_msgs': CMAKE_PREFIX_PATH=${CMAKE_PREFIX_PATH}:/opt/ros/jazzy /usr/bin/cmake --build /home/rpd/Nav2/build/explore_lite_msgs -- -j4 -l4
[0.888s] DEBUG:colcon.colcon_core.event_handler.log_command:Invoking command in '/home/rpd/Nav2/build/multirobot_map_merge': CMAKE_PREFIX_PATH=${CMAKE_PREFIX_PATH}:/opt/ros/jazzy /usr/bin/cmake --build /home/rpd/Nav2/build/multirobot_map_merge -- -j4 -l4
[1.334s] INFO:colcon.colcon_core.task.python.build:Building Python package in '/home/rpd/Nav2/src/nav2'
[1.335s] INFO:colcon.colcon_core.shell:Skip shell extension 'powershell' for command environment: Not usable outside of PowerShell
[1.335s] DEBUG:colcon.colcon_core.shell:Skip shell extension 'dsv' for command environment
[1.358s] DEBUG:colcon.colcon_core.event_handler.log_command:Invoking command in '/home/rpd/Nav2/build/rplidar_ros': CMAKE_PREFIX_PATH=${CMAKE_PREFIX_PATH}:/opt/ros/jazzy /usr/bin/cmake --build /home/rpd/Nav2/build/rplidar_ros -- -j4 -l4
[1.804s] DEBUG:colcon.colcon_core.event_handler.log_command:Invoked command in '/home/rpd/Nav2/build/rplidar_ros' returned '0': CMAKE_PREFIX_PATH=${CMAKE_PREFIX_PATH}:/opt/ros/jazzy /usr/bin/cmake --build /home/rpd/Nav2/build/rplidar_ros -- -j4 -l4
[1.856s] DEBUG:colcon.colcon_core.event_handler.log_command:Invoking command in '/home/rpd/Nav2/build/rplidar_ros': CMAKE_PREFIX_PATH=${CMAKE_PREFIX_PATH}:/opt/ros/jazzy /usr/bin/cmake --install /home/rpd/Nav2/build/rplidar_ros
[1.876s] DEBUG:colcon.colcon_core.event_handler.log_command:Invoked command in '/home/rpd/Nav2/build/multirobot_map_merge' returned '0': CMAKE_PREFIX_PATH=${CMAKE_PREFIX_PATH}:/opt/ros/jazzy /usr/bin/cmake --build /home/rpd/Nav2/build/multirobot_map_merge -- -j4 -l4
[1.882s] DEBUG:colcon.colcon_core.event_handler.log_command:Invoking command in '/home/rpd/Nav2/build/multirobot_map_merge': CMAKE_PREFIX_PATH=${CMAKE_PREFIX_PATH}:/opt/ros/jazzy /usr/bin/cmake --install /home/rpd/Nav2/build/multirobot_map_merge
[1.924s] Level 1:colcon.colcon_core.environment:create_environment_scripts_only(multirobot_map_merge)
[1.926s] DEBUG:colcon.colcon_core.event_handler.log_command:Invoked command in '/home/rpd/Nav2/build/multirobot_map_merge' returned '0': CMAKE_PREFIX_PATH=${CMAKE_PREFIX_PATH}:/opt/ros/jazzy /usr/bin/cmake --install /home/rpd/Nav2/build/multirobot_map_merge
[1.943s] Level 1:colcon.colcon_core.environment:checking '/home/rpd/Nav2/install/multirobot_map_merge' for CMake module files
[1.944s] Level 1:colcon.colcon_core.environment:checking '/home/rpd/Nav2/install/multirobot_map_merge' for CMake config files
[1.944s] Level 1:colcon.colcon_core.shell:create_environment_hook('multirobot_map_merge', 'cmake_prefix_path')
[1.945s] INFO:colcon.colcon_core.shell:Creating environment hook '/home/rpd/Nav2/install/multirobot_map_merge/share/multirobot_map_merge/hook/cmake_prefix_path.ps1'
[1.946s] INFO:colcon.colcon_core.shell:Creating environment descriptor '/home/rpd/Nav2/install/multirobot_map_merge/share/multirobot_map_merge/hook/cmake_prefix_path.dsv'
[1.947s] INFO:colcon.colcon_core.shell:Creating environment hook '/home/rpd/Nav2/install/multirobot_map_merge/share/multirobot_map_merge/hook/cmake_prefix_path.sh'
[1.953s] Level 1:colcon.colcon_core.environment:checking '/home/rpd/Nav2/install/multirobot_map_merge/lib'
[1.953s] Level 1:colcon.colcon_core.environment:checking '/home/rpd/Nav2/install/multirobot_map_merge/bin'
[1.954s] Level 1:colcon.colcon_core.environment:checking '/home/rpd/Nav2/install/multirobot_map_merge/lib/pkgconfig/multirobot_map_merge.pc'
[1.954s] Level 1:colcon.colcon_core.environment:checking '/home/rpd/Nav2/install/multirobot_map_merge/lib/python3.12/site-packages'
[1.955s] Level 1:colcon.colcon_core.environment:checking '/home/rpd/Nav2/install/multirobot_map_merge/bin'
[1.955s] INFO:colcon.colcon_core.shell:Creating package script '/home/rpd/Nav2/install/multirobot_map_merge/share/multirobot_map_merge/package.ps1'
[1.958s] INFO:colcon.colcon_core.shell:Creating package descriptor '/home/rpd/Nav2/install/multirobot_map_merge/share/multirobot_map_merge/package.dsv'
[1.960s] INFO:colcon.colcon_core.shell:Creating package script '/home/rpd/Nav2/install/multirobot_map_merge/share/multirobot_map_merge/package.sh'
[1.963s] INFO:colcon.colcon_core.shell:Creating package script '/home/rpd/Nav2/install/multirobot_map_merge/share/multirobot_map_merge/package.bash'
[1.968s] INFO:colcon.colcon_core.shell:Creating package script '/home/rpd/Nav2/install/multirobot_map_merge/share/multirobot_map_merge/package.zsh'
[1.972s] Level 1:colcon.colcon_core.environment:create_file_with_runtime_dependencies(/home/rpd/Nav2/install/multirobot_map_merge/share/colcon-core/packages/multirobot_map_merge)
[1.973s] Level 1:colcon.colcon_core.environment:create_environment_scripts_only(multirobot_map_merge)
[1.975s] Level 1:colcon.colcon_core.environment:checking '/home/rpd/Nav2/install/multirobot_map_merge' for CMake module files
[1.977s] Level 1:colcon.colcon_core.environment:checking '/home/rpd/Nav2/install/multirobot_map_merge' for CMake config files
[1.977s] Level 1:colcon.colcon_core.shell:create_environment_hook('multirobot_map_merge', 'cmake_prefix_path')
[1.979s] INFO:colcon.colcon_core.shell:Creating environment hook '/home/rpd/Nav2/install/multirobot_map_merge/share/multirobot_map_merge/hook/cmake_prefix_path.ps1'
[1.980s] INFO:colcon.colcon_core.shell:Creating environment descriptor '/home/rpd/Nav2/install/multirobot_map_merge/share/multirobot_map_merge/hook/cmake_prefix_path.dsv'
[1.981s] INFO:colcon.colcon_core.shell:Creating environment hook '/home/rpd/Nav2/install/multirobot_map_merge/share/multirobot_map_merge/hook/cmake_prefix_path.sh'
[1.982s] Level 1:colcon.colcon_core.environment:checking '/home/rpd/Nav2/install/multirobot_map_merge/lib'
[1.982s] Level 1:colcon.colcon_core.environment:checking '/home/rpd/Nav2/install/multirobot_map_merge/bin'
[1.982s] Level 1:colcon.colcon_core.environment:checking '/home/rpd/Nav2/install/multirobot_map_merge/lib/pkgconfig/multirobot_map_merge.pc'
[1.983s] Level 1:colcon.colcon_core.environment:checking '/home/rpd/Nav2/install/multirobot_map_merge/lib/python3.12/site-packages'
[1.983s] Level 1:colcon.colcon_core.environment:checking '/home/rpd/Nav2/install/multirobot_map_merge/bin'
[1.984s] INFO:colcon.colcon_core.shell:Creating package script '/home/rpd/Nav2/install/multirobot_map_merge/share/multirobot_map_merge/package.ps1'
[1.985s] INFO:colcon.colcon_core.shell:Creating package descriptor '/home/rpd/Nav2/install/multirobot_map_merge/share/multirobot_map_merge/package.dsv'
[1.986s] INFO:colcon.colcon_core.shell:Creating package script '/home/rpd/Nav2/install/multirobot_map_merge/share/multirobot_map_merge/package.sh'
[1.987s] INFO:colcon.colcon_core.shell:Creating package script '/home/rpd/Nav2/install/multirobot_map_merge/share/multirobot_map_merge/package.bash'
[1.988s] INFO:colcon.colcon_core.shell:Creating package script '/home/rpd/Nav2/install/multirobot_map_merge/share/multirobot_map_merge/package.zsh'
[1.989s] Level 1:colcon.colcon_core.environment:create_file_with_runtime_dependencies(/home/rpd/Nav2/install/multirobot_map_merge/share/colcon-core/packages/multirobot_map_merge)
[1.994s] Level 1:colcon.colcon_core.environment:create_environment_scripts_only(rplidar_ros)
[1.997s] Level 1:colcon.colcon_core.environment:checking '/home/rpd/Nav2/install/rplidar_ros' for CMake module files
[1.998s] DEBUG:colcon.colcon_core.event_handler.log_command:Invoked command in '/home/rpd/Nav2/build/rplidar_ros' returned '0': CMAKE_PREFIX_PATH=${CMAKE_PREFIX_PATH}:/opt/ros/jazzy /usr/bin/cmake --install /home/rpd/Nav2/build/rplidar_ros
[2.001s] Level 1:colcon.colcon_core.environment:checking '/home/rpd/Nav2/install/rplidar_ros' for CMake config files
[2.003s] Level 1:colcon.colcon_core.shell:create_environment_hook('rplidar_ros', 'cmake_prefix_path')
[2.004s] INFO:colcon.colcon_core.shell:Creating environment hook '/home/rpd/Nav2/install/rplidar_ros/share/rplidar_ros/hook/cmake_prefix_path.ps1'
[2.005s] INFO:colcon.colcon_core.shell:Creating environment descriptor '/home/rpd/Nav2/install/rplidar_ros/share/rplidar_ros/hook/cmake_prefix_path.dsv'
[2.009s] INFO:colcon.colcon_core.shell:Creating environment hook '/home/rpd/Nav2/install/rplidar_ros/share/rplidar_ros/hook/cmake_prefix_path.sh'
[2.011s] Level 1:colcon.colcon_core.environment:checking '/home/rpd/Nav2/install/rplidar_ros/lib'
[2.014s] Level 1:colcon.colcon_core.environment:checking '/home/rpd/Nav2/install/rplidar_ros/bin'
[2.015s] Level 1:colcon.colcon_core.environment:checking '/home/rpd/Nav2/install/rplidar_ros/lib/pkgconfig/rplidar_ros.pc'
[2.015s] Level 1:colcon.colcon_core.environment:checking '/home/rpd/Nav2/install/rplidar_ros/lib/python3.12/site-packages'
[2.016s] Level 1:colcon.colcon_core.environment:checking '/home/rpd/Nav2/install/rplidar_ros/bin'
[2.018s] INFO:colcon.colcon_core.shell:Creating package script '/home/rpd/Nav2/install/rplidar_ros/share/rplidar_ros/package.ps1'
[2.021s] INFO:colcon.colcon_core.shell:Creating package descriptor '/home/rpd/Nav2/install/rplidar_ros/share/rplidar_ros/package.dsv'
[2.025s] INFO:colcon.colcon_core.shell:Creating package script '/home/rpd/Nav2/install/rplidar_ros/share/rplidar_ros/package.sh'
[2.026s] INFO:colcon.colcon_core.shell:Creating package script '/home/rpd/Nav2/install/rplidar_ros/share/rplidar_ros/package.bash'
[2.028s] INFO:colcon.colcon_core.shell:Creating package script '/home/rpd/Nav2/install/rplidar_ros/share/rplidar_ros/package.zsh'
[2.031s] Level 1:colcon.colcon_core.environment:create_file_with_runtime_dependencies(/home/rpd/Nav2/install/rplidar_ros/share/colcon-core/packages/rplidar_ros)
[2.034s] Level 1:colcon.colcon_core.environment:create_environment_scripts_only(rplidar_ros)
[2.034s] Level 1:colcon.colcon_core.environment:checking '/home/rpd/Nav2/install/rplidar_ros' for CMake module files
[2.035s] Level 1:colcon.colcon_core.environment:checking '/home/rpd/Nav2/install/rplidar_ros' for CMake config files
[2.036s] Level 1:colcon.colcon_core.shell:create_environment_hook('rplidar_ros', 'cmake_prefix_path')
[2.036s] INFO:colcon.colcon_core.shell:Creating environment hook '/home/rpd/Nav2/install/rplidar_ros/share/rplidar_ros/hook/cmake_prefix_path.ps1'
[2.038s] INFO:colcon.colcon_core.shell:Creating environment descriptor '/home/rpd/Nav2/install/rplidar_ros/share/rplidar_ros/hook/cmake_prefix_path.dsv'
[2.039s] INFO:colcon.colcon_core.shell:Creating environment hook '/home/rpd/Nav2/install/rplidar_ros/share/rplidar_ros/hook/cmake_prefix_path.sh'
[2.045s] Level 1:colcon.colcon_core.environment:checking '/home/rpd/Nav2/install/rplidar_ros/lib'
[2.046s] Level 1:colcon.colcon_core.environment:checking '/home/rpd/Nav2/install/rplidar_ros/bin'
[2.046s] Level 1:colcon.colcon_core.environment:checking '/home/rpd/Nav2/install/rplidar_ros/lib/pkgconfig/rplidar_ros.pc'
[2.046s] Level 1:colcon.colcon_core.environment:checking '/home/rpd/Nav2/install/rplidar_ros/lib/python3.12/site-packages'
[2.047s] Level 1:colcon.colcon_core.environment:checking '/home/rpd/Nav2/install/rplidar_ros/bin'
[2.050s] INFO:colcon.colcon_core.shell:Creating package script '/home/rpd/Nav2/install/rplidar_ros/share/rplidar_ros/package.ps1'
[2.056s] INFO:colcon.colcon_core.shell:Creating package descriptor '/home/rpd/Nav2/install/rplidar_ros/share/rplidar_ros/package.dsv'
[2.059s] INFO:colcon.colcon_core.shell:Creating package script '/home/rpd/Nav2/install/rplidar_ros/share/rplidar_ros/package.sh'
[2.060s] INFO:colcon.colcon_core.shell:Creating package script '/home/rpd/Nav2/install/rplidar_ros/share/rplidar_ros/package.bash'
[2.066s] INFO:colcon.colcon_core.shell:Creating package script '/home/rpd/Nav2/install/rplidar_ros/share/rplidar_ros/package.zsh'
[2.067s] Level 1:colcon.colcon_core.environment:create_file_with_runtime_dependencies(/home/rpd/Nav2/install/rplidar_ros/share/colcon-core/packages/rplidar_ros)
[2.271s] DEBUG:colcon.colcon_core.event_handler.log_command:Invoked command in '/home/rpd/Nav2/build/explore_lite_msgs' returned '0': CMAKE_PREFIX_PATH=${CMAKE_PREFIX_PATH}:/opt/ros/jazzy /usr/bin/cmake --build /home/rpd/Nav2/build/explore_lite_msgs -- -j4 -l4
[2.274s] DEBUG:colcon.colcon_core.event_handler.log_command:Invoking command in '/home/rpd/Nav2/build/explore_lite_msgs': CMAKE_PREFIX_PATH=${CMAKE_PREFIX_PATH}:/opt/ros/jazzy /usr/bin/cmake --install /home/rpd/Nav2/build/explore_lite_msgs
[2.421s] Level 1:colcon.colcon_core.environment:create_environment_scripts_only(explore_lite_msgs)
[2.422s] Level 1:colcon.colcon_core.environment:checking '/home/rpd/Nav2/install/explore_lite_msgs' for CMake module files
[2.422s] DEBUG:colcon.colcon_core.event_handler.log_command:Invoked command in '/home/rpd/Nav2/build/explore_lite_msgs' returned '0': CMAKE_PREFIX_PATH=${CMAKE_PREFIX_PATH}:/opt/ros/jazzy /usr/bin/cmake --install /home/rpd/Nav2/build/explore_lite_msgs
[2.423s] Level 1:colcon.colcon_core.environment:checking '/home/rpd/Nav2/install/explore_lite_msgs' for CMake config files
[2.425s] Level 1:colcon.colcon_core.shell:create_environment_hook('explore_lite_msgs', 'cmake_prefix_path')
[2.426s] INFO:colcon.colcon_core.shell:Creating environment hook '/home/rpd/Nav2/install/explore_lite_msgs/share/explore_lite_msgs/hook/cmake_prefix_path.ps1'
[2.427s] INFO:colcon.colcon_core.shell:Creating environment descriptor '/home/rpd/Nav2/install/explore_lite_msgs/share/explore_lite_msgs/hook/cmake_prefix_path.dsv'
[2.427s] INFO:colcon.colcon_core.shell:Creating environment hook '/home/rpd/Nav2/install/explore_lite_msgs/share/explore_lite_msgs/hook/cmake_prefix_path.sh'
[2.429s] Level 1:colcon.colcon_core.environment:checking '/home/rpd/Nav2/install/explore_lite_msgs/lib'
[2.429s] Level 1:colcon.colcon_core.shell:create_environment_hook('explore_lite_msgs', 'ld_library_path_lib')
[2.429s] INFO:colcon.colcon_core.shell:Creating environment hook '/home/rpd/Nav2/install/explore_lite_msgs/share/explore_lite_msgs/hook/ld_library_path_lib.ps1'
[2.430s] INFO:colcon.colcon_core.shell:Creating environment descriptor '/home/rpd/Nav2/install/explore_lite_msgs/share/explore_lite_msgs/hook/ld_library_path_lib.dsv'
[2.431s] INFO:colcon.colcon_core.shell:Creating environment hook '/home/rpd/Nav2/install/explore_lite_msgs/share/explore_lite_msgs/hook/ld_library_path_lib.sh'
[2.432s] Level 1:colcon.colcon_core.environment:checking '/home/rpd/Nav2/install/explore_lite_msgs/bin'
[2.432s] Level 1:colcon.colcon_core.environment:checking '/home/rpd/Nav2/install/explore_lite_msgs/lib/pkgconfig/explore_lite_msgs.pc'
[2.432s] Level 1:colcon.colcon_core.environment:checking '/home/rpd/Nav2/install/explore_lite_msgs/lib/python3.12/site-packages'
[2.432s] Level 1:colcon.colcon_core.shell:create_environment_hook('explore_lite_msgs', 'pythonpath')
[2.433s] INFO:colcon.colcon_core.shell:Creating environment hook '/home/rpd/Nav2/install/explore_lite_msgs/share/explore_lite_msgs/hook/pythonpath.ps1'
[2.433s] INFO:colcon.colcon_core.shell:Creating environment descriptor '/home/rpd/Nav2/install/explore_lite_msgs/share/explore_lite_msgs/hook/pythonpath.dsv'
[2.433s] INFO:colcon.colcon_core.shell:Creating environment hook '/home/rpd/Nav2/install/explore_lite_msgs/share/explore_lite_msgs/hook/pythonpath.sh'
[2.434s] Level 1:colcon.colcon_core.environment:checking '/home/rpd/Nav2/install/explore_lite_msgs/bin'
[2.435s] INFO:colcon.colcon_core.shell:Creating package script '/home/rpd/Nav2/install/explore_lite_msgs/share/explore_lite_msgs/package.ps1'
[2.436s] INFO:colcon.colcon_core.shell:Creating package descriptor '/home/rpd/Nav2/install/explore_lite_msgs/share/explore_lite_msgs/package.dsv'
[2.436s] INFO:colcon.colcon_core.shell:Creating package script '/home/rpd/Nav2/install/explore_lite_msgs/share/explore_lite_msgs/package.sh'
[2.437s] INFO:colcon.colcon_core.shell:Creating package script '/home/rpd/Nav2/install/explore_lite_msgs/share/explore_lite_msgs/package.bash'
[2.437s] INFO:colcon.colcon_core.shell:Creating package script '/home/rpd/Nav2/install/explore_lite_msgs/share/explore_lite_msgs/package.zsh'
[2.438s] Level 1:colcon.colcon_core.environment:create_file_with_runtime_dependencies(/home/rpd/Nav2/install/explore_lite_msgs/share/colcon-core/packages/explore_lite_msgs)
[2.438s] Level 1:colcon.colcon_core.environment:create_environment_scripts_only(explore_lite_msgs)
[2.439s] Level 1:colcon.colcon_core.environment:checking '/home/rpd/Nav2/install/explore_lite_msgs' for CMake module files
[2.439s] Level 1:colcon.colcon_core.environment:checking '/home/rpd/Nav2/install/explore_lite_msgs' for CMake config files
[2.440s] Level 1:colcon.colcon_core.shell:create_environment_hook('explore_lite_msgs', 'cmake_prefix_path')
[2.440s] INFO:colcon.colcon_core.shell:Creating environment hook '/home/rpd/Nav2/install/explore_lite_msgs/share/explore_lite_msgs/hook/cmake_prefix_path.ps1'
[2.441s] INFO:colcon.colcon_core.shell:Creating environment descriptor '/home/rpd/Nav2/install/explore_lite_msgs/share/explore_lite_msgs/hook/cmake_prefix_path.dsv'
[2.441s] INFO:colcon.colcon_core.shell:Creating environment hook '/home/rpd/Nav2/install/explore_lite_msgs/share/explore_lite_msgs/hook/cmake_prefix_path.sh'
[2.442s] Level 1:colcon.colcon_core.environment:checking '/home/rpd/Nav2/install/explore_lite_msgs/lib'
[2.442s] Level 1:colcon.colcon_core.shell:create_environment_hook('explore_lite_msgs', 'ld_library_path_lib')
[2.442s] INFO:colcon.colcon_core.shell:Creating environment hook '/home/rpd/Nav2/install/explore_lite_msgs/share/explore_lite_msgs/hook/ld_library_path_lib.ps1'
[2.443s] INFO:colcon.colcon_core.shell:Creating environment descriptor '/home/rpd/Nav2/install/explore_lite_msgs/share/explore_lite_msgs/hook/ld_library_path_lib.dsv'
[2.443s] INFO:colcon.colcon_core.shell:Creating environment hook '/home/rpd/Nav2/install/explore_lite_msgs/share/explore_lite_msgs/hook/ld_library_path_lib.sh'
[2.444s] Level 1:colcon.colcon_core.environment:checking '/home/rpd/Nav2/install/explore_lite_msgs/bin'
[2.444s] Level 1:colcon.colcon_core.environment:checking '/home/rpd/Nav2/install/explore_lite_msgs/lib/pkgconfig/explore_lite_msgs.pc'
[2.444s] Level 1:colcon.colcon_core.environment:checking '/home/rpd/Nav2/install/explore_lite_msgs/lib/python3.12/site-packages'
[2.444s] Level 1:colcon.colcon_core.shell:create_environment_hook('explore_lite_msgs', 'pythonpath')
[2.445s] INFO:colcon.colcon_core.shell:Creating environment hook '/home/rpd/Nav2/install/explore_lite_msgs/share/explore_lite_msgs/hook/pythonpath.ps1'
[2.445s] INFO:colcon.colcon_core.shell:Creating environment descriptor '/home/rpd/Nav2/install/explore_lite_msgs/share/explore_lite_msgs/hook/pythonpath.dsv'
[2.446s] INFO:colcon.colcon_core.shell:Creating environment hook '/home/rpd/Nav2/install/explore_lite_msgs/share/explore_lite_msgs/hook/pythonpath.sh'
[2.447s] Level 1:colcon.colcon_core.environment:checking '/home/rpd/Nav2/install/explore_lite_msgs/bin'
[2.447s] INFO:colcon.colcon_core.shell:Creating package script '/home/rpd/Nav2/install/explore_lite_msgs/share/explore_lite_msgs/package.ps1'
[2.448s] INFO:colcon.colcon_core.shell:Creating package descriptor '/home/rpd/Nav2/install/explore_lite_msgs/share/explore_lite_msgs/package.dsv'
[2.449s] INFO:colcon.colcon_core.shell:Creating package script '/home/rpd/Nav2/install/explore_lite_msgs/share/explore_lite_msgs/package.sh'
[2.450s] INFO:colcon.colcon_core.shell:Creating package script '/home/rpd/Nav2/install/explore_lite_msgs/share/explore_lite_msgs/package.bash'
[2.451s] INFO:colcon.colcon_core.shell:Creating package script '/home/rpd/Nav2/install/explore_lite_msgs/share/explore_lite_msgs/package.zsh'
[2.451s] Level 1:colcon.colcon_core.environment:create_file_with_runtime_dependencies(/home/rpd/Nav2/install/explore_lite_msgs/share/colcon-core/packages/explore_lite_msgs)
[2.451s] INFO:colcon.colcon_ros.task.ament_cmake.build:Building ROS package in '/home/rpd/Nav2/src/m-explore-ros2/explore' with build type 'ament_cmake'
[2.451s] INFO:colcon.colcon_cmake.task.cmake.build:Building CMake package in '/home/rpd/Nav2/src/m-explore-ros2/explore'
[2.452s] INFO:colcon.colcon_core.shell:Skip shell extension 'powershell' for command environment: Not usable outside of PowerShell
[2.452s] DEBUG:colcon.colcon_core.shell:Skip shell extension 'dsv' for command environment
[2.470s] DEBUG:colcon.colcon_core.event_handler.log_command:Invoking command in '/home/rpd/Nav2/build/explore_lite': AMENT_PREFIX_PATH=/home/rpd/Nav2/install/explore_lite_msgs:${AMENT_PREFIX_PATH} CMAKE_PREFIX_PATH=/home/rpd/Nav2/install/explore_lite_msgs:/opt/ros/jazzy/opt/gz_sim_vendor:/opt/ros/jazzy/opt/gz_sensors_vendor:/opt/ros/jazzy/opt/gz_physics_vendor:/opt/ros/jazzy/opt/sdformat_vendor:/opt/ros/jazzy/opt/gz_gui_vendor:/opt/ros/jazzy/opt/gz_transport_vendor:/opt/ros/jazzy/opt/gz_rendering_vendor:/opt/ros/jazzy/opt/gz_plugin_vendor:/opt/ros/jazzy/opt/gz_fuel_tools_vendor:/opt/ros/jazzy/opt/gz_msgs_vendor:/opt/ros/jazzy/opt/gz_common_vendor:/opt/ros/jazzy/opt/gz_math_vendor:/opt/ros/jazzy/opt/gz_utils_vendor:/opt/ros/jazzy/opt/gz_tools_vendor:/opt/ros/jazzy/opt/gz_ogre_next_vendor:/opt/ros/jazzy/opt/gz_dartsim_vendor:/opt/ros/jazzy/opt/gz_cmake_vendor:/opt/ros/jazzy LD_LIBRARY_PATH=/home/rpd/Nav2/install/explore_lite_msgs/lib:${LD_LIBRARY_PATH} PYTHONPATH=/home/rpd/Nav2/install/explore_lite_msgs/lib/python3.12/site-packages:${PYTHONPATH} /usr/bin/cmake --build /home/rpd/Nav2/build/explore_lite -- -j4 -l4
[2.722s] DEBUG:colcon.colcon_core.event_handler.log_command:Invoked command in '/home/rpd/Nav2/build/explore_lite' returned '0': AMENT_PREFIX_PATH=/home/rpd/Nav2/install/explore_lite_msgs:${AMENT_PREFIX_PATH} CMAKE_PREFIX_PATH=/home/rpd/Nav2/install/explore_lite_msgs:/opt/ros/jazzy/opt/gz_sim_vendor:/opt/ros/jazzy/opt/gz_sensors_vendor:/opt/ros/jazzy/opt/gz_physics_vendor:/opt/ros/jazzy/opt/sdformat_vendor:/opt/ros/jazzy/opt/gz_gui_vendor:/opt/ros/jazzy/opt/gz_transport_vendor:/opt/ros/jazzy/opt/gz_rendering_vendor:/opt/ros/jazzy/opt/gz_plugin_vendor:/opt/ros/jazzy/opt/gz_fuel_tools_vendor:/opt/ros/jazzy/opt/gz_msgs_vendor:/opt/ros/jazzy/opt/gz_common_vendor:/opt/ros/jazzy/opt/gz_math_vendor:/opt/ros/jazzy/opt/gz_utils_vendor:/opt/ros/jazzy/opt/gz_tools_vendor:/opt/ros/jazzy/opt/gz_ogre_next_vendor:/opt/ros/jazzy/opt/gz_dartsim_vendor:/opt/ros/jazzy/opt/gz_cmake_vendor:/opt/ros/jazzy LD_LIBRARY_PATH=/home/rpd/Nav2/install/explore_lite_msgs/lib:${LD_LIBRARY_PATH} PYTHONPATH=/home/rpd/Nav2/install/explore_lite_msgs/lib/python3.12/site-packages:${PYTHONPATH} /usr/bin/cmake --build /home/rpd/Nav2/build/explore_lite -- -j4 -l4
[2.725s] DEBUG:colcon.colcon_core.event_handler.log_command:Invoking command in '/home/rpd/Nav2/build/explore_lite': AMENT_PREFIX_PATH=/home/rpd/Nav2/install/explore_lite_msgs:${AMENT_PREFIX_PATH} CMAKE_PREFIX_PATH=/home/rpd/Nav2/install/explore_lite_msgs:/opt/ros/jazzy/opt/gz_sim_vendor:/opt/ros/jazzy/opt/gz_sensors_vendor:/opt/ros/jazzy/opt/gz_physics_vendor:/opt/ros/jazzy/opt/sdformat_vendor:/opt/ros/jazzy/opt/gz_gui_vendor:/opt/ros/jazzy/opt/gz_transport_vendor:/opt/ros/jazzy/opt/gz_rendering_vendor:/opt/ros/jazzy/opt/gz_plugin_vendor:/opt/ros/jazzy/opt/gz_fuel_tools_vendor:/opt/ros/jazzy/opt/gz_msgs_vendor:/opt/ros/jazzy/opt/gz_common_vendor:/opt/ros/jazzy/opt/gz_math_vendor:/opt/ros/jazzy/opt/gz_utils_vendor:/opt/ros/jazzy/opt/gz_tools_vendor:/opt/ros/jazzy/opt/gz_ogre_next_vendor:/opt/ros/jazzy/opt/gz_dartsim_vendor:/opt/ros/jazzy/opt/gz_cmake_vendor:/opt/ros/jazzy LD_LIBRARY_PATH=/home/rpd/Nav2/install/explore_lite_msgs/lib:${LD_LIBRARY_PATH} PYTHONPATH=/home/rpd/Nav2/install/explore_lite_msgs/lib/python3.12/site-packages:${PYTHONPATH} /usr/bin/cmake --install /home/rpd/Nav2/build/explore_lite
[2.753s] Level 1:colcon.colcon_core.environment:create_environment_scripts_only(explore_lite)
[2.753s] Level 1:colcon.colcon_core.environment:checking '/home/rpd/Nav2/install/explore_lite' for CMake module files
[2.754s] DEBUG:colcon.colcon_core.event_handler.log_command:Invoked command in '/home/rpd/Nav2/build/explore_lite' returned '0': AMENT_PREFIX_PATH=/home/rpd/Nav2/install/explore_lite_msgs:${AMENT_PREFIX_PATH} CMAKE_PREFIX_PATH=/home/rpd/Nav2/install/explore_lite_msgs:/opt/ros/jazzy/opt/gz_sim_vendor:/opt/ros/jazzy/opt/gz_sensors_vendor:/opt/ros/jazzy/opt/gz_physics_vendor:/opt/ros/jazzy/opt/sdformat_vendor:/opt/ros/jazzy/opt/gz_gui_vendor:/opt/ros/jazzy/opt/gz_transport_vendor:/opt/ros/jazzy/opt/gz_rendering_vendor:/opt/ros/jazzy/opt/gz_plugin_vendor:/opt/ros/jazzy/opt/gz_fuel_tools_vendor:/opt/ros/jazzy/opt/gz_msgs_vendor:/opt/ros/jazzy/opt/gz_common_vendor:/opt/ros/jazzy/opt/gz_math_vendor:/opt/ros/jazzy/opt/gz_utils_vendor:/opt/ros/jazzy/opt/gz_tools_vendor:/opt/ros/jazzy/opt/gz_ogre_next_vendor:/opt/ros/jazzy/opt/gz_dartsim_vendor:/opt/ros/jazzy/opt/gz_cmake_vendor:/opt/ros/jazzy LD_LIBRARY_PATH=/home/rpd/Nav2/install/explore_lite_msgs/lib:${LD_LIBRARY_PATH} PYTHONPATH=/home/rpd/Nav2/install/explore_lite_msgs/lib/python3.12/site-packages:${PYTHONPATH} /usr/bin/cmake --install /home/rpd/Nav2/build/explore_lite
[2.755s] Level 1:colcon.colcon_core.environment:checking '/home/rpd/Nav2/install/explore_lite' for CMake config files
[2.755s] Level 1:colcon.colcon_core.shell:create_environment_hook('explore_lite', 'cmake_prefix_path')
[2.756s] INFO:colcon.colcon_core.shell:Creating environment hook '/home/rpd/Nav2/install/explore_lite/share/explore_lite/hook/cmake_prefix_path.ps1'
[2.756s] INFO:colcon.colcon_core.shell:Creating environment descriptor '/home/rpd/Nav2/install/explore_lite/share/explore_lite/hook/cmake_prefix_path.dsv'
[2.757s] INFO:colcon.colcon_core.shell:Creating environment hook '/home/rpd/Nav2/install/explore_lite/share/explore_lite/hook/cmake_prefix_path.sh'
[2.758s] Level 1:colcon.colcon_core.environment:checking '/home/rpd/Nav2/install/explore_lite/lib'
[2.758s] Level 1:colcon.colcon_core.environment:checking '/home/rpd/Nav2/install/explore_lite/bin'
[2.758s] Level 1:colcon.colcon_core.environment:checking '/home/rpd/Nav2/install/explore_lite/lib/pkgconfig/explore_lite.pc'
[2.759s] Level 1:colcon.colcon_core.environment:checking '/home/rpd/Nav2/install/explore_lite/lib/python3.12/site-packages'
[2.759s] Level 1:colcon.colcon_core.environment:checking '/home/rpd/Nav2/install/explore_lite/bin'
[2.760s] INFO:colcon.colcon_core.shell:Creating package script '/home/rpd/Nav2/install/explore_lite/share/explore_lite/package.ps1'
[2.761s] INFO:colcon.colcon_core.shell:Creating package descriptor '/home/rpd/Nav2/install/explore_lite/share/explore_lite/package.dsv'
[2.761s] INFO:colcon.colcon_core.shell:Creating package script '/home/rpd/Nav2/install/explore_lite/share/explore_lite/package.sh'
[2.762s] INFO:colcon.colcon_core.shell:Creating package script '/home/rpd/Nav2/install/explore_lite/share/explore_lite/package.bash'
[2.763s] INFO:colcon.colcon_core.shell:Creating package script '/home/rpd/Nav2/install/explore_lite/share/explore_lite/package.zsh'
[2.764s] Level 1:colcon.colcon_core.environment:create_file_with_runtime_dependencies(/home/rpd/Nav2/install/explore_lite/share/colcon-core/packages/explore_lite)
[2.765s] Level 1:colcon.colcon_core.environment:create_environment_scripts_only(explore_lite)
[2.765s] Level 1:colcon.colcon_core.environment:checking '/home/rpd/Nav2/install/explore_lite' for CMake module files
[2.767s] Level 1:colcon.colcon_core.environment:checking '/home/rpd/Nav2/install/explore_lite' for CMake config files
[2.767s] Level 1:colcon.colcon_core.shell:create_environment_hook('explore_lite', 'cmake_prefix_path')
[2.767s] INFO:colcon.colcon_core.shell:Creating environment hook '/home/rpd/Nav2/install/explore_lite/share/explore_lite/hook/cmake_prefix_path.ps1'
[2.768s] INFO:colcon.colcon_core.shell:Creating environment descriptor '/home/rpd/Nav2/install/explore_lite/share/explore_lite/hook/cmake_prefix_path.dsv'
[2.769s] INFO:colcon.colcon_core.shell:Creating environment hook '/home/rpd/Nav2/install/explore_lite/share/explore_lite/hook/cmake_prefix_path.sh'
[2.769s] Level 1:colcon.colcon_core.environment:checking '/home/rpd/Nav2/install/explore_lite/lib'
[2.770s] Level 1:colcon.colcon_core.environment:checking '/home/rpd/Nav2/install/explore_lite/bin'
[2.770s] Level 1:colcon.colcon_core.environment:checking '/home/rpd/Nav2/install/explore_lite/lib/pkgconfig/explore_lite.pc'
[2.770s] Level 1:colcon.colcon_core.environment:checking '/home/rpd/Nav2/install/explore_lite/lib/python3.12/site-packages'
[2.770s] Level 1:colcon.colcon_core.environment:checking '/home/rpd/Nav2/install/explore_lite/bin'
[2.771s] INFO:colcon.colcon_core.shell:Creating package script '/home/rpd/Nav2/install/explore_lite/share/explore_lite/package.ps1'
[2.772s] INFO:colcon.colcon_core.shell:Creating package descriptor '/home/rpd/Nav2/install/explore_lite/share/explore_lite/package.dsv'
[2.772s] INFO:colcon.colcon_core.shell:Creating package script '/home/rpd/Nav2/install/explore_lite/share/explore_lite/package.sh'
[2.773s] INFO:colcon.colcon_core.shell:Creating package script '/home/rpd/Nav2/install/explore_lite/share/explore_lite/package.bash'
[2.774s] INFO:colcon.colcon_core.shell:Creating package script '/home/rpd/Nav2/install/explore_lite/share/explore_lite/package.zsh'
[2.775s] Level 1:colcon.colcon_core.environment:create_file_with_runtime_dependencies(/home/rpd/Nav2/install/explore_lite/share/colcon-core/packages/explore_lite)
[3.212s] DEBUG:colcon.colcon_core.event_handler.log_command:Invoking command in '/home/rpd/Nav2/src/nav2': PYTHONPATH=/home/rpd/Nav2/build/nav2/prefix_override:/usr/lib/python3/dist-packages/colcon_core/task/python/colcon_distutils_commands:/home/rpd/Nav2/install/nav2/lib/python3.12/site-packages:${PYTHONPATH} /usr/bin/python3 -W ignore:setup.py install is deprecated -W ignore:easy_install command is deprecated setup.py egg_info --egg-base ../../build/nav2 build --build-base /home/rpd/Nav2/build/nav2/build install --record /home/rpd/Nav2/build/nav2/install.log --single-version-externally-managed install_data
[3.944s] Level 1:colcon.colcon_core.environment:checking '/home/rpd/Nav2/install/nav2' for CMake module files
[3.944s] DEBUG:colcon.colcon_core.event_handler.log_command:Invoked command in '/home/rpd/Nav2/src/nav2' returned '0': PYTHONPATH=/home/rpd/Nav2/build/nav2/prefix_override:/usr/lib/python3/dist-packages/colcon_core/task/python/colcon_distutils_commands:/home/rpd/Nav2/install/nav2/lib/python3.12/site-packages:${PYTHONPATH} /usr/bin/python3 -W ignore:setup.py install is deprecated -W ignore:easy_install command is deprecated setup.py egg_info --egg-base ../../build/nav2 build --build-base /home/rpd/Nav2/build/nav2/build install --record /home/rpd/Nav2/build/nav2/install.log --single-version-externally-managed install_data
[3.945s] Level 1:colcon.colcon_core.environment:checking '/home/rpd/Nav2/install/nav2' for CMake config files
[3.946s] Level 1:colcon.colcon_core.environment:checking '/home/rpd/Nav2/install/nav2/lib'
[3.946s] Level 1:colcon.colcon_core.environment:checking '/home/rpd/Nav2/install/nav2/bin'
[3.946s] Level 1:colcon.colcon_core.environment:checking '/home/rpd/Nav2/install/nav2/lib/pkgconfig/nav2.pc'
[3.946s] Level 1:colcon.colcon_core.environment:checking '/home/rpd/Nav2/install/nav2/lib/python3.12/site-packages'
[3.946s] Level 1:colcon.colcon_core.shell:create_environment_hook('nav2', 'pythonpath')
[3.947s] INFO:colcon.colcon_core.shell:Creating environment hook '/home/rpd/Nav2/install/nav2/share/nav2/hook/pythonpath.ps1'
[3.947s] INFO:colcon.colcon_core.shell:Creating environment descriptor '/home/rpd/Nav2/install/nav2/share/nav2/hook/pythonpath.dsv'
[3.948s] INFO:colcon.colcon_core.shell:Creating environment hook '/home/rpd/Nav2/install/nav2/share/nav2/hook/pythonpath.sh'
[3.949s] Level 1:colcon.colcon_core.environment:checking '/home/rpd/Nav2/install/nav2/bin'
[3.949s] Level 1:colcon.colcon_core.environment:create_environment_scripts_only(nav2)
[3.950s] INFO:colcon.colcon_core.shell:Creating package script '/home/rpd/Nav2/install/nav2/share/nav2/package.ps1'
[3.951s] INFO:colcon.colcon_core.shell:Creating package descriptor '/home/rpd/Nav2/install/nav2/share/nav2/package.dsv'
[3.951s] INFO:colcon.colcon_core.shell:Creating package script '/home/rpd/Nav2/install/nav2/share/nav2/package.sh'
[3.952s] INFO:colcon.colcon_core.shell:Creating package script '/home/rpd/Nav2/install/nav2/share/nav2/package.bash'
[3.953s] INFO:colcon.colcon_core.shell:Creating package script '/home/rpd/Nav2/install/nav2/share/nav2/package.zsh'
[3.954s] Level 1:colcon.colcon_core.environment:create_file_with_runtime_dependencies(/home/rpd/Nav2/install/nav2/share/colcon-core/packages/nav2)
[3.954s] DEBUG:colcon.colcon_parallel_executor.executor.parallel:closing loop
[3.955s] DEBUG:colcon.colcon_parallel_executor.executor.parallel:loop closed
[3.955s] DEBUG:colcon.colcon_parallel_executor.executor.parallel:run_until_complete finished with '0'
[3.955s] DEBUG:colcon.colcon_core.event_reactor:joining thread
[3.956s] DEBUG:colcon.colcon_core.event_reactor:joined thread
[3.956s] INFO:colcon.colcon_core.shell:Creating prefix script '/home/rpd/Nav2/install/local_setup.ps1'
[3.960s] INFO:colcon.colcon_core.shell:Creating prefix util module '/home/rpd/Nav2/install/_local_setup_util_ps1.py'
[3.962s] INFO:colcon.colcon_core.shell:Creating prefix chain script '/home/rpd/Nav2/install/setup.ps1'
[3.964s] INFO:colcon.colcon_core.shell:Creating prefix script '/home/rpd/Nav2/install/local_setup.sh'
[3.968s] INFO:colcon.colcon_core.shell:Creating prefix util module '/home/rpd/Nav2/install/_local_setup_util_sh.py'
[3.969s] INFO:colcon.colcon_core.shell:Creating prefix chain script '/home/rpd/Nav2/install/setup.sh'
[3.971s] INFO:colcon.colcon_core.shell:Creating prefix script '/home/rpd/Nav2/install/local_setup.bash'
[3.972s] INFO:colcon.colcon_core.shell:Creating prefix chain script '/home/rpd/Nav2/install/setup.bash'
[3.974s] INFO:colcon.colcon_core.shell:Creating prefix script '/home/rpd/Nav2/install/local_setup.zsh'
[3.976s] INFO:colcon.colcon_core.shell:Creating prefix chain script '/home/rpd/Nav2/install/setup.zsh'
