[0.042s] Invoking command in '/home/rpd/Nav2/build/explore_lite_msgs': CMAKE_PREFIX_PATH=${CMAKE_PREFIX_PATH}:/opt/ros/jazzy /usr/bin/cmake /home/rpd/Nav2/src/m-explore-ros2/explore_lite_msgs -DCMAKE_INSTALL_PREFIX=/home/rpd/Nav2/install/explore_lite_msgs
[0.780s] -- The C compiler identification is GNU 13.3.0
[1.331s] -- The CXX compiler identification is GNU 13.3.0
[1.381s] -- Detecting C compiler ABI info
[1.707s] -- Detecting C compiler ABI info - done
[1.724s] -- Check for working C compiler: /usr/bin/cc - skipped
[1.725s] -- Detecting C compile features
[1.726s] -- Detecting C compile features - done
[1.747s] -- Detecting CXX compiler ABI info
[2.064s] -- Detecting CXX compiler ABI info - done
[2.080s] -- Check for working CXX compiler: /usr/bin/c++ - skipped
[2.080s] -- Detecting CXX compile features
[2.082s] -- Detecting CXX compile features - done
[2.107s] -- Found ament_cmake: 2.5.5 (/opt/ros/jazzy/share/ament_cmake/cmake)
[2.635s] -- Found Python3: /usr/bin/python3 (found version "3.12.3") found components: Interpreter 
[3.047s] -- Found rosidl_default_generators: 1.6.0 (/opt/ros/jazzy/share/rosidl_default_generators/cmake)
[3.072s] -- Using all available rosidl_typesupport_c: rosidl_typesupport_fastrtps_c;rosidl_typesupport_introspection_c
[3.236s] -- Using all available rosidl_typesupport_cpp: rosidl_typesupport_fastrtps_cpp;rosidl_typesupport_introspection_cpp
[3.353s] -- Found rosidl_adapter: 4.6.7 (/opt/ros/jazzy/share/rosidl_adapter/cmake)
[4.900s] -- Found ament_cmake_ros: 0.12.0 (/opt/ros/jazzy/share/ament_cmake_ros/cmake)
[6.126s] -- Using all available rosidl_typesupport_c: rosidl_typesupport_fastrtps_c;rosidl_typesupport_introspection_c
[8.009s] -- Using all available rosidl_typesupport_cpp: rosidl_typesupport_fastrtps_cpp;rosidl_typesupport_introspection_cpp
[8.026s] -- Found python_cmake_module: 0.11.1 (/opt/ros/jazzy/share/python_cmake_module/cmake)
[8.596s] -- Found PythonExtra: /usr/bin/python3  
[11.197s] -- Found Python3: /usr/bin/python3 (found version "3.12.3") found components: Interpreter Development NumPy Development.Module Development.Embed 
[11.366s] -- Configuring done (11.2s)
[11.568s] -- Generating done (0.2s)
[11.624s] -- Build files have been written to: /home/rpd/Nav2/build/explore_lite_msgs
[11.673s] Invoked command in '/home/rpd/Nav2/build/explore_lite_msgs' returned '0': CMAKE_PREFIX_PATH=${CMAKE_PREFIX_PATH}:/opt/ros/jazzy /usr/bin/cmake /home/rpd/Nav2/src/m-explore-ros2/explore_lite_msgs -DCMAKE_INSTALL_PREFIX=/home/rpd/Nav2/install/explore_lite_msgs
[11.674s] Invoking command in '/home/rpd/Nav2/build/explore_lite_msgs': CMAKE_PREFIX_PATH=${CMAKE_PREFIX_PATH}:/opt/ros/jazzy /usr/bin/cmake --build /home/rpd/Nav2/build/explore_lite_msgs -- -j4 -l4
[11.841s] [  2%] [34m[1mGenerating type hashes for ROS interfaces[0m
[11.937s] [  2%] Built target ament_cmake_python_copy_explore_lite_msgs
[12.482s] running egg_info
[12.484s] creating explore_lite_msgs.egg-info
[12.523s] writing explore_lite_msgs.egg-info/PKG-INFO
[12.525s] writing dependency_links to explore_lite_msgs.egg-info/dependency_links.txt
[12.525s] writing top-level names to explore_lite_msgs.egg-info/top_level.txt
[12.528s] writing manifest file 'explore_lite_msgs.egg-info/SOURCES.txt'
[12.739s] reading manifest file 'explore_lite_msgs.egg-info/SOURCES.txt'
[12.743s] writing manifest file 'explore_lite_msgs.egg-info/SOURCES.txt'
[12.909s] [  2%] Built target ament_cmake_python_build_explore_lite_msgs_egg
[12.958s] [  2%] Built target explore_lite_msgs__rosidl_generator_type_description
[13.012s] [  5%] [34m[1mGenerating C code for ROS interfaces[0m
[13.060s] [  8%] [34m[1mGenerating C++ code for ROS interfaces[0m
[14.605s] [ 11%] [32mBuilding C object CMakeFiles/explore_lite_msgs__rosidl_generator_c.dir/rosidl_generator_c/explore_lite_msgs/msg/detail/explore_status__type_support.c.o[0m
[14.608s] [ 14%] [32mBuilding C object CMakeFiles/explore_lite_msgs__rosidl_generator_c.dir/rosidl_generator_c/explore_lite_msgs/msg/detail/explore_status__description.c.o[0m
[14.617s] [ 17%] [32mBuilding C object CMakeFiles/explore_lite_msgs__rosidl_generator_c.dir/rosidl_generator_c/explore_lite_msgs/msg/detail/explore_status__functions.c.o[0m
[14.629s] [ 17%] Built target explore_lite_msgs__cpp
[15.149s] [ 20%] [32m[1mLinking C shared library libexplore_lite_msgs__rosidl_generator_c.so[0m
[15.378s] [ 20%] Built target explore_lite_msgs__rosidl_generator_c
[15.434s] [ 23%] [34m[1mGenerating C type support dispatch for ROS interfaces[0m
[15.438s] [ 26%] [34m[1mGenerating C type support for eProsima Fast-RTPS[0m
[15.440s] [ 29%] [34m[1mGenerating C introspection for ROS interfaces[0m
[15.445s] [ 32%] [34m[1mGenerating C++ type support dispatch for ROS interfaces[0m
[16.962s] [ 35%] [32mBuilding CXX object CMakeFiles/explore_lite_msgs__rosidl_typesupport_cpp.dir/rosidl_typesupport_cpp/explore_lite_msgs/msg/explore_status__type_support.cpp.o[0m
[16.998s] [ 38%] [32mBuilding CXX object CMakeFiles/explore_lite_msgs__rosidl_typesupport_fastrtps_c.dir/rosidl_typesupport_fastrtps_c/explore_lite_msgs/msg/detail/explore_status__type_support_c.cpp.o[0m
[17.111s] [ 41%] [32mBuilding CXX object CMakeFiles/explore_lite_msgs__rosidl_typesupport_c.dir/rosidl_typesupport_c/explore_lite_msgs/msg/explore_status__type_support.cpp.o[0m
[17.214s] [ 44%] [32mBuilding C object CMakeFiles/explore_lite_msgs__rosidl_typesupport_introspection_c.dir/rosidl_typesupport_introspection_c/explore_lite_msgs/msg/detail/explore_status__type_support.c.o[0m
[17.346s] [ 47%] [32m[1mLinking CXX shared library libexplore_lite_msgs__rosidl_typesupport_c.so[0m
[17.438s] [ 50%] [32m[1mLinking C shared library libexplore_lite_msgs__rosidl_typesupport_introspection_c.so[0m
[17.621s] [ 50%] Built target explore_lite_msgs__rosidl_typesupport_introspection_c
[17.623s] [ 50%] Built target explore_lite_msgs__rosidl_typesupport_c
[17.677s] [ 52%] [34m[1mGenerating C++ introspection for ROS interfaces[0m
[17.694s] [ 55%] [34m[1mGenerating C++ type support for eProsima Fast-RTPS[0m
[18.241s] [ 58%] [32m[1mLinking CXX shared library libexplore_lite_msgs__rosidl_typesupport_cpp.so[0m
[18.414s] [ 58%] Built target explore_lite_msgs__rosidl_typesupport_cpp
[18.855s] [ 61%] [32m[1mLinking CXX shared library libexplore_lite_msgs__rosidl_typesupport_fastrtps_c.so[0m
[19.219s] [ 61%] Built target explore_lite_msgs__rosidl_typesupport_fastrtps_c
[19.264s] [ 64%] [32mBuilding CXX object CMakeFiles/explore_lite_msgs__rosidl_typesupport_fastrtps_cpp.dir/rosidl_typesupport_fastrtps_cpp/explore_lite_msgs/msg/detail/dds_fastrtps/explore_status__type_support.cpp.o[0m
[19.407s] [ 67%] [32mBuilding CXX object CMakeFiles/explore_lite_msgs__rosidl_typesupport_introspection_cpp.dir/rosidl_typesupport_introspection_cpp/explore_lite_msgs/msg/detail/explore_status__type_support.cpp.o[0m
[20.575s] [ 70%] [32m[1mLinking CXX shared library libexplore_lite_msgs__rosidl_typesupport_introspection_cpp.so[0m
[21.014s] [ 70%] Built target explore_lite_msgs__rosidl_typesupport_introspection_cpp
[21.454s] [ 73%] [32m[1mLinking CXX shared library libexplore_lite_msgs__rosidl_typesupport_fastrtps_cpp.so[0m
[21.764s] [ 73%] Built target explore_lite_msgs__rosidl_typesupport_fastrtps_cpp
[21.895s] [ 73%] Built target explore_lite_msgs
[21.969s] [ 76%] [34m[1mGenerating Python code for ROS interfaces[0m
[23.447s] [ 76%] Built target explore_lite_msgs__py
[23.535s] [ 79%] [32mBuilding C object CMakeFiles/explore_lite_msgs__rosidl_generator_py.dir/rosidl_generator_py/explore_lite_msgs/msg/_explore_status_s.c.o[0m
[24.373s] [ 82%] [32m[1mLinking C shared library libexplore_lite_msgs__rosidl_generator_py.so[0m
[24.658s] [ 82%] Built target explore_lite_msgs__rosidl_generator_py
[24.747s] [ 85%] [32mBuilding C object CMakeFiles/explore_lite_msgs_s__rosidl_typesupport_c.dir/rosidl_generator_py/explore_lite_msgs/_explore_lite_msgs_s.ep.rosidl_typesupport_c.c.o[0m
[24.770s] [ 88%] [32mBuilding C object CMakeFiles/explore_lite_msgs_s__rosidl_typesupport_introspection_c.dir/rosidl_generator_py/explore_lite_msgs/_explore_lite_msgs_s.ep.rosidl_typesupport_introspection_c.c.o[0m
[24.773s] [ 91%] [32mBuilding C object CMakeFiles/explore_lite_msgs_s__rosidl_typesupport_fastrtps_c.dir/rosidl_generator_py/explore_lite_msgs/_explore_lite_msgs_s.ep.rosidl_typesupport_fastrtps_c.c.o[0m
[25.368s] [ 94%] [32m[1mLinking C shared module rosidl_generator_py/explore_lite_msgs/explore_lite_msgs_s__rosidl_typesupport_introspection_c.so[0m
[25.381s] [ 97%] [32m[1mLinking C shared module rosidl_generator_py/explore_lite_msgs/explore_lite_msgs_s__rosidl_typesupport_fastrtps_c.so[0m
[25.484s] [ 97%] Built target explore_lite_msgs_s__rosidl_typesupport_introspection_c
[25.534s] [ 97%] Built target explore_lite_msgs_s__rosidl_typesupport_fastrtps_c
[25.623s] [100%] [32m[1mLinking C shared module rosidl_generator_py/explore_lite_msgs/explore_lite_msgs_s__rosidl_typesupport_c.so[0m
[25.791s] [100%] Built target explore_lite_msgs_s__rosidl_typesupport_c
[25.961s] Invoked command in '/home/rpd/Nav2/build/explore_lite_msgs' returned '0': CMAKE_PREFIX_PATH=${CMAKE_PREFIX_PATH}:/opt/ros/jazzy /usr/bin/cmake --build /home/rpd/Nav2/build/explore_lite_msgs -- -j4 -l4
[26.020s] Invoking command in '/home/rpd/Nav2/build/explore_lite_msgs': CMAKE_PREFIX_PATH=${CMAKE_PREFIX_PATH}:/opt/ros/jazzy /usr/bin/cmake --install /home/rpd/Nav2/build/explore_lite_msgs
[26.072s] -- Install configuration: ""
[26.077s] -- Installing: /home/rpd/Nav2/install/explore_lite_msgs/share/ament_index/resource_index/rosidl_interfaces/explore_lite_msgs
[26.077s] -- Installing: /home/rpd/Nav2/install/explore_lite_msgs/share/explore_lite_msgs/msg/ExploreStatus.json
[26.078s] -- Installing: /home/rpd/Nav2/install/explore_lite_msgs/include/explore_lite_msgs/explore_lite_msgs
[26.079s] -- Installing: /home/rpd/Nav2/install/explore_lite_msgs/include/explore_lite_msgs/explore_lite_msgs/msg
[26.080s] -- Installing: /home/rpd/Nav2/install/explore_lite_msgs/include/explore_lite_msgs/explore_lite_msgs/msg/explore_status.h
[26.081s] -- Installing: /home/rpd/Nav2/install/explore_lite_msgs/include/explore_lite_msgs/explore_lite_msgs/msg/detail
[26.086s] -- Installing: /home/rpd/Nav2/install/explore_lite_msgs/include/explore_lite_msgs/explore_lite_msgs/msg/detail/explore_status__type_support.c
[26.086s] -- Installing: /home/rpd/Nav2/install/explore_lite_msgs/include/explore_lite_msgs/explore_lite_msgs/msg/detail/explore_status__description.c
[26.087s] -- Installing: /home/rpd/Nav2/install/explore_lite_msgs/include/explore_lite_msgs/explore_lite_msgs/msg/detail/explore_status__functions.h
[26.087s] -- Installing: /home/rpd/Nav2/install/explore_lite_msgs/include/explore_lite_msgs/explore_lite_msgs/msg/detail/explore_status__struct.h
[26.087s] -- Installing: /home/rpd/Nav2/install/explore_lite_msgs/include/explore_lite_msgs/explore_lite_msgs/msg/detail/explore_status__type_support.h
[26.087s] -- Installing: /home/rpd/Nav2/install/explore_lite_msgs/include/explore_lite_msgs/explore_lite_msgs/msg/detail/explore_status__functions.c
[26.087s] -- Installing: /home/rpd/Nav2/install/explore_lite_msgs/include/explore_lite_msgs/explore_lite_msgs/msg/rosidl_generator_c__visibility_control.h
[26.097s] -- Installing: /home/rpd/Nav2/install/explore_lite_msgs/share/explore_lite_msgs/environment/library_path.sh
[26.097s] -- Installing: /home/rpd/Nav2/install/explore_lite_msgs/share/explore_lite_msgs/environment/library_path.dsv
[26.098s] -- Installing: /home/rpd/Nav2/install/explore_lite_msgs/lib/libexplore_lite_msgs__rosidl_generator_c.so
[26.098s] -- Set non-toolchain portion of runtime path of "/home/rpd/Nav2/install/explore_lite_msgs/lib/libexplore_lite_msgs__rosidl_generator_c.so" to ""
[26.098s] -- Up-to-date: /home/rpd/Nav2/install/explore_lite_msgs/include/explore_lite_msgs/explore_lite_msgs
[26.098s] -- Up-to-date: /home/rpd/Nav2/install/explore_lite_msgs/include/explore_lite_msgs/explore_lite_msgs/msg
[26.098s] -- Up-to-date: /home/rpd/Nav2/install/explore_lite_msgs/include/explore_lite_msgs/explore_lite_msgs/msg/detail
[26.099s] -- Installing: /home/rpd/Nav2/install/explore_lite_msgs/include/explore_lite_msgs/explore_lite_msgs/msg/detail/explore_status__rosidl_typesupport_fastrtps_c.h
[26.099s] -- Installing: /home/rpd/Nav2/install/explore_lite_msgs/include/explore_lite_msgs/explore_lite_msgs/msg/rosidl_typesupport_fastrtps_c__visibility_control.h
[26.102s] -- Installing: /home/rpd/Nav2/install/explore_lite_msgs/lib/libexplore_lite_msgs__rosidl_typesupport_fastrtps_c.so
[26.102s] -- Set non-toolchain portion of runtime path of "/home/rpd/Nav2/install/explore_lite_msgs/lib/libexplore_lite_msgs__rosidl_typesupport_fastrtps_c.so" to ""
[26.102s] -- Up-to-date: /home/rpd/Nav2/install/explore_lite_msgs/include/explore_lite_msgs/explore_lite_msgs
[26.103s] -- Up-to-date: /home/rpd/Nav2/install/explore_lite_msgs/include/explore_lite_msgs/explore_lite_msgs/msg
[26.103s] -- Installing: /home/rpd/Nav2/install/explore_lite_msgs/include/explore_lite_msgs/explore_lite_msgs/msg/rosidl_typesupport_introspection_c__visibility_control.h
[26.103s] -- Up-to-date: /home/rpd/Nav2/install/explore_lite_msgs/include/explore_lite_msgs/explore_lite_msgs/msg/detail
[26.115s] -- Installing: /home/rpd/Nav2/install/explore_lite_msgs/include/explore_lite_msgs/explore_lite_msgs/msg/detail/explore_status__rosidl_typesupport_introspection_c.h
[26.115s] -- Installing: /home/rpd/Nav2/install/explore_lite_msgs/include/explore_lite_msgs/explore_lite_msgs/msg/detail/explore_status__type_support.c
[26.115s] -- Installing: /home/rpd/Nav2/install/explore_lite_msgs/lib/libexplore_lite_msgs__rosidl_typesupport_introspection_c.so
[26.115s] -- Set non-toolchain portion of runtime path of "/home/rpd/Nav2/install/explore_lite_msgs/lib/libexplore_lite_msgs__rosidl_typesupport_introspection_c.so" to ""
[26.115s] -- Installing: /home/rpd/Nav2/install/explore_lite_msgs/lib/libexplore_lite_msgs__rosidl_typesupport_c.so
[26.116s] -- Set non-toolchain portion of runtime path of "/home/rpd/Nav2/install/explore_lite_msgs/lib/libexplore_lite_msgs__rosidl_typesupport_c.so" to ""
[26.116s] -- Up-to-date: /home/rpd/Nav2/install/explore_lite_msgs/include/explore_lite_msgs/explore_lite_msgs
[26.116s] -- Up-to-date: /home/rpd/Nav2/install/explore_lite_msgs/include/explore_lite_msgs/explore_lite_msgs/msg
[26.116s] -- Installing: /home/rpd/Nav2/install/explore_lite_msgs/include/explore_lite_msgs/explore_lite_msgs/msg/rosidl_generator_cpp__visibility_control.hpp
[26.116s] -- Up-to-date: /home/rpd/Nav2/install/explore_lite_msgs/include/explore_lite_msgs/explore_lite_msgs/msg/detail
[26.116s] -- Installing: /home/rpd/Nav2/install/explore_lite_msgs/include/explore_lite_msgs/explore_lite_msgs/msg/detail/explore_status__struct.hpp
[26.118s] -- Installing: /home/rpd/Nav2/install/explore_lite_msgs/include/explore_lite_msgs/explore_lite_msgs/msg/detail/explore_status__traits.hpp
[26.118s] -- Installing: /home/rpd/Nav2/install/explore_lite_msgs/include/explore_lite_msgs/explore_lite_msgs/msg/detail/explore_status__builder.hpp
[26.118s] -- Installing: /home/rpd/Nav2/install/explore_lite_msgs/include/explore_lite_msgs/explore_lite_msgs/msg/detail/explore_status__type_support.hpp
[26.119s] -- Installing: /home/rpd/Nav2/install/explore_lite_msgs/include/explore_lite_msgs/explore_lite_msgs/msg/explore_status.hpp
[26.120s] -- Up-to-date: /home/rpd/Nav2/install/explore_lite_msgs/include/explore_lite_msgs/explore_lite_msgs
[26.126s] -- Up-to-date: /home/rpd/Nav2/install/explore_lite_msgs/include/explore_lite_msgs/explore_lite_msgs/msg
[26.127s] -- Installing: /home/rpd/Nav2/install/explore_lite_msgs/include/explore_lite_msgs/explore_lite_msgs/msg/rosidl_typesupport_fastrtps_cpp__visibility_control.h
[26.127s] -- Up-to-date: /home/rpd/Nav2/install/explore_lite_msgs/include/explore_lite_msgs/explore_lite_msgs/msg/detail
[26.127s] -- Installing: /home/rpd/Nav2/install/explore_lite_msgs/include/explore_lite_msgs/explore_lite_msgs/msg/detail/dds_fastrtps
[26.127s] -- Installing: /home/rpd/Nav2/install/explore_lite_msgs/include/explore_lite_msgs/explore_lite_msgs/msg/detail/explore_status__rosidl_typesupport_fastrtps_cpp.hpp
[26.127s] -- Installing: /home/rpd/Nav2/install/explore_lite_msgs/lib/libexplore_lite_msgs__rosidl_typesupport_fastrtps_cpp.so
[26.127s] -- Set non-toolchain portion of runtime path of "/home/rpd/Nav2/install/explore_lite_msgs/lib/libexplore_lite_msgs__rosidl_typesupport_fastrtps_cpp.so" to ""
[26.133s] -- Up-to-date: /home/rpd/Nav2/install/explore_lite_msgs/include/explore_lite_msgs/explore_lite_msgs
[26.133s] -- Up-to-date: /home/rpd/Nav2/install/explore_lite_msgs/include/explore_lite_msgs/explore_lite_msgs/msg
[26.133s] -- Up-to-date: /home/rpd/Nav2/install/explore_lite_msgs/include/explore_lite_msgs/explore_lite_msgs/msg/detail
[26.133s] -- Installing: /home/rpd/Nav2/install/explore_lite_msgs/include/explore_lite_msgs/explore_lite_msgs/msg/detail/explore_status__type_support.cpp
[26.134s] -- Installing: /home/rpd/Nav2/install/explore_lite_msgs/include/explore_lite_msgs/explore_lite_msgs/msg/detail/explore_status__rosidl_typesupport_introspection_cpp.hpp
[26.134s] -- Installing: /home/rpd/Nav2/install/explore_lite_msgs/lib/libexplore_lite_msgs__rosidl_typesupport_introspection_cpp.so
[26.134s] -- Set non-toolchain portion of runtime path of "/home/rpd/Nav2/install/explore_lite_msgs/lib/libexplore_lite_msgs__rosidl_typesupport_introspection_cpp.so" to ""
[26.139s] -- Installing: /home/rpd/Nav2/install/explore_lite_msgs/lib/libexplore_lite_msgs__rosidl_typesupport_cpp.so
[26.140s] -- Set non-toolchain portion of runtime path of "/home/rpd/Nav2/install/explore_lite_msgs/lib/libexplore_lite_msgs__rosidl_typesupport_cpp.so" to ""
[26.140s] -- Installing: /home/rpd/Nav2/install/explore_lite_msgs/share/explore_lite_msgs/environment/pythonpath.sh
[26.140s] -- Installing: /home/rpd/Nav2/install/explore_lite_msgs/share/explore_lite_msgs/environment/pythonpath.dsv
[26.141s] -- Installing: /home/rpd/Nav2/install/explore_lite_msgs/lib/python3.12/site-packages/explore_lite_msgs-1.0.0-py3.12.egg-info
[26.142s] -- Installing: /home/rpd/Nav2/install/explore_lite_msgs/lib/python3.12/site-packages/explore_lite_msgs-1.0.0-py3.12.egg-info/dependency_links.txt
[26.148s] -- Installing: /home/rpd/Nav2/install/explore_lite_msgs/lib/python3.12/site-packages/explore_lite_msgs-1.0.0-py3.12.egg-info/SOURCES.txt
[26.149s] -- Installing: /home/rpd/Nav2/install/explore_lite_msgs/lib/python3.12/site-packages/explore_lite_msgs-1.0.0-py3.12.egg-info/top_level.txt
[26.149s] -- Installing: /home/rpd/Nav2/install/explore_lite_msgs/lib/python3.12/site-packages/explore_lite_msgs-1.0.0-py3.12.egg-info/PKG-INFO
[26.149s] -- Installing: /home/rpd/Nav2/install/explore_lite_msgs/lib/python3.12/site-packages/explore_lite_msgs
[26.149s] -- Installing: /home/rpd/Nav2/install/explore_lite_msgs/lib/python3.12/site-packages/explore_lite_msgs/explore_lite_msgs_s__rosidl_typesupport_c.so
[26.149s] -- Installing: /home/rpd/Nav2/install/explore_lite_msgs/lib/python3.12/site-packages/explore_lite_msgs/msg
[26.149s] -- Installing: /home/rpd/Nav2/install/explore_lite_msgs/lib/python3.12/site-packages/explore_lite_msgs/msg/_explore_status.py
[26.149s] -- Installing: /home/rpd/Nav2/install/explore_lite_msgs/lib/python3.12/site-packages/explore_lite_msgs/msg/__init__.py
[26.150s] -- Installing: /home/rpd/Nav2/install/explore_lite_msgs/lib/python3.12/site-packages/explore_lite_msgs/msg/_explore_status_s.c
[26.150s] -- Installing: /home/rpd/Nav2/install/explore_lite_msgs/lib/python3.12/site-packages/explore_lite_msgs/__init__.py
[26.150s] -- Installing: /home/rpd/Nav2/install/explore_lite_msgs/lib/python3.12/site-packages/explore_lite_msgs/_explore_lite_msgs_s.ep.rosidl_typesupport_c.c
[26.159s] -- Installing: /home/rpd/Nav2/install/explore_lite_msgs/lib/python3.12/site-packages/explore_lite_msgs/explore_lite_msgs_s__rosidl_typesupport_fastrtps_c.so
[26.159s] -- Installing: /home/rpd/Nav2/install/explore_lite_msgs/lib/python3.12/site-packages/explore_lite_msgs/explore_lite_msgs_s__rosidl_typesupport_introspection_c.so
[26.160s] -- Installing: /home/rpd/Nav2/install/explore_lite_msgs/lib/python3.12/site-packages/explore_lite_msgs/_explore_lite_msgs_s.ep.rosidl_typesupport_introspection_c.c
[26.160s] -- Installing: /home/rpd/Nav2/install/explore_lite_msgs/lib/python3.12/site-packages/explore_lite_msgs/_explore_lite_msgs_s.ep.rosidl_typesupport_fastrtps_c.c
[26.400s] Listing '/home/rpd/Nav2/install/explore_lite_msgs/lib/python3.12/site-packages/explore_lite_msgs'...
[26.401s] Compiling '/home/rpd/Nav2/install/explore_lite_msgs/lib/python3.12/site-packages/explore_lite_msgs/__init__.py'...
[26.401s] Listing '/home/rpd/Nav2/install/explore_lite_msgs/lib/python3.12/site-packages/explore_lite_msgs/msg'...
[26.401s] Compiling '/home/rpd/Nav2/install/explore_lite_msgs/lib/python3.12/site-packages/explore_lite_msgs/msg/__init__.py'...
[26.402s] Compiling '/home/rpd/Nav2/install/explore_lite_msgs/lib/python3.12/site-packages/explore_lite_msgs/msg/_explore_status.py'...
[26.433s] -- Installing: /home/rpd/Nav2/install/explore_lite_msgs/lib/python3.12/site-packages/explore_lite_msgs/explore_lite_msgs_s__rosidl_typesupport_fastrtps_c.so
[26.433s] -- Set non-toolchain portion of runtime path of "/home/rpd/Nav2/install/explore_lite_msgs/lib/python3.12/site-packages/explore_lite_msgs/explore_lite_msgs_s__rosidl_typesupport_fastrtps_c.so" to ""
[26.434s] -- Installing: /home/rpd/Nav2/install/explore_lite_msgs/lib/python3.12/site-packages/explore_lite_msgs/explore_lite_msgs_s__rosidl_typesupport_introspection_c.so
[26.436s] -- Set non-toolchain portion of runtime path of "/home/rpd/Nav2/install/explore_lite_msgs/lib/python3.12/site-packages/explore_lite_msgs/explore_lite_msgs_s__rosidl_typesupport_introspection_c.so" to ""
[26.437s] -- Installing: /home/rpd/Nav2/install/explore_lite_msgs/lib/python3.12/site-packages/explore_lite_msgs/explore_lite_msgs_s__rosidl_typesupport_c.so
[26.438s] -- Set non-toolchain portion of runtime path of "/home/rpd/Nav2/install/explore_lite_msgs/lib/python3.12/site-packages/explore_lite_msgs/explore_lite_msgs_s__rosidl_typesupport_c.so" to ""
[26.441s] -- Installing: /home/rpd/Nav2/install/explore_lite_msgs/lib/libexplore_lite_msgs__rosidl_generator_py.so
[26.441s] -- Set non-toolchain portion of runtime path of "/home/rpd/Nav2/install/explore_lite_msgs/lib/libexplore_lite_msgs__rosidl_generator_py.so" to ""
[26.442s] -- Installing: /home/rpd/Nav2/install/explore_lite_msgs/share/explore_lite_msgs/msg/ExploreStatus.idl
[26.442s] -- Installing: /home/rpd/Nav2/install/explore_lite_msgs/share/explore_lite_msgs/msg/ExploreStatus.msg
[26.444s] -- Installing: /home/rpd/Nav2/install/explore_lite_msgs/share/ament_index/resource_index/package_run_dependencies/explore_lite_msgs
[26.445s] -- Installing: /home/rpd/Nav2/install/explore_lite_msgs/share/ament_index/resource_index/parent_prefix_path/explore_lite_msgs
[26.446s] -- Installing: /home/rpd/Nav2/install/explore_lite_msgs/share/explore_lite_msgs/environment/ament_prefix_path.sh
[26.446s] -- Installing: /home/rpd/Nav2/install/explore_lite_msgs/share/explore_lite_msgs/environment/ament_prefix_path.dsv
[26.447s] -- Installing: /home/rpd/Nav2/install/explore_lite_msgs/share/explore_lite_msgs/environment/path.sh
[26.448s] -- Installing: /home/rpd/Nav2/install/explore_lite_msgs/share/explore_lite_msgs/environment/path.dsv
[26.449s] -- Installing: /home/rpd/Nav2/install/explore_lite_msgs/share/explore_lite_msgs/local_setup.bash
[26.450s] -- Installing: /home/rpd/Nav2/install/explore_lite_msgs/share/explore_lite_msgs/local_setup.sh
[26.450s] -- Installing: /home/rpd/Nav2/install/explore_lite_msgs/share/explore_lite_msgs/local_setup.zsh
[26.452s] -- Installing: /home/rpd/Nav2/install/explore_lite_msgs/share/explore_lite_msgs/local_setup.dsv
[26.452s] -- Installing: /home/rpd/Nav2/install/explore_lite_msgs/share/explore_lite_msgs/package.dsv
[26.454s] -- Installing: /home/rpd/Nav2/install/explore_lite_msgs/share/ament_index/resource_index/packages/explore_lite_msgs
[26.454s] -- Installing: /home/rpd/Nav2/install/explore_lite_msgs/share/explore_lite_msgs/cmake/export_explore_lite_msgs__rosidl_generator_cExport.cmake
[26.455s] -- Installing: /home/rpd/Nav2/install/explore_lite_msgs/share/explore_lite_msgs/cmake/export_explore_lite_msgs__rosidl_generator_cExport-noconfig.cmake
[26.456s] -- Installing: /home/rpd/Nav2/install/explore_lite_msgs/share/explore_lite_msgs/cmake/export_explore_lite_msgs__rosidl_typesupport_fastrtps_cExport.cmake
[26.457s] -- Installing: /home/rpd/Nav2/install/explore_lite_msgs/share/explore_lite_msgs/cmake/export_explore_lite_msgs__rosidl_typesupport_fastrtps_cExport-noconfig.cmake
[26.458s] -- Installing: /home/rpd/Nav2/install/explore_lite_msgs/share/explore_lite_msgs/cmake/explore_lite_msgs__rosidl_typesupport_introspection_cExport.cmake
[26.459s] -- Installing: /home/rpd/Nav2/install/explore_lite_msgs/share/explore_lite_msgs/cmake/explore_lite_msgs__rosidl_typesupport_introspection_cExport-noconfig.cmake
[26.459s] -- Installing: /home/rpd/Nav2/install/explore_lite_msgs/share/explore_lite_msgs/cmake/explore_lite_msgs__rosidl_typesupport_cExport.cmake
[26.460s] -- Installing: /home/rpd/Nav2/install/explore_lite_msgs/share/explore_lite_msgs/cmake/explore_lite_msgs__rosidl_typesupport_cExport-noconfig.cmake
[26.461s] -- Installing: /home/rpd/Nav2/install/explore_lite_msgs/share/explore_lite_msgs/cmake/export_explore_lite_msgs__rosidl_generator_cppExport.cmake
[26.462s] -- Installing: /home/rpd/Nav2/install/explore_lite_msgs/share/explore_lite_msgs/cmake/export_explore_lite_msgs__rosidl_typesupport_fastrtps_cppExport.cmake
[26.462s] -- Installing: /home/rpd/Nav2/install/explore_lite_msgs/share/explore_lite_msgs/cmake/export_explore_lite_msgs__rosidl_typesupport_fastrtps_cppExport-noconfig.cmake
[26.465s] -- Installing: /home/rpd/Nav2/install/explore_lite_msgs/share/explore_lite_msgs/cmake/explore_lite_msgs__rosidl_typesupport_introspection_cppExport.cmake
[26.465s] -- Installing: /home/rpd/Nav2/install/explore_lite_msgs/share/explore_lite_msgs/cmake/explore_lite_msgs__rosidl_typesupport_introspection_cppExport-noconfig.cmake
[26.465s] -- Installing: /home/rpd/Nav2/install/explore_lite_msgs/share/explore_lite_msgs/cmake/explore_lite_msgs__rosidl_typesupport_cppExport.cmake
[26.466s] -- Installing: /home/rpd/Nav2/install/explore_lite_msgs/share/explore_lite_msgs/cmake/explore_lite_msgs__rosidl_typesupport_cppExport-noconfig.cmake
[26.467s] -- Installing: /home/rpd/Nav2/install/explore_lite_msgs/share/explore_lite_msgs/cmake/export_explore_lite_msgs__rosidl_generator_pyExport.cmake
[26.468s] -- Installing: /home/rpd/Nav2/install/explore_lite_msgs/share/explore_lite_msgs/cmake/export_explore_lite_msgs__rosidl_generator_pyExport-noconfig.cmake
[26.468s] -- Installing: /home/rpd/Nav2/install/explore_lite_msgs/share/explore_lite_msgs/cmake/rosidl_cmake-extras.cmake
[26.469s] -- Installing: /home/rpd/Nav2/install/explore_lite_msgs/share/explore_lite_msgs/cmake/ament_cmake_export_include_directories-extras.cmake
[26.470s] -- Installing: /home/rpd/Nav2/install/explore_lite_msgs/share/explore_lite_msgs/cmake/ament_cmake_export_libraries-extras.cmake
[26.471s] -- Installing: /home/rpd/Nav2/install/explore_lite_msgs/share/explore_lite_msgs/cmake/ament_cmake_export_targets-extras.cmake
[26.471s] -- Installing: /home/rpd/Nav2/install/explore_lite_msgs/share/explore_lite_msgs/cmake/rosidl_cmake_export_typesupport_targets-extras.cmake
[26.473s] -- Installing: /home/rpd/Nav2/install/explore_lite_msgs/share/explore_lite_msgs/cmake/ament_cmake_export_dependencies-extras.cmake
[26.473s] -- Installing: /home/rpd/Nav2/install/explore_lite_msgs/share/explore_lite_msgs/cmake/rosidl_cmake_export_typesupport_libraries-extras.cmake
[26.475s] -- Installing: /home/rpd/Nav2/install/explore_lite_msgs/share/explore_lite_msgs/cmake/explore_lite_msgsConfig.cmake
[26.475s] -- Installing: /home/rpd/Nav2/install/explore_lite_msgs/share/explore_lite_msgs/cmake/explore_lite_msgsConfig-version.cmake
[26.476s] -- Installing: /home/rpd/Nav2/install/explore_lite_msgs/share/explore_lite_msgs/package.xml
[26.483s] Invoked command in '/home/rpd/Nav2/build/explore_lite_msgs' returned '0': CMAKE_PREFIX_PATH=${CMAKE_PREFIX_PATH}:/opt/ros/jazzy /usr/bin/cmake --install /home/rpd/Nav2/build/explore_lite_msgs
