[0.421s] Invoking command in '/home/rpd/Nav2/build/rplidar_ros': CMAKE_PREFIX_PATH=${CMAKE_PREFIX_PATH}:/opt/ros/jazzy /usr/bin/cmake --build /home/rpd/Nav2/build/rplidar_ros -- -j4 -l4
[0.789s] [  5%] Built target rplidar_client
[0.850s] [ 60%] Built target rplidar_node
[0.850s] [100%] Built target rplidar_composition
[0.917s] Invoked command in '/home/rpd/Nav2/build/rplidar_ros' returned '0': CMAKE_PREFIX_PATH=${CMAKE_PREFIX_PATH}:/opt/ros/jazzy /usr/bin/cmake --build /home/rpd/Nav2/build/rplidar_ros -- -j4 -l4
[0.985s] Invoking command in '/home/rpd/Nav2/build/rplidar_ros': CMAKE_PREFIX_PATH=${CMAKE_PREFIX_PATH}:/opt/ros/jazzy /usr/bin/cmake --install /home/rpd/Nav2/build/rplidar_ros
[1.023s] -- Install configuration: ""
[1.033s] -- Up-to-date: /home/rpd/Nav2/install/rplidar_ros/share/rplidar_ros/launch
[1.034s] -- Up-to-date: /home/rpd/Nav2/install/rplidar_ros/share/rplidar_ros/launch/view_rplidar_s2e_launch.py
[1.036s] -- Up-to-date: /home/rpd/Nav2/install/rplidar_ros/share/rplidar_ros/launch/view_rplidar_s3_launch.py
[1.036s] -- Up-to-date: /home/rpd/Nav2/install/rplidar_ros/share/rplidar_ros/launch/rplidar_s2e_launch.py
[1.036s] -- Up-to-date: /home/rpd/Nav2/install/rplidar_ros/share/rplidar_ros/launch/rplidar_a3_launch.py
[1.037s] -- Up-to-date: /home/rpd/Nav2/install/rplidar_ros/share/rplidar_ros/launch/view_rplidar_a1_launch.py
[1.037s] -- Up-to-date: /home/rpd/Nav2/install/rplidar_ros/share/rplidar_ros/launch/view_rplidar_a2m8_launch.py
[1.037s] -- Up-to-date: /home/rpd/Nav2/install/rplidar_ros/share/rplidar_ros/launch/view_rplidar_s1_launch.py
[1.037s] -- Up-to-date: /home/rpd/Nav2/install/rplidar_ros/share/rplidar_ros/launch/view_rplidar_t1_launch.py
[1.037s] -- Up-to-date: /home/rpd/Nav2/install/rplidar_ros/share/rplidar_ros/launch/rplidar_c1_launch.py
[1.037s] -- Up-to-date: /home/rpd/Nav2/install/rplidar_ros/share/rplidar_ros/launch/rplidar_a2m7_launch.py
[1.037s] -- Up-to-date: /home/rpd/Nav2/install/rplidar_ros/share/rplidar_ros/launch/view_rplidar_a2m12_launch.py
[1.041s] -- Up-to-date: /home/rpd/Nav2/install/rplidar_ros/share/rplidar_ros/launch/rplidar_a1_launch.py
[1.042s] -- Up-to-date: /home/rpd/Nav2/install/rplidar_ros/share/rplidar_ros/launch/view_rplidar_s2_launch.py
[1.044s] -- Up-to-date: /home/rpd/Nav2/install/rplidar_ros/share/rplidar_ros/launch/rplidar_a2m8_launch.py
[1.044s] -- Up-to-date: /home/rpd/Nav2/install/rplidar_ros/share/rplidar_ros/launch/view_rplidar_a2m7_launch.py
[1.044s] -- Up-to-date: /home/rpd/Nav2/install/rplidar_ros/share/rplidar_ros/launch/rplidar_t1_launch.py
[1.044s] -- Up-to-date: /home/rpd/Nav2/install/rplidar_ros/share/rplidar_ros/launch/rplidar_a2m12_launch.py
[1.045s] -- Up-to-date: /home/rpd/Nav2/install/rplidar_ros/share/rplidar_ros/launch/view_rplidar_s1_tcp_launch.py
[1.046s] -- Up-to-date: /home/rpd/Nav2/install/rplidar_ros/share/rplidar_ros/launch/view_rplidar_c1_launch.py
[1.046s] -- Up-to-date: /home/rpd/Nav2/install/rplidar_ros/share/rplidar_ros/launch/view_rplidar_a3_launch.py
[1.046s] -- Up-to-date: /home/rpd/Nav2/install/rplidar_ros/share/rplidar_ros/launch/rplidar_s2_launch.py
[1.046s] -- Up-to-date: /home/rpd/Nav2/install/rplidar_ros/share/rplidar_ros/launch/rplidar_s1_launch.py
[1.046s] -- Up-to-date: /home/rpd/Nav2/install/rplidar_ros/share/rplidar_ros/launch/rplidar_s3_launch.py
[1.047s] -- Up-to-date: /home/rpd/Nav2/install/rplidar_ros/share/rplidar_ros/launch/rplidar_s1_tcp_launch.py
[1.047s] -- Up-to-date: /home/rpd/Nav2/install/rplidar_ros/share/rplidar_ros/rviz
[1.047s] -- Up-to-date: /home/rpd/Nav2/install/rplidar_ros/share/rplidar_ros/rviz/rplidar_ros.rviz
[1.056s] -- Up-to-date: /home/rpd/Nav2/install/rplidar_ros/lib/rplidar_ros/rplidar_node
[1.064s] -- Up-to-date: /home/rpd/Nav2/install/rplidar_ros/lib/rplidar_ros/rplidar_composition
[1.071s] -- Up-to-date: /home/rpd/Nav2/install/rplidar_ros/lib/rplidar_ros/rplidar_client
[1.077s] -- Up-to-date: /home/rpd/Nav2/install/rplidar_ros/share/ament_index/resource_index/package_run_dependencies/rplidar_ros
[1.078s] -- Up-to-date: /home/rpd/Nav2/install/rplidar_ros/share/ament_index/resource_index/parent_prefix_path/rplidar_ros
[1.079s] -- Up-to-date: /home/rpd/Nav2/install/rplidar_ros/share/rplidar_ros/environment/ament_prefix_path.sh
[1.079s] -- Up-to-date: /home/rpd/Nav2/install/rplidar_ros/share/rplidar_ros/environment/ament_prefix_path.dsv
[1.079s] -- Up-to-date: /home/rpd/Nav2/install/rplidar_ros/share/rplidar_ros/environment/path.sh
[1.079s] -- Up-to-date: /home/rpd/Nav2/install/rplidar_ros/share/rplidar_ros/environment/path.dsv
[1.080s] -- Up-to-date: /home/rpd/Nav2/install/rplidar_ros/share/rplidar_ros/local_setup.bash
[1.080s] -- Up-to-date: /home/rpd/Nav2/install/rplidar_ros/share/rplidar_ros/local_setup.sh
[1.080s] -- Up-to-date: /home/rpd/Nav2/install/rplidar_ros/share/rplidar_ros/local_setup.zsh
[1.081s] -- Up-to-date: /home/rpd/Nav2/install/rplidar_ros/share/rplidar_ros/local_setup.dsv
[1.081s] -- Installing: /home/rpd/Nav2/install/rplidar_ros/share/rplidar_ros/package.dsv
[1.084s] -- Up-to-date: /home/rpd/Nav2/install/rplidar_ros/share/ament_index/resource_index/packages/rplidar_ros
[1.084s] -- Up-to-date: /home/rpd/Nav2/install/rplidar_ros/share/rplidar_ros/cmake/ament_cmake_export_dependencies-extras.cmake
[1.087s] -- Up-to-date: /home/rpd/Nav2/install/rplidar_ros/share/rplidar_ros/cmake/ament_cmake_export_include_directories-extras.cmake
[1.088s] -- Up-to-date: /home/rpd/Nav2/install/rplidar_ros/share/rplidar_ros/cmake/rplidar_rosConfig.cmake
[1.088s] -- Up-to-date: /home/rpd/Nav2/install/rplidar_ros/share/rplidar_ros/cmake/rplidar_rosConfig-version.cmake
[1.088s] -- Up-to-date: /home/rpd/Nav2/install/rplidar_ros/share/rplidar_ros/package.xml
[1.095s] Invoked command in '/home/rpd/Nav2/build/rplidar_ros' returned '0': CMAKE_PREFIX_PATH=${CMAKE_PREFIX_PATH}:/opt/ros/jazzy /usr/bin/cmake --install /home/rpd/Nav2/build/rplidar_ros
