[0.709s] Invoking command in '/home/rpd/Nav2/build/rplidar_ros': CMAKE_PREFIX_PATH=${CMAKE_PREFIX_PATH}:/home/rpd/Nav2/install/nav2:/opt/ros/jazzy /usr/bin/cmake --build /home/rpd/Nav2/build/rplidar_ros -- -j4 -l4
[0.947s] [ 47%] Built target rplidar_node
[0.961s] [ 60%] Built target rplidar_client
[0.962s] [100%] Built target rplidar_composition
[0.997s] Invoked command in '/home/rpd/Nav2/build/rplidar_ros' returned '0': CMAKE_PREFIX_PATH=${CMAKE_PREFIX_PATH}:/home/rpd/Nav2/install/nav2:/opt/ros/jazzy /usr/bin/cmake --build /home/rpd/Nav2/build/rplidar_ros -- -j4 -l4
[1.001s] Invoking command in '/home/rpd/Nav2/build/rplidar_ros': CMAKE_PREFIX_PATH=${CMAKE_PREFIX_PATH}:/home/rpd/Nav2/install/nav2:/opt/ros/jazzy /usr/bin/cmake --install /home/rpd/Nav2/build/rplidar_ros
[1.023s] -- Install configuration: ""
[1.025s] -- Up-to-date: /home/rpd/Nav2/install/rplidar_ros/share/rplidar_ros/launch
[1.026s] -- Up-to-date: /home/rpd/Nav2/install/rplidar_ros/share/rplidar_ros/launch/view_rplidar_s2e_launch.py
[1.026s] -- Up-to-date: /home/rpd/Nav2/install/rplidar_ros/share/rplidar_ros/launch/view_rplidar_s3_launch.py
[1.026s] -- Up-to-date: /home/rpd/Nav2/install/rplidar_ros/share/rplidar_ros/launch/rplidar_s2e_launch.py
[1.026s] -- Up-to-date: /home/rpd/Nav2/install/rplidar_ros/share/rplidar_ros/launch/rplidar_a3_launch.py
[1.026s] -- Up-to-date: /home/rpd/Nav2/install/rplidar_ros/share/rplidar_ros/launch/view_rplidar_a1_launch.py
[1.027s] -- Up-to-date: /home/rpd/Nav2/install/rplidar_ros/share/rplidar_ros/launch/view_rplidar_a2m8_launch.py
[1.027s] -- Up-to-date: /home/rpd/Nav2/install/rplidar_ros/share/rplidar_ros/launch/view_rplidar_s1_launch.py
[1.027s] -- Up-to-date: /home/rpd/Nav2/install/rplidar_ros/share/rplidar_ros/launch/view_rplidar_t1_launch.py
[1.027s] -- Up-to-date: /home/rpd/Nav2/install/rplidar_ros/share/rplidar_ros/launch/rplidar_c1_launch.py
[1.027s] -- Up-to-date: /home/rpd/Nav2/install/rplidar_ros/share/rplidar_ros/launch/rplidar_a2m7_launch.py
[1.027s] -- Up-to-date: /home/rpd/Nav2/install/rplidar_ros/share/rplidar_ros/launch/view_rplidar_a2m12_launch.py
[1.028s] -- Up-to-date: /home/rpd/Nav2/install/rplidar_ros/share/rplidar_ros/launch/rplidar_a1_launch.py
[1.028s] -- Up-to-date: /home/rpd/Nav2/install/rplidar_ros/share/rplidar_ros/launch/view_rplidar_s2_launch.py
[1.028s] -- Up-to-date: /home/rpd/Nav2/install/rplidar_ros/share/rplidar_ros/launch/rplidar_a2m8_launch.py
[1.028s] -- Up-to-date: /home/rpd/Nav2/install/rplidar_ros/share/rplidar_ros/launch/view_rplidar_a2m7_launch.py
[1.029s] -- Up-to-date: /home/rpd/Nav2/install/rplidar_ros/share/rplidar_ros/launch/rplidar_t1_launch.py
[1.029s] -- Up-to-date: /home/rpd/Nav2/install/rplidar_ros/share/rplidar_ros/launch/rplidar_a2m12_launch.py
[1.029s] -- Up-to-date: /home/rpd/Nav2/install/rplidar_ros/share/rplidar_ros/launch/view_rplidar_s1_tcp_launch.py
[1.029s] -- Up-to-date: /home/rpd/Nav2/install/rplidar_ros/share/rplidar_ros/launch/view_rplidar_c1_launch.py
[1.030s] -- Up-to-date: /home/rpd/Nav2/install/rplidar_ros/share/rplidar_ros/launch/view_rplidar_a3_launch.py
[1.030s] -- Up-to-date: /home/rpd/Nav2/install/rplidar_ros/share/rplidar_ros/launch/rplidar_s2_launch.py
[1.030s] -- Up-to-date: /home/rpd/Nav2/install/rplidar_ros/share/rplidar_ros/launch/rplidar_s1_launch.py
[1.030s] -- Up-to-date: /home/rpd/Nav2/install/rplidar_ros/share/rplidar_ros/launch/rplidar_s3_launch.py
[1.031s] -- Up-to-date: /home/rpd/Nav2/install/rplidar_ros/share/rplidar_ros/launch/rplidar_s1_tcp_launch.py
[1.031s] -- Up-to-date: /home/rpd/Nav2/install/rplidar_ros/share/rplidar_ros/rviz
[1.031s] -- Up-to-date: /home/rpd/Nav2/install/rplidar_ros/share/rplidar_ros/rviz/rplidar_ros.rviz
[1.031s] -- Up-to-date: /home/rpd/Nav2/install/rplidar_ros/lib/rplidar_ros/rplidar_node
[1.032s] -- Up-to-date: /home/rpd/Nav2/install/rplidar_ros/lib/rplidar_ros/rplidar_composition
[1.032s] -- Up-to-date: /home/rpd/Nav2/install/rplidar_ros/lib/rplidar_ros/rplidar_client
[1.032s] -- Up-to-date: /home/rpd/Nav2/install/rplidar_ros/share/ament_index/resource_index/package_run_dependencies/rplidar_ros
[1.032s] -- Up-to-date: /home/rpd/Nav2/install/rplidar_ros/share/ament_index/resource_index/parent_prefix_path/rplidar_ros
[1.032s] -- Up-to-date: /home/rpd/Nav2/install/rplidar_ros/share/rplidar_ros/environment/ament_prefix_path.sh
[1.032s] -- Up-to-date: /home/rpd/Nav2/install/rplidar_ros/share/rplidar_ros/environment/ament_prefix_path.dsv
[1.032s] -- Up-to-date: /home/rpd/Nav2/install/rplidar_ros/share/rplidar_ros/environment/path.sh
[1.033s] -- Up-to-date: /home/rpd/Nav2/install/rplidar_ros/share/rplidar_ros/environment/path.dsv
[1.033s] -- Up-to-date: /home/rpd/Nav2/install/rplidar_ros/share/rplidar_ros/local_setup.bash
[1.033s] -- Up-to-date: /home/rpd/Nav2/install/rplidar_ros/share/rplidar_ros/local_setup.sh
[1.033s] -- Up-to-date: /home/rpd/Nav2/install/rplidar_ros/share/rplidar_ros/local_setup.zsh
[1.033s] -- Up-to-date: /home/rpd/Nav2/install/rplidar_ros/share/rplidar_ros/local_setup.dsv
[1.034s] -- Installing: /home/rpd/Nav2/install/rplidar_ros/share/rplidar_ros/package.dsv
[1.034s] -- Up-to-date: /home/rpd/Nav2/install/rplidar_ros/share/ament_index/resource_index/packages/rplidar_ros
[1.034s] -- Up-to-date: /home/rpd/Nav2/install/rplidar_ros/share/rplidar_ros/cmake/ament_cmake_export_dependencies-extras.cmake
[1.034s] -- Up-to-date: /home/rpd/Nav2/install/rplidar_ros/share/rplidar_ros/cmake/ament_cmake_export_include_directories-extras.cmake
[1.034s] -- Up-to-date: /home/rpd/Nav2/install/rplidar_ros/share/rplidar_ros/cmake/rplidar_rosConfig.cmake
[1.034s] -- Up-to-date: /home/rpd/Nav2/install/rplidar_ros/share/rplidar_ros/cmake/rplidar_rosConfig-version.cmake
[1.035s] -- Up-to-date: /home/rpd/Nav2/install/rplidar_ros/share/rplidar_ros/package.xml
[1.038s] Invoked command in '/home/rpd/Nav2/build/rplidar_ros' returned '0': CMAKE_PREFIX_PATH=${CMAKE_PREFIX_PATH}:/home/rpd/Nav2/install/nav2:/opt/ros/jazzy /usr/bin/cmake --install /home/rpd/Nav2/build/rplidar_ros
