[0.554s] Invoking command in '/home/anirudh/Nav2/src/nav2': DEBUGINFOD_URLS=https://debuginfod.ubuntu.com PYTHONPATH=/home/anirudh/Nav2/build/nav2/prefix_override:/usr/lib/python3/dist-packages/colcon_core/task/python/colcon_distutils_commands:/home/anirudh/Nav2/install/nav2/lib/python3.12/site-packages:${PYTHONPATH} /usr/bin/python3 -W ignore:setup.py install is deprecated -W ignore:easy_install command is deprecated setup.py egg_info --egg-base ../../build/nav2 build --build-base /home/anirudh/Nav2/build/nav2/build install --record /home/anirudh/Nav2/build/nav2/install.log --single-version-externally-managed install_data
[0.735s] running egg_info
[0.748s] writing ../../build/nav2/nav2.egg-info/PKG-INFO
[0.749s] writing dependency_links to ../../build/nav2/nav2.egg-info/dependency_links.txt
[0.749s] writing entry points to ../../build/nav2/nav2.egg-info/entry_points.txt
[0.749s] writing requirements to ../../build/nav2/nav2.egg-info/requires.txt
[0.749s] writing top-level names to ../../build/nav2/nav2.egg-info/top_level.txt
[0.775s] reading manifest file '../../build/nav2/nav2.egg-info/SOURCES.txt'
[0.775s] writing manifest file '../../build/nav2/nav2.egg-info/SOURCES.txt'
[0.775s] running build
[0.775s] running build_py
[0.775s] running install
[0.780s] running install_lib
[0.793s] running install_data
[0.793s] copying nav2/launch/nav2.py -> /home/anirudh/Nav2/install/nav2/share/nav2/launch
[0.793s] running install_egg_info
[0.807s] removing '/home/anirudh/Nav2/install/nav2/lib/python3.12/site-packages/nav2-0.0.0-py3.12.egg-info' (and everything under it)
[0.807s] Copying ../../build/nav2/nav2.egg-info to /home/anirudh/Nav2/install/nav2/lib/python3.12/site-packages/nav2-0.0.0-py3.12.egg-info
[0.808s] running install_scripts
[0.897s] Installing laser_node script to /home/anirudh/Nav2/install/nav2/lib/nav2
[0.897s] Installing odom script to /home/anirudh/Nav2/install/nav2/lib/nav2
[0.897s] writing list of installed files to '/home/anirudh/Nav2/build/nav2/install.log'
[0.917s] Invoked command in '/home/anirudh/Nav2/src/nav2' returned '0': DEBUGINFOD_URLS=https://debuginfod.ubuntu.com PYTHONPATH=/home/anirudh/Nav2/build/nav2/prefix_override:/usr/lib/python3/dist-packages/colcon_core/task/python/colcon_distutils_commands:/home/anirudh/Nav2/install/nav2/lib/python3.12/site-packages:${PYTHONPATH} /usr/bin/python3 -W ignore:setup.py install is deprecated -W ignore:easy_install command is deprecated setup.py egg_info --egg-base ../../build/nav2 build --build-base /home/anirudh/Nav2/build/nav2/build install --record /home/anirudh/Nav2/build/nav2/install.log --single-version-externally-managed install_data
