-- The C compiler identification is GNU 13.3.0
-- The CXX compiler identification is GNU 13.3.0
-- Detecting C compiler ABI info
-- Detecting C compiler ABI info - done
-- Check for working C compiler: /usr/bin/cc - skipped
-- Detecting C compile features
-- Detecting C compile features - done
-- Detecting CXX compiler ABI info
-- Detecting CXX compiler ABI info - done
-- Check for working CXX compiler: /usr/bin/c++ - skipped
-- Detecting CXX compile features
-- Detecting CXX compile features - done
-- Found ament_cmake: 2.5.5 (/opt/ros/jazzy/share/ament_cmake/cmake)
-- Found Python3: /usr/bin/python3 (found version "3.12.3") found components: Interpreter 
-- Found rclcpp: 28.1.16 (/opt/ros/jazzy/share/rclcpp/cmake)
-- Found rosidl_generator_c: 4.6.7 (/opt/ros/jazzy/share/rosidl_generator_c/cmake)
-- Found rosidl_generator_cpp: 4.6.7 (/opt/ros/jazzy/share/rosidl_generator_cpp/cmake)
-- Using all available rosidl_typesupport_c: rosidl_typesupport_fastrtps_c;rosidl_typesupport_introspection_c
-- Using all available rosidl_typesupport_cpp: rosidl_typesupport_fastrtps_cpp;rosidl_typesupport_introspection_cpp
-- Found rmw_implementation_cmake: 7.3.3 (/opt/ros/jazzy/share/rmw_implementation_cmake/cmake)
-- Found rmw_fastrtps_cpp: 8.4.3 (/opt/ros/jazzy/share/rmw_fastrtps_cpp/cmake)
-- Found OpenSSL: /usr/lib/aarch64-linux-gnu/libcrypto.so (found version "3.0.13")  
-- Found FastRTPS: /opt/ros/jazzy/include (Required is at least version "2.13") 
-- Using RMW implementation 'rmw_fastrtps_cpp' as default
-- Found geometry_msgs: 5.3.6 (/opt/ros/jazzy/share/geometry_msgs/cmake)
-- Found image_geometry: 4.1.0 (/opt/ros/jazzy/share/image_geometry/cmake)
-- Found map_msgs: 2.4.1 (/opt/ros/jazzy/share/map_msgs/cmake)
-- Found tf2_geometry_msgs: 0.36.19 (/opt/ros/jazzy/share/tf2_geometry_msgs/cmake)
-- Found eigen3_cmake_module: 0.3.0 (/opt/ros/jazzy/share/eigen3_cmake_module/cmake)
-- Found Eigen3: TRUE (found version "3.4.0") 
-- Ensuring Eigen3 include directory is part of orocos-kdl CMake target
-- Found Boost: /usr/lib/aarch64-linux-gnu/cmake/Boost-1.83.0/BoostConfig.cmake (found version "1.83.0") found components: thread 
-- Found OpenCV: /usr (found version "4.6.0") 
-- Found ament_lint_auto: 0.17.4 (/opt/ros/jazzy/share/ament_lint_auto/cmake)
-- Found ament_cmake_gtest: 2.5.5 (/opt/ros/jazzy/share/ament_cmake_gtest/cmake)
--2026-04-15 11:10:09--  https://raw.githubusercontent.com/hrnr/m-explore-extra/master/map_merge/hector_maps/map00.pgm
Resolving raw.githubusercontent.com (raw.githubusercontent.com)... 185.199.110.133, 185.199.109.133, 185.199.111.133, ...
Connecting to raw.githubusercontent.com (raw.githubusercontent.com)|185.199.110.133|:443... connected.
HTTP request sent, awaiting response... 200 OK
Length: 4194362 (4.0M) [application/octet-stream]
Saving to: ‘/home/rpd/Nav2/build/multirobot_map_merge/map00.pgm’

     0K .......... .......... .......... .......... ..........  1% 1.56M 3s
    50K .......... .......... .......... .......... ..........  2% 1.64M 2s
   100K .......... .......... .......... .......... ..........  3% 4.20M 2s
   150K .......... .......... .......... .......... ..........  4% 2.95M 2s
   200K .......... .......... .......... .......... ..........  6% 26.2M 1s
   250K .......... .......... .......... .......... ..........  7% 4.57M 1s
   300K .......... .......... .......... .......... ..........  8% 9.11M 1s
   350K .......... .......... .......... .......... ..........  9% 3.42M 1s
   400K .......... .......... .......... .......... .......... 10% 5.10M 1s
   450K .......... .......... .......... .......... .......... 12% 8.65M 1s
   500K .......... .......... .......... .......... .......... 13% 8.23M 1s
   550K .......... .......... .......... .......... .......... 14% 1.29M 1s
   600K .......... .......... .......... .......... .......... 15% 5.30M 1s
   650K .......... .......... .......... .......... .......... 17% 6.42M 1s
   700K .......... .......... .......... .......... .......... 18% 5.30M 1s
   750K .......... .......... .......... .......... .......... 19% 3.61M 1s
   800K .......... .......... .......... .......... .......... 20% 6.44M 1s
   850K .......... .......... .......... .......... .......... 21% 3.39M 1s
   900K .......... .......... .......... .......... .......... 23% 2.32M 1s
   950K .......... .......... .......... .......... .......... 24% 4.78M 1s
  1000K .......... .......... .......... .......... .......... 25% 9.37M 1s
  1050K .......... .......... .......... .......... .......... 26% 6.05M 1s
  1100K .......... .......... .......... .......... .......... 28% 1.98M 1s
  1150K .......... .......... .......... .......... .......... 29% 3.58M 1s
  1200K .......... .......... .......... .......... .......... 30% 8.62M 1s
  1250K .......... .......... .......... .......... .......... 31% 4.31M 1s
  1300K .......... .......... .......... .......... .......... 32% 7.38M 1s
  1350K .......... .......... .......... .......... .......... 34% 4.78M 1s
  1400K .......... .......... .......... .......... .......... 35% 2.03M 1s
  1450K .......... .......... .......... .......... .......... 36%  851K 1s
  1500K .......... .......... .......... .......... .......... 37%  132M 1s
  1550K .......... .......... .......... .......... .......... 39% 28.5M 1s
  1600K .......... .......... .......... .......... .......... 40%  141M 1s
  1650K .......... .......... .......... .......... .......... 41% 1.55M 1s
  1700K .......... .......... .......... .......... .......... 42% 89.4M 1s
  1750K .......... .......... .......... .......... .......... 43%  111M 1s
  1800K .......... .......... .......... .......... .......... 45% 4.89M 1s
  1850K .......... .......... .......... .......... .......... 46% 4.21M 1s
  1900K .......... .......... .......... .......... .......... 47% 1.79M 1s
  1950K .......... .......... .......... .......... .......... 48% 10.2M 1s
  2000K .......... .......... .......... .......... .......... 50% 4.05M 1s
  2050K .......... .......... .......... .......... .......... 51% 2.95M 1s
  2100K .......... .......... .......... .......... .......... 52% 2.07M 1s
  2150K .......... .......... .......... .......... .......... 53% 4.78M 1s
  2200K .......... .......... .......... .......... .......... 54% 8.49M 0s
  2250K .......... .......... .......... .......... .......... 56% 2.14M 0s
  2300K .......... .......... .......... .......... .......... 57% 5.75M 0s
  2350K .......... .......... .......... .......... .......... 58% 4.93M 0s
  2400K .......... .......... .......... .......... .......... 59% 5.57M 0s
  2450K .......... .......... .......... .......... .......... 61% 10.1M 0s
  2500K .......... .......... .......... .......... .......... 62% 6.54M 0s
  2550K .......... .......... .......... .......... .......... 63% 1.36M 0s
  2600K .......... .......... .......... .......... .......... 64% 13.5M 0s
  2650K .......... .......... .......... .......... .......... 65% 5.66M 0s
  2700K .......... .......... .......... .......... .......... 67% 6.07M 0s
  2750K .......... .......... .......... .......... .......... 68% 2.30M 0s
  2800K .......... .......... .......... .......... .......... 69% 5.34M 0s
  2850K .......... .......... .......... .......... .......... 70% 5.79M 0s
  2900K .......... .......... .......... .......... .......... 72% 5.39M 0s
  2950K .......... .......... .......... .......... .......... 73% 1.88M 0s
  3000K .......... .......... .......... .......... .......... 74% 8.56M 0s
  3050K .......... .......... .......... .......... .......... 75% 6.55M 0s
  3100K .......... .......... .......... .......... .......... 76% 1.71M 0s
  3150K .......... .......... .......... .......... .......... 78% 2.93M 0s
  3200K .......... .......... .......... .......... .......... 79% 5.20M 0s
  3250K .......... .......... .......... .......... .......... 80% 4.50M 0s
  3300K .......... .......... .......... .......... .......... 81% 5.85M 0s
  3350K .......... .......... .......... .......... .......... 83% 6.13M 0s
  3400K .......... .......... .......... .......... .......... 84% 5.29M 0s
  3450K .......... .......... .......... .......... .......... 85% 3.24M 0s
  3500K .......... .......... .......... .......... .......... 86% 4.92M 0s
  3550K .......... .......... .......... .......... .......... 87% 8.91M 0s
  3600K .......... .......... .......... .......... .......... 89% 9.89M 0s
  3650K .......... .......... .......... .......... .......... 90% 1.38M 0s
  3700K .......... .......... .......... .......... .......... 91% 6.01M 0s
  3750K .......... .......... .......... .......... .......... 92% 2.83M 0s
  3800K .......... .......... .......... .......... .......... 93% 5.13M 0s
  3850K .......... .......... .......... .......... .......... 95% 6.52M 0s
  3900K .......... .......... .......... .......... .......... 96% 3.21M 0s
  3950K .......... .......... .......... .......... .......... 97% 9.51M 0s
  4000K .......... .......... .......... .......... .......... 98% 2.19M 0s
  4050K .......... .......... .......... .......... ......    100% 7.62M=1.1s

2026-04-15 11:10:10 (3.79 MB/s) - ‘/home/rpd/Nav2/build/multirobot_map_merge/map00.pgm’ saved [4194362/4194362]

Checking MD5 sum of /home/rpd/Nav2/build/multirobot_map_merge/map00.pgm
/home/rpd/Nav2/build/multirobot_map_merge/map00.pgm: OK
--2026-04-15 11:10:10--  https://raw.githubusercontent.com/hrnr/m-explore-extra/master/map_merge/hector_maps/map05.pgm
Resolving raw.githubusercontent.com (raw.githubusercontent.com)... 185.199.109.133, 185.199.111.133, 185.199.110.133, ...
Connecting to raw.githubusercontent.com (raw.githubusercontent.com)|185.199.109.133|:443... connected.
HTTP request sent, awaiting response... 200 OK
Length: 4194362 (4.0M) [application/octet-stream]
Saving to: ‘/home/rpd/Nav2/build/multirobot_map_merge/map05.pgm’

     0K .......... .......... .......... .......... ..........  1% 1.60M 2s
    50K .......... .......... .......... .......... ..........  2% 1.44M 3s
   100K .......... .......... .......... .......... ..........  3% 4.33M 2s
   150K .......... .......... .......... .......... ..........  4% 5.57M 2s
   200K .......... .......... .......... .......... ..........  6% 2.12M 2s
   250K .......... .......... .......... .......... ..........  7% 4.15M 2s
   300K .......... .......... .......... .......... ..........  8% 2.44M 1s
   350K .......... .......... .......... .......... ..........  9% 2.55M 1s
   400K .......... .......... .......... .......... .......... 10% 4.48M 1s
   450K .......... .......... .......... .......... .......... 12% 3.26M 1s
   500K .......... .......... .......... .......... .......... 13% 2.68M 1s
   550K .......... .......... .......... .......... .......... 14% 4.41M 1s
   600K .......... .......... .......... .......... .......... 15% 2.70M 1s
   650K .......... .......... .......... .......... .......... 17% 3.26M 1s
   700K .......... .......... .......... .......... .......... 18% 2.31M 1s
   750K .......... .......... .......... .......... .......... 19% 7.24M 1s
   800K .......... .......... .......... .......... .......... 20% 1.97M 1s
   850K .......... .......... .......... .......... .......... 21% 6.61M 1s
   900K .......... .......... .......... .......... .......... 23% 5.43M 1s
   950K .......... .......... .......... .......... .......... 24% 5.26M 1s
  1000K .......... .......... .......... .......... .......... 25% 2.72M 1s
  1050K .......... .......... .......... .......... .......... 26% 5.39M 1s
  1100K .......... .......... .......... .......... .......... 28% 2.22M 1s
  1150K .......... .......... .......... .......... .......... 29% 4.75M 1s
  1200K .......... .......... .......... .......... .......... 30% 8.61M 1s
  1250K .......... .......... .......... .......... .......... 31% 2.56M 1s
  1300K .......... .......... .......... .......... .......... 32% 3.04M 1s
  1350K .......... .......... .......... .......... .......... 34% 5.52M 1s
  1400K .......... .......... .......... .......... .......... 35% 5.33M 1s
  1450K .......... .......... .......... .......... .......... 36% 5.67M 1s
  1500K .......... .......... .......... .......... .......... 37% 4.64M 1s
  1550K .......... .......... .......... .......... .......... 39% 1.68M 1s
  1600K .......... .......... .......... .......... .......... 40% 7.44M 1s
  1650K .......... .......... .......... .......... .......... 41% 6.10M 1s
  1700K .......... .......... .......... .......... .......... 42% 3.09M 1s
  1750K .......... .......... .......... .......... .......... 43% 6.59M 1s
  1800K .......... .......... .......... .......... .......... 45% 5.77M 1s
  1850K .......... .......... .......... .......... .......... 46% 6.07M 1s
  1900K .......... .......... .......... .......... .......... 47% 7.20M 1s
  1950K .......... .......... .......... .......... .......... 48% 1.09M 1s
  2000K .......... .......... .......... .......... .......... 50% 5.84M 1s
  2050K .......... .......... .......... .......... .......... 51% 5.43M 1s
  2100K .......... .......... .......... .......... .......... 52% 7.95M 1s
  2150K .......... .......... .......... .......... .......... 53% 6.31M 1s
  2200K .......... .......... .......... .......... .......... 54% 2.11M 1s
  2250K .......... .......... .......... .......... .......... 56% 8.16M 1s
  2300K .......... .......... .......... .......... .......... 57% 6.05M 0s
  2350K .......... .......... .......... .......... .......... 58% 2.33M 0s
  2400K .......... .......... .......... .......... .......... 59% 6.14M 0s
  2450K .......... .......... .......... .......... .......... 61% 7.61M 0s
  2500K .......... .......... .......... .......... .......... 62% 5.68M 0s
  2550K .......... .......... .......... .......... .......... 63% 8.73M 0s
  2600K .......... .......... .......... .......... .......... 64% 2.75M 0s
  2650K .......... .......... .......... .......... .......... 65% 9.58M 0s
  2700K .......... .......... .......... .......... .......... 67% 5.01M 0s
  2750K .......... .......... .......... .......... .......... 68% 7.81M 0s
  2800K .......... .......... .......... .......... .......... 69% 5.00M 0s
  2850K .......... .......... .......... .......... .......... 70% 3.47M 0s
  2900K .......... .......... .......... .......... .......... 72% 9.14M 0s
  2950K .......... .......... .......... .......... .......... 73% 6.85M 0s
  3000K .......... .......... .......... .......... .......... 74% 7.32M 0s
  3050K .......... .......... .......... .......... .......... 75% 5.92M 0s
  3100K .......... .......... .......... .......... .......... 76% 9.32M 0s
  3150K .......... .......... .......... .......... .......... 78% 1.80M 0s
  3200K .......... .......... .......... .......... .......... 79% 4.72M 0s
  3250K .......... .......... .......... .......... .......... 80% 8.41M 0s
  3300K .......... .......... .......... .......... .......... 81% 6.83M 0s
  3350K .......... .......... .......... .......... .......... 83% 9.74M 0s
  3400K .......... .......... .......... .......... .......... 84% 2.84M 0s
  3450K .......... .......... .......... .......... .......... 85% 2.21M 0s
  3500K .......... .......... .......... .......... .......... 86% 6.26M 0s
  3550K .......... .......... .......... .......... .......... 87% 6.99M 0s
  3600K .......... .......... .......... .......... .......... 89% 6.72M 0s
  3650K .......... .......... .......... .......... .......... 90% 4.76M 0s
  3700K .......... .......... .......... .......... .......... 91% 17.0M 0s
  3750K .......... .......... .......... .......... .......... 92% 5.48M 0s
  3800K .......... .......... .......... .......... .......... 93% 2.28M 0s
  3850K .......... .......... .......... .......... .......... 95% 3.24M 0s
  3900K .......... .......... .......... .......... .......... 96% 8.58M 0s
  3950K .......... .......... .......... .......... .......... 97% 5.27M 0s
  4000K .......... .......... .......... .......... .......... 98% 10.3M 0s
  4050K .......... .......... .......... .......... ......    100% 6.56M=1.0s

2026-04-15 11:10:13 (3.95 MB/s) - ‘/home/rpd/Nav2/build/multirobot_map_merge/map05.pgm’ saved [4194362/4194362]

Checking MD5 sum of /home/rpd/Nav2/build/multirobot_map_merge/map05.pgm
/home/rpd/Nav2/build/multirobot_map_merge/map05.pgm: OK
--2026-04-15 11:10:13--  https://raw.githubusercontent.com/hrnr/m-explore-extra/master/map_merge/gmapping_maps/2011-08-09-12-22-52.pgm
Resolving raw.githubusercontent.com (raw.githubusercontent.com)... 185.199.109.133, 185.199.111.133, 185.199.108.133, ...
Connecting to raw.githubusercontent.com (raw.githubusercontent.com)|185.199.109.133|:443... connected.
HTTP request sent, awaiting response... 200 OK
Length: 16000058 (15M) [application/octet-stream]
Saving to: ‘/home/rpd/Nav2/build/multirobot_map_merge/2011-08-09-12-22-52.pgm’

     0K .......... .......... .......... .......... ..........  0% 1.50M 10s
    50K .......... .......... .......... .......... ..........  0% 3.69M 7s
   100K .......... .......... .......... .......... ..........  0% 3.69M 6s
   150K .......... .......... .......... .......... ..........  1% 1.51M 7s
   200K .......... .......... .......... .......... ..........  1%  126M 6s
   250K .......... .......... .......... .......... ..........  1% 4.21M 5s
   300K .......... .......... .......... .......... ..........  2% 4.02M 5s
   350K .......... .......... .......... .......... ..........  2% 10.5M 5s
   400K .......... .......... .......... .......... ..........  2%  150M 4s
   450K .......... .......... .......... .......... ..........  3% 1.94M 4s
   500K .......... .......... .......... .......... ..........  3%  128M 4s
   550K .......... .......... .......... .......... ..........  3%  156M 4s
   600K .......... .......... .......... .......... ..........  4% 5.30M 4s
   650K .......... .......... .......... .......... ..........  4% 4.32M 4s
   700K .......... .......... .......... .......... ..........  4% 2.96M 4s
   750K .......... .......... .......... .......... ..........  5% 6.67M 4s
   800K .......... .......... .......... .......... ..........  5% 5.28M 3s
   850K .......... .......... .......... .......... ..........  5% 3.69M 3s
   900K .......... .......... .......... .......... ..........  6% 4.59M 3s
   950K .......... .......... .......... .......... ..........  6% 2.51M 4s
  1000K .......... .......... .......... .......... ..........  6% 3.51M 4s
  1050K .......... .......... .......... .......... ..........  7% 3.64M 4s
  1100K .......... .......... .......... .......... ..........  7% 4.37M 4s
  1150K .......... .......... .......... .......... ..........  7% 3.15M 4s
  1200K .......... .......... .......... .......... ..........  7% 5.95M 4s
  1250K .......... .......... .......... .......... ..........  8% 2.56M 4s
  1300K .......... .......... .......... .......... ..........  8% 4.42M 4s
  1350K .......... .......... .......... .......... ..........  8% 2.60M 4s
  1400K .......... .......... .......... .......... ..........  9% 4.85M 4s
  1450K .......... .......... .......... .......... ..........  9% 5.78M 4s
  1500K .......... .......... .......... .......... ..........  9% 3.69M 4s
  1550K .......... .......... .......... .......... .......... 10% 5.80M 3s
  1600K .......... .......... .......... .......... .......... 10% 4.86M 3s
  1650K .......... .......... .......... .......... .......... 10% 1.42M 4s
  1700K .......... .......... .......... .......... .......... 11% 4.95M 4s
  1750K .......... .......... .......... .......... .......... 11% 4.17M 4s
  1800K .......... .......... .......... .......... .......... 11% 4.86M 4s
  1850K .......... .......... .......... .......... .......... 12% 4.53M 3s
  1900K .......... .......... .......... .......... .......... 12% 2.52M 4s
  1950K .......... .......... .......... .......... .......... 12% 5.24M 3s
  2000K .......... .......... .......... .......... .......... 13%  260K 5s
  2050K .......... .......... .......... .......... .......... 13% 7.18M 5s
  2100K .......... .......... .......... .......... .......... 13% 1.20M 5s
  2150K .......... .......... .......... .......... .......... 14% 2.18M 5s
  2200K .......... .......... .......... .......... .......... 14% 3.81M 5s
  2250K .......... .......... .......... .......... .......... 14% 7.72M 5s
  2300K .......... .......... .......... .......... .......... 15% 3.65M 5s
  2350K .......... .......... .......... .......... .......... 15% 5.84M 4s
  2400K .......... .......... .......... .......... .......... 15%  135K 6s
  2450K .......... .......... .......... .......... .......... 15% 17.7M 6s
  2500K .......... .......... .......... .......... .......... 16%  904K 6s
  2550K .......... .......... .......... .......... .......... 16% 1.38M 6s
  2600K .......... .......... .......... .......... .......... 16% 3.46M 6s
  2650K .......... .......... .......... .......... .......... 17% 3.48M 6s
  2700K .......... .......... .......... .......... .......... 17% 5.61M 6s
  2750K .......... .......... .......... .......... .......... 17% 5.27M 6s
  2800K .......... .......... .......... .......... .......... 18% 2.08M 6s
  2850K .......... .......... .......... .......... .......... 18% 8.15M 6s
  2900K .......... .......... .......... .......... .......... 18% 5.46M 6s
  2950K .......... .......... .......... .......... .......... 19% 3.35M 6s
  3000K .......... .......... .......... .......... .......... 19% 5.56M 6s
  3050K .......... .......... .......... .......... .......... 19% 5.28M 6s
  3100K .......... .......... .......... .......... .......... 20% 3.71M 6s
  3150K .......... .......... .......... .......... .......... 20% 5.90M 5s
  3200K .......... .......... .......... .......... .......... 20% 6.48M 5s
  3250K .......... .......... .......... .......... .......... 21% 5.44M 5s
  3300K .......... .......... .......... .......... .......... 21% 2.97M 5s
  3350K .......... .......... .......... .......... .......... 21% 1.64M 5s
  3400K .......... .......... .......... .......... .......... 22% 85.3M 5s
  3450K .......... .......... .......... .......... .......... 22%  116M 5s
  3500K .......... .......... .......... .......... .......... 22% 9.40M 5s
  3550K .......... .......... .......... .......... .......... 23% 5.88M 5s
  3600K .......... .......... .......... .......... .......... 23% 5.43M 5s
  3650K .......... .......... .......... .......... .......... 23% 3.96M 5s
  3700K .......... .......... .......... .......... .......... 23% 4.03M 5s
  3750K .......... .......... .......... .......... .......... 24% 8.83M 5s
  3800K .......... .......... .......... .......... .......... 24% 3.25M 5s
  3850K .......... .......... .......... .......... .......... 24% 8.75M 5s
  3900K .......... .......... .......... .......... .......... 25% 6.37M 5s
  3950K .......... .......... .......... .......... .......... 25% 3.61M 5s
  4000K .......... .......... .......... .......... .......... 25% 6.49M 5s
  4050K .......... .......... .......... .......... .......... 26% 2.88M 4s
  4100K .......... .......... .......... .......... .......... 26% 6.10M 4s
  4150K .......... .......... .......... .......... .......... 26% 2.94M 4s
  4200K .......... .......... .......... .......... .......... 27% 6.69M 4s
  4250K .......... .......... .......... .......... .......... 27% 3.01M 4s
  4300K .......... .......... .......... .......... .......... 27% 6.18M 4s
  4350K .......... .......... .......... .......... .......... 28% 2.64M 4s
  4400K .......... .......... .......... .......... .......... 28% 4.97M 4s
  4450K .......... .......... .......... .......... .......... 28% 6.44M 4s
  4500K .......... .......... .......... .......... .......... 29% 3.50M 4s
  4550K .......... .......... .......... .......... .......... 29% 9.26M 4s
  4600K .......... .......... .......... .......... .......... 29% 2.63M 4s
  4650K .......... .......... .......... .......... .......... 30% 4.10M 4s
  4700K .......... .......... .......... .......... .......... 30% 3.38M 4s
  4750K .......... .......... .......... .......... .......... 30% 4.47M 4s
  4800K .......... .......... .......... .......... .......... 31% 6.85M 4s
  4850K .......... .......... .......... .......... .......... 31% 3.05M 4s
  4900K .......... .......... .......... .......... .......... 31% 4.87M 4s
  4950K .......... .......... .......... .......... .......... 31% 7.00M 4s
  5000K .......... .......... .......... .......... .......... 32% 3.31M 4s
  5050K .......... .......... .......... .......... .......... 32% 6.86M 4s
  5100K .......... .......... .......... .......... .......... 32% 3.73M 4s
  5150K .......... .......... .......... .......... .......... 33% 3.20M 4s
  5200K .......... .......... .......... .......... .......... 33% 4.77M 4s
  5250K .......... .......... .......... .......... .......... 33% 4.58M 4s
  5300K .......... .......... .......... .......... .......... 34% 5.38M 4s
  5350K .......... .......... .......... .......... .......... 34% 5.24M 4s
  5400K .......... .......... .......... .......... .......... 34% 4.62M 4s
  5450K .......... .......... .......... .......... .......... 35% 7.41M 4s
  5500K .......... .......... .......... .......... .......... 35% 1.63M 4s
  5550K .......... .......... .......... .......... .......... 35% 3.04M 4s
  5600K .......... .......... .......... .......... .......... 36% 8.13M 3s
  5650K .......... .......... .......... .......... .......... 36% 1.28M 3s
  5700K .......... .......... .......... .......... .......... 36% 4.25M 3s
  5750K .......... .......... .......... .......... .......... 37% 4.05M 3s
  5800K .......... .......... .......... .......... .......... 37% 4.28M 3s
  5850K .......... .......... .......... .......... .......... 37% 6.79M 3s
  5900K .......... .......... .......... .......... .......... 38% 1.51M 3s
  5950K .......... .......... .......... .......... .......... 38% 4.60M 3s
  6000K .......... .......... .......... .......... .......... 38% 2.15M 3s
  6050K .......... .......... .......... .......... .......... 39% 4.44M 3s
  6100K .......... .......... .......... .......... .......... 39% 5.52M 3s
  6150K .......... .......... .......... .......... .......... 39% 5.52M 3s
  6200K .......... .......... .......... .......... .......... 39% 1.93M 3s
  6250K .......... .......... .......... .......... .......... 40% 16.8M 3s
  6300K .......... .......... .......... .......... .......... 40% 6.35M 3s
  6350K .......... .......... .......... .......... .......... 40% 5.26M 3s
  6400K .......... .......... .......... .......... .......... 41% 6.23M 3s
  6450K .......... .......... .......... .......... .......... 41% 3.39M 3s
  6500K .......... .......... .......... .......... .......... 41% 8.26M 3s
  6550K .......... .......... .......... .......... .......... 42% 7.04M 3s
  6600K .......... .......... .......... .......... .......... 42% 4.21M 3s
  6650K .......... .......... .......... .......... .......... 42% 6.53M 3s
  6700K .......... .......... .......... .......... .......... 43% 4.49M 3s
  6750K .......... .......... .......... .......... .......... 43% 2.69M 3s
  6800K .......... .......... .......... .......... .......... 43% 6.84M 3s
  6850K .......... .......... .......... .......... .......... 44% 10.3M 3s
  6900K .......... .......... .......... .......... .......... 44% 3.97M 3s
  6950K .......... .......... .......... .......... .......... 44% 4.79M 3s
  7000K .......... .......... .......... .......... .......... 45% 8.70M 3s
  7050K .......... .......... .......... .......... .......... 45% 6.17M 3s
  7100K .......... .......... .......... .......... .......... 45% 5.99M 3s
  7150K .......... .......... .......... .......... .......... 46% 6.38M 3s
  7200K .......... .......... .......... .......... .......... 46% 6.58M 3s
  7250K .......... .......... .......... .......... .......... 46% 2.41M 3s
  7300K .......... .......... .......... .......... .......... 47% 4.54M 3s
  7350K .......... .......... .......... .......... .......... 47% 5.76M 3s
  7400K .......... .......... .......... .......... .......... 47% 3.87M 3s
  7450K .......... .......... .......... .......... .......... 47% 5.46M 3s
  7500K .......... .......... .......... .......... .......... 48% 4.55M 3s
  7550K .......... .......... .......... .......... .......... 48% 3.54M 3s
  7600K .......... .......... .......... .......... .......... 48% 4.99M 3s
  7650K .......... .......... .......... .......... .......... 49% 2.75M 3s
  7700K .......... .......... .......... .......... .......... 49%  577K 3s
  7750K .......... .......... .......... .......... .......... 49% 5.28M 3s
  7800K .......... .......... .......... .......... .......... 50%  991K 3s
  7850K .......... .......... .......... .......... .......... 50%  917K 3s
  7900K .......... .......... .......... .......... .......... 50%  102M 3s
  7950K .......... .......... .......... .......... .......... 51%  110M 3s
  8000K .......... .......... .......... .......... .......... 51%  637K 3s
  8050K .......... .......... .......... .......... .......... 51% 6.45M 3s
  8100K .......... .......... .......... .......... .......... 52% 3.53M 3s
  8150K .......... .......... .......... .......... .......... 52% 2.96M 3s
  8200K .......... .......... .......... .......... .......... 52% 2.51M 2s
  8250K .......... .......... .......... .......... .......... 53% 2.86M 2s
  8300K .......... .......... .......... .......... .......... 53% 6.27M 2s
  8350K .......... .......... .......... .......... .......... 53% 6.54M 2s
  8400K .......... .......... .......... .......... .......... 54% 1.98M 2s
  8450K .......... .......... .......... .......... .......... 54% 5.94M 2s
  8500K .......... .......... .......... .......... .......... 54% 6.45M 2s
  8550K .......... .......... .......... .......... .......... 55% 2.40M 2s
  8600K .......... .......... .......... .......... .......... 55% 6.98M 2s
  8650K .......... .......... .......... .......... .......... 55% 13.9M 2s
  8700K .......... .......... .......... .......... .......... 55% 4.57M 2s
  8750K .......... .......... .......... .......... .......... 56% 8.14M 2s
  8800K .......... .......... .......... .......... .......... 56% 7.19M 2s
  8850K .......... .......... .......... .......... .......... 56% 3.60M 2s
  8900K .......... .......... .......... .......... .......... 57% 3.04M 2s
  8950K .......... .......... .......... .......... .......... 57% 5.00M 2s
  9000K .......... .......... .......... .......... .......... 57% 5.85M 2s
  9050K .......... .......... .......... .......... .......... 58% 4.00M 2s
  9100K .......... .......... .......... .......... .......... 58% 18.6M 2s
  9150K .......... .......... .......... .......... .......... 58% 9.07M 2s
  9200K .......... .......... .......... .......... .......... 59% 1.35M 2s
  9250K .......... .......... .......... .......... .......... 59% 6.37M 2s
  9300K .......... .......... .......... .......... .......... 59% 4.11M 2s
  9350K .......... .......... .......... .......... .......... 60% 9.60M 2s
  9400K .......... .......... .......... .......... .......... 60% 4.85M 2s
  9450K .......... .......... .......... .......... .......... 60% 7.36M 2s
  9500K .......... .......... .......... .......... .......... 61% 8.25M 2s
  9550K .......... .......... .......... .......... .......... 61% 6.09M 2s
  9600K .......... .......... .......... .......... .......... 61% 99.3K 2s
  9650K .......... .......... .......... .......... .......... 62%  118M 2s
  9700K .......... .......... .......... .......... .......... 62%  137M 2s
  9750K .......... .......... .......... .......... .......... 62%  490K 2s
  9800K .......... .......... .......... .......... .......... 63% 1.33M 2s
  9850K .......... .......... .......... .......... .......... 63% 1.18M 2s
  9900K .......... .......... .......... .......... .......... 63% 1.35M 2s
  9950K .......... .......... .......... .......... .......... 63% 2.99M 2s
 10000K .......... .......... .......... .......... .......... 64% 6.53M 2s
 10050K .......... .......... .......... .......... .......... 64% 6.56M 2s
 10100K .......... .......... .......... .......... .......... 64% 4.12M 2s
 10150K .......... .......... .......... .......... .......... 65% 4.76M 2s
 10200K .......... .......... .......... .......... .......... 65% 4.01M 2s
 10250K .......... .......... .......... .......... .......... 65% 3.29M 2s
 10300K .......... .......... .......... .......... .......... 66% 6.56M 2s
 10350K .......... .......... .......... .......... .......... 66% 4.49M 2s
 10400K .......... .......... .......... .......... .......... 66% 6.26M 2s
 10450K .......... .......... .......... .......... .......... 67% 3.33M 2s
 10500K .......... .......... .......... .......... .......... 67% 3.47M 2s
 10550K .......... .......... .......... .......... .......... 67% 3.12M 2s
 10600K .......... .......... .......... .......... .......... 68% 8.23M 2s
 10650K .......... .......... .......... .......... .......... 68% 2.03M 2s
 10700K .......... .......... .......... .......... .......... 68% 6.52M 2s
 10750K .......... .......... .......... .......... .......... 69% 4.52M 2s
 10800K .......... .......... .......... .......... .......... 69% 6.60M 2s
 10850K .......... .......... .......... .......... .......... 69% 3.09M 2s
 10900K .......... .......... .......... .......... .......... 70% 15.1M 2s
 10950K .......... .......... .......... .......... .......... 70% 6.27M 2s
 11000K .......... .......... .......... .......... .......... 70% 2.10M 2s
 11050K .......... .......... .......... .......... .......... 71% 6.00M 2s
 11100K .......... .......... .......... .......... .......... 71% 1.21M 2s
 11150K .......... .......... .......... .......... .......... 71%  102M 2s
 11200K .......... .......... .......... .......... .......... 71% 95.9M 2s
 11250K .......... .......... .......... .......... .......... 72% 6.10M 2s
 11300K .......... .......... .......... .......... .......... 72% 3.47M 2s
 11350K .......... .......... .......... .......... .......... 72% 2.89M 2s
 11400K .......... .......... .......... .......... .......... 73% 8.12M 2s
 11450K .......... .......... .......... .......... .......... 73% 2.72M 1s
 11500K .......... .......... .......... .......... .......... 73% 2.43M 1s
 11550K .......... .......... .......... .......... .......... 74% 3.44M 1s
 11600K .......... .......... .......... .......... .......... 74% 2.91M 1s
 11650K .......... .......... .......... .......... .......... 74% 5.46M 1s
 11700K .......... .......... .......... .......... .......... 75% 2.11M 1s
 11750K .......... .......... .......... .......... .......... 75% 4.49M 1s
 11800K .......... .......... .......... .......... .......... 75% 2.12M 1s
 11850K .......... .......... .......... .......... .......... 76% 4.63M 1s
 11900K .......... .......... .......... .......... .......... 76%  504K 1s
 11950K .......... .......... .......... .......... .......... 76% 6.71M 1s
 12000K .......... .......... .......... .......... .......... 77%  791K 1s
 12050K .......... .......... .......... .......... .......... 77% 8.45M 1s
 12100K .......... .......... .......... .......... .......... 77% 2.75M 1s
 12150K .......... .......... .......... .......... .......... 78% 1.58M 1s
 12200K .......... .......... .......... .......... .......... 78% 4.81M 1s
 12250K .......... .......... .......... .......... .......... 78% 4.52M 1s
 12300K .......... .......... .......... .......... .......... 79% 4.13M 1s
 12350K .......... .......... .......... .......... .......... 79% 4.60M 1s
 12400K .......... .......... .......... .......... .......... 79% 6.08M 1s
 12450K .......... .......... .......... .......... .......... 79% 4.05M 1s
 12500K .......... .......... .......... .......... .......... 80% 4.87M 1s
 12550K .......... .......... .......... .......... .......... 80% 1.96M 1s
 12600K .......... .......... .......... .......... .......... 80% 7.41M 1s
 12650K .......... .......... .......... .......... .......... 81% 4.25M 1s
 12700K .......... .......... .......... .......... .......... 81% 8.69M 1s
 12750K .......... .......... .......... .......... .......... 81% 2.97M 1s
 12800K .......... .......... .......... .......... .......... 82% 6.14M 1s
 12850K .......... .......... .......... .......... .......... 82% 1.31M 1s
 12900K .......... .......... .......... .......... .......... 82%  136M 1s
 12950K .......... .......... .......... .......... .......... 83% 8.74M 1s
 13000K .......... .......... .......... .......... .......... 83% 4.23M 1s
 13050K .......... .......... .......... .......... .......... 83% 2.06M 1s
 13100K .......... .......... .......... .......... .......... 84% 3.83M 1s
 13150K .......... .......... .......... .......... .......... 84% 3.27M 1s
 13200K .......... .......... .......... .......... .......... 84% 3.68M 1s
 13250K .......... .......... .......... .......... .......... 85% 2.25M 1s
 13300K .......... .......... .......... .......... .......... 85% 3.75M 1s
 13350K .......... .......... .......... .......... .......... 85% 3.38M 1s
 13400K .......... .......... .......... .......... .......... 86% 3.88M 1s
 13450K .......... .......... .......... .......... .......... 86% 5.24M 1s
 13500K .......... .......... .......... .......... .......... 86% 1.72M 1s
 13550K .......... .......... .......... .......... .......... 87% 3.48M 1s
 13600K .......... .......... .......... .......... .......... 87% 2.33M 1s
 13650K .......... .......... .......... .......... .......... 87% 19.5M 1s
 13700K .......... .......... .......... .......... .......... 87% 2.17M 1s
 13750K .......... .......... .......... .......... .......... 88% 1.76M 1s
 13800K .......... .......... .......... .......... .......... 88% 1.28M 1s
 13850K .......... .......... .......... .......... .......... 88% 2.55M 1s
 13900K .......... .......... .......... .......... .......... 89% 3.07M 1s
 13950K .......... .......... .......... .......... .......... 89% 3.58M 1s
 14000K .......... .......... .......... .......... .......... 89% 3.90M 1s
 14050K .......... .......... .......... .......... .......... 90% 3.23M 1s
 14100K .......... .......... .......... .......... .......... 90% 4.47M 1s
 14150K .......... .......... .......... .......... .......... 90% 3.35M 1s
 14200K .......... .......... .......... .......... .......... 91% 2.44M 0s
 14250K .......... .......... .......... .......... .......... 91% 3.64M 0s
 14300K .......... .......... .......... .......... .......... 91% 4.11M 0s
 14350K .......... .......... .......... .......... .......... 92% 2.69M 0s
 14400K .......... .......... .......... .......... .......... 92% 2.64M 0s
 14450K .......... .......... .......... .......... .......... 92% 3.61M 0s
 14500K .......... .......... .......... .......... .......... 93% 3.78M 0s
 14550K .......... .......... .......... .......... .......... 93% 4.07M 0s
 14600K .......... .......... .......... .......... .......... 93% 4.79M 0s
 14650K .......... .......... .......... .......... .......... 94% 1.96M 0s
 14700K .......... .......... .......... .......... .......... 94% 4.90M 0s
 14750K .......... .......... .......... .......... .......... 94% 4.05M 0s
 14800K .......... .......... .......... .......... .......... 95% 2.53M 0s
 14850K .......... .......... .......... .......... .......... 95% 4.97M 0s
 14900K .......... .......... .......... .......... .......... 95% 3.82M 0s
 14950K .......... .......... .......... .......... .......... 95% 5.13M 0s
 15000K .......... .......... .......... .......... .......... 96% 4.77M 0s
 15050K .......... .......... .......... .......... .......... 96% 4.29M 0s
 15100K .......... .......... .......... .......... .......... 96% 2.92M 0s
 15150K .......... .......... .......... .......... .......... 97% 3.22M 0s
 15200K .......... .......... .......... .......... .......... 97% 5.26M 0s
 15250K .......... .......... .......... .......... .......... 97% 4.58M 0s
 15300K .......... .......... .......... .......... .......... 98% 3.69M 0s
 15350K .......... .......... .......... .......... .......... 98% 3.20M 0s
 15400K .......... .......... .......... .......... .......... 98% 2.91M 0s
 15450K .......... .......... .......... .......... .......... 99% 1.95M 0s
 15500K .......... .......... .......... .......... .......... 99% 3.36M 0s
 15550K .......... .......... .......... .......... .......... 99% 3.34M 0s
 15600K .......... .......... .....                           100% 7.05M=5.5s

2026-04-15 11:10:22 (2.77 MB/s) - ‘/home/rpd/Nav2/build/multirobot_map_merge/2011-08-09-12-22-52.pgm’ saved [16000058/16000058]

Checking MD5 sum of /home/rpd/Nav2/build/multirobot_map_merge/2011-08-09-12-22-52.pgm
/home/rpd/Nav2/build/multirobot_map_merge/2011-08-09-12-22-52.pgm: OK
--2026-04-15 11:10:22--  https://raw.githubusercontent.com/hrnr/m-explore-extra/master/map_merge/gmapping_maps/2012-01-28-11-12-01.pgm
Resolving raw.githubusercontent.com (raw.githubusercontent.com)... 185.199.109.133, 185.199.110.133, 185.199.108.133, ...
Connecting to raw.githubusercontent.com (raw.githubusercontent.com)|185.199.109.133|:443... connected.
HTTP request sent, awaiting response... 200 OK
Length: 16000058 (15M) [application/octet-stream]
Saving to: ‘/home/rpd/Nav2/build/multirobot_map_merge/2012-01-28-11-12-01.pgm’

     0K .......... .......... .......... .......... ..........  0% 1.96M 8s
    50K .......... .......... .......... .......... ..........  0% 3.05M 6s
   100K .......... .......... .......... .......... ..........  0% 4.97M 5s
   150K .......... .......... .......... .......... ..........  1% 3.43M 5s
   200K .......... .......... .......... .......... ..........  1% 3.71M 5s
   250K .......... .......... .......... .......... ..........  1% 1.89M 5s
   300K .......... .......... .......... .......... ..........  2% 4.09M 5s
   350K .......... .......... .......... .......... ..........  2% 2.79M 5s
   400K .......... .......... .......... .......... ..........  2% 3.53M 5s
   450K .......... .......... .......... .......... ..........  3% 4.88M 5s
   500K .......... .......... .......... .......... ..........  3% 4.17M 5s
   550K .......... .......... .......... .......... ..........  3% 2.07M 5s
   600K .......... .......... .......... .......... ..........  4% 2.91M 5s
   650K .......... .......... .......... .......... ..........  4% 3.28M 5s
   700K .......... .......... .......... .......... ..........  4% 4.71M 5s
   750K .......... .......... .......... .......... ..........  5% 3.12M 5s
   800K .......... .......... .......... .......... ..........  5% 3.23M 5s
   850K .......... .......... .......... .......... ..........  5% 4.83M 5s
   900K .......... .......... .......... .......... ..........  6% 5.35M 4s
   950K .......... .......... .......... .......... ..........  6% 2.24M 4s
  1000K .......... .......... .......... .......... ..........  6% 5.21M 4s
  1050K .......... .......... .......... .......... ..........  7% 3.87M 4s
  1100K .......... .......... .......... .......... ..........  7% 3.82M 4s
  1150K .......... .......... .......... .......... ..........  7% 5.86M 4s
  1200K .......... .......... .......... .......... ..........  7% 2.36M 4s
  1250K .......... .......... .......... .......... ..........  8% 4.22M 4s
  1300K .......... .......... .......... .......... ..........  8% 4.13M 4s
  1350K .......... .......... .......... .......... ..........  8% 2.60M 4s
  1400K .......... .......... .......... .......... ..........  9% 10.4M 4s
  1450K .......... .......... .......... .......... ..........  9% 3.88M 4s
  1500K .......... .......... .......... .......... ..........  9% 3.87M 4s
  1550K .......... .......... .......... .......... .......... 10% 5.48M 4s
  1600K .......... .......... .......... .......... .......... 10% 3.69M 4s
  1650K .......... .......... .......... .......... .......... 10% 3.37M 4s
  1700K .......... .......... .......... .......... .......... 11% 6.28M 4s
  1750K .......... .......... .......... .......... .......... 11% 2.09M 4s
  1800K .......... .......... .......... .......... .......... 11% 3.73M 4s
  1850K .......... .......... .......... .......... .......... 12% 4.40M 4s
  1900K .......... .......... .......... .......... .......... 12% 1.99M 4s
  1950K .......... .......... .......... .......... .......... 12% 1.13M 4s
  2000K .......... .......... .......... .......... .......... 13% 13.4M 4s
  2050K .......... .......... .......... .......... .......... 13% 2.29M 4s
  2100K .......... .......... .......... .......... .......... 13% 3.01M 4s
  2150K .......... .......... .......... .......... .......... 14% 3.26M 4s
  2200K .......... .......... .......... .......... .......... 14% 3.45M 4s
  2250K .......... .......... .......... .......... .......... 14% 5.30M 4s
  2300K .......... .......... .......... .......... .......... 15% 4.48M 4s
  2350K .......... .......... .......... .......... .......... 15% 3.63M 4s
  2400K .......... .......... .......... .......... .......... 15% 2.34M 4s
  2450K .......... .......... .......... .......... .......... 15% 5.53M 4s
  2500K .......... .......... .......... .......... .......... 16% 4.28M 4s
  2550K .......... .......... .......... .......... .......... 16% 3.54M 4s
  2600K .......... .......... .......... .......... .......... 16% 4.68M 4s
  2650K .......... .......... .......... .......... .......... 17% 1.94M 4s
  2700K .......... .......... .......... .......... .......... 17% 1.82M 4s
  2750K .......... .......... .......... .......... .......... 17% 2.83M 4s
  2800K .......... .......... .......... .......... .......... 18% 2.22M 4s
  2850K .......... .......... .......... .......... .......... 18% 4.03M 4s
  2900K .......... .......... .......... .......... .......... 18% 3.95M 4s
  2950K .......... .......... .......... .......... .......... 19% 2.21M 4s
  3000K .......... .......... .......... .......... .......... 19% 2.08M 4s
  3050K .......... .......... .......... .......... .......... 19% 3.31M 4s
  3100K .......... .......... .......... .......... .......... 20% 3.02M 4s
  3150K .......... .......... .......... .......... .......... 20% 4.02M 4s
  3200K .......... .......... .......... .......... .......... 20% 2.67M 4s
  3250K .......... .......... .......... .......... .......... 21% 5.03M 4s
  3300K .......... .......... .......... .......... .......... 21% 1.67M 4s
  3350K .......... .......... .......... .......... .......... 21% 5.44M 4s
  3400K .......... .......... .......... .......... .......... 22% 3.40M 4s
  3450K .......... .......... .......... .......... .......... 22% 6.27M 4s
  3500K .......... .......... .......... .......... .......... 22% 3.70M 4s
  3550K .......... .......... .......... .......... .......... 23% 3.71M 4s
  3600K .......... .......... .......... .......... .......... 23% 3.30M 4s
  3650K .......... .......... .......... .......... .......... 23% 5.11M 4s
  3700K .......... .......... .......... .......... .......... 23% 1.55M 4s
  3750K .......... .......... .......... .......... .......... 24% 2.35M 4s
  3800K .......... .......... .......... .......... .......... 24% 4.30M 4s
  3850K .......... .......... .......... .......... .......... 24% 3.21M 4s
  3900K .......... .......... .......... .......... .......... 25% 5.02M 4s
  3950K .......... .......... .......... .......... .......... 25% 5.93M 4s
  4000K .......... .......... .......... .......... .......... 25% 2.12M 4s
  4050K .......... .......... .......... .......... .......... 26% 4.06M 4s
  4100K .......... .......... .......... .......... .......... 26% 5.06M 3s
  4150K .......... .......... .......... .......... .......... 26% 2.99M 3s
  4200K .......... .......... .......... .......... .......... 27% 4.57M 3s
  4250K .......... .......... .......... .......... .......... 27% 4.77M 3s
  4300K .......... .......... .......... .......... .......... 27% 3.56M 3s
  4350K .......... .......... .......... .......... .......... 28% 7.14M 3s
  4400K .......... .......... .......... .......... .......... 28% 2.02M 3s
  4450K .......... .......... .......... .......... .......... 28% 4.46M 3s
  4500K .......... .......... .......... .......... .......... 29% 4.27M 3s
  4550K .......... .......... .......... .......... .......... 29% 4.02M 3s
  4600K .......... .......... .......... .......... .......... 29% 5.56M 3s
  4650K .......... .......... .......... .......... .......... 30% 4.20M 3s
  4700K .......... .......... .......... .......... .......... 30% 5.68M 3s
  4750K .......... .......... .......... .......... .......... 30% 5.50M 3s
  4800K .......... .......... .......... .......... .......... 31% 2.27M 3s
  4850K .......... .......... .......... .......... .......... 31% 2.94M 3s
  4900K .......... .......... .......... .......... .......... 31% 3.57M 3s
  4950K .......... .......... .......... .......... .......... 31% 5.03M 3s
  5000K .......... .......... .......... .......... .......... 32% 5.45M 3s
  5050K .......... .......... .......... .......... .......... 32% 5.01M 3s
  5100K .......... .......... .......... .......... .......... 32% 5.24M 3s
  5150K .......... .......... .......... .......... .......... 33% 6.41M 3s
  5200K .......... .......... .......... .......... .......... 33% 1.73M 3s
  5250K .......... .......... .......... .......... .......... 33% 2.11M 3s
  5300K .......... .......... .......... .......... .......... 34% 4.15M 3s
  5350K .......... .......... .......... .......... .......... 34% 4.00M 3s
  5400K .......... .......... .......... .......... .......... 34% 4.17M 3s
  5450K .......... .......... .......... .......... .......... 35% 6.12M 3s
  5500K .......... .......... .......... .......... .......... 35% 2.09M 3s
  5550K .......... .......... .......... .......... .......... 35% 2.88M 3s
  5600K .......... .......... .......... .......... .......... 36% 3.32M 3s
  5650K .......... .......... .......... .......... .......... 36% 4.06M 3s
  5700K .......... .......... .......... .......... .......... 36% 4.76M 3s
  5750K .......... .......... .......... .......... .......... 37% 3.37M 3s
  5800K .......... .......... .......... .......... .......... 37% 19.9M 3s
  5850K .......... .......... .......... .......... .......... 37% 4.07M 3s
  5900K .......... .......... .......... .......... .......... 38% 2.52M 3s
  5950K .......... .......... .......... .......... .......... 38% 3.44M 3s
  6000K .......... .......... .......... .......... .......... 38% 3.30M 3s
  6050K .......... .......... .......... .......... .......... 39% 5.62M 3s
  6100K .......... .......... .......... .......... .......... 39% 4.35M 3s
  6150K .......... .......... .......... .......... .......... 39% 4.88M 3s
  6200K .......... .......... .......... .......... .......... 39% 3.47M 3s
  6250K .......... .......... .......... .......... .......... 40% 6.02M 3s
  6300K .......... .......... .......... .......... .......... 40% 3.62M 3s
  6350K .......... .......... .......... .......... .......... 40% 19.3M 3s
  6400K .......... .......... .......... .......... .......... 41% 2.17M 3s
  6450K .......... .......... .......... .......... .......... 41% 4.91M 3s
  6500K .......... .......... .......... .......... .......... 41% 4.11M 3s
  6550K .......... .......... .......... .......... .......... 42% 3.20M 3s
  6600K .......... .......... .......... .......... .......... 42% 4.47M 3s
  6650K .......... .......... .......... .......... .......... 42% 6.60M 3s
  6700K .......... .......... .......... .......... .......... 43% 6.15M 3s
  6750K .......... .......... .......... .......... .......... 43% 4.14M 2s
  6800K .......... .......... .......... .......... .......... 43% 1.68M 3s
  6850K .......... .......... .......... .......... .......... 44% 5.76M 2s
  6900K .......... .......... .......... .......... .......... 44% 6.43M 2s
  6950K .......... .......... .......... .......... .......... 44% 5.93M 2s
  7000K .......... .......... .......... .......... .......... 45% 5.49M 2s
  7050K .......... .......... .......... .......... .......... 45% 5.68M 2s
  7100K .......... .......... .......... .......... .......... 45% 3.07M 2s
  7150K .......... .......... .......... .......... .......... 46% 5.56M 2s
  7200K .......... .......... .......... .......... .......... 46% 4.61M 2s
  7250K .......... .......... .......... .......... .......... 46% 5.50M 2s
  7300K .......... .......... .......... .......... .......... 47% 2.30M 2s
  7350K .......... .......... .......... .......... .......... 47% 7.16M 2s
  7400K .......... .......... .......... .......... .......... 47% 3.60M 2s
  7450K .......... .......... .......... .......... .......... 47% 5.04M 2s
  7500K .......... .......... .......... .......... .......... 48% 5.03M 2s
  7550K .......... .......... .......... .......... .......... 48% 3.94M 2s
  7600K .......... .......... .......... .......... .......... 48% 4.96M 2s
  7650K .......... .......... .......... .......... .......... 49% 1.57M 2s
  7700K .......... .......... .......... .......... .......... 49% 6.32M 2s
  7750K .......... .......... .......... .......... .......... 49% 6.87M 2s
  7800K .......... .......... .......... .......... .......... 50% 4.12M 2s
  7850K .......... .......... .......... .......... .......... 50% 7.95M 2s
  7900K .......... .......... .......... .......... .......... 50% 4.98M 2s
  7950K .......... .......... .......... .......... .......... 51% 6.45M 2s
  8000K .......... .......... .......... .......... .......... 51% 4.04M 2s
  8050K .......... .......... .......... .......... .......... 51% 6.08M 2s
  8100K .......... .......... .......... .......... .......... 52% 2.64M 2s
  8150K .......... .......... .......... .......... .......... 52% 3.14M 2s
  8200K .......... .......... .......... .......... .......... 52% 10.3M 2s
  8250K .......... .......... .......... .......... .......... 53% 2.08M 2s
  8300K .......... .......... .......... .......... .......... 53% 9.88M 2s
  8350K .......... .......... .......... .......... .......... 53% 3.43M 2s
  8400K .......... .......... .......... .......... .......... 54% 5.35M 2s
  8450K .......... .......... .......... .......... .......... 54% 6.74M 2s
  8500K .......... .......... .......... .......... .......... 54% 2.92M 2s
  8550K .......... .......... .......... .......... .......... 55% 3.43M 2s
  8600K .......... .......... .......... .......... .......... 55% 4.71M 2s
  8650K .......... .......... .......... .......... .......... 55% 5.80M 2s
  8700K .......... .......... .......... .......... .......... 55% 4.89M 2s
  8750K .......... .......... .......... .......... .......... 56% 7.97M 2s
  8800K .......... .......... .......... .......... .......... 56% 3.47M 2s
  8850K .......... .......... .......... .......... .......... 56% 4.32M 2s
  8900K .......... .......... .......... .......... .......... 57% 10.0M 2s
  8950K .......... .......... .......... .......... .......... 57% 3.64M 2s
  9000K .......... .......... .......... .......... .......... 57% 8.74M 2s
  9050K .......... .......... .......... .......... .......... 58% 5.22M 2s
  9100K .......... .......... .......... .......... .......... 58% 3.64M 2s
  9150K .......... .......... .......... .......... .......... 58% 8.75M 2s
  9200K .......... .......... .......... .......... .......... 59% 2.71M 2s
  9250K .......... .......... .......... .......... .......... 59% 14.7M 2s
  9300K .......... .......... .......... .......... .......... 59% 4.54M 2s
  9350K .......... .......... .......... .......... .......... 60% 9.62M 2s
  9400K .......... .......... .......... .......... .......... 60% 4.77M 2s
  9450K .......... .......... .......... .......... .......... 60% 6.68M 2s
  9500K .......... .......... .......... .......... .......... 61% 7.73M 2s
  9550K .......... .......... .......... .......... .......... 61% 5.74M 2s
  9600K .......... .......... .......... .......... .......... 61% 4.79M 2s
  9650K .......... .......... .......... .......... .......... 62% 3.11M 2s
  9700K .......... .......... .......... .......... .......... 62% 5.66M 2s
  9750K .......... .......... .......... .......... .......... 62% 4.80M 2s
  9800K .......... .......... .......... .......... .......... 63% 6.04M 2s
  9850K .......... .......... .......... .......... .......... 63% 5.72M 2s
  9900K .......... .......... .......... .......... .......... 63% 5.34M 1s
  9950K .......... .......... .......... .......... .......... 63% 5.39M 1s
 10000K .......... .......... .......... .......... .......... 64% 6.99M 1s
 10050K .......... .......... .......... .......... .......... 64% 2.58M 1s
 10100K .......... .......... .......... .......... .......... 64% 9.97M 1s
 10150K .......... .......... .......... .......... .......... 65% 3.51M 1s
 10200K .......... .......... .......... .......... .......... 65% 5.89M 1s
 10250K .......... .......... .......... .......... .......... 65% 3.43M 1s
 10300K .......... .......... .......... .......... .......... 66% 8.49M 1s
 10350K .......... .......... .......... .......... .......... 66% 5.21M 1s
 10400K .......... .......... .......... .......... .......... 66% 5.67M 1s
 10450K .......... .......... .......... .......... .......... 67% 3.01M 1s
 10500K .......... .......... .......... .......... .......... 67% 6.28M 1s
 10550K .......... .......... .......... .......... .......... 67% 5.59M 1s
 10600K .......... .......... .......... .......... .......... 68% 6.87M 1s
 10650K .......... .......... .......... .......... .......... 68% 1.94M 1s
 10700K .......... .......... .......... .......... .......... 68% 4.02M 1s
 10750K .......... .......... .......... .......... .......... 69% 5.70M 1s
 10800K .......... .......... .......... .......... .......... 69% 5.94M 1s
 10850K .......... .......... .......... .......... .......... 69% 4.65M 1s
 10900K .......... .......... .......... .......... .......... 70% 6.72M 1s
 10950K .......... .......... .......... .......... .......... 70% 7.64M 1s
 11000K .......... .......... .......... .......... .......... 70% 6.97M 1s
 11050K .......... .......... .......... .......... .......... 71% 4.19M 1s
 11100K .......... .......... .......... .......... .......... 71% 6.93M 1s
 11150K .......... .......... .......... .......... .......... 71% 8.46M 1s
 11200K .......... .......... .......... .......... .......... 71% 3.27M 1s
 11250K .......... .......... .......... .......... .......... 72% 4.64M 1s
 11300K .......... .......... .......... .......... .......... 72% 6.19M 1s
 11350K .......... .......... .......... .......... .......... 72% 4.93M 1s
 11400K .......... .......... .......... .......... .......... 73% 8.49M 1s
 11450K .......... .......... .......... .......... .......... 73% 5.76M 1s
 11500K .......... .......... .......... .......... .......... 73% 8.24M 1s
 11550K .......... .......... .......... .......... .......... 74% 4.67M 1s
 11600K .......... .......... .......... .......... .......... 74% 4.38M 1s
 11650K .......... .......... .......... .......... .......... 74% 6.48M 1s
 11700K .......... .......... .......... .......... .......... 75% 5.70M 1s
 11750K .......... .......... .......... .......... .......... 75% 3.75M 1s
 11800K .......... .......... .......... .......... .......... 75% 2.41M 1s
 11850K .......... .......... .......... .......... .......... 76% 6.03M 1s
 11900K .......... .......... .......... .......... .......... 76% 6.21M 1s
 11950K .......... .......... .......... .......... .......... 76% 2.27M 1s
 12000K .......... .......... .......... .......... .......... 77% 2.67M 1s
 12050K .......... .......... .......... .......... .......... 77% 6.03M 1s
 12100K .......... .......... .......... .......... .......... 77% 5.37M 1s
 12150K .......... .......... .......... .......... .......... 78% 5.48M 1s
 12200K .......... .......... .......... .......... .......... 78% 9.44M 1s
 12250K .......... .......... .......... .......... .......... 78% 8.03M 1s
 12300K .......... .......... .......... .......... .......... 79% 3.31M 1s
 12350K .......... .......... .......... .......... .......... 79% 19.5M 1s
 12400K .......... .......... .......... .......... .......... 79% 2.03M 1s
 12450K .......... .......... .......... .......... .......... 79% 8.63M 1s
 12500K .......... .......... .......... .......... .......... 80% 4.51M 1s
 12550K .......... .......... .......... .......... .......... 80% 3.71M 1s
 12600K .......... .......... .......... .......... .......... 80% 7.13M 1s
 12650K .......... .......... .......... .......... .......... 81% 8.47M 1s
 12700K .......... .......... .......... .......... .......... 81% 3.38M 1s
 12750K .......... .......... .......... .......... .......... 81% 4.83M 1s
 12800K .......... .......... .......... .......... .......... 82% 4.12M 1s
 12850K .......... .......... .......... .......... .......... 82% 7.91M 1s
 12900K .......... .......... .......... .......... .......... 82% 5.56M 1s
 12950K .......... .......... .......... .......... .......... 83% 5.53M 1s
 13000K .......... .......... .......... .......... .......... 83% 4.88M 1s
 13050K .......... .......... .......... .......... .......... 83% 10.8M 1s
 13100K .......... .......... .......... .......... .......... 84% 3.11M 1s
 13150K .......... .......... .......... .......... .......... 84% 6.59M 1s
 13200K .......... .......... .......... .......... .......... 84% 3.14M 1s
 13250K .......... .......... .......... .......... .......... 85% 7.12M 1s
 13300K .......... .......... .......... .......... .......... 85% 3.97M 1s
 13350K .......... .......... .......... .......... .......... 85% 3.10M 1s
 13400K .......... .......... .......... .......... .......... 86% 3.50M 1s
 13450K .......... .......... .......... .......... .......... 86% 7.41M 1s
 13500K .......... .......... .......... .......... .......... 86% 2.81M 1s
 13550K .......... .......... .......... .......... .......... 87% 4.89M 1s
 13600K .......... .......... .......... .......... .......... 87%  943K 0s
 13650K .......... .......... .......... .......... .......... 87% 16.5M 0s
 13700K .......... .......... .......... .......... .......... 87% 2.01M 0s
 13750K .......... .......... .......... .......... .......... 88% 2.36M 0s
 13800K .......... .......... .......... .......... .......... 88% 5.02M 0s
 13850K .......... .......... .......... .......... .......... 88% 1.98M 0s
 13900K .......... .......... .......... .......... .......... 89% 2.58M 0s
 13950K .......... .......... .......... .......... .......... 89% 4.06M 0s
 14000K .......... .......... .......... .......... .......... 89% 2.93M 0s
 14050K .......... .......... .......... .......... .......... 90% 4.36M 0s
 14100K .......... .......... .......... .......... .......... 90% 4.98M 0s
 14150K .......... .......... .......... .......... .......... 90% 8.53M 0s
 14200K .......... .......... .......... .......... .......... 91% 2.80M 0s
 14250K .......... .......... .......... .......... .......... 91% 7.79M 0s
 14300K .......... .......... .......... .......... .......... 91% 4.06M 0s
 14350K .......... .......... .......... .......... .......... 92% 6.17M 0s
 14400K .......... .......... .......... .......... .......... 92% 2.36M 0s
 14450K .......... .......... .......... .......... .......... 92% 10.3M 0s
 14500K .......... .......... .......... .......... .......... 93% 3.21M 0s
 14550K .......... .......... .......... .......... .......... 93% 7.38M 0s
 14600K .......... .......... .......... .......... .......... 93% 5.70M 0s
 14650K .......... .......... .......... .......... .......... 94% 2.05M 0s
 14700K .......... .......... .......... .......... .......... 94% 6.08M 0s
 14750K .......... .......... .......... .......... .......... 94% 4.39M 0s
 14800K .......... .......... .......... .......... .......... 95% 3.18M 0s
 14850K .......... .......... .......... .......... .......... 95% 6.61M 0s
 14900K .......... .......... .......... .......... .......... 95% 6.35M 0s
 14950K .......... .......... .......... .......... .......... 95% 6.91M 0s
 15000K .......... .......... .......... .......... .......... 96% 5.36M 0s
 15050K .......... .......... .......... .......... .......... 96% 6.56M 0s
 15100K .......... .......... .......... .......... .......... 96% 3.54M 0s
 15150K .......... .......... .......... .......... .......... 97% 2.03M 0s
 15200K .......... .......... .......... .......... .......... 97% 6.07M 0s
 15250K .......... .......... .......... .......... .......... 97% 4.93M 0s
 15300K .......... .......... .......... .......... .......... 98% 5.11M 0s
 15350K .......... .......... .......... .......... .......... 98% 3.41M 0s
 15400K .......... .......... .......... .......... .......... 98% 3.44M 0s
 15450K .......... .......... .......... .......... .......... 99% 4.53M 0s
 15500K .......... .......... .......... .......... .......... 99% 1.98M 0s
 15550K .......... .......... .......... .......... .......... 99% 9.16M 0s
 15600K .......... .......... .....                           100% 3.39M=3.9s

2026-04-15 11:10:28 (3.90 MB/s) - ‘/home/rpd/Nav2/build/multirobot_map_merge/2012-01-28-11-12-01.pgm’ saved [16000058/16000058]

Checking MD5 sum of /home/rpd/Nav2/build/multirobot_map_merge/2012-01-28-11-12-01.pgm
/home/rpd/Nav2/build/multirobot_map_merge/2012-01-28-11-12-01.pgm: OK
-- Found gtest sources under '/opt/ros/jazzy/src/gtest_vendor': C++ tests using 'Google Test' will be built
-- Found Threads: TRUE  
-- Added test 'cppcheck' to perform static code analysis on C / C++ code
-- Configured cppcheck include dirs: /home/rpd/Nav2/src/m-explore-ros2/map_merge/include;$<BUILD_INTERFACE:/home/rpd/Nav2/src/m-explore-ros2/map_merge/include>
-- Configured cppcheck exclude dirs and/or files: 
-- Added test 'flake8' to check Python code syntax and style conventions
-- Configured 'flake8' exclude dirs and/or files: 
-- Added test 'lint_cmake' to check CMake code style
-- Added test 'pep257' to check Python code against some of the docstring style conventions in PEP 257
-- Added test 'uncrustify' to check C / C++ code style
-- Configured uncrustify additional arguments: 
-- Added test 'xmllint' to check XML markup files
-- Configuring done (25.9s)
-- Generating done (0.5s)
-- Build files have been written to: /home/rpd/Nav2/build/multirobot_map_merge
[  8%] [32mBuilding CXX object gtest/CMakeFiles/gtest.dir/src/gtest-all.cc.o[0m
[ 16%] [32mBuilding CXX object CMakeFiles/combine_grids.dir/src/combine_grids/grid_compositor.cpp.o[0m
[ 25%] [32mBuilding CXX object gtest/CMakeFiles/gtest_main.dir/src/gtest_main.cc.o[0m
[ 33%] [32mBuilding CXX object CMakeFiles/combine_grids.dir/src/combine_grids/grid_warper.cpp.o[0m
[ 41%] [32m[1mLinking CXX static library libgtest_main.a[0m
[ 41%] Built target gtest_main
[ 50%] [32mBuilding CXX object CMakeFiles/combine_grids.dir/src/combine_grids/merging_pipeline.cpp.o[0m
[ 58%] [32m[1mLinking CXX static library libgtest.a[0m
[ 58%] Built target gtest
[ 66%] [32m[1mLinking CXX static library libcombine_grids.a[0m
[ 66%] Built target combine_grids
[ 75%] [32mBuilding CXX object CMakeFiles/map_merge.dir/src/map_merge.cpp.o[0m
[ 83%] [32m[1mLinking CXX executable map_merge[0m
[ 83%] Built target map_merge
[ 91%] [32mBuilding CXX object CMakeFiles/test_merging_pipeline.dir/test/test_merging_pipeline.cpp.o[0m
[100%] [32m[1mLinking CXX executable test_merging_pipeline[0m
[100%] Built target test_merging_pipeline
-- Install configuration: ""
-- Installing: /home/rpd/Nav2/install/multirobot_map_merge/include/map_merge/
-- Installing: /home/rpd/Nav2/install/multirobot_map_merge/include/map_merge//ros1_names.hpp
-- Installing: /home/rpd/Nav2/install/multirobot_map_merge/include/map_merge//map_merge.h
-- Installing: /home/rpd/Nav2/install/multirobot_map_merge/share/multirobot_map_merge/launch
-- Installing: /home/rpd/Nav2/install/multirobot_map_merge/share/multirobot_map_merge/launch/map_merge.launch.py
-- Installing: /home/rpd/Nav2/install/multirobot_map_merge/share/multirobot_map_merge/launch/from_map_server.launch.py
-- Installing: /home/rpd/Nav2/install/multirobot_map_merge/share/multirobot_map_merge/launch/tb3_simulation
-- Installing: /home/rpd/Nav2/install/multirobot_map_merge/share/multirobot_map_merge/launch/tb3_simulation/bringup_launch.py
-- Installing: /home/rpd/Nav2/install/multirobot_map_merge/share/multirobot_map_merge/launch/tb3_simulation/worlds
-- Installing: /home/rpd/Nav2/install/multirobot_map_merge/share/multirobot_map_merge/launch/tb3_simulation/worlds/world_only.model
-- Installing: /home/rpd/Nav2/install/multirobot_map_merge/share/multirobot_map_merge/launch/tb3_simulation/multi_tb3_simulation_launch.py
-- Installing: /home/rpd/Nav2/install/multirobot_map_merge/share/multirobot_map_merge/launch/tb3_simulation/config
-- Installing: /home/rpd/Nav2/install/multirobot_map_merge/share/multirobot_map_merge/launch/tb3_simulation/config/nav2_multirobot_params_1.yaml
-- Installing: /home/rpd/Nav2/install/multirobot_map_merge/share/multirobot_map_merge/launch/tb3_simulation/config/nav2_multirobot_params_2.yaml
-- Installing: /home/rpd/Nav2/install/multirobot_map_merge/share/multirobot_map_merge/launch/tb3_simulation/tb3_simulation_launch.py
-- Installing: /home/rpd/Nav2/install/multirobot_map_merge/share/multirobot_map_merge/launch/tb3_simulation/slam_toolbox.py
-- Installing: /home/rpd/Nav2/install/multirobot_map_merge/share/multirobot_map_merge/launch/map_merge.rviz
-- Installing: /home/rpd/Nav2/install/multirobot_map_merge/share/multirobot_map_merge/config
-- Installing: /home/rpd/Nav2/install/multirobot_map_merge/share/multirobot_map_merge/config/params.yaml
-- Installing: /home/rpd/Nav2/install/multirobot_map_merge/lib/libcombine_grids.a
-- Installing: /home/rpd/Nav2/install/multirobot_map_merge/lib/multirobot_map_merge/map_merge
-- Set non-toolchain portion of runtime path of "/home/rpd/Nav2/install/multirobot_map_merge/lib/multirobot_map_merge/map_merge" to ""
-- Installing: /home/rpd/Nav2/install/multirobot_map_merge/share/multirobot_map_merge/environment/library_path.sh
-- Installing: /home/rpd/Nav2/install/multirobot_map_merge/share/multirobot_map_merge/environment/library_path.dsv
-- Installing: /home/rpd/Nav2/install/multirobot_map_merge/share/ament_index/resource_index/package_run_dependencies/multirobot_map_merge
-- Installing: /home/rpd/Nav2/install/multirobot_map_merge/share/ament_index/resource_index/parent_prefix_path/multirobot_map_merge
-- Installing: /home/rpd/Nav2/install/multirobot_map_merge/share/multirobot_map_merge/environment/ament_prefix_path.sh
-- Installing: /home/rpd/Nav2/install/multirobot_map_merge/share/multirobot_map_merge/environment/ament_prefix_path.dsv
-- Installing: /home/rpd/Nav2/install/multirobot_map_merge/share/multirobot_map_merge/environment/path.sh
-- Installing: /home/rpd/Nav2/install/multirobot_map_merge/share/multirobot_map_merge/environment/path.dsv
-- Installing: /home/rpd/Nav2/install/multirobot_map_merge/share/multirobot_map_merge/local_setup.bash
-- Installing: /home/rpd/Nav2/install/multirobot_map_merge/share/multirobot_map_merge/local_setup.sh
-- Installing: /home/rpd/Nav2/install/multirobot_map_merge/share/multirobot_map_merge/local_setup.zsh
-- Installing: /home/rpd/Nav2/install/multirobot_map_merge/share/multirobot_map_merge/local_setup.dsv
-- Installing: /home/rpd/Nav2/install/multirobot_map_merge/share/multirobot_map_merge/package.dsv
-- Installing: /home/rpd/Nav2/install/multirobot_map_merge/share/ament_index/resource_index/packages/multirobot_map_merge
-- Installing: /home/rpd/Nav2/install/multirobot_map_merge/share/multirobot_map_merge/cmake/ament_cmake_export_include_directories-extras.cmake
-- Installing: /home/rpd/Nav2/install/multirobot_map_merge/share/multirobot_map_merge/cmake/ament_cmake_export_libraries-extras.cmake
-- Installing: /home/rpd/Nav2/install/multirobot_map_merge/share/multirobot_map_merge/cmake/multirobot_map_mergeConfig.cmake
-- Installing: /home/rpd/Nav2/install/multirobot_map_merge/share/multirobot_map_merge/cmake/multirobot_map_mergeConfig-version.cmake
-- Installing: /home/rpd/Nav2/install/multirobot_map_merge/share/multirobot_map_merge/package.xml
