[0.030s] Invoking command in '/home/rpd/Nav2/build/multirobot_map_merge': CMAKE_PREFIX_PATH=${CMAKE_PREFIX_PATH}:/opt/ros/jazzy /usr/bin/cmake /home/rpd/Nav2/src/m-explore-ros2/map_merge -DCMAKE_INSTALL_PREFIX=/home/rpd/Nav2/install/multirobot_map_merge
[0.764s] -- The C compiler identification is GNU 13.3.0
[1.321s] -- The CXX compiler identification is GNU 13.3.0
[1.365s] -- Detecting C compiler ABI info
[1.692s] -- Detecting C compiler ABI info - done
[1.706s] -- Check for working C compiler: /usr/bin/cc - skipped
[1.707s] -- Detecting C compile features
[1.708s] -- Detecting C compile features - done
[1.728s] -- Detecting CXX compiler ABI info
[2.056s] -- Detecting CXX compiler ABI info - done
[2.074s] -- Check for working CXX compiler: /usr/bin/c++ - skipped
[2.074s] -- Detecting CXX compile features
[2.075s] -- Detecting CXX compile features - done
[2.091s] -- Found ament_cmake: 2.5.5 (/opt/ros/jazzy/share/ament_cmake/cmake)
[2.598s] -- Found Python3: /usr/bin/python3 (found version "3.12.3") found components: Interpreter 
[3.039s] -- Found rclcpp: 28.1.16 (/opt/ros/jazzy/share/rclcpp/cmake)
[3.180s] -- Found rosidl_generator_c: 4.6.7 (/opt/ros/jazzy/share/rosidl_generator_c/cmake)
[3.218s] -- Found rosidl_generator_cpp: 4.6.7 (/opt/ros/jazzy/share/rosidl_generator_cpp/cmake)
[3.275s] -- Using all available rosidl_typesupport_c: rosidl_typesupport_fastrtps_c;rosidl_typesupport_introspection_c
[3.312s] -- Using all available rosidl_typesupport_cpp: rosidl_typesupport_fastrtps_cpp;rosidl_typesupport_introspection_cpp
[3.540s] -- Found rmw_implementation_cmake: 7.3.3 (/opt/ros/jazzy/share/rmw_implementation_cmake/cmake)
[3.554s] -- Found rmw_fastrtps_cpp: 8.4.3 (/opt/ros/jazzy/share/rmw_fastrtps_cpp/cmake)
[3.856s] -- Found OpenSSL: /usr/lib/aarch64-linux-gnu/libcrypto.so (found version "3.0.13")  
[3.902s] -- Found FastRTPS: /opt/ros/jazzy/include (Required is at least version "2.13") 
[3.957s] -- Using RMW implementation 'rmw_fastrtps_cpp' as default
[4.402s] -- Found geometry_msgs: 5.3.6 (/opt/ros/jazzy/share/geometry_msgs/cmake)
[4.499s] -- Found image_geometry: 4.1.0 (/opt/ros/jazzy/share/image_geometry/cmake)
[4.590s] -- Found map_msgs: 2.4.1 (/opt/ros/jazzy/share/map_msgs/cmake)
[4.755s] -- Found tf2_geometry_msgs: 0.36.19 (/opt/ros/jazzy/share/tf2_geometry_msgs/cmake)
[4.812s] -- Found eigen3_cmake_module: 0.3.0 (/opt/ros/jazzy/share/eigen3_cmake_module/cmake)
[4.816s] -- Found Eigen3: TRUE (found version "3.4.0") 
[4.816s] -- Ensuring Eigen3 include directory is part of orocos-kdl CMake target
[5.742s] -- Found Boost: /usr/lib/aarch64-linux-gnu/cmake/Boost-1.83.0/BoostConfig.cmake (found version "1.83.0") found components: thread 
[5.759s] -- Found OpenCV: /usr (found version "4.6.0") 
[5.797s] -- Found ament_lint_auto: 0.17.4 (/opt/ros/jazzy/share/ament_lint_auto/cmake)
[6.295s] -- Found ament_cmake_gtest: 2.5.5 (/opt/ros/jazzy/share/ament_cmake_gtest/cmake)
[6.338s] --2026-04-15 11:10:09--  https://raw.githubusercontent.com/hrnr/m-explore-extra/master/map_merge/hector_maps/map00.pgm
[6.481s] Resolving raw.githubusercontent.com (raw.githubusercontent.com)... 185.199.110.133, 185.199.109.133, 185.199.111.133, ...
[6.503s] Connecting to raw.githubusercontent.com (raw.githubusercontent.com)|185.199.110.133|:443... connected.
[6.995s] HTTP request sent, awaiting response... 200 OK
[6.996s] Length: 4194362 (4.0M) [application/octet-stream]
[6.996s] Saving to: ‘/home/rpd/Nav2/build/multirobot_map_merge/map00.pgm’
[6.996s] 
[7.027s]      0K .......... .......... .......... .......... ..........  1% 1.56M 3s
[7.058s]     50K .......... .......... .......... .......... ..........  2% 1.64M 2s
[7.067s]    100K .......... .......... .......... .......... ..........  3% 4.20M 2s
[7.085s]    150K .......... .......... .......... .......... ..........  4% 2.95M 2s
[7.086s]    200K .......... .......... .......... .......... ..........  6% 26.2M 1s
[7.099s]    250K .......... .......... .......... .......... ..........  7% 4.57M 1s
[7.102s]    300K .......... .......... .......... .......... ..........  8% 9.11M 1s
[7.119s]    350K .......... .......... .......... .......... ..........  9% 3.42M 1s
[7.126s]    400K .......... .......... .......... .......... .......... 10% 5.10M 1s
[7.132s]    450K .......... .......... .......... .......... .......... 12% 8.65M 1s
[7.157s]    500K .......... .......... .......... .......... .......... 13% 8.23M 1s
[7.175s]    550K .......... .......... .......... .......... .......... 14% 1.29M 1s
[7.185s]    600K .......... .......... .......... .......... .......... 15% 5.30M 1s
[7.195s]    650K .......... .......... .......... .......... .......... 17% 6.42M 1s
[7.205s]    700K .......... .......... .......... .......... .......... 18% 5.30M 1s
[7.215s]    750K .......... .......... .......... .......... .......... 19% 3.61M 1s
[7.223s]    800K .......... .......... .......... .......... .......... 20% 6.44M 1s
[7.237s]    850K .......... .......... .......... .......... .......... 21% 3.39M 1s
[7.261s]    900K .......... .......... .......... .......... .......... 23% 2.32M 1s
[7.268s]    950K .......... .......... .......... .......... .......... 24% 4.78M 1s
[7.273s]   1000K .......... .......... .......... .......... .......... 25% 9.37M 1s
[7.283s]   1050K .......... .......... .......... .......... .......... 26% 6.05M 1s
[7.306s]   1100K .......... .......... .......... .......... .......... 28% 1.98M 1s
[7.322s]   1150K .......... .......... .......... .......... .......... 29% 3.58M 1s
[7.325s]   1200K .......... .......... .......... .......... .......... 30% 8.62M 1s
[7.338s]   1250K .......... .......... .......... .......... .......... 31% 4.31M 1s
[7.344s]   1300K .......... .......... .......... .......... .......... 32% 7.38M 1s
[7.355s]   1350K .......... .......... .......... .......... .......... 34% 4.78M 1s
[7.377s]   1400K .......... .......... .......... .......... .......... 35% 2.03M 1s
[7.436s]   1450K .......... .......... .......... .......... .......... 36%  851K 1s
[7.436s]   1500K .......... .......... .......... .......... .......... 37%  132M 1s
[7.440s]   1550K .......... .......... .......... .......... .......... 39% 28.5M 1s
[7.440s]   1600K .......... .......... .......... .......... .......... 40%  141M 1s
[7.473s]   1650K .......... .......... .......... .......... .......... 41% 1.55M 1s
[7.473s]   1700K .......... .......... .......... .......... .......... 42% 89.4M 1s
[7.473s]   1750K .......... .......... .......... .......... .......... 43%  111M 1s
[7.482s]   1800K .......... .......... .......... .......... .......... 45% 4.89M 1s
[7.493s]   1850K .......... .......... .......... .......... .......... 46% 4.21M 1s
[7.521s]   1900K .......... .......... .......... .......... .......... 47% 1.79M 1s
[7.526s]   1950K .......... .......... .......... .......... .......... 48% 10.2M 1s
[7.537s]   2000K .......... .......... .......... .......... .......... 50% 4.05M 1s
[7.555s]   2050K .......... .......... .......... .......... .......... 51% 2.95M 1s
[7.580s]   2100K .......... .......... .......... .......... .......... 52% 2.07M 1s
[7.588s]   2150K .......... .......... .......... .......... .......... 53% 4.78M 1s
[7.593s]   2200K .......... .......... .......... .......... .......... 54% 8.49M 0s
[7.616s]   2250K .......... .......... .......... .......... .......... 56% 2.14M 0s
[7.624s]   2300K .......... .......... .......... .......... .......... 57% 5.75M 0s
[7.636s]   2350K .......... .......... .......... .......... .......... 58% 4.93M 0s
[7.643s]   2400K .......... .......... .......... .......... .......... 59% 5.57M 0s
[7.648s]   2450K .......... .......... .......... .......... .......... 61% 10.1M 0s
[7.661s]   2500K .......... .......... .......... .......... .......... 62% 6.54M 0s
[7.694s]   2550K .......... .......... .......... .......... .......... 63% 1.36M 0s
[7.695s]   2600K .......... .......... .......... .......... .......... 64% 13.5M 0s
[7.704s]   2650K .......... .......... .......... .......... .......... 65% 5.66M 0s
[7.711s]   2700K .......... .......... .......... .......... .......... 67% 6.07M 0s
[7.736s]   2750K .......... .......... .......... .......... .......... 68% 2.30M 0s
[7.744s]   2800K .......... .......... .......... .......... .......... 69% 5.34M 0s
[7.752s]   2850K .......... .......... .......... .......... .......... 70% 5.79M 0s
[7.781s]   2900K .......... .......... .......... .......... .......... 72% 5.39M 0s
[7.786s]   2950K .......... .......... .......... .......... .......... 73% 1.88M 0s
[7.794s]   3000K .......... .......... .......... .......... .......... 74% 8.56M 0s
[7.800s]   3050K .......... .......... .......... .......... .......... 75% 6.55M 0s
[7.828s]   3100K .......... .......... .......... .......... .......... 76% 1.71M 0s
[7.847s]   3150K .......... .......... .......... .......... .......... 78% 2.93M 0s
[7.855s]   3200K .......... .......... .......... .......... .......... 79% 5.20M 0s
[7.867s]   3250K .......... .......... .......... .......... .......... 80% 4.50M 0s
[7.873s]   3300K .......... .......... .......... .......... .......... 81% 5.85M 0s
[7.880s]   3350K .......... .......... .......... .......... .......... 83% 6.13M 0s
[7.889s]   3400K .......... .......... .......... .......... .......... 84% 5.29M 0s
[7.906s]   3450K .......... .......... .......... .......... .......... 85% 3.24M 0s
[7.915s]   3500K .......... .......... .......... .......... .......... 86% 4.92M 0s
[7.923s]   3550K .......... .......... .......... .......... .......... 87% 8.91M 0s
[7.925s]   3600K .......... .......... .......... .......... .......... 89% 9.89M 0s
[7.960s]   3650K .......... .......... .......... .......... .......... 90% 1.38M 0s
[7.979s]   3700K .......... .......... .......... .......... .......... 91% 6.01M 0s
[7.986s]   3750K .......... .......... .......... .......... .......... 92% 2.83M 0s
[7.997s]   3800K .......... .......... .......... .......... .......... 93% 5.13M 0s
[8.003s]   3850K .......... .......... .......... .......... .......... 95% 6.52M 0s
[8.018s]   3900K .......... .......... .......... .......... .......... 96% 3.21M 0s
[8.023s]   3950K .......... .......... .......... .......... .......... 97% 9.51M 0s
[8.045s]   4000K .......... .......... .......... .......... .......... 98% 2.19M 0s
[8.052s]   4050K .......... .......... .......... .......... ......    100% 7.62M=1.1s
[8.053s] 
[8.053s] 2026-04-15 11:10:10 (3.79 MB/s) - ‘/home/rpd/Nav2/build/multirobot_map_merge/map00.pgm’ saved [4194362/4194362]
[8.053s] 
[8.058s] Checking MD5 sum of /home/rpd/Nav2/build/multirobot_map_merge/map00.pgm
[8.097s] /home/rpd/Nav2/build/multirobot_map_merge/map00.pgm: OK
[8.123s] --2026-04-15 11:10:10--  https://raw.githubusercontent.com/hrnr/m-explore-extra/master/map_merge/hector_maps/map05.pgm
[8.227s] Resolving raw.githubusercontent.com (raw.githubusercontent.com)... 185.199.109.133, 185.199.111.133, 185.199.110.133, ...
[8.257s] Connecting to raw.githubusercontent.com (raw.githubusercontent.com)|185.199.109.133|:443... connected.
[10.068s] HTTP request sent, awaiting response... 200 OK
[10.068s] Length: 4194362 (4.0M) [application/octet-stream]
[10.069s] Saving to: ‘/home/rpd/Nav2/build/multirobot_map_merge/map05.pgm’
[10.075s] 
[10.099s]      0K .......... .......... .......... .......... ..........  1% 1.60M 2s
[10.133s]     50K .......... .......... .......... .......... ..........  2% 1.44M 3s
[10.146s]    100K .......... .......... .......... .......... ..........  3% 4.33M 2s
[10.153s]    150K .......... .......... .......... .......... ..........  4% 5.57M 2s
[10.177s]    200K .......... .......... .......... .......... ..........  6% 2.12M 2s
[10.189s]    250K .......... .......... .......... .......... ..........  7% 4.15M 2s
[10.208s]    300K .......... .......... .......... .......... ..........  8% 2.44M 1s
[10.230s]    350K .......... .......... .......... .......... ..........  9% 2.55M 1s
[10.238s]    400K .......... .......... .......... .......... .......... 10% 4.48M 1s
[10.253s]    450K .......... .......... .......... .......... .......... 12% 3.26M 1s
[10.273s]    500K .......... .......... .......... .......... .......... 13% 2.68M 1s
[10.282s]    550K .......... .......... .......... .......... .......... 14% 4.41M 1s
[10.301s]    600K .......... .......... .......... .......... .......... 15% 2.70M 1s
[10.315s]    650K .......... .......... .......... .......... .......... 17% 3.26M 1s
[10.337s]    700K .......... .......... .......... .......... .......... 18% 2.31M 1s
[10.359s]    750K .......... .......... .......... .......... .......... 19% 7.24M 1s
[10.368s]    800K .......... .......... .......... .......... .......... 20% 1.97M 1s
[10.375s]    850K .......... .......... .......... .......... .......... 21% 6.61M 1s
[10.385s]    900K .......... .......... .......... .......... .......... 23% 5.43M 1s
[10.394s]    950K .......... .......... .......... .......... .......... 24% 5.26M 1s
[10.412s]   1000K .......... .......... .......... .......... .......... 25% 2.72M 1s
[10.424s]   1050K .......... .......... .......... .......... .......... 26% 5.39M 1s
[10.445s]   1100K .......... .......... .......... .......... .......... 28% 2.22M 1s
[10.454s]   1150K .......... .......... .......... .......... .......... 29% 4.75M 1s
[10.460s]   1200K .......... .......... .......... .......... .......... 30% 8.61M 1s
[10.478s]   1250K .......... .......... .......... .......... .......... 31% 2.56M 1s
[10.494s]   1300K .......... .......... .......... .......... .......... 32% 3.04M 1s
[10.504s]   1350K .......... .......... .......... .......... .......... 34% 5.52M 1s
[10.515s]   1400K .......... .......... .......... .......... .......... 35% 5.33M 1s
[10.523s]   1450K .......... .......... .......... .......... .......... 36% 5.67M 1s
[10.531s]   1500K .......... .......... .......... .......... .......... 37% 4.64M 1s
[10.560s]   1550K .......... .......... .......... .......... .......... 39% 1.68M 1s
[10.567s]   1600K .......... .......... .......... .......... .......... 40% 7.44M 1s
[10.577s]   1650K .......... .......... .......... .......... .......... 41% 6.10M 1s
[10.593s]   1700K .......... .......... .......... .......... .......... 42% 3.09M 1s
[10.599s]   1750K .......... .......... .......... .......... .......... 43% 6.59M 1s
[10.609s]   1800K .......... .......... .......... .......... .......... 45% 5.77M 1s
[10.615s]   1850K .......... .......... .......... .......... .......... 46% 6.07M 1s
[10.621s]   1900K .......... .......... .......... .......... .......... 47% 7.20M 1s
[10.668s]   1950K .......... .......... .......... .......... .......... 48% 1.09M 1s
[10.674s]   2000K .......... .......... .......... .......... .......... 50% 5.84M 1s
[10.683s]   2050K .......... .......... .......... .......... .......... 51% 5.43M 1s
[10.689s]   2100K .......... .......... .......... .......... .......... 52% 7.95M 1s
[10.697s]   2150K .......... .......... .......... .......... .......... 53% 6.31M 1s
[10.720s]   2200K .......... .......... .......... .......... .......... 54% 2.11M 1s
[10.726s]   2250K .......... .......... .......... .......... .......... 56% 8.16M 1s
[10.736s]   2300K .......... .......... .......... .......... .......... 57% 6.05M 0s
[10.758s]   2350K .......... .......... .......... .......... .......... 58% 2.33M 0s
[10.763s]   2400K .......... .......... .......... .......... .......... 59% 6.14M 0s
[10.770s]   2450K .......... .......... .......... .......... .......... 61% 7.61M 0s
[10.781s]   2500K .......... .......... .......... .......... .......... 62% 5.68M 0s
[10.783s]   2550K .......... .......... .......... .......... .......... 63% 8.73M 0s
[10.801s]   2600K .......... .......... .......... .......... .......... 64% 2.75M 0s
[10.807s]   2650K .......... .......... .......... .......... .......... 65% 9.58M 0s
[10.816s]   2700K .......... .......... .......... .......... .......... 67% 5.01M 0s
[10.828s]   2750K .......... .......... .......... .......... .......... 68% 7.81M 0s
[10.832s]   2800K .......... .......... .......... .......... .......... 69% 5.00M 0s
[10.846s]   2850K .......... .......... .......... .......... .......... 70% 3.47M 0s
[10.852s]   2900K .......... .......... .......... .......... .......... 72% 9.14M 0s
[10.859s]   2950K .......... .......... .......... .......... .......... 73% 6.85M 0s
[10.865s]   3000K .......... .......... .......... .......... .......... 74% 7.32M 0s
[10.874s]   3050K .......... .......... .......... .......... .......... 75% 5.92M 0s
[10.879s]   3100K .......... .......... .......... .......... .......... 76% 9.32M 0s
[10.908s]   3150K .......... .......... .......... .......... .......... 78% 1.80M 0s
[10.919s]   3200K .......... .......... .......... .......... .......... 79% 4.72M 0s
[10.922s]   3250K .......... .......... .......... .......... .......... 80% 8.41M 0s
[10.929s]   3300K .......... .......... .......... .......... .......... 81% 6.83M 0s
[10.934s]   3350K .......... .......... .......... .......... .......... 83% 9.74M 0s
[10.952s]   3400K .......... .......... .......... .......... .......... 84% 2.84M 0s
[10.975s]   3450K .......... .......... .......... .......... .......... 85% 2.21M 0s
[10.985s]   3500K .......... .......... .......... .......... .......... 86% 6.26M 0s
[10.991s]   3550K .......... .......... .......... .......... .......... 87% 6.99M 0s
[10.996s]   3600K .......... .......... .......... .......... .......... 89% 6.72M 0s
[11.006s]   3650K .......... .......... .......... .......... .......... 90% 4.76M 0s
[11.009s]   3700K .......... .......... .......... .......... .......... 91% 17.0M 0s
[11.018s]   3750K .......... .......... .......... .......... .......... 92% 5.48M 0s
[11.043s]   3800K .......... .......... .......... .......... .......... 93% 2.28M 0s
[11.054s]   3850K .......... .......... .......... .......... .......... 95% 3.24M 0s
[11.061s]   3900K .......... .......... .......... .......... .......... 96% 8.58M 0s
[11.069s]   3950K .......... .......... .......... .......... .......... 97% 5.27M 0s
[11.074s]   4000K .......... .......... .......... .......... .......... 98% 10.3M 0s
[11.081s]   4050K .......... .......... .......... .......... ......    100% 6.56M=1.0s
[11.081s] 
[11.082s] 2026-04-15 11:10:13 (3.95 MB/s) - ‘/home/rpd/Nav2/build/multirobot_map_merge/map05.pgm’ saved [4194362/4194362]
[11.082s] 
[11.089s] Checking MD5 sum of /home/rpd/Nav2/build/multirobot_map_merge/map05.pgm
[11.122s] /home/rpd/Nav2/build/multirobot_map_merge/map05.pgm: OK
[11.155s] --2026-04-15 11:10:13--  https://raw.githubusercontent.com/hrnr/m-explore-extra/master/map_merge/gmapping_maps/2011-08-09-12-22-52.pgm
[11.293s] Resolving raw.githubusercontent.com (raw.githubusercontent.com)... 185.199.109.133, 185.199.111.133, 185.199.108.133, ...
[11.319s] Connecting to raw.githubusercontent.com (raw.githubusercontent.com)|185.199.109.133|:443... connected.
[13.915s] HTTP request sent, awaiting response... 200 OK
[13.915s] Length: 16000058 (15M) [application/octet-stream]
[13.915s] Saving to: ‘/home/rpd/Nav2/build/multirobot_map_merge/2011-08-09-12-22-52.pgm’
[13.922s] 
[13.945s]      0K .......... .......... .......... .......... ..........  0% 1.50M 10s
[13.956s]     50K .......... .......... .......... .......... ..........  0% 3.69M 7s
[13.970s]    100K .......... .......... .......... .......... ..........  0% 3.69M 6s
[14.001s]    150K .......... .......... .......... .......... ..........  1% 1.51M 7s
[14.002s]    200K .......... .......... .......... .......... ..........  1%  126M 6s
[14.013s]    250K .......... .......... .......... .......... ..........  1% 4.21M 5s
[14.025s]    300K .......... .......... .......... .......... ..........  2% 4.02M 5s
[14.030s]    350K .......... .......... .......... .......... ..........  2% 10.5M 5s
[14.030s]    400K .......... .......... .......... .......... ..........  2%  150M 4s
[14.056s]    450K .......... .......... .......... .......... ..........  3% 1.94M 4s
[14.056s]    500K .......... .......... .......... .......... ..........  3%  128M 4s
[14.056s]    550K .......... .......... .......... .......... ..........  3%  156M 4s
[14.065s]    600K .......... .......... .......... .......... ..........  4% 5.30M 4s
[14.077s]    650K .......... .......... .......... .......... ..........  4% 4.32M 4s
[14.093s]    700K .......... .......... .......... .......... ..........  4% 2.96M 4s
[14.101s]    750K .......... .......... .......... .......... ..........  5% 6.67M 4s
[14.110s]    800K .......... .......... .......... .......... ..........  5% 5.28M 3s
[14.124s]    850K .......... .......... .......... .......... ..........  5% 3.69M 3s
[14.133s]    900K .......... .......... .......... .......... ..........  6% 4.59M 3s
[14.158s]    950K .......... .......... .......... .......... ..........  6% 2.51M 4s
[14.167s]   1000K .......... .......... .......... .......... ..........  6% 3.51M 4s
[14.182s]   1050K .......... .......... .......... .......... ..........  7% 3.64M 4s
[14.193s]   1100K .......... .......... .......... .......... ..........  7% 4.37M 4s
[14.207s]   1150K .......... .......... .......... .......... ..........  7% 3.15M 4s
[14.215s]   1200K .......... .......... .......... .......... ..........  7% 5.95M 4s
[14.234s]   1250K .......... .......... .......... .......... ..........  8% 2.56M 4s
[14.249s]   1300K .......... .......... .......... .......... ..........  8% 4.42M 4s
[14.264s]   1350K .......... .......... .......... .......... ..........  8% 2.60M 4s
[14.274s]   1400K .......... .......... .......... .......... ..........  9% 4.85M 4s
[14.284s]   1450K .......... .......... .......... .......... ..........  9% 5.78M 4s
[14.300s]   1500K .......... .......... .......... .......... ..........  9% 3.69M 4s
[14.304s]   1550K .......... .......... .......... .......... .......... 10% 5.80M 3s
[14.314s]   1600K .......... .......... .......... .......... .......... 10% 4.86M 3s
[14.352s]   1650K .......... .......... .......... .......... .......... 10% 1.42M 4s
[14.359s]   1700K .......... .......... .......... .......... .......... 11% 4.95M 4s
[14.371s]   1750K .......... .......... .......... .......... .......... 11% 4.17M 4s
[14.384s]   1800K .......... .......... .......... .......... .......... 11% 4.86M 4s
[14.394s]   1850K .......... .......... .......... .......... .......... 12% 4.53M 3s
[14.412s]   1900K .......... .......... .......... .......... .......... 12% 2.52M 4s
[14.426s]   1950K .......... .......... .......... .......... .......... 12% 5.24M 3s
[14.612s]   2000K .......... .......... .......... .......... .......... 13%  260K 5s
[14.619s]   2050K .......... .......... .......... .......... .......... 13% 7.18M 5s
[14.660s]   2100K .......... .......... .......... .......... .......... 13% 1.20M 5s
[14.683s]   2150K .......... .......... .......... .......... .......... 14% 2.18M 5s
[14.698s]   2200K .......... .......... .......... .......... .......... 14% 3.81M 5s
[14.706s]   2250K .......... .......... .......... .......... .......... 14% 7.72M 5s
[14.716s]   2300K .......... .......... .......... .......... .......... 15% 3.65M 5s
[14.723s]   2350K .......... .......... .......... .......... .......... 15% 5.84M 4s
[15.095s]   2400K .......... .......... .......... .......... .......... 15%  135K 6s
[15.096s]   2450K .......... .......... .......... .......... .......... 15% 17.7M 6s
[15.153s]   2500K .......... .......... .......... .......... .......... 16%  904K 6s
[15.187s]   2550K .......... .......... .......... .......... .......... 16% 1.38M 6s
[15.201s]   2600K .......... .......... .......... .......... .......... 16% 3.46M 6s
[15.216s]   2650K .......... .......... .......... .......... .......... 17% 3.48M 6s
[15.227s]   2700K .......... .......... .......... .......... .......... 17% 5.61M 6s
[15.233s]   2750K .......... .......... .......... .......... .......... 17% 5.27M 6s
[15.257s]   2800K .......... .......... .......... .......... .......... 18% 2.08M 6s
[15.266s]   2850K .......... .......... .......... .......... .......... 18% 8.15M 6s
[15.272s]   2900K .......... .......... .......... .......... .......... 18% 5.46M 6s
[15.286s]   2950K .......... .......... .......... .......... .......... 19% 3.35M 6s
[15.297s]   3000K .......... .......... .......... .......... .......... 19% 5.56M 6s
[15.304s]   3050K .......... .......... .......... .......... .......... 19% 5.28M 6s
[15.317s]   3100K .......... .......... .......... .......... .......... 20% 3.71M 6s
[15.326s]   3150K .......... .......... .......... .......... .......... 20% 5.90M 5s
[15.333s]   3200K .......... .......... .......... .......... .......... 20% 6.48M 5s
[15.342s]   3250K .......... .......... .......... .......... .......... 21% 5.44M 5s
[15.359s]   3300K .......... .......... .......... .......... .......... 21% 2.97M 5s
[15.388s]   3350K .......... .......... .......... .......... .......... 21% 1.64M 5s
[15.391s]   3400K .......... .......... .......... .......... .......... 22% 85.3M 5s
[15.392s]   3450K .......... .......... .......... .......... .......... 22%  116M 5s
[15.394s]   3500K .......... .......... .......... .......... .......... 22% 9.40M 5s
[15.405s]   3550K .......... .......... .......... .......... .......... 23% 5.88M 5s
[15.415s]   3600K .......... .......... .......... .......... .......... 23% 5.43M 5s
[15.424s]   3650K .......... .......... .......... .......... .......... 23% 3.96M 5s
[15.437s]   3700K .......... .......... .......... .......... .......... 23% 4.03M 5s
[15.443s]   3750K .......... .......... .......... .......... .......... 24% 8.83M 5s
[15.459s]   3800K .......... .......... .......... .......... .......... 24% 3.25M 5s
[15.464s]   3850K .......... .......... .......... .......... .......... 24% 8.75M 5s
[15.473s]   3900K .......... .......... .......... .......... .......... 25% 6.37M 5s
[15.483s]   3950K .......... .......... .......... .......... .......... 25% 3.61M 5s
[15.492s]   4000K .......... .......... .......... .......... .......... 25% 6.49M 5s
[15.508s]   4050K .......... .......... .......... .......... .......... 26% 2.88M 4s
[15.516s]   4100K .......... .......... .......... .......... .......... 26% 6.10M 4s
[15.533s]   4150K .......... .......... .......... .......... .......... 26% 2.94M 4s
[15.540s]   4200K .......... .......... .......... .......... .......... 27% 6.69M 4s
[15.558s]   4250K .......... .......... .......... .......... .......... 27% 3.01M 4s
[15.567s]   4300K .......... .......... .......... .......... .......... 27% 6.18M 4s
[15.584s]   4350K .......... .......... .......... .......... .......... 28% 2.64M 4s
[15.594s]   4400K .......... .......... .......... .......... .......... 28% 4.97M 4s
[15.600s]   4450K .......... .......... .......... .......... .......... 28% 6.44M 4s
[15.614s]   4500K .......... .......... .......... .......... .......... 29% 3.50M 4s
[15.623s]   4550K .......... .......... .......... .......... .......... 29% 9.26M 4s
[15.638s]   4600K .......... .......... .......... .......... .......... 29% 2.63M 4s
[15.650s]   4650K .......... .......... .......... .......... .......... 30% 4.10M 4s
[15.664s]   4700K .......... .......... .......... .......... .......... 30% 3.38M 4s
[15.675s]   4750K .......... .......... .......... .......... .......... 30% 4.47M 4s
[15.682s]   4800K .......... .......... .......... .......... .......... 31% 6.85M 4s
[15.698s]   4850K .......... .......... .......... .......... .......... 31% 3.05M 4s
[15.708s]   4900K .......... .......... .......... .......... .......... 31% 4.87M 4s
[15.717s]   4950K .......... .......... .......... .......... .......... 31% 7.00M 4s
[15.730s]   5000K .......... .......... .......... .......... .......... 32% 3.31M 4s
[15.737s]   5050K .......... .......... .......... .......... .......... 32% 6.86M 4s
[15.751s]   5100K .......... .......... .......... .......... .......... 32% 3.73M 4s
[15.765s]   5150K .......... .......... .......... .......... .......... 33% 3.20M 4s
[15.776s]   5200K .......... .......... .......... .......... .......... 33% 4.77M 4s
[15.786s]   5250K .......... .......... .......... .......... .......... 33% 4.58M 4s
[15.796s]   5300K .......... .......... .......... .......... .......... 34% 5.38M 4s
[15.806s]   5350K .......... .......... .......... .......... .......... 34% 5.24M 4s
[15.816s]   5400K .......... .......... .......... .......... .......... 34% 4.62M 4s
[15.826s]   5450K .......... .......... .......... .......... .......... 35% 7.41M 4s
[15.856s]   5500K .......... .......... .......... .......... .......... 35% 1.63M 4s
[15.868s]   5550K .......... .......... .......... .......... .......... 35% 3.04M 4s
[15.874s]   5600K .......... .......... .......... .......... .......... 36% 8.13M 3s
[15.914s]   5650K .......... .......... .......... .......... .......... 36% 1.28M 3s
[15.924s]   5700K .......... .......... .......... .......... .......... 36% 4.25M 3s
[15.936s]   5750K .......... .......... .......... .......... .......... 37% 4.05M 3s
[15.947s]   5800K .......... .......... .......... .......... .......... 37% 4.28M 3s
[15.954s]   5850K .......... .......... .......... .......... .......... 37% 6.79M 3s
[15.990s]   5900K .......... .......... .......... .......... .......... 38% 1.51M 3s
[15.998s]   5950K .......... .......... .......... .......... .......... 38% 4.60M 3s
[16.021s]   6000K .......... .......... .......... .......... .......... 38% 2.15M 3s
[16.031s]   6050K .......... .......... .......... .......... .......... 39% 4.44M 3s
[16.041s]   6100K .......... .......... .......... .......... .......... 39% 5.52M 3s
[16.049s]   6150K .......... .......... .......... .......... .......... 39% 5.52M 3s
[16.074s]   6200K .......... .......... .......... .......... .......... 39% 1.93M 3s
[16.077s]   6250K .......... .......... .......... .......... .......... 40% 16.8M 3s
[16.089s]   6300K .......... .......... .......... .......... .......... 40% 6.35M 3s
[16.094s]   6350K .......... .......... .......... .......... .......... 40% 5.26M 3s
[16.102s]   6400K .......... .......... .......... .......... .......... 41% 6.23M 3s
[16.116s]   6450K .......... .......... .......... .......... .......... 41% 3.39M 3s
[16.123s]   6500K .......... .......... .......... .......... .......... 41% 8.26M 3s
[16.130s]   6550K .......... .......... .......... .......... .......... 42% 7.04M 3s
[16.141s]   6600K .......... .......... .......... .......... .......... 42% 4.21M 3s
[16.148s]   6650K .......... .......... .......... .......... .......... 42% 6.53M 3s
[16.159s]   6700K .......... .......... .......... .......... .......... 43% 4.49M 3s
[16.177s]   6750K .......... .......... .......... .......... .......... 43% 2.69M 3s
[16.185s]   6800K .......... .......... .......... .......... .......... 43% 6.84M 3s
[16.194s]   6850K .......... .......... .......... .......... .......... 44% 10.3M 3s
[16.201s]   6900K .......... .......... .......... .......... .......... 44% 3.97M 3s
[16.211s]   6950K .......... .......... .......... .......... .......... 44% 4.79M 3s
[16.217s]   7000K .......... .......... .......... .......... .......... 45% 8.70M 3s
[16.228s]   7050K .......... .......... .......... .......... .......... 45% 6.17M 3s
[16.233s]   7100K .......... .......... .......... .......... .......... 45% 5.99M 3s
[16.241s]   7150K .......... .......... .......... .......... .......... 46% 6.38M 3s
[16.248s]   7200K .......... .......... .......... .......... .......... 46% 6.58M 3s
[16.274s]   7250K .......... .......... .......... .......... .......... 46% 2.41M 3s
[16.282s]   7300K .......... .......... .......... .......... .......... 47% 4.54M 3s
[16.288s]   7350K .......... .......... .......... .......... .......... 47% 5.76M 3s
[16.300s]   7400K .......... .......... .......... .......... .......... 47% 3.87M 3s
[16.309s]   7450K .......... .......... .......... .......... .......... 47% 5.46M 3s
[16.320s]   7500K .......... .......... .......... .......... .......... 48% 4.55M 3s
[16.343s]   7550K .......... .......... .......... .......... .......... 48% 3.54M 3s
[16.346s]   7600K .......... .......... .......... .......... .......... 48% 4.99M 3s
[16.363s]   7650K .......... .......... .......... .......... .......... 49% 2.75M 3s
[16.448s]   7700K .......... .......... .......... .......... .......... 49%  577K 3s
[16.457s]   7750K .......... .......... .......... .......... .......... 49% 5.28M 3s
[16.561s]   7800K .......... .......... .......... .......... .......... 50%  991K 3s
[16.562s]   7850K .......... .......... .......... .......... .......... 50%  917K 3s
[16.562s]   7900K .......... .......... .......... .......... .......... 50%  102M 3s
[16.563s]   7950K .......... .......... .......... .......... .......... 51%  110M 3s
[16.644s]   8000K .......... .......... .......... .......... .......... 51%  637K 3s
[16.649s]   8050K .......... .......... .......... .......... .......... 51% 6.45M 3s
[16.664s]   8100K .......... .......... .......... .......... .......... 52% 3.53M 3s
[16.680s]   8150K .......... .......... .......... .......... .......... 52% 2.96M 3s
[16.712s]   8200K .......... .......... .......... .......... .......... 52% 2.51M 2s
[16.719s]   8250K .......... .......... .......... .......... .......... 53% 2.86M 2s
[16.725s]   8300K .......... .......... .......... .......... .......... 53% 6.27M 2s
[16.733s]   8350K .......... .......... .......... .......... .......... 53% 6.54M 2s
[16.759s]   8400K .......... .......... .......... .......... .......... 54% 1.98M 2s
[16.765s]   8450K .......... .......... .......... .......... .......... 54% 5.94M 2s
[16.779s]   8500K .......... .......... .......... .......... .......... 54% 6.45M 2s
[16.793s]   8550K .......... .......... .......... .......... .......... 55% 2.40M 2s
[16.802s]   8600K .......... .......... .......... .......... .......... 55% 6.98M 2s
[16.802s]   8650K .......... .......... .......... .......... .......... 55% 13.9M 2s
[16.819s]   8700K .......... .......... .......... .......... .......... 55% 4.57M 2s
[16.822s]   8750K .......... .......... .......... .......... .......... 56% 8.14M 2s
[16.826s]   8800K .......... .......... .......... .......... .......... 56% 7.19M 2s
[16.840s]   8850K .......... .......... .......... .......... .......... 56% 3.60M 2s
[16.860s]   8900K .......... .......... .......... .......... .......... 57% 3.04M 2s
[16.870s]   8950K .......... .......... .......... .......... .......... 57% 5.00M 2s
[16.876s]   9000K .......... .......... .......... .......... .......... 57% 5.85M 2s
[16.890s]   9050K .......... .......... .......... .......... .......... 58% 4.00M 2s
[16.890s]   9100K .......... .......... .......... .......... .......... 58% 18.6M 2s
[16.922s]   9150K .......... .......... .......... .......... .......... 58% 9.07M 2s
[16.930s]   9200K .......... .......... .......... .......... .......... 59% 1.35M 2s
[16.944s]   9250K .......... .......... .......... .......... .......... 59% 6.37M 2s
[16.953s]   9300K .......... .......... .......... .......... .......... 59% 4.11M 2s
[16.959s]   9350K .......... .......... .......... .......... .......... 60% 9.60M 2s
[16.968s]   9400K .......... .......... .......... .......... .......... 60% 4.85M 2s
[16.972s]   9450K .......... .......... .......... .......... .......... 60% 7.36M 2s
[16.978s]   9500K .......... .......... .......... .......... .......... 61% 8.25M 2s
[17.081s]   9550K .......... .......... .......... .......... .......... 61% 6.09M 2s
[17.490s]   9600K .......... .......... .......... .......... .......... 61% 99.3K 2s
[17.490s]   9650K .......... .......... .......... .......... .......... 62%  118M 2s
[17.490s]   9700K .......... .......... .......... .......... .......... 62%  137M 2s
[17.594s]   9750K .......... .......... .......... .......... .......... 62%  490K 2s
[17.628s]   9800K .......... .......... .......... .......... .......... 63% 1.33M 2s
[17.670s]   9850K .......... .......... .......... .......... .......... 63% 1.18M 2s
[17.708s]   9900K .......... .......... .......... .......... .......... 63% 1.35M 2s
[17.728s]   9950K .......... .......... .......... .......... .......... 63% 2.99M 2s
[17.730s]  10000K .......... .......... .......... .......... .......... 64% 6.53M 2s
[17.739s]  10050K .......... .......... .......... .......... .......... 64% 6.56M 2s
[17.753s]  10100K .......... .......... .......... .......... .......... 64% 4.12M 2s
[17.759s]  10150K .......... .......... .......... .......... .......... 65% 4.76M 2s
[17.774s]  10200K .......... .......... .......... .......... .......... 65% 4.01M 2s
[17.786s]  10250K .......... .......... .......... .......... .......... 65% 3.29M 2s
[17.794s]  10300K .......... .......... .......... .......... .......... 66% 6.56M 2s
[17.804s]  10350K .......... .......... .......... .......... .......... 66% 4.49M 2s
[17.812s]  10400K .......... .......... .......... .......... .......... 66% 6.26M 2s
[17.827s]  10450K .......... .......... .......... .......... .......... 67% 3.33M 2s
[17.847s]  10500K .......... .......... .......... .......... .......... 67% 3.47M 2s
[17.857s]  10550K .......... .......... .......... .......... .......... 67% 3.12M 2s
[17.862s]  10600K .......... .......... .......... .......... .......... 68% 8.23M 2s
[17.887s]  10650K .......... .......... .......... .......... .......... 68% 2.03M 2s
[17.894s]  10700K .......... .......... .......... .......... .......... 68% 6.52M 2s
[17.905s]  10750K .......... .......... .......... .......... .......... 69% 4.52M 2s
[17.913s]  10800K .......... .......... .......... .......... .......... 69% 6.60M 2s
[17.930s]  10850K .......... .......... .......... .......... .......... 69% 3.09M 2s
[17.931s]  10900K .......... .......... .......... .......... .......... 70% 15.1M 2s
[17.939s]  10950K .......... .......... .......... .......... .......... 70% 6.27M 2s
[17.962s]  11000K .......... .......... .......... .......... .......... 70% 2.10M 2s
[17.980s]  11050K .......... .......... .......... .......... .......... 71% 6.00M 2s
[18.015s]  11100K .......... .......... .......... .......... .......... 71% 1.21M 2s
[18.015s]  11150K .......... .......... .......... .......... .......... 71%  102M 2s
[18.018s]  11200K .......... .......... .......... .......... .......... 71% 95.9M 2s
[18.020s]  11250K .......... .......... .......... .......... .......... 72% 6.10M 2s
[18.034s]  11300K .......... .......... .......... .......... .......... 72% 3.47M 2s
[18.051s]  11350K .......... .......... .......... .......... .......... 72% 2.89M 2s
[18.057s]  11400K .......... .......... .......... .......... .......... 73% 8.12M 2s
[18.078s]  11450K .......... .......... .......... .......... .......... 73% 2.72M 1s
[18.097s]  11500K .......... .......... .......... .......... .......... 73% 2.43M 1s
[18.115s]  11550K .......... .......... .......... .......... .......... 74% 3.44M 1s
[18.126s]  11600K .......... .......... .......... .......... .......... 74% 2.91M 1s
[18.135s]  11650K .......... .......... .......... .......... .......... 74% 5.46M 1s
[18.158s]  11700K .......... .......... .......... .......... .......... 75% 2.11M 1s
[18.169s]  11750K .......... .......... .......... .......... .......... 75% 4.49M 1s
[18.194s]  11800K .......... .......... .......... .......... .......... 75% 2.12M 1s
[18.205s]  11850K .......... .......... .......... .......... .......... 76% 4.63M 1s
[18.305s]  11900K .......... .......... .......... .......... .......... 76%  504K 1s
[18.309s]  11950K .......... .......... .......... .......... .......... 76% 6.71M 1s
[18.372s]  12000K .......... .......... .......... .......... .......... 77%  791K 1s
[18.378s]  12050K .......... .......... .......... .......... .......... 77% 8.45M 1s
[18.396s]  12100K .......... .......... .......... .......... .......... 77% 2.75M 1s
[18.427s]  12150K .......... .......... .......... .......... .......... 78% 1.58M 1s
[18.438s]  12200K .......... .......... .......... .......... .......... 78% 4.81M 1s
[18.450s]  12250K .......... .......... .......... .......... .......... 78% 4.52M 1s
[18.459s]  12300K .......... .......... .......... .......... .......... 79% 4.13M 1s
[18.470s]  12350K .......... .......... .......... .......... .......... 79% 4.60M 1s
[18.478s]  12400K .......... .......... .......... .......... .......... 79% 6.08M 1s
[18.490s]  12450K .......... .......... .......... .......... .......... 79% 4.05M 1s
[18.500s]  12500K .......... .......... .......... .......... .......... 80% 4.87M 1s
[18.526s]  12550K .......... .......... .......... .......... .......... 80% 1.96M 1s
[18.532s]  12600K .......... .......... .......... .......... .......... 80% 7.41M 1s
[18.545s]  12650K .......... .......... .......... .......... .......... 81% 4.25M 1s
[18.552s]  12700K .......... .......... .......... .......... .......... 81% 8.69M 1s
[18.565s]  12750K .......... .......... .......... .......... .......... 81% 2.97M 1s
[18.577s]  12800K .......... .......... .......... .......... .......... 82% 6.14M 1s
[18.613s]  12850K .......... .......... .......... .......... .......... 82% 1.31M 1s
[18.613s]  12900K .......... .......... .......... .......... .......... 82%  136M 1s
[18.627s]  12950K .......... .......... .......... .......... .......... 83% 8.74M 1s
[18.633s]  13000K .......... .......... .......... .......... .......... 83% 4.23M 1s
[18.652s]  13050K .......... .......... .......... .......... .......... 83% 2.06M 1s
[18.664s]  13100K .......... .......... .......... .......... .......... 84% 3.83M 1s
[18.679s]  13150K .......... .......... .......... .......... .......... 84% 3.27M 1s
[18.695s]  13200K .......... .......... .......... .......... .......... 84% 3.68M 1s
[18.714s]  13250K .......... .......... .......... .......... .......... 85% 2.25M 1s
[18.729s]  13300K .......... .......... .......... .......... .......... 85% 3.75M 1s
[18.746s]  13350K .......... .......... .......... .......... .......... 85% 3.38M 1s
[18.754s]  13400K .......... .......... .......... .......... .......... 86% 3.88M 1s
[18.764s]  13450K .......... .......... .......... .......... .......... 86% 5.24M 1s
[18.792s]  13500K .......... .......... .......... .......... .......... 86% 1.72M 1s
[18.806s]  13550K .......... .......... .......... .......... .......... 87% 3.48M 1s
[18.827s]  13600K .......... .......... .......... .......... .......... 87% 2.33M 1s
[18.830s]  13650K .......... .......... .......... .......... .......... 87% 19.5M 1s
[18.855s]  13700K .......... .......... .......... .......... .......... 87% 2.17M 1s
[18.899s]  13750K .......... .......... .......... .......... .......... 88% 1.76M 1s
[18.919s]  13800K .......... .......... .......... .......... .......... 88% 1.28M 1s
[18.938s]  13850K .......... .......... .......... .......... .......... 88% 2.55M 1s
[18.953s]  13900K .......... .......... .......... .......... .......... 89% 3.07M 1s
[18.967s]  13950K .......... .......... .......... .......... .......... 89% 3.58M 1s
[18.985s]  14000K .......... .......... .......... .......... .......... 89% 3.90M 1s
[18.996s]  14050K .......... .......... .......... .......... .......... 90% 3.23M 1s
[19.008s]  14100K .......... .......... .......... .......... .......... 90% 4.47M 1s
[19.027s]  14150K .......... .......... .......... .......... .......... 90% 3.35M 1s
[19.050s]  14200K .......... .......... .......... .......... .......... 91% 2.44M 0s
[19.054s]  14250K .......... .......... .......... .......... .......... 91% 3.64M 0s
[19.065s]  14300K .......... .......... .......... .......... .......... 91% 4.11M 0s
[19.089s]  14350K .......... .......... .......... .......... .......... 92% 2.69M 0s
[19.102s]  14400K .......... .......... .......... .......... .......... 92% 2.64M 0s
[19.115s]  14450K .......... .......... .......... .......... .......... 92% 3.61M 0s
[19.131s]  14500K .......... .......... .......... .......... .......... 93% 3.78M 0s
[19.140s]  14550K .......... .......... .......... .......... .......... 93% 4.07M 0s
[19.150s]  14600K .......... .......... .......... .......... .......... 93% 4.79M 0s
[19.175s]  14650K .......... .......... .......... .......... .......... 94% 1.96M 0s
[19.187s]  14700K .......... .......... .......... .......... .......... 94% 4.90M 0s
[19.200s]  14750K .......... .......... .......... .......... .......... 94% 4.05M 0s
[19.217s]  14800K .......... .......... .......... .......... .......... 95% 2.53M 0s
[19.227s]  14850K .......... .......... .......... .......... .......... 95% 4.97M 0s
[19.240s]  14900K .......... .......... .......... .......... .......... 95% 3.82M 0s
[19.249s]  14950K .......... .......... .......... .......... .......... 95% 5.13M 0s
[19.261s]  15000K .......... .......... .......... .......... .......... 96% 4.77M 0s
[19.270s]  15050K .......... .......... .......... .......... .......... 96% 4.29M 0s
[19.287s]  15100K .......... .......... .......... .......... .......... 96% 2.92M 0s
[19.302s]  15150K .......... .......... .......... .......... .......... 97% 3.22M 0s
[19.311s]  15200K .......... .......... .......... .......... .......... 97% 5.26M 0s
[19.322s]  15250K .......... .......... .......... .......... .......... 97% 4.58M 0s
[19.335s]  15300K .......... .......... .......... .......... .......... 98% 3.69M 0s
[19.351s]  15350K .......... .......... .......... .......... .......... 98% 3.20M 0s
[19.369s]  15400K .......... .......... .......... .......... .......... 98% 2.91M 0s
[19.393s]  15450K .......... .......... .......... .......... .......... 99% 1.95M 0s
[19.407s]  15500K .......... .......... .......... .......... .......... 99% 3.36M 0s
[19.425s]  15550K .......... .......... .......... .......... .......... 99% 3.34M 0s
[19.425s]  15600K .......... .......... .....                           100% 7.05M=5.5s
[19.425s] 
[19.425s] 2026-04-15 11:10:22 (2.77 MB/s) - ‘/home/rpd/Nav2/build/multirobot_map_merge/2011-08-09-12-22-52.pgm’ saved [16000058/16000058]
[19.426s] 
[19.438s] Checking MD5 sum of /home/rpd/Nav2/build/multirobot_map_merge/2011-08-09-12-22-52.pgm
[19.539s] /home/rpd/Nav2/build/multirobot_map_merge/2011-08-09-12-22-52.pgm: OK
[19.559s] --2026-04-15 11:10:22--  https://raw.githubusercontent.com/hrnr/m-explore-extra/master/map_merge/gmapping_maps/2012-01-28-11-12-01.pgm
[19.686s] Resolving raw.githubusercontent.com (raw.githubusercontent.com)... 185.199.109.133, 185.199.110.133, 185.199.108.133, ...
[19.698s] Connecting to raw.githubusercontent.com (raw.githubusercontent.com)|185.199.109.133|:443... connected.
[21.799s] HTTP request sent, awaiting response... 200 OK
[21.803s] Length: 16000058 (15M) [application/octet-stream]
[21.803s] Saving to: ‘/home/rpd/Nav2/build/multirobot_map_merge/2012-01-28-11-12-01.pgm’
[21.806s] 
[21.830s]      0K .......... .......... .......... .......... ..........  0% 1.96M 8s
[21.844s]     50K .......... .......... .......... .......... ..........  0% 3.05M 6s
[21.855s]    100K .......... .......... .......... .......... ..........  0% 4.97M 5s
[21.869s]    150K .......... .......... .......... .......... ..........  1% 3.43M 5s
[21.882s]    200K .......... .......... .......... .......... ..........  1% 3.71M 5s
[21.907s]    250K .......... .......... .......... .......... ..........  1% 1.89M 5s
[21.919s]    300K .......... .......... .......... .......... ..........  2% 4.09M 5s
[21.941s]    350K .......... .......... .......... .......... ..........  2% 2.79M 5s
[21.952s]    400K .......... .......... .......... .......... ..........  2% 3.53M 5s
[21.962s]    450K .......... .......... .......... .......... ..........  3% 4.88M 5s
[21.972s]    500K .......... .......... .......... .......... ..........  3% 4.17M 5s
[21.999s]    550K .......... .......... .......... .......... ..........  3% 2.07M 5s
[22.012s]    600K .......... .......... .......... .......... ..........  4% 2.91M 5s
[22.027s]    650K .......... .......... .......... .......... ..........  4% 3.28M 5s
[22.038s]    700K .......... .......... .......... .......... ..........  4% 4.71M 5s
[22.059s]    750K .......... .......... .......... .......... ..........  5% 3.12M 5s
[22.069s]    800K .......... .......... .......... .......... ..........  5% 3.23M 5s
[22.079s]    850K .......... .......... .......... .......... ..........  5% 4.83M 5s
[22.088s]    900K .......... .......... .......... .......... ..........  6% 5.35M 4s
[22.109s]    950K .......... .......... .......... .......... ..........  6% 2.24M 4s
[22.119s]   1000K .......... .......... .......... .......... ..........  6% 5.21M 4s
[22.131s]   1050K .......... .......... .......... .......... ..........  7% 3.87M 4s
[22.144s]   1100K .......... .......... .......... .......... ..........  7% 3.82M 4s
[22.156s]   1150K .......... .......... .......... .......... ..........  7% 5.86M 4s
[22.173s]   1200K .......... .......... .......... .......... ..........  7% 2.36M 4s
[22.186s]   1250K .......... .......... .......... .......... ..........  8% 4.22M 4s
[22.202s]   1300K .......... .......... .......... .......... ..........  8% 4.13M 4s
[22.218s]   1350K .......... .......... .......... .......... ..........  8% 2.60M 4s
[22.220s]   1400K .......... .......... .......... .......... ..........  9% 10.4M 4s
[22.235s]   1450K .......... .......... .......... .......... ..........  9% 3.88M 4s
[22.248s]   1500K .......... .......... .......... .......... ..........  9% 3.87M 4s
[22.257s]   1550K .......... .......... .......... .......... .......... 10% 5.48M 4s
[22.267s]   1600K .......... .......... .......... .......... .......... 10% 3.69M 4s
[22.282s]   1650K .......... .......... .......... .......... .......... 10% 3.37M 4s
[22.290s]   1700K .......... .......... .......... .......... .......... 11% 6.28M 4s
[22.313s]   1750K .......... .......... .......... .......... .......... 11% 2.09M 4s
[22.326s]   1800K .......... .......... .......... .......... .......... 11% 3.73M 4s
[22.338s]   1850K .......... .......... .......... .......... .......... 12% 4.40M 4s
[22.363s]   1900K .......... .......... .......... .......... .......... 12% 1.99M 4s
[22.409s]   1950K .......... .......... .......... .......... .......... 12% 1.13M 4s
[22.409s]   2000K .......... .......... .......... .......... .......... 13% 13.4M 4s
[22.431s]   2050K .......... .......... .......... .......... .......... 13% 2.29M 4s
[22.447s]   2100K .......... .......... .......... .......... .......... 13% 3.01M 4s
[22.463s]   2150K .......... .......... .......... .......... .......... 14% 3.26M 4s
[22.475s]   2200K .......... .......... .......... .......... .......... 14% 3.45M 4s
[22.485s]   2250K .......... .......... .......... .......... .......... 14% 5.30M 4s
[22.500s]   2300K .......... .......... .......... .......... .......... 15% 4.48M 4s
[22.515s]   2350K .......... .......... .......... .......... .......... 15% 3.63M 4s
[22.530s]   2400K .......... .......... .......... .......... .......... 15% 2.34M 4s
[22.539s]   2450K .......... .......... .......... .......... .......... 15% 5.53M 4s
[22.550s]   2500K .......... .......... .......... .......... .......... 16% 4.28M 4s
[22.564s]   2550K .......... .......... .......... .......... .......... 16% 3.54M 4s
[22.574s]   2600K .......... .......... .......... .......... .......... 16% 4.68M 4s
[22.599s]   2650K .......... .......... .......... .......... .......... 17% 1.94M 4s
[22.626s]   2700K .......... .......... .......... .......... .......... 17% 1.82M 4s
[22.649s]   2750K .......... .......... .......... .......... .......... 17% 2.83M 4s
[22.666s]   2800K .......... .......... .......... .......... .......... 18% 2.22M 4s
[22.678s]   2850K .......... .......... .......... .......... .......... 18% 4.03M 4s
[22.693s]   2900K .......... .......... .......... .......... .......... 18% 3.95M 4s
[22.712s]   2950K .......... .......... .......... .......... .......... 19% 2.21M 4s
[22.737s]   3000K .......... .......... .......... .......... .......... 19% 2.08M 4s
[22.750s]   3050K .......... .......... .......... .......... .......... 19% 3.31M 4s
[22.766s]   3100K .......... .......... .......... .......... .......... 20% 3.02M 4s
[22.784s]   3150K .......... .......... .......... .......... .......... 20% 4.02M 4s
[22.797s]   3200K .......... .......... .......... .......... .......... 20% 2.67M 4s
[22.807s]   3250K .......... .......... .......... .......... .......... 21% 5.03M 4s
[22.836s]   3300K .......... .......... .......... .......... .......... 21% 1.67M 4s
[22.845s]   3350K .......... .......... .......... .......... .......... 21% 5.44M 4s
[22.859s]   3400K .......... .......... .......... .......... .......... 22% 3.40M 4s
[22.869s]   3450K .......... .......... .......... .......... .......... 22% 6.27M 4s
[22.880s]   3500K .......... .......... .......... .......... .......... 22% 3.70M 4s
[22.897s]   3550K .......... .......... .......... .......... .......... 23% 3.71M 4s
[22.911s]   3600K .......... .......... .......... .......... .......... 23% 3.30M 4s
[22.918s]   3650K .......... .......... .......... .......... .......... 23% 5.11M 4s
[22.949s]   3700K .......... .......... .......... .......... .......... 23% 1.55M 4s
[22.970s]   3750K .......... .......... .......... .......... .......... 24% 2.35M 4s
[22.981s]   3800K .......... .......... .......... .......... .......... 24% 4.30M 4s
[22.997s]   3850K .......... .......... .......... .......... .......... 24% 3.21M 4s
[23.007s]   3900K .......... .......... .......... .......... .......... 25% 5.02M 4s
[23.021s]   3950K .......... .......... .......... .......... .......... 25% 5.93M 4s
[23.039s]   4000K .......... .......... .......... .......... .......... 25% 2.12M 4s
[23.052s]   4050K .......... .......... .......... .......... .......... 26% 4.06M 4s
[23.062s]   4100K .......... .......... .......... .......... .......... 26% 5.06M 3s
[23.076s]   4150K .......... .......... .......... .......... .......... 26% 2.99M 3s
[23.087s]   4200K .......... .......... .......... .......... .......... 27% 4.57M 3s
[23.097s]   4250K .......... .......... .......... .......... .......... 27% 4.77M 3s
[23.110s]   4300K .......... .......... .......... .......... .......... 27% 3.56M 3s
[23.122s]   4350K .......... .......... .......... .......... .......... 28% 7.14M 3s
[23.141s]   4400K .......... .......... .......... .......... .......... 28% 2.02M 3s
[23.152s]   4450K .......... .......... .......... .......... .......... 28% 4.46M 3s
[23.165s]   4500K .......... .......... .......... .......... .......... 29% 4.27M 3s
[23.176s]   4550K .......... .......... .......... .......... .......... 29% 4.02M 3s
[23.184s]   4600K .......... .......... .......... .......... .......... 29% 5.56M 3s
[23.196s]   4650K .......... .......... .......... .......... .......... 30% 4.20M 3s
[23.208s]   4700K .......... .......... .......... .......... .......... 30% 5.68M 3s
[23.218s]   4750K .......... .......... .......... .......... .......... 30% 5.50M 3s
[23.235s]   4800K .......... .......... .......... .......... .......... 31% 2.27M 3s
[23.252s]   4850K .......... .......... .......... .......... .......... 31% 2.94M 3s
[23.266s]   4900K .......... .......... .......... .......... .......... 31% 3.57M 3s
[23.275s]   4950K .......... .......... .......... .......... .......... 31% 5.03M 3s
[23.285s]   5000K .......... .......... .......... .......... .......... 32% 5.45M 3s
[23.295s]   5050K .......... .......... .......... .......... .......... 32% 5.01M 3s
[23.303s]   5100K .......... .......... .......... .......... .......... 32% 5.24M 3s
[23.327s]   5150K .......... .......... .......... .......... .......... 33% 6.41M 3s
[23.339s]   5200K .......... .......... .......... .......... .......... 33% 1.73M 3s
[23.365s]   5250K .......... .......... .......... .......... .......... 33% 2.11M 3s
[23.377s]   5300K .......... .......... .......... .......... .......... 34% 4.15M 3s
[23.388s]   5350K .......... .......... .......... .......... .......... 34% 4.00M 3s
[23.398s]   5400K .......... .......... .......... .......... .......... 34% 4.17M 3s
[23.406s]   5450K .......... .......... .......... .......... .......... 35% 6.12M 3s
[23.429s]   5500K .......... .......... .......... .......... .......... 35% 2.09M 3s
[23.451s]   5550K .......... .......... .......... .......... .......... 35% 2.88M 3s
[23.464s]   5600K .......... .......... .......... .......... .......... 36% 3.32M 3s
[23.473s]   5650K .......... .......... .......... .......... .......... 36% 4.06M 3s
[23.483s]   5700K .......... .......... .......... .......... .......... 36% 4.76M 3s
[23.502s]   5750K .......... .......... .......... .......... .......... 37% 3.37M 3s
[23.513s]   5800K .......... .......... .......... .......... .......... 37% 19.9M 3s
[23.515s]   5850K .......... .......... .......... .......... .......... 37% 4.07M 3s
[23.533s]   5900K .......... .......... .......... .......... .......... 38% 2.52M 3s
[23.548s]   5950K .......... .......... .......... .......... .......... 38% 3.44M 3s
[23.560s]   6000K .......... .......... .......... .......... .......... 38% 3.30M 3s
[23.569s]   6050K .......... .......... .......... .......... .......... 39% 5.62M 3s
[23.582s]   6100K .......... .......... .......... .......... .......... 39% 4.35M 3s
[23.590s]   6150K .......... .......... .......... .......... .......... 39% 4.88M 3s
[23.604s]   6200K .......... .......... .......... .......... .......... 39% 3.47M 3s
[23.614s]   6250K .......... .......... .......... .......... .......... 40% 6.02M 3s
[23.626s]   6300K .......... .......... .......... .......... .......... 40% 3.62M 3s
[23.635s]   6350K .......... .......... .......... .......... .......... 40% 19.3M 3s
[23.651s]   6400K .......... .......... .......... .......... .......... 41% 2.17M 3s
[23.661s]   6450K .......... .......... .......... .......... .......... 41% 4.91M 3s
[23.673s]   6500K .......... .......... .......... .......... .......... 41% 4.11M 3s
[23.688s]   6550K .......... .......... .......... .......... .......... 42% 3.20M 3s
[23.699s]   6600K .......... .......... .......... .......... .......... 42% 4.47M 3s
[23.707s]   6650K .......... .......... .......... .......... .......... 42% 6.60M 3s
[23.715s]   6700K .......... .......... .......... .......... .......... 43% 6.15M 3s
[23.729s]   6750K .......... .......... .......... .......... .......... 43% 4.14M 2s
[23.758s]   6800K .......... .......... .......... .......... .......... 43% 1.68M 3s
[23.764s]   6850K .......... .......... .......... .......... .......... 44% 5.76M 2s
[23.771s]   6900K .......... .......... .......... .......... .......... 44% 6.43M 2s
[23.779s]   6950K .......... .......... .......... .......... .......... 44% 5.93M 2s
[23.790s]   7000K .......... .......... .......... .......... .......... 45% 5.49M 2s
[23.797s]   7050K .......... .......... .......... .......... .......... 45% 5.68M 2s
[23.813s]   7100K .......... .......... .......... .......... .......... 45% 3.07M 2s
[23.824s]   7150K .......... .......... .......... .......... .......... 46% 5.56M 2s
[23.832s]   7200K .......... .......... .......... .......... .......... 46% 4.61M 2s
[23.841s]   7250K .......... .......... .......... .......... .......... 46% 5.50M 2s
[23.863s]   7300K .......... .......... .......... .......... .......... 47% 2.30M 2s
[23.872s]   7350K .......... .......... .......... .......... .......... 47% 7.16M 2s
[23.883s]   7400K .......... .......... .......... .......... .......... 47% 3.60M 2s
[23.892s]   7450K .......... .......... .......... .......... .......... 47% 5.04M 2s
[23.903s]   7500K .......... .......... .......... .......... .......... 48% 5.03M 2s
[23.919s]   7550K .......... .......... .......... .......... .......... 48% 3.94M 2s
[23.925s]   7600K .......... .......... .......... .......... .......... 48% 4.96M 2s
[23.958s]   7650K .......... .......... .......... .......... .......... 49% 1.57M 2s
[23.966s]   7700K .......... .......... .......... .......... .......... 49% 6.32M 2s
[23.971s]   7750K .......... .......... .......... .......... .......... 49% 6.87M 2s
[23.982s]   7800K .......... .......... .......... .......... .......... 50% 4.12M 2s
[23.988s]   7850K .......... .......... .......... .......... .......... 50% 7.95M 2s
[23.998s]   7900K .......... .......... .......... .......... .......... 50% 4.98M 2s
[24.008s]   7950K .......... .......... .......... .......... .......... 51% 6.45M 2s
[24.018s]   8000K .......... .......... .......... .......... .......... 51% 4.04M 2s
[24.028s]   8050K .......... .......... .......... .......... .......... 51% 6.08M 2s
[24.044s]   8100K .......... .......... .......... .......... .......... 52% 2.64M 2s
[24.062s]   8150K .......... .......... .......... .......... .......... 52% 3.14M 2s
[24.065s]   8200K .......... .......... .......... .......... .......... 52% 10.3M 2s
[24.091s]   8250K .......... .......... .......... .......... .......... 53% 2.08M 2s
[24.093s]   8300K .......... .......... .......... .......... .......... 53% 9.88M 2s
[24.111s]   8350K .......... .......... .......... .......... .......... 53% 3.43M 2s
[24.116s]   8400K .......... .......... .......... .......... .......... 54% 5.35M 2s
[24.124s]   8450K .......... .......... .......... .......... .......... 54% 6.74M 2s
[24.140s]   8500K .......... .......... .......... .......... .......... 54% 2.92M 2s
[24.155s]   8550K .......... .......... .......... .......... .......... 55% 3.43M 2s
[24.169s]   8600K .......... .......... .......... .......... .......... 55% 4.71M 2s
[24.173s]   8650K .......... .......... .......... .......... .......... 55% 5.80M 2s
[24.183s]   8700K .......... .......... .......... .......... .......... 55% 4.89M 2s
[24.196s]   8750K .......... .......... .......... .......... .......... 56% 7.97M 2s
[24.204s]   8800K .......... .......... .......... .......... .......... 56% 3.47M 2s
[24.215s]   8850K .......... .......... .......... .......... .......... 56% 4.32M 2s
[24.220s]   8900K .......... .......... .......... .......... .......... 57% 10.0M 2s
[24.233s]   8950K .......... .......... .......... .......... .......... 57% 3.64M 2s
[24.239s]   9000K .......... .......... .......... .......... .......... 57% 8.74M 2s
[24.248s]   9050K .......... .......... .......... .......... .......... 58% 5.22M 2s
[24.262s]   9100K .......... .......... .......... .......... .......... 58% 3.64M 2s
[24.270s]   9150K .......... .......... .......... .......... .......... 58% 8.75M 2s
[24.286s]   9200K .......... .......... .......... .......... .......... 59% 2.71M 2s
[24.289s]   9250K .......... .......... .......... .......... .......... 59% 14.7M 2s
[24.300s]   9300K .......... .......... .......... .......... .......... 59% 4.54M 2s
[24.304s]   9350K .......... .......... .......... .......... .......... 60% 9.62M 2s
[24.317s]   9400K .......... .......... .......... .......... .......... 60% 4.77M 2s
[24.322s]   9450K .......... .......... .......... .......... .......... 60% 6.68M 2s
[24.328s]   9500K .......... .......... .......... .......... .......... 61% 7.73M 2s
[24.340s]   9550K .......... .......... .......... .......... .......... 61% 5.74M 2s
[24.347s]   9600K .......... .......... .......... .......... .......... 61% 4.79M 2s
[24.364s]   9650K .......... .......... .......... .......... .......... 62% 3.11M 2s
[24.371s]   9700K .......... .......... .......... .......... .......... 62% 5.66M 2s
[24.381s]   9750K .......... .......... .......... .......... .......... 62% 4.80M 2s
[24.393s]   9800K .......... .......... .......... .......... .......... 63% 6.04M 2s
[24.398s]   9850K .......... .......... .......... .......... .......... 63% 5.72M 2s
[24.407s]   9900K .......... .......... .......... .......... .......... 63% 5.34M 1s
[24.421s]   9950K .......... .......... .......... .......... .......... 63% 5.39M 1s
[24.423s]  10000K .......... .......... .......... .......... .......... 64% 6.99M 1s
[24.442s]  10050K .......... .......... .......... .......... .......... 64% 2.58M 1s
[24.447s]  10100K .......... .......... .......... .......... .......... 64% 9.97M 1s
[24.465s]  10150K .......... .......... .......... .......... .......... 65% 3.51M 1s
[24.469s]  10200K .......... .......... .......... .......... .......... 65% 5.89M 1s
[24.485s]  10250K .......... .......... .......... .......... .......... 65% 3.43M 1s
[24.490s]  10300K .......... .......... .......... .......... .......... 66% 8.49M 1s
[24.501s]  10350K .......... .......... .......... .......... .......... 66% 5.21M 1s
[24.511s]  10400K .......... .......... .......... .......... .......... 66% 5.67M 1s
[24.525s]  10450K .......... .......... .......... .......... .......... 67% 3.01M 1s
[24.533s]  10500K .......... .......... .......... .......... .......... 67% 6.28M 1s
[24.542s]  10550K .......... .......... .......... .......... .......... 67% 5.59M 1s
[24.547s]  10600K .......... .......... .......... .......... .......... 68% 6.87M 1s
[24.572s]  10650K .......... .......... .......... .......... .......... 68% 1.94M 1s
[24.584s]  10700K .......... .......... .......... .......... .......... 68% 4.02M 1s
[24.595s]  10750K .......... .......... .......... .......... .......... 69% 5.70M 1s
[24.601s]  10800K .......... .......... .......... .......... .......... 69% 5.94M 1s
[24.613s]  10850K .......... .......... .......... .......... .......... 69% 4.65M 1s
[24.619s]  10900K .......... .......... .......... .......... .......... 70% 6.72M 1s
[24.628s]  10950K .......... .......... .......... .......... .......... 70% 7.64M 1s
[24.632s]  11000K .......... .......... .......... .......... .......... 70% 6.97M 1s
[24.644s]  11050K .......... .......... .......... .......... .......... 71% 4.19M 1s
[24.651s]  11100K .......... .......... .......... .......... .......... 71% 6.93M 1s
[24.659s]  11150K .......... .......... .......... .......... .......... 71% 8.46M 1s
[24.672s]  11200K .......... .......... .......... .......... .......... 71% 3.27M 1s
[24.683s]  11250K .......... .......... .......... .......... .......... 72% 4.64M 1s
[24.691s]  11300K .......... .......... .......... .......... .......... 72% 6.19M 1s
[24.703s]  11350K .......... .......... .......... .......... .......... 72% 4.93M 1s
[24.706s]  11400K .......... .......... .......... .......... .......... 73% 8.49M 1s
[24.714s]  11450K .......... .......... .......... .......... .......... 73% 5.76M 1s
[24.722s]  11500K .......... .......... .......... .......... .......... 73% 8.24M 1s
[24.731s]  11550K .......... .......... .......... .......... .......... 74% 4.67M 1s
[24.743s]  11600K .......... .......... .......... .......... .......... 74% 4.38M 1s
[24.751s]  11650K .......... .......... .......... .......... .......... 74% 6.48M 1s
[24.763s]  11700K .......... .......... .......... .......... .......... 75% 5.70M 1s
[24.774s]  11750K .......... .......... .......... .......... .......... 75% 3.75M 1s
[24.791s]  11800K .......... .......... .......... .......... .......... 75% 2.41M 1s
[24.799s]  11850K .......... .......... .......... .......... .......... 76% 6.03M 1s
[24.809s]  11900K .......... .......... .......... .......... .......... 76% 6.21M 1s
[24.835s]  11950K .......... .......... .......... .......... .......... 76% 2.27M 1s
[24.847s]  12000K .......... .......... .......... .......... .......... 77% 2.67M 1s
[24.855s]  12050K .......... .......... .......... .......... .......... 77% 6.03M 1s
[24.865s]  12100K .......... .......... .......... .......... .......... 77% 5.37M 1s
[24.873s]  12150K .......... .......... .......... .......... .......... 78% 5.48M 1s
[24.881s]  12200K .......... .......... .......... .......... .......... 78% 9.44M 1s
[24.884s]  12250K .......... .......... .......... .......... .......... 78% 8.03M 1s
[24.902s]  12300K .......... .......... .......... .......... .......... 79% 3.31M 1s
[24.904s]  12350K .......... .......... .......... .......... .......... 79% 19.5M 1s
[24.926s]  12400K .......... .......... .......... .......... .......... 79% 2.03M 1s
[24.931s]  12450K .......... .......... .......... .......... .......... 79% 8.63M 1s
[24.942s]  12500K .......... .......... .......... .......... .......... 80% 4.51M 1s
[24.955s]  12550K .......... .......... .......... .......... .......... 80% 3.71M 1s
[24.962s]  12600K .......... .......... .......... .......... .......... 80% 7.13M 1s
[24.979s]  12650K .......... .......... .......... .......... .......... 81% 8.47M 1s
[24.987s]  12700K .......... .......... .......... .......... .......... 81% 3.38M 1s
[24.993s]  12750K .......... .......... .......... .......... .......... 81% 4.83M 1s
[25.005s]  12800K .......... .......... .......... .......... .......... 82% 4.12M 1s
[25.012s]  12850K .......... .......... .......... .......... .......... 82% 7.91M 1s
[25.020s]  12900K .......... .......... .......... .......... .......... 82% 5.56M 1s
[25.028s]  12950K .......... .......... .......... .......... .......... 83% 5.53M 1s
[25.039s]  13000K .......... .......... .......... .......... .......... 83% 4.88M 1s
[25.044s]  13050K .......... .......... .......... .......... .......... 83% 10.8M 1s
[25.070s]  13100K .......... .......... .......... .......... .......... 84% 3.11M 1s
[25.070s]  13150K .......... .......... .......... .......... .......... 84% 6.59M 1s
[25.081s]  13200K .......... .......... .......... .......... .......... 84% 3.14M 1s
[25.091s]  13250K .......... .......... .......... .......... .......... 85% 7.12M 1s
[25.100s]  13300K .......... .......... .......... .......... .......... 85% 3.97M 1s
[25.116s]  13350K .......... .......... .......... .......... .......... 85% 3.10M 1s
[25.136s]  13400K .......... .......... .......... .......... .......... 86% 3.50M 1s
[25.140s]  13450K .......... .......... .......... .......... .......... 86% 7.41M 1s
[25.157s]  13500K .......... .......... .......... .......... .......... 86% 2.81M 1s
[25.170s]  13550K .......... .......... .......... .......... .......... 87% 4.89M 1s
[25.218s]  13600K .......... .......... .......... .......... .......... 87%  943K 0s
[25.220s]  13650K .......... .......... .......... .......... .......... 87% 16.5M 0s
[25.244s]  13700K .......... .......... .......... .......... .......... 87% 2.01M 0s
[25.268s]  13750K .......... .......... .......... .......... .......... 88% 2.36M 0s
[25.278s]  13800K .......... .......... .......... .......... .......... 88% 5.02M 0s
[25.301s]  13850K .......... .......... .......... .......... .......... 88% 1.98M 0s
[25.319s]  13900K .......... .......... .......... .......... .......... 89% 2.58M 0s
[25.334s]  13950K .......... .......... .......... .......... .......... 89% 4.06M 0s
[25.348s]  14000K .......... .......... .......... .......... .......... 89% 2.93M 0s
[25.363s]  14050K .......... .......... .......... .......... .......... 90% 4.36M 0s
[25.370s]  14100K .......... .......... .......... .......... .......... 90% 4.98M 0s
[25.374s]  14150K .......... .......... .......... .......... .......... 90% 8.53M 0s
[25.391s]  14200K .......... .......... .......... .......... .......... 91% 2.80M 0s
[25.398s]  14250K .......... .......... .......... .......... .......... 91% 7.79M 0s
[25.410s]  14300K .......... .......... .......... .......... .......... 91% 4.06M 0s
[25.423s]  14350K .......... .......... .......... .......... .......... 92% 6.17M 0s
[25.438s]  14400K .......... .......... .......... .......... .......... 92% 2.36M 0s
[25.443s]  14450K .......... .......... .......... .......... .......... 92% 10.3M 0s
[25.458s]  14500K .......... .......... .......... .......... .......... 93% 3.21M 0s
[25.466s]  14550K .......... .......... .......... .......... .......... 93% 7.38M 0s
[25.474s]  14600K .......... .......... .......... .......... .......... 93% 5.70M 0s
[25.497s]  14650K .......... .......... .......... .......... .......... 94% 2.05M 0s
[25.505s]  14700K .......... .......... .......... .......... .......... 94% 6.08M 0s
[25.520s]  14750K .......... .......... .......... .......... .......... 94% 4.39M 0s
[25.532s]  14800K .......... .......... .......... .......... .......... 95% 3.18M 0s
[25.539s]  14850K .......... .......... .......... .......... .......... 95% 6.61M 0s
[25.547s]  14900K .......... .......... .......... .......... .......... 95% 6.35M 0s
[25.556s]  14950K .......... .......... .......... .......... .......... 95% 6.91M 0s
[25.563s]  15000K .......... .......... .......... .......... .......... 96% 5.36M 0s
[25.573s]  15050K .......... .......... .......... .......... .......... 96% 6.56M 0s
[25.584s]  15100K .......... .......... .......... .......... .......... 96% 3.54M 0s
[25.611s]  15150K .......... .......... .......... .......... .......... 97% 2.03M 0s
[25.616s]  15200K .......... .......... .......... .......... .......... 97% 6.07M 0s
[25.629s]  15250K .......... .......... .......... .......... .......... 97% 4.93M 0s
[25.636s]  15300K .......... .......... .......... .......... .......... 98% 5.11M 0s
[25.650s]  15350K .......... .......... .......... .......... .......... 98% 3.41M 0s
[25.666s]  15400K .......... .......... .......... .......... .......... 98% 3.44M 0s
[25.675s]  15450K .......... .......... .......... .......... .......... 99% 4.53M 0s
[25.700s]  15500K .......... .......... .......... .......... .......... 99% 1.98M 0s
[25.707s]  15550K .......... .......... .......... .......... .......... 99% 9.16M 0s
[25.714s]  15600K .......... .......... .....                           100% 3.39M=3.9s
[25.714s] 
[25.714s] 2026-04-15 11:10:28 (3.90 MB/s) - ‘/home/rpd/Nav2/build/multirobot_map_merge/2012-01-28-11-12-01.pgm’ saved [16000058/16000058]
[25.714s] 
[25.722s] Checking MD5 sum of /home/rpd/Nav2/build/multirobot_map_merge/2012-01-28-11-12-01.pgm
[25.823s] /home/rpd/Nav2/build/multirobot_map_merge/2012-01-28-11-12-01.pgm: OK
[25.939s] -- Found gtest sources under '/opt/ros/jazzy/src/gtest_vendor': C++ tests using 'Google Test' will be built
[25.965s] -- Found Threads: TRUE  
[25.997s] -- Added test 'cppcheck' to perform static code analysis on C / C++ code
[26.005s] -- Configured cppcheck include dirs: /home/rpd/Nav2/src/m-explore-ros2/map_merge/include;$<BUILD_INTERFACE:/home/rpd/Nav2/src/m-explore-ros2/map_merge/include>
[26.005s] -- Configured cppcheck exclude dirs and/or files: 
[26.012s] -- Added test 'flake8' to check Python code syntax and style conventions
[26.012s] -- Configured 'flake8' exclude dirs and/or files: 
[26.018s] -- Added test 'lint_cmake' to check CMake code style
[26.021s] -- Added test 'pep257' to check Python code against some of the docstring style conventions in PEP 257
[26.039s] -- Added test 'uncrustify' to check C / C++ code style
[26.039s] -- Configured uncrustify additional arguments: 
[26.041s] -- Added test 'xmllint' to check XML markup files
[26.057s] -- Configuring done (25.9s)
[26.716s] -- Generating done (0.5s)
[26.741s] -- Build files have been written to: /home/rpd/Nav2/build/multirobot_map_merge
[26.804s] Invoked command in '/home/rpd/Nav2/build/multirobot_map_merge' returned '0': CMAKE_PREFIX_PATH=${CMAKE_PREFIX_PATH}:/opt/ros/jazzy /usr/bin/cmake /home/rpd/Nav2/src/m-explore-ros2/map_merge -DCMAKE_INSTALL_PREFIX=/home/rpd/Nav2/install/multirobot_map_merge
[26.805s] Invoking command in '/home/rpd/Nav2/build/multirobot_map_merge': CMAKE_PREFIX_PATH=${CMAKE_PREFIX_PATH}:/opt/ros/jazzy /usr/bin/cmake --build /home/rpd/Nav2/build/multirobot_map_merge -- -j4 -l4
[27.019s] [  8%] [32mBuilding CXX object gtest/CMakeFiles/gtest.dir/src/gtest-all.cc.o[0m
[27.027s] [ 16%] [32mBuilding CXX object CMakeFiles/combine_grids.dir/src/combine_grids/grid_compositor.cpp.o[0m
[27.037s] [ 25%] [32mBuilding CXX object gtest/CMakeFiles/gtest_main.dir/src/gtest_main.cc.o[0m
[27.056s] [ 33%] [32mBuilding CXX object CMakeFiles/combine_grids.dir/src/combine_grids/grid_warper.cpp.o[0m
[32.730s] [ 41%] [32m[1mLinking CXX static library libgtest_main.a[0m
[32.954s] [ 41%] Built target gtest_main
[32.992s] [ 50%] [32mBuilding CXX object CMakeFiles/combine_grids.dir/src/combine_grids/merging_pipeline.cpp.o[0m
[51.291s] [ 58%] [32m[1mLinking CXX static library libgtest.a[0m
[52.112s] [ 58%] Built target gtest
[54.642s] [ 66%] [32m[1mLinking CXX static library libcombine_grids.a[0m
[54.915s] [ 66%] Built target combine_grids
[55.021s] [ 75%] [32mBuilding CXX object CMakeFiles/map_merge.dir/src/map_merge.cpp.o[0m
[82.055s] [ 83%] [32m[1mLinking CXX executable map_merge[0m
[85.259s] [ 83%] Built target map_merge
[85.301s] [ 91%] [32mBuilding CXX object CMakeFiles/test_merging_pipeline.dir/test/test_merging_pipeline.cpp.o[0m
[92.566s] [100%] [32m[1mLinking CXX executable test_merging_pipeline[0m
[94.088s] [100%] Built target test_merging_pipeline
[94.111s] Invoked command in '/home/rpd/Nav2/build/multirobot_map_merge' returned '0': CMAKE_PREFIX_PATH=${CMAKE_PREFIX_PATH}:/opt/ros/jazzy /usr/bin/cmake --build /home/rpd/Nav2/build/multirobot_map_merge -- -j4 -l4
[94.113s] Invoking command in '/home/rpd/Nav2/build/multirobot_map_merge': CMAKE_PREFIX_PATH=${CMAKE_PREFIX_PATH}:/opt/ros/jazzy /usr/bin/cmake --install /home/rpd/Nav2/build/multirobot_map_merge
[94.129s] -- Install configuration: ""
[94.130s] -- Installing: /home/rpd/Nav2/install/multirobot_map_merge/include/map_merge/
[94.130s] -- Installing: /home/rpd/Nav2/install/multirobot_map_merge/include/map_merge//ros1_names.hpp
[94.130s] -- Installing: /home/rpd/Nav2/install/multirobot_map_merge/include/map_merge//map_merge.h
[94.130s] -- Installing: /home/rpd/Nav2/install/multirobot_map_merge/share/multirobot_map_merge/launch
[94.130s] -- Installing: /home/rpd/Nav2/install/multirobot_map_merge/share/multirobot_map_merge/launch/map_merge.launch.py
[94.131s] -- Installing: /home/rpd/Nav2/install/multirobot_map_merge/share/multirobot_map_merge/launch/from_map_server.launch.py
[94.131s] -- Installing: /home/rpd/Nav2/install/multirobot_map_merge/share/multirobot_map_merge/launch/tb3_simulation
[94.132s] -- Installing: /home/rpd/Nav2/install/multirobot_map_merge/share/multirobot_map_merge/launch/tb3_simulation/bringup_launch.py
[94.132s] -- Installing: /home/rpd/Nav2/install/multirobot_map_merge/share/multirobot_map_merge/launch/tb3_simulation/worlds
[94.132s] -- Installing: /home/rpd/Nav2/install/multirobot_map_merge/share/multirobot_map_merge/launch/tb3_simulation/worlds/world_only.model
[94.133s] -- Installing: /home/rpd/Nav2/install/multirobot_map_merge/share/multirobot_map_merge/launch/tb3_simulation/multi_tb3_simulation_launch.py
[94.134s] -- Installing: /home/rpd/Nav2/install/multirobot_map_merge/share/multirobot_map_merge/launch/tb3_simulation/config
[94.134s] -- Installing: /home/rpd/Nav2/install/multirobot_map_merge/share/multirobot_map_merge/launch/tb3_simulation/config/nav2_multirobot_params_1.yaml
[94.134s] -- Installing: /home/rpd/Nav2/install/multirobot_map_merge/share/multirobot_map_merge/launch/tb3_simulation/config/nav2_multirobot_params_2.yaml
[94.135s] -- Installing: /home/rpd/Nav2/install/multirobot_map_merge/share/multirobot_map_merge/launch/tb3_simulation/tb3_simulation_launch.py
[94.135s] -- Installing: /home/rpd/Nav2/install/multirobot_map_merge/share/multirobot_map_merge/launch/tb3_simulation/slam_toolbox.py
[94.136s] -- Installing: /home/rpd/Nav2/install/multirobot_map_merge/share/multirobot_map_merge/launch/map_merge.rviz
[94.136s] -- Installing: /home/rpd/Nav2/install/multirobot_map_merge/share/multirobot_map_merge/config
[94.136s] -- Installing: /home/rpd/Nav2/install/multirobot_map_merge/share/multirobot_map_merge/config/params.yaml
[94.137s] -- Installing: /home/rpd/Nav2/install/multirobot_map_merge/lib/libcombine_grids.a
[94.139s] -- Installing: /home/rpd/Nav2/install/multirobot_map_merge/lib/multirobot_map_merge/map_merge
[94.153s] -- Set non-toolchain portion of runtime path of "/home/rpd/Nav2/install/multirobot_map_merge/lib/multirobot_map_merge/map_merge" to ""
[94.154s] -- Installing: /home/rpd/Nav2/install/multirobot_map_merge/share/multirobot_map_merge/environment/library_path.sh
[94.154s] -- Installing: /home/rpd/Nav2/install/multirobot_map_merge/share/multirobot_map_merge/environment/library_path.dsv
[94.154s] -- Installing: /home/rpd/Nav2/install/multirobot_map_merge/share/ament_index/resource_index/package_run_dependencies/multirobot_map_merge
[94.154s] -- Installing: /home/rpd/Nav2/install/multirobot_map_merge/share/ament_index/resource_index/parent_prefix_path/multirobot_map_merge
[94.155s] -- Installing: /home/rpd/Nav2/install/multirobot_map_merge/share/multirobot_map_merge/environment/ament_prefix_path.sh
[94.155s] -- Installing: /home/rpd/Nav2/install/multirobot_map_merge/share/multirobot_map_merge/environment/ament_prefix_path.dsv
[94.155s] -- Installing: /home/rpd/Nav2/install/multirobot_map_merge/share/multirobot_map_merge/environment/path.sh
[94.155s] -- Installing: /home/rpd/Nav2/install/multirobot_map_merge/share/multirobot_map_merge/environment/path.dsv
[94.155s] -- Installing: /home/rpd/Nav2/install/multirobot_map_merge/share/multirobot_map_merge/local_setup.bash
[94.156s] -- Installing: /home/rpd/Nav2/install/multirobot_map_merge/share/multirobot_map_merge/local_setup.sh
[94.156s] -- Installing: /home/rpd/Nav2/install/multirobot_map_merge/share/multirobot_map_merge/local_setup.zsh
[94.156s] -- Installing: /home/rpd/Nav2/install/multirobot_map_merge/share/multirobot_map_merge/local_setup.dsv
[94.156s] -- Installing: /home/rpd/Nav2/install/multirobot_map_merge/share/multirobot_map_merge/package.dsv
[94.156s] -- Installing: /home/rpd/Nav2/install/multirobot_map_merge/share/ament_index/resource_index/packages/multirobot_map_merge
[94.157s] -- Installing: /home/rpd/Nav2/install/multirobot_map_merge/share/multirobot_map_merge/cmake/ament_cmake_export_include_directories-extras.cmake
[94.157s] -- Installing: /home/rpd/Nav2/install/multirobot_map_merge/share/multirobot_map_merge/cmake/ament_cmake_export_libraries-extras.cmake
[94.157s] -- Installing: /home/rpd/Nav2/install/multirobot_map_merge/share/multirobot_map_merge/cmake/multirobot_map_mergeConfig.cmake
[94.157s] -- Installing: /home/rpd/Nav2/install/multirobot_map_merge/share/multirobot_map_merge/cmake/multirobot_map_mergeConfig-version.cmake
[94.157s] -- Installing: /home/rpd/Nav2/install/multirobot_map_merge/share/multirobot_map_merge/package.xml
[94.161s] Invoked command in '/home/rpd/Nav2/build/multirobot_map_merge' returned '0': CMAKE_PREFIX_PATH=${CMAKE_PREFIX_PATH}:/opt/ros/jazzy /usr/bin/cmake --install /home/rpd/Nav2/build/multirobot_map_merge
