running egg_info
writing ../../build/nav2/nav2.egg-info/PKG-INFO
writing dependency_links to ../../build/nav2/nav2.egg-info/dependency_links.txt
writing entry points to ../../build/nav2/nav2.egg-info/entry_points.txt
writing requirements to ../../build/nav2/nav2.egg-info/requires.txt
writing top-level names to ../../build/nav2/nav2.egg-info/top_level.txt
reading manifest file '../../build/nav2/nav2.egg-info/SOURCES.txt'
writing manifest file '../../build/nav2/nav2.egg-info/SOURCES.txt'
running build
running build_py
running install
running install_lib
running install_data
copying nav2/launch/slam.py -> /home/rpd/Nav2/install/nav2/share/nav2/launch
running install_egg_info
removing '/home/rpd/Nav2/install/nav2/lib/python3.12/site-packages/nav2-0.0.0-py3.12.egg-info' (and everything under it)
Copying ../../build/nav2/nav2.egg-info to /home/rpd/Nav2/install/nav2/lib/python3.12/site-packages/nav2-0.0.0-py3.12.egg-info
running install_scripts
Installing laser_node script to /home/rpd/Nav2/install/nav2/lib/nav2
Installing odom script to /home/rpd/Nav2/install/nav2/lib/nav2
writing list of installed files to '/home/rpd/Nav2/build/nav2/install.log'
