[0.035s] Invoking command in '/home/rpd/Nav2/build/explore_lite_msgs': CMAKE_PREFIX_PATH=${CMAKE_PREFIX_PATH}:/home/rpd/Nav2/install/nav2:/opt/ros/jazzy /usr/bin/cmake --build /home/rpd/Nav2/build/explore_lite_msgs -- -j4 -l4
[0.682s] [  0%] Built target ament_cmake_python_copy_explore_lite_msgs
[0.687s] [  2%] Built target explore_lite_msgs__rosidl_generator_type_description
[0.687s] [  5%] Built target explore_lite_msgs__cpp
[0.687s] [ 20%] Built target explore_lite_msgs__rosidl_generator_c
[0.687s] [ 29%] Built target explore_lite_msgs__rosidl_typesupport_fastrtps_c
[0.687s] [ 38%] Built target explore_lite_msgs__rosidl_typesupport_introspection_c
[0.688s] [ 47%] Built target explore_lite_msgs__rosidl_typesupport_cpp
[0.688s] [ 55%] Built target explore_lite_msgs__rosidl_typesupport_c
[0.688s] [ 64%] Built target explore_lite_msgs__rosidl_typesupport_fastrtps_cpp
[0.688s] [ 73%] Built target explore_lite_msgs__rosidl_typesupport_introspection_cpp
[0.688s] [ 73%] Built target explore_lite_msgs
[0.688s] [ 76%] Built target explore_lite_msgs__py
[0.688s] [ 82%] Built target explore_lite_msgs__rosidl_generator_py
[0.761s] [ 88%] Built target explore_lite_msgs_s__rosidl_typesupport_introspection_c
[0.784s] [ 94%] Built target explore_lite_msgs_s__rosidl_typesupport_fastrtps_c
[0.799s] running egg_info
[0.815s] [100%] Built target explore_lite_msgs_s__rosidl_typesupport_c
[0.838s] writing explore_lite_msgs.egg-info/PKG-INFO
[0.839s] writing dependency_links to explore_lite_msgs.egg-info/dependency_links.txt
[0.840s] writing top-level names to explore_lite_msgs.egg-info/top_level.txt
[0.973s] reading manifest file 'explore_lite_msgs.egg-info/SOURCES.txt'
[0.973s] writing manifest file 'explore_lite_msgs.egg-info/SOURCES.txt'
[1.090s] [100%] Built target ament_cmake_python_build_explore_lite_msgs_egg
[1.113s] Invoked command in '/home/rpd/Nav2/build/explore_lite_msgs' returned '0': CMAKE_PREFIX_PATH=${CMAKE_PREFIX_PATH}:/home/rpd/Nav2/install/nav2:/opt/ros/jazzy /usr/bin/cmake --build /home/rpd/Nav2/build/explore_lite_msgs -- -j4 -l4
[1.115s] Invoking command in '/home/rpd/Nav2/build/explore_lite_msgs': CMAKE_PREFIX_PATH=${CMAKE_PREFIX_PATH}:/home/rpd/Nav2/install/nav2:/opt/ros/jazzy /usr/bin/cmake --install /home/rpd/Nav2/build/explore_lite_msgs
[1.131s] -- Install configuration: ""
[1.132s] -- Up-to-date: /home/rpd/Nav2/install/explore_lite_msgs/share/ament_index/resource_index/rosidl_interfaces/explore_lite_msgs
[1.132s] -- Up-to-date: /home/rpd/Nav2/install/explore_lite_msgs/share/explore_lite_msgs/msg/ExploreStatus.json
[1.132s] -- Up-to-date: /home/rpd/Nav2/install/explore_lite_msgs/include/explore_lite_msgs/explore_lite_msgs
[1.132s] -- Up-to-date: /home/rpd/Nav2/install/explore_lite_msgs/include/explore_lite_msgs/explore_lite_msgs/msg
[1.132s] -- Up-to-date: /home/rpd/Nav2/install/explore_lite_msgs/include/explore_lite_msgs/explore_lite_msgs/msg/explore_status.h
[1.132s] -- Up-to-date: /home/rpd/Nav2/install/explore_lite_msgs/include/explore_lite_msgs/explore_lite_msgs/msg/detail
[1.132s] -- Installing: /home/rpd/Nav2/install/explore_lite_msgs/include/explore_lite_msgs/explore_lite_msgs/msg/detail/explore_status__type_support.c
[1.132s] -- Up-to-date: /home/rpd/Nav2/install/explore_lite_msgs/include/explore_lite_msgs/explore_lite_msgs/msg/detail/explore_status__description.c
[1.132s] -- Up-to-date: /home/rpd/Nav2/install/explore_lite_msgs/include/explore_lite_msgs/explore_lite_msgs/msg/detail/explore_status__functions.h
[1.132s] -- Up-to-date: /home/rpd/Nav2/install/explore_lite_msgs/include/explore_lite_msgs/explore_lite_msgs/msg/detail/explore_status__struct.h
[1.135s] -- Up-to-date: /home/rpd/Nav2/install/explore_lite_msgs/include/explore_lite_msgs/explore_lite_msgs/msg/detail/explore_status__type_support.h
[1.135s] -- Up-to-date: /home/rpd/Nav2/install/explore_lite_msgs/include/explore_lite_msgs/explore_lite_msgs/msg/detail/explore_status__functions.c
[1.135s] -- Up-to-date: /home/rpd/Nav2/install/explore_lite_msgs/include/explore_lite_msgs/explore_lite_msgs/msg/rosidl_generator_c__visibility_control.h
[1.135s] -- Up-to-date: /home/rpd/Nav2/install/explore_lite_msgs/share/explore_lite_msgs/environment/library_path.sh
[1.135s] -- Up-to-date: /home/rpd/Nav2/install/explore_lite_msgs/share/explore_lite_msgs/environment/library_path.dsv
[1.135s] -- Up-to-date: /home/rpd/Nav2/install/explore_lite_msgs/lib/libexplore_lite_msgs__rosidl_generator_c.so
[1.135s] -- Up-to-date: /home/rpd/Nav2/install/explore_lite_msgs/include/explore_lite_msgs/explore_lite_msgs
[1.135s] -- Up-to-date: /home/rpd/Nav2/install/explore_lite_msgs/include/explore_lite_msgs/explore_lite_msgs/msg
[1.135s] -- Up-to-date: /home/rpd/Nav2/install/explore_lite_msgs/include/explore_lite_msgs/explore_lite_msgs/msg/detail
[1.135s] -- Up-to-date: /home/rpd/Nav2/install/explore_lite_msgs/include/explore_lite_msgs/explore_lite_msgs/msg/detail/explore_status__rosidl_typesupport_fastrtps_c.h
[1.135s] -- Up-to-date: /home/rpd/Nav2/install/explore_lite_msgs/include/explore_lite_msgs/explore_lite_msgs/msg/rosidl_typesupport_fastrtps_c__visibility_control.h
[1.135s] -- Up-to-date: /home/rpd/Nav2/install/explore_lite_msgs/lib/libexplore_lite_msgs__rosidl_typesupport_fastrtps_c.so
[1.136s] -- Up-to-date: /home/rpd/Nav2/install/explore_lite_msgs/include/explore_lite_msgs/explore_lite_msgs
[1.136s] -- Up-to-date: /home/rpd/Nav2/install/explore_lite_msgs/include/explore_lite_msgs/explore_lite_msgs/msg
[1.136s] -- Up-to-date: /home/rpd/Nav2/install/explore_lite_msgs/include/explore_lite_msgs/explore_lite_msgs/msg/rosidl_typesupport_introspection_c__visibility_control.h
[1.136s] -- Up-to-date: /home/rpd/Nav2/install/explore_lite_msgs/include/explore_lite_msgs/explore_lite_msgs/msg/detail
[1.136s] -- Up-to-date: /home/rpd/Nav2/install/explore_lite_msgs/include/explore_lite_msgs/explore_lite_msgs/msg/detail/explore_status__rosidl_typesupport_introspection_c.h
[1.136s] -- Installing: /home/rpd/Nav2/install/explore_lite_msgs/include/explore_lite_msgs/explore_lite_msgs/msg/detail/explore_status__type_support.c
[1.136s] -- Up-to-date: /home/rpd/Nav2/install/explore_lite_msgs/lib/libexplore_lite_msgs__rosidl_typesupport_introspection_c.so
[1.136s] -- Up-to-date: /home/rpd/Nav2/install/explore_lite_msgs/lib/libexplore_lite_msgs__rosidl_typesupport_c.so
[1.136s] -- Up-to-date: /home/rpd/Nav2/install/explore_lite_msgs/include/explore_lite_msgs/explore_lite_msgs
[1.136s] -- Up-to-date: /home/rpd/Nav2/install/explore_lite_msgs/include/explore_lite_msgs/explore_lite_msgs/msg
[1.136s] -- Up-to-date: /home/rpd/Nav2/install/explore_lite_msgs/include/explore_lite_msgs/explore_lite_msgs/msg/rosidl_generator_cpp__visibility_control.hpp
[1.136s] -- Up-to-date: /home/rpd/Nav2/install/explore_lite_msgs/include/explore_lite_msgs/explore_lite_msgs/msg/detail
[1.136s] -- Up-to-date: /home/rpd/Nav2/install/explore_lite_msgs/include/explore_lite_msgs/explore_lite_msgs/msg/detail/explore_status__struct.hpp
[1.137s] -- Up-to-date: /home/rpd/Nav2/install/explore_lite_msgs/include/explore_lite_msgs/explore_lite_msgs/msg/detail/explore_status__traits.hpp
[1.138s] -- Up-to-date: /home/rpd/Nav2/install/explore_lite_msgs/include/explore_lite_msgs/explore_lite_msgs/msg/detail/explore_status__builder.hpp
[1.138s] -- Up-to-date: /home/rpd/Nav2/install/explore_lite_msgs/include/explore_lite_msgs/explore_lite_msgs/msg/detail/explore_status__type_support.hpp
[1.138s] -- Up-to-date: /home/rpd/Nav2/install/explore_lite_msgs/include/explore_lite_msgs/explore_lite_msgs/msg/explore_status.hpp
[1.138s] -- Up-to-date: /home/rpd/Nav2/install/explore_lite_msgs/include/explore_lite_msgs/explore_lite_msgs
[1.138s] -- Up-to-date: /home/rpd/Nav2/install/explore_lite_msgs/include/explore_lite_msgs/explore_lite_msgs/msg
[1.138s] -- Up-to-date: /home/rpd/Nav2/install/explore_lite_msgs/include/explore_lite_msgs/explore_lite_msgs/msg/rosidl_typesupport_fastrtps_cpp__visibility_control.h
[1.138s] -- Up-to-date: /home/rpd/Nav2/install/explore_lite_msgs/include/explore_lite_msgs/explore_lite_msgs/msg/detail
[1.138s] -- Up-to-date: /home/rpd/Nav2/install/explore_lite_msgs/include/explore_lite_msgs/explore_lite_msgs/msg/detail/dds_fastrtps
[1.138s] -- Up-to-date: /home/rpd/Nav2/install/explore_lite_msgs/include/explore_lite_msgs/explore_lite_msgs/msg/detail/explore_status__rosidl_typesupport_fastrtps_cpp.hpp
[1.138s] -- Up-to-date: /home/rpd/Nav2/install/explore_lite_msgs/lib/libexplore_lite_msgs__rosidl_typesupport_fastrtps_cpp.so
[1.138s] -- Up-to-date: /home/rpd/Nav2/install/explore_lite_msgs/include/explore_lite_msgs/explore_lite_msgs
[1.139s] -- Up-to-date: /home/rpd/Nav2/install/explore_lite_msgs/include/explore_lite_msgs/explore_lite_msgs/msg
[1.139s] -- Up-to-date: /home/rpd/Nav2/install/explore_lite_msgs/include/explore_lite_msgs/explore_lite_msgs/msg/detail
[1.139s] -- Up-to-date: /home/rpd/Nav2/install/explore_lite_msgs/include/explore_lite_msgs/explore_lite_msgs/msg/detail/explore_status__type_support.cpp
[1.139s] -- Up-to-date: /home/rpd/Nav2/install/explore_lite_msgs/include/explore_lite_msgs/explore_lite_msgs/msg/detail/explore_status__rosidl_typesupport_introspection_cpp.hpp
[1.139s] -- Up-to-date: /home/rpd/Nav2/install/explore_lite_msgs/lib/libexplore_lite_msgs__rosidl_typesupport_introspection_cpp.so
[1.139s] -- Up-to-date: /home/rpd/Nav2/install/explore_lite_msgs/lib/libexplore_lite_msgs__rosidl_typesupport_cpp.so
[1.139s] -- Up-to-date: /home/rpd/Nav2/install/explore_lite_msgs/share/explore_lite_msgs/environment/pythonpath.sh
[1.139s] -- Up-to-date: /home/rpd/Nav2/install/explore_lite_msgs/share/explore_lite_msgs/environment/pythonpath.dsv
[1.139s] -- Up-to-date: /home/rpd/Nav2/install/explore_lite_msgs/lib/python3.12/site-packages/explore_lite_msgs-1.0.0-py3.12.egg-info
[1.139s] -- Installing: /home/rpd/Nav2/install/explore_lite_msgs/lib/python3.12/site-packages/explore_lite_msgs-1.0.0-py3.12.egg-info/dependency_links.txt
[1.139s] -- Installing: /home/rpd/Nav2/install/explore_lite_msgs/lib/python3.12/site-packages/explore_lite_msgs-1.0.0-py3.12.egg-info/SOURCES.txt
[1.140s] -- Installing: /home/rpd/Nav2/install/explore_lite_msgs/lib/python3.12/site-packages/explore_lite_msgs-1.0.0-py3.12.egg-info/top_level.txt
[1.140s] -- Installing: /home/rpd/Nav2/install/explore_lite_msgs/lib/python3.12/site-packages/explore_lite_msgs-1.0.0-py3.12.egg-info/PKG-INFO
[1.140s] -- Up-to-date: /home/rpd/Nav2/install/explore_lite_msgs/lib/python3.12/site-packages/explore_lite_msgs
[1.140s] -- Up-to-date: /home/rpd/Nav2/install/explore_lite_msgs/lib/python3.12/site-packages/explore_lite_msgs/explore_lite_msgs_s__rosidl_typesupport_c.so
[1.140s] -- Up-to-date: /home/rpd/Nav2/install/explore_lite_msgs/lib/python3.12/site-packages/explore_lite_msgs/msg
[1.140s] -- Up-to-date: /home/rpd/Nav2/install/explore_lite_msgs/lib/python3.12/site-packages/explore_lite_msgs/msg/_explore_status.py
[1.140s] -- Up-to-date: /home/rpd/Nav2/install/explore_lite_msgs/lib/python3.12/site-packages/explore_lite_msgs/msg/__init__.py
[1.140s] -- Up-to-date: /home/rpd/Nav2/install/explore_lite_msgs/lib/python3.12/site-packages/explore_lite_msgs/msg/_explore_status_s.c
[1.140s] -- Up-to-date: /home/rpd/Nav2/install/explore_lite_msgs/lib/python3.12/site-packages/explore_lite_msgs/__init__.py
[1.140s] -- Up-to-date: /home/rpd/Nav2/install/explore_lite_msgs/lib/python3.12/site-packages/explore_lite_msgs/_explore_lite_msgs_s.ep.rosidl_typesupport_c.c
[1.140s] -- Up-to-date: /home/rpd/Nav2/install/explore_lite_msgs/lib/python3.12/site-packages/explore_lite_msgs/explore_lite_msgs_s__rosidl_typesupport_fastrtps_c.so
[1.140s] -- Up-to-date: /home/rpd/Nav2/install/explore_lite_msgs/lib/python3.12/site-packages/explore_lite_msgs/explore_lite_msgs_s__rosidl_typesupport_introspection_c.so
[1.141s] -- Up-to-date: /home/rpd/Nav2/install/explore_lite_msgs/lib/python3.12/site-packages/explore_lite_msgs/_explore_lite_msgs_s.ep.rosidl_typesupport_introspection_c.c
[1.141s] -- Up-to-date: /home/rpd/Nav2/install/explore_lite_msgs/lib/python3.12/site-packages/explore_lite_msgs/_explore_lite_msgs_s.ep.rosidl_typesupport_fastrtps_c.c
[1.194s] Listing '/home/rpd/Nav2/install/explore_lite_msgs/lib/python3.12/site-packages/explore_lite_msgs'...
[1.194s] Listing '/home/rpd/Nav2/install/explore_lite_msgs/lib/python3.12/site-packages/explore_lite_msgs/msg'...
[1.212s] -- Up-to-date: /home/rpd/Nav2/install/explore_lite_msgs/lib/python3.12/site-packages/explore_lite_msgs/explore_lite_msgs_s__rosidl_typesupport_fastrtps_c.so
[1.212s] -- Up-to-date: /home/rpd/Nav2/install/explore_lite_msgs/lib/python3.12/site-packages/explore_lite_msgs/explore_lite_msgs_s__rosidl_typesupport_introspection_c.so
[1.212s] -- Up-to-date: /home/rpd/Nav2/install/explore_lite_msgs/lib/python3.12/site-packages/explore_lite_msgs/explore_lite_msgs_s__rosidl_typesupport_c.so
[1.212s] -- Up-to-date: /home/rpd/Nav2/install/explore_lite_msgs/lib/libexplore_lite_msgs__rosidl_generator_py.so
[1.212s] -- Up-to-date: /home/rpd/Nav2/install/explore_lite_msgs/share/explore_lite_msgs/msg/ExploreStatus.idl
[1.212s] -- Up-to-date: /home/rpd/Nav2/install/explore_lite_msgs/share/explore_lite_msgs/msg/ExploreStatus.msg
[1.212s] -- Up-to-date: /home/rpd/Nav2/install/explore_lite_msgs/share/ament_index/resource_index/package_run_dependencies/explore_lite_msgs
[1.212s] -- Up-to-date: /home/rpd/Nav2/install/explore_lite_msgs/share/ament_index/resource_index/parent_prefix_path/explore_lite_msgs
[1.212s] -- Up-to-date: /home/rpd/Nav2/install/explore_lite_msgs/share/explore_lite_msgs/environment/ament_prefix_path.sh
[1.212s] -- Up-to-date: /home/rpd/Nav2/install/explore_lite_msgs/share/explore_lite_msgs/environment/ament_prefix_path.dsv
[1.213s] -- Up-to-date: /home/rpd/Nav2/install/explore_lite_msgs/share/explore_lite_msgs/environment/path.sh
[1.213s] -- Up-to-date: /home/rpd/Nav2/install/explore_lite_msgs/share/explore_lite_msgs/environment/path.dsv
[1.213s] -- Up-to-date: /home/rpd/Nav2/install/explore_lite_msgs/share/explore_lite_msgs/local_setup.bash
[1.213s] -- Up-to-date: /home/rpd/Nav2/install/explore_lite_msgs/share/explore_lite_msgs/local_setup.sh
[1.213s] -- Up-to-date: /home/rpd/Nav2/install/explore_lite_msgs/share/explore_lite_msgs/local_setup.zsh
[1.213s] -- Up-to-date: /home/rpd/Nav2/install/explore_lite_msgs/share/explore_lite_msgs/local_setup.dsv
[1.213s] -- Installing: /home/rpd/Nav2/install/explore_lite_msgs/share/explore_lite_msgs/package.dsv
[1.213s] -- Up-to-date: /home/rpd/Nav2/install/explore_lite_msgs/share/ament_index/resource_index/packages/explore_lite_msgs
[1.214s] -- Up-to-date: /home/rpd/Nav2/install/explore_lite_msgs/share/explore_lite_msgs/cmake/export_explore_lite_msgs__rosidl_generator_cExport.cmake
[1.214s] -- Up-to-date: /home/rpd/Nav2/install/explore_lite_msgs/share/explore_lite_msgs/cmake/export_explore_lite_msgs__rosidl_generator_cExport-noconfig.cmake
[1.214s] -- Up-to-date: /home/rpd/Nav2/install/explore_lite_msgs/share/explore_lite_msgs/cmake/export_explore_lite_msgs__rosidl_typesupport_fastrtps_cExport.cmake
[1.214s] -- Up-to-date: /home/rpd/Nav2/install/explore_lite_msgs/share/explore_lite_msgs/cmake/export_explore_lite_msgs__rosidl_typesupport_fastrtps_cExport-noconfig.cmake
[1.216s] -- Up-to-date: /home/rpd/Nav2/install/explore_lite_msgs/share/explore_lite_msgs/cmake/explore_lite_msgs__rosidl_typesupport_introspection_cExport.cmake
[1.217s] -- Up-to-date: /home/rpd/Nav2/install/explore_lite_msgs/share/explore_lite_msgs/cmake/explore_lite_msgs__rosidl_typesupport_introspection_cExport-noconfig.cmake
[1.217s] -- Up-to-date: /home/rpd/Nav2/install/explore_lite_msgs/share/explore_lite_msgs/cmake/explore_lite_msgs__rosidl_typesupport_cExport.cmake
[1.217s] -- Up-to-date: /home/rpd/Nav2/install/explore_lite_msgs/share/explore_lite_msgs/cmake/explore_lite_msgs__rosidl_typesupport_cExport-noconfig.cmake
[1.217s] -- Up-to-date: /home/rpd/Nav2/install/explore_lite_msgs/share/explore_lite_msgs/cmake/export_explore_lite_msgs__rosidl_generator_cppExport.cmake
[1.217s] -- Up-to-date: /home/rpd/Nav2/install/explore_lite_msgs/share/explore_lite_msgs/cmake/export_explore_lite_msgs__rosidl_typesupport_fastrtps_cppExport.cmake
[1.217s] -- Up-to-date: /home/rpd/Nav2/install/explore_lite_msgs/share/explore_lite_msgs/cmake/export_explore_lite_msgs__rosidl_typesupport_fastrtps_cppExport-noconfig.cmake
[1.217s] -- Up-to-date: /home/rpd/Nav2/install/explore_lite_msgs/share/explore_lite_msgs/cmake/explore_lite_msgs__rosidl_typesupport_introspection_cppExport.cmake
[1.217s] -- Up-to-date: /home/rpd/Nav2/install/explore_lite_msgs/share/explore_lite_msgs/cmake/explore_lite_msgs__rosidl_typesupport_introspection_cppExport-noconfig.cmake
[1.217s] -- Up-to-date: /home/rpd/Nav2/install/explore_lite_msgs/share/explore_lite_msgs/cmake/explore_lite_msgs__rosidl_typesupport_cppExport.cmake
[1.217s] -- Up-to-date: /home/rpd/Nav2/install/explore_lite_msgs/share/explore_lite_msgs/cmake/explore_lite_msgs__rosidl_typesupport_cppExport-noconfig.cmake
[1.217s] -- Up-to-date: /home/rpd/Nav2/install/explore_lite_msgs/share/explore_lite_msgs/cmake/export_explore_lite_msgs__rosidl_generator_pyExport.cmake
[1.217s] -- Up-to-date: /home/rpd/Nav2/install/explore_lite_msgs/share/explore_lite_msgs/cmake/export_explore_lite_msgs__rosidl_generator_pyExport-noconfig.cmake
[1.218s] -- Up-to-date: /home/rpd/Nav2/install/explore_lite_msgs/share/explore_lite_msgs/cmake/rosidl_cmake-extras.cmake
[1.218s] -- Up-to-date: /home/rpd/Nav2/install/explore_lite_msgs/share/explore_lite_msgs/cmake/ament_cmake_export_include_directories-extras.cmake
[1.218s] -- Up-to-date: /home/rpd/Nav2/install/explore_lite_msgs/share/explore_lite_msgs/cmake/ament_cmake_export_libraries-extras.cmake
[1.218s] -- Up-to-date: /home/rpd/Nav2/install/explore_lite_msgs/share/explore_lite_msgs/cmake/ament_cmake_export_targets-extras.cmake
[1.218s] -- Up-to-date: /home/rpd/Nav2/install/explore_lite_msgs/share/explore_lite_msgs/cmake/rosidl_cmake_export_typesupport_targets-extras.cmake
[1.218s] -- Up-to-date: /home/rpd/Nav2/install/explore_lite_msgs/share/explore_lite_msgs/cmake/ament_cmake_export_dependencies-extras.cmake
[1.218s] -- Up-to-date: /home/rpd/Nav2/install/explore_lite_msgs/share/explore_lite_msgs/cmake/rosidl_cmake_export_typesupport_libraries-extras.cmake
[1.218s] -- Up-to-date: /home/rpd/Nav2/install/explore_lite_msgs/share/explore_lite_msgs/cmake/explore_lite_msgsConfig.cmake
[1.218s] -- Up-to-date: /home/rpd/Nav2/install/explore_lite_msgs/share/explore_lite_msgs/cmake/explore_lite_msgsConfig-version.cmake
[1.218s] -- Up-to-date: /home/rpd/Nav2/install/explore_lite_msgs/share/explore_lite_msgs/package.xml
[1.223s] Invoked command in '/home/rpd/Nav2/build/explore_lite_msgs' returned '0': CMAKE_PREFIX_PATH=${CMAKE_PREFIX_PATH}:/home/rpd/Nav2/install/nav2:/opt/ros/jazzy /usr/bin/cmake --install /home/rpd/Nav2/build/explore_lite_msgs
