[0.146s] DEBUG:colcon:Command line arguments: ['/usr/bin/colcon', 'build']
[0.146s] DEBUG:colcon:Parsed command line arguments: Namespace(log_base=None, log_level=None, verb_name='build', build_base='build', install_base='install', merge_install=False, symlink_install=False, test_result_base=None, continue_on_error=False, executor='parallel', parallel_workers=4, event_handlers=None, ignore_user_meta=False, metas=['./colcon.meta'], base_paths=['.'], packages_ignore=None, packages_ignore_regex=None, paths=None, packages_up_to=None, packages_up_to_regex=None, packages_above=None, packages_above_and_dependencies=None, packages_above_depth=None, packages_select_by_dep=None, packages_skip_by_dep=None, packages_skip_up_to=None, packages_select_build_failed=False, packages_skip_build_finished=False, packages_select_test_failures=False, packages_skip_test_passed=False, packages_select=None, packages_skip=None, packages_select_regex=None, packages_skip_regex=None, packages_start=None, packages_end=None, allow_overriding=[], cmake_args=None, cmake_target=None, cmake_target_skip_unavailable=False, cmake_clean_cache=False, cmake_clean_first=False, cmake_force_configure=False, ament_cmake_args=None, catkin_cmake_args=None, catkin_skip_building_tests=False, verb_parser=<colcon_defaults.argument_parser.defaults.DefaultArgumentsDecorator object at 0xffff99a081a0>, verb_extension=<colcon_core.verb.build.BuildVerb object at 0xffff99bb1040>, main=<bound method BuildVerb.main of <colcon_core.verb.build.BuildVerb object at 0xffff99bb1040>>)
[0.205s] Level 1:colcon.colcon_core.package_discovery:discover_packages(colcon_meta) check parameters
[0.205s] Level 1:colcon.colcon_core.package_discovery:discover_packages(recursive) check parameters
[0.205s] Level 1:colcon.colcon_core.package_discovery:discover_packages(ignore) check parameters
[0.205s] Level 1:colcon.colcon_core.package_discovery:discover_packages(path) check parameters
[0.205s] Level 1:colcon.colcon_core.package_discovery:discover_packages(colcon_meta) discover
[0.205s] Level 1:colcon.colcon_core.package_discovery:discover_packages(recursive) discover
[0.205s] INFO:colcon.colcon_core.package_discovery:Crawling recursively for packages in '/home/rpd/Nav2'
[0.205s] Level 1:colcon.colcon_core.package_identification:_identify(.) by extensions ['ignore', 'ignore_ament_install']
[0.205s] Level 1:colcon.colcon_core.package_identification:_identify(.) by extension 'ignore'
[0.206s] Level 1:colcon.colcon_core.package_identification:_identify(.) by extension 'ignore_ament_install'
[0.206s] Level 1:colcon.colcon_core.package_identification:_identify(.) by extensions ['colcon_pkg']
[0.206s] Level 1:colcon.colcon_core.package_identification:_identify(.) by extension 'colcon_pkg'
[0.206s] Level 1:colcon.colcon_core.package_identification:_identify(.) by extensions ['colcon_meta']
[0.206s] Level 1:colcon.colcon_core.package_identification:_identify(.) by extension 'colcon_meta'
[0.206s] Level 1:colcon.colcon_core.package_identification:_identify(.) by extensions ['ros']
[0.206s] Level 1:colcon.colcon_core.package_identification:_identify(.) by extension 'ros'
[0.244s] Level 1:colcon.colcon_core.package_identification:_identify(.) by extensions ['cmake', 'python']
[0.244s] Level 1:colcon.colcon_core.package_identification:_identify(.) by extension 'cmake'
[0.244s] Level 1:colcon.colcon_core.package_identification:_identify(.) by extension 'python'
[0.244s] Level 1:colcon.colcon_core.package_identification:_identify(.) by extensions ['python_setup_py']
[0.244s] Level 1:colcon.colcon_core.package_identification:_identify(.) by extension 'python_setup_py'
[0.244s] Level 1:colcon.colcon_core.package_identification:_identify(build) by extensions ['ignore', 'ignore_ament_install']
[0.244s] Level 1:colcon.colcon_core.package_identification:_identify(build) by extension 'ignore'
[0.244s] Level 1:colcon.colcon_core.package_identification:_identify(build) ignored
[0.244s] Level 1:colcon.colcon_core.package_identification:_identify(install) by extensions ['ignore', 'ignore_ament_install']
[0.244s] Level 1:colcon.colcon_core.package_identification:_identify(install) by extension 'ignore'
[0.245s] Level 1:colcon.colcon_core.package_identification:_identify(install) ignored
[0.245s] Level 1:colcon.colcon_core.package_identification:_identify(log) by extensions ['ignore', 'ignore_ament_install']
[0.245s] Level 1:colcon.colcon_core.package_identification:_identify(log) by extension 'ignore'
[0.245s] Level 1:colcon.colcon_core.package_identification:_identify(log) ignored
[0.245s] Level 1:colcon.colcon_core.package_identification:_identify(src) by extensions ['ignore', 'ignore_ament_install']
[0.245s] Level 1:colcon.colcon_core.package_identification:_identify(src) by extension 'ignore'
[0.245s] Level 1:colcon.colcon_core.package_identification:_identify(src) by extension 'ignore_ament_install'
[0.245s] Level 1:colcon.colcon_core.package_identification:_identify(src) by extensions ['colcon_pkg']
[0.245s] Level 1:colcon.colcon_core.package_identification:_identify(src) by extension 'colcon_pkg'
[0.245s] Level 1:colcon.colcon_core.package_identification:_identify(src) by extensions ['colcon_meta']
[0.245s] Level 1:colcon.colcon_core.package_identification:_identify(src) by extension 'colcon_meta'
[0.245s] Level 1:colcon.colcon_core.package_identification:_identify(src) by extensions ['ros']
[0.245s] Level 1:colcon.colcon_core.package_identification:_identify(src) by extension 'ros'
[0.245s] Level 1:colcon.colcon_core.package_identification:_identify(src) by extensions ['cmake', 'python']
[0.245s] Level 1:colcon.colcon_core.package_identification:_identify(src) by extension 'cmake'
[0.245s] Level 1:colcon.colcon_core.package_identification:_identify(src) by extension 'python'
[0.245s] Level 1:colcon.colcon_core.package_identification:_identify(src) by extensions ['python_setup_py']
[0.245s] Level 1:colcon.colcon_core.package_identification:_identify(src) by extension 'python_setup_py'
[0.246s] Level 1:colcon.colcon_core.package_identification:_identify(src/m-explore-ros2) by extensions ['ignore', 'ignore_ament_install']
[0.246s] Level 1:colcon.colcon_core.package_identification:_identify(src/m-explore-ros2) by extension 'ignore'
[0.246s] Level 1:colcon.colcon_core.package_identification:_identify(src/m-explore-ros2) by extension 'ignore_ament_install'
[0.246s] Level 1:colcon.colcon_core.package_identification:_identify(src/m-explore-ros2) by extensions ['colcon_pkg']
[0.246s] Level 1:colcon.colcon_core.package_identification:_identify(src/m-explore-ros2) by extension 'colcon_pkg'
[0.246s] Level 1:colcon.colcon_core.package_identification:_identify(src/m-explore-ros2) by extensions ['colcon_meta']
[0.246s] Level 1:colcon.colcon_core.package_identification:_identify(src/m-explore-ros2) by extension 'colcon_meta'
[0.246s] Level 1:colcon.colcon_core.package_identification:_identify(src/m-explore-ros2) by extensions ['ros']
[0.246s] Level 1:colcon.colcon_core.package_identification:_identify(src/m-explore-ros2) by extension 'ros'
[0.246s] Level 1:colcon.colcon_core.package_identification:_identify(src/m-explore-ros2) by extensions ['cmake', 'python']
[0.246s] Level 1:colcon.colcon_core.package_identification:_identify(src/m-explore-ros2) by extension 'cmake'
[0.246s] Level 1:colcon.colcon_core.package_identification:_identify(src/m-explore-ros2) by extension 'python'
[0.246s] Level 1:colcon.colcon_core.package_identification:_identify(src/m-explore-ros2) by extensions ['python_setup_py']
[0.246s] Level 1:colcon.colcon_core.package_identification:_identify(src/m-explore-ros2) by extension 'python_setup_py'
[0.246s] Level 1:colcon.colcon_core.package_identification:_identify(src/m-explore-ros2/explore) by extensions ['ignore', 'ignore_ament_install']
[0.246s] Level 1:colcon.colcon_core.package_identification:_identify(src/m-explore-ros2/explore) by extension 'ignore'
[0.246s] Level 1:colcon.colcon_core.package_identification:_identify(src/m-explore-ros2/explore) by extension 'ignore_ament_install'
[0.247s] Level 1:colcon.colcon_core.package_identification:_identify(src/m-explore-ros2/explore) by extensions ['colcon_pkg']
[0.247s] Level 1:colcon.colcon_core.package_identification:_identify(src/m-explore-ros2/explore) by extension 'colcon_pkg'
[0.247s] Level 1:colcon.colcon_core.package_identification:_identify(src/m-explore-ros2/explore) by extensions ['colcon_meta']
[0.247s] Level 1:colcon.colcon_core.package_identification:_identify(src/m-explore-ros2/explore) by extension 'colcon_meta'
[0.247s] Level 1:colcon.colcon_core.package_identification:_identify(src/m-explore-ros2/explore) by extensions ['ros']
[0.247s] Level 1:colcon.colcon_core.package_identification:_identify(src/m-explore-ros2/explore) by extension 'ros'
[0.253s] DEBUG:colcon.colcon_core.package_identification:Package 'src/m-explore-ros2/explore' with type 'ros.ament_cmake' and name 'explore_lite'
[0.253s] Level 1:colcon.colcon_core.package_identification:_identify(src/m-explore-ros2/explore_lite_msgs) by extensions ['ignore', 'ignore_ament_install']
[0.253s] Level 1:colcon.colcon_core.package_identification:_identify(src/m-explore-ros2/explore_lite_msgs) by extension 'ignore'
[0.253s] Level 1:colcon.colcon_core.package_identification:_identify(src/m-explore-ros2/explore_lite_msgs) by extension 'ignore_ament_install'
[0.253s] Level 1:colcon.colcon_core.package_identification:_identify(src/m-explore-ros2/explore_lite_msgs) by extensions ['colcon_pkg']
[0.253s] Level 1:colcon.colcon_core.package_identification:_identify(src/m-explore-ros2/explore_lite_msgs) by extension 'colcon_pkg'
[0.253s] Level 1:colcon.colcon_core.package_identification:_identify(src/m-explore-ros2/explore_lite_msgs) by extensions ['colcon_meta']
[0.253s] Level 1:colcon.colcon_core.package_identification:_identify(src/m-explore-ros2/explore_lite_msgs) by extension 'colcon_meta'
[0.253s] Level 1:colcon.colcon_core.package_identification:_identify(src/m-explore-ros2/explore_lite_msgs) by extensions ['ros']
[0.253s] Level 1:colcon.colcon_core.package_identification:_identify(src/m-explore-ros2/explore_lite_msgs) by extension 'ros'
[0.254s] DEBUG:colcon.colcon_core.package_identification:Package 'src/m-explore-ros2/explore_lite_msgs' with type 'ros.ament_cmake' and name 'explore_lite_msgs'
[0.254s] Level 1:colcon.colcon_core.package_identification:_identify(src/m-explore-ros2/map_merge) by extensions ['ignore', 'ignore_ament_install']
[0.254s] Level 1:colcon.colcon_core.package_identification:_identify(src/m-explore-ros2/map_merge) by extension 'ignore'
[0.254s] Level 1:colcon.colcon_core.package_identification:_identify(src/m-explore-ros2/map_merge) by extension 'ignore_ament_install'
[0.255s] Level 1:colcon.colcon_core.package_identification:_identify(src/m-explore-ros2/map_merge) by extensions ['colcon_pkg']
[0.255s] Level 1:colcon.colcon_core.package_identification:_identify(src/m-explore-ros2/map_merge) by extension 'colcon_pkg'
[0.255s] Level 1:colcon.colcon_core.package_identification:_identify(src/m-explore-ros2/map_merge) by extensions ['colcon_meta']
[0.255s] Level 1:colcon.colcon_core.package_identification:_identify(src/m-explore-ros2/map_merge) by extension 'colcon_meta'
[0.255s] Level 1:colcon.colcon_core.package_identification:_identify(src/m-explore-ros2/map_merge) by extensions ['ros']
[0.255s] Level 1:colcon.colcon_core.package_identification:_identify(src/m-explore-ros2/map_merge) by extension 'ros'
[0.256s] DEBUG:colcon.colcon_core.package_identification:Package 'src/m-explore-ros2/map_merge' with type 'ros.ament_cmake' and name 'multirobot_map_merge'
[0.258s] Level 1:colcon.colcon_core.package_identification:_identify(src/nav2) by extensions ['ignore', 'ignore_ament_install']
[0.259s] Level 1:colcon.colcon_core.package_identification:_identify(src/nav2) by extension 'ignore'
[0.259s] Level 1:colcon.colcon_core.package_identification:_identify(src/nav2) by extension 'ignore_ament_install'
[0.259s] Level 1:colcon.colcon_core.package_identification:_identify(src/nav2) by extensions ['colcon_pkg']
[0.259s] Level 1:colcon.colcon_core.package_identification:_identify(src/nav2) by extension 'colcon_pkg'
[0.259s] Level 1:colcon.colcon_core.package_identification:_identify(src/nav2) by extensions ['colcon_meta']
[0.259s] Level 1:colcon.colcon_core.package_identification:_identify(src/nav2) by extension 'colcon_meta'
[0.259s] Level 1:colcon.colcon_core.package_identification:_identify(src/nav2) by extensions ['ros']
[0.259s] Level 1:colcon.colcon_core.package_identification:_identify(src/nav2) by extension 'ros'
[0.259s] DEBUG:colcon.colcon_core.package_identification:Package 'src/nav2' with type 'ros.ament_python' and name 'nav2'
[0.259s] Level 1:colcon.colcon_core.package_identification:_identify(src/rplidar_ros) by extensions ['ignore', 'ignore_ament_install']
[0.260s] Level 1:colcon.colcon_core.package_identification:_identify(src/rplidar_ros) by extension 'ignore'
[0.260s] Level 1:colcon.colcon_core.package_identification:_identify(src/rplidar_ros) by extension 'ignore_ament_install'
[0.260s] Level 1:colcon.colcon_core.package_identification:_identify(src/rplidar_ros) by extensions ['colcon_pkg']
[0.260s] Level 1:colcon.colcon_core.package_identification:_identify(src/rplidar_ros) by extension 'colcon_pkg'
[0.260s] Level 1:colcon.colcon_core.package_identification:_identify(src/rplidar_ros) by extensions ['colcon_meta']
[0.260s] Level 1:colcon.colcon_core.package_identification:_identify(src/rplidar_ros) by extension 'colcon_meta'
[0.260s] Level 1:colcon.colcon_core.package_identification:_identify(src/rplidar_ros) by extensions ['ros']
[0.260s] Level 1:colcon.colcon_core.package_identification:_identify(src/rplidar_ros) by extension 'ros'
[0.260s] DEBUG:colcon.colcon_core.package_identification:Package 'src/rplidar_ros' with type 'ros.ament_cmake' and name 'rplidar_ros'
[0.261s] Level 1:colcon.colcon_core.package_discovery:discover_packages(recursive) using defaults
[0.261s] Level 1:colcon.colcon_core.package_discovery:discover_packages(ignore) discover
[0.261s] Level 1:colcon.colcon_core.package_discovery:discover_packages(ignore) using defaults
[0.261s] Level 1:colcon.colcon_core.package_discovery:discover_packages(path) discover
[0.261s] Level 1:colcon.colcon_core.package_discovery:discover_packages(path) using defaults
[0.286s] Level 1:colcon.colcon_core.package_discovery:discover_packages(prefix_path) check parameters
[0.286s] Level 1:colcon.colcon_core.package_discovery:discover_packages(prefix_path) discover
[0.289s] DEBUG:colcon.colcon_installed_package_information.package_discovery:Found 5 installed packages in /home/rpd/Nav2/install
[0.292s] DEBUG:colcon.colcon_installed_package_information.package_discovery:Found 419 installed packages in /opt/ros/jazzy
[0.293s] Level 1:colcon.colcon_core.package_discovery:discover_packages(prefix_path) using defaults
[0.371s] Level 5:colcon.colcon_core.verb:set package 'explore_lite_msgs' build argument 'cmake_args' from command line to 'None'
[0.371s] Level 5:colcon.colcon_core.verb:set package 'explore_lite_msgs' build argument 'cmake_target' from command line to 'None'
[0.371s] Level 5:colcon.colcon_core.verb:set package 'explore_lite_msgs' build argument 'cmake_target_skip_unavailable' from command line to 'False'
[0.371s] Level 5:colcon.colcon_core.verb:set package 'explore_lite_msgs' build argument 'cmake_clean_cache' from command line to 'False'
[0.371s] Level 5:colcon.colcon_core.verb:set package 'explore_lite_msgs' build argument 'cmake_clean_first' from command line to 'False'
[0.371s] Level 5:colcon.colcon_core.verb:set package 'explore_lite_msgs' build argument 'cmake_force_configure' from command line to 'False'
[0.371s] Level 5:colcon.colcon_core.verb:set package 'explore_lite_msgs' build argument 'ament_cmake_args' from command line to 'None'
[0.371s] Level 5:colcon.colcon_core.verb:set package 'explore_lite_msgs' build argument 'catkin_cmake_args' from command line to 'None'
[0.371s] Level 5:colcon.colcon_core.verb:set package 'explore_lite_msgs' build argument 'catkin_skip_building_tests' from command line to 'False'
[0.371s] DEBUG:colcon.colcon_core.verb:Building package 'explore_lite_msgs' with the following arguments: {'ament_cmake_args': None, 'build_base': '/home/rpd/Nav2/build/explore_lite_msgs', 'catkin_cmake_args': None, 'catkin_skip_building_tests': False, 'cmake_args': None, 'cmake_clean_cache': False, 'cmake_clean_first': False, 'cmake_force_configure': False, 'cmake_target': None, 'cmake_target_skip_unavailable': False, 'install_base': '/home/rpd/Nav2/install/explore_lite_msgs', 'merge_install': False, 'path': '/home/rpd/Nav2/src/m-explore-ros2/explore_lite_msgs', 'symlink_install': False, 'test_result_base': None}
[0.372s] Level 5:colcon.colcon_core.verb:set package 'multirobot_map_merge' build argument 'cmake_args' from command line to 'None'
[0.372s] Level 5:colcon.colcon_core.verb:set package 'multirobot_map_merge' build argument 'cmake_target' from command line to 'None'
[0.372s] Level 5:colcon.colcon_core.verb:set package 'multirobot_map_merge' build argument 'cmake_target_skip_unavailable' from command line to 'False'
[0.372s] Level 5:colcon.colcon_core.verb:set package 'multirobot_map_merge' build argument 'cmake_clean_cache' from command line to 'False'
[0.372s] Level 5:colcon.colcon_core.verb:set package 'multirobot_map_merge' build argument 'cmake_clean_first' from command line to 'False'
[0.372s] Level 5:colcon.colcon_core.verb:set package 'multirobot_map_merge' build argument 'cmake_force_configure' from command line to 'False'
[0.372s] Level 5:colcon.colcon_core.verb:set package 'multirobot_map_merge' build argument 'ament_cmake_args' from command line to 'None'
[0.372s] Level 5:colcon.colcon_core.verb:set package 'multirobot_map_merge' build argument 'catkin_cmake_args' from command line to 'None'
[0.372s] Level 5:colcon.colcon_core.verb:set package 'multirobot_map_merge' build argument 'catkin_skip_building_tests' from command line to 'False'
[0.372s] DEBUG:colcon.colcon_core.verb:Building package 'multirobot_map_merge' with the following arguments: {'ament_cmake_args': None, 'build_base': '/home/rpd/Nav2/build/multirobot_map_merge', 'catkin_cmake_args': None, 'catkin_skip_building_tests': False, 'cmake_args': None, 'cmake_clean_cache': False, 'cmake_clean_first': False, 'cmake_force_configure': False, 'cmake_target': None, 'cmake_target_skip_unavailable': False, 'install_base': '/home/rpd/Nav2/install/multirobot_map_merge', 'merge_install': False, 'path': '/home/rpd/Nav2/src/m-explore-ros2/map_merge', 'symlink_install': False, 'test_result_base': None}
[0.372s] Level 5:colcon.colcon_core.verb:set package 'nav2' build argument 'cmake_args' from command line to 'None'
[0.372s] Level 5:colcon.colcon_core.verb:set package 'nav2' build argument 'cmake_target' from command line to 'None'
[0.372s] Level 5:colcon.colcon_core.verb:set package 'nav2' build argument 'cmake_target_skip_unavailable' from command line to 'False'
[0.372s] Level 5:colcon.colcon_core.verb:set package 'nav2' build argument 'cmake_clean_cache' from command line to 'False'
[0.372s] Level 5:colcon.colcon_core.verb:set package 'nav2' build argument 'cmake_clean_first' from command line to 'False'
[0.372s] Level 5:colcon.colcon_core.verb:set package 'nav2' build argument 'cmake_force_configure' from command line to 'False'
[0.372s] Level 5:colcon.colcon_core.verb:set package 'nav2' build argument 'ament_cmake_args' from command line to 'None'
[0.372s] Level 5:colcon.colcon_core.verb:set package 'nav2' build argument 'catkin_cmake_args' from command line to 'None'
[0.372s] Level 5:colcon.colcon_core.verb:set package 'nav2' build argument 'catkin_skip_building_tests' from command line to 'False'
[0.372s] DEBUG:colcon.colcon_core.verb:Building package 'nav2' with the following arguments: {'ament_cmake_args': None, 'build_base': '/home/rpd/Nav2/build/nav2', 'catkin_cmake_args': None, 'catkin_skip_building_tests': False, 'cmake_args': None, 'cmake_clean_cache': False, 'cmake_clean_first': False, 'cmake_force_configure': False, 'cmake_target': None, 'cmake_target_skip_unavailable': False, 'install_base': '/home/rpd/Nav2/install/nav2', 'merge_install': False, 'path': '/home/rpd/Nav2/src/nav2', 'symlink_install': False, 'test_result_base': None}
[0.373s] Level 5:colcon.colcon_core.verb:set package 'rplidar_ros' build argument 'cmake_args' from command line to 'None'
[0.373s] Level 5:colcon.colcon_core.verb:set package 'rplidar_ros' build argument 'cmake_target' from command line to 'None'
[0.373s] Level 5:colcon.colcon_core.verb:set package 'rplidar_ros' build argument 'cmake_target_skip_unavailable' from command line to 'False'
[0.373s] Level 5:colcon.colcon_core.verb:set package 'rplidar_ros' build argument 'cmake_clean_cache' from command line to 'False'
[0.373s] Level 5:colcon.colcon_core.verb:set package 'rplidar_ros' build argument 'cmake_clean_first' from command line to 'False'
[0.373s] Level 5:colcon.colcon_core.verb:set package 'rplidar_ros' build argument 'cmake_force_configure' from command line to 'False'
[0.373s] Level 5:colcon.colcon_core.verb:set package 'rplidar_ros' build argument 'ament_cmake_args' from command line to 'None'
[0.373s] Level 5:colcon.colcon_core.verb:set package 'rplidar_ros' build argument 'catkin_cmake_args' from command line to 'None'
[0.373s] Level 5:colcon.colcon_core.verb:set package 'rplidar_ros' build argument 'catkin_skip_building_tests' from command line to 'False'
[0.373s] DEBUG:colcon.colcon_core.verb:Building package 'rplidar_ros' with the following arguments: {'ament_cmake_args': None, 'build_base': '/home/rpd/Nav2/build/rplidar_ros', 'catkin_cmake_args': None, 'catkin_skip_building_tests': False, 'cmake_args': None, 'cmake_clean_cache': False, 'cmake_clean_first': False, 'cmake_force_configure': False, 'cmake_target': None, 'cmake_target_skip_unavailable': False, 'install_base': '/home/rpd/Nav2/install/rplidar_ros', 'merge_install': False, 'path': '/home/rpd/Nav2/src/rplidar_ros', 'symlink_install': False, 'test_result_base': None}
[0.373s] Level 5:colcon.colcon_core.verb:set package 'explore_lite' build argument 'cmake_args' from command line to 'None'
[0.373s] Level 5:colcon.colcon_core.verb:set package 'explore_lite' build argument 'cmake_target' from command line to 'None'
[0.373s] Level 5:colcon.colcon_core.verb:set package 'explore_lite' build argument 'cmake_target_skip_unavailable' from command line to 'False'
[0.373s] Level 5:colcon.colcon_core.verb:set package 'explore_lite' build argument 'cmake_clean_cache' from command line to 'False'
[0.373s] Level 5:colcon.colcon_core.verb:set package 'explore_lite' build argument 'cmake_clean_first' from command line to 'False'
[0.373s] Level 5:colcon.colcon_core.verb:set package 'explore_lite' build argument 'cmake_force_configure' from command line to 'False'
[0.373s] Level 5:colcon.colcon_core.verb:set package 'explore_lite' build argument 'ament_cmake_args' from command line to 'None'
[0.373s] Level 5:colcon.colcon_core.verb:set package 'explore_lite' build argument 'catkin_cmake_args' from command line to 'None'
[0.373s] Level 5:colcon.colcon_core.verb:set package 'explore_lite' build argument 'catkin_skip_building_tests' from command line to 'False'
[0.374s] DEBUG:colcon.colcon_core.verb:Building package 'explore_lite' with the following arguments: {'ament_cmake_args': None, 'build_base': '/home/rpd/Nav2/build/explore_lite', 'catkin_cmake_args': None, 'catkin_skip_building_tests': False, 'cmake_args': None, 'cmake_clean_cache': False, 'cmake_clean_first': False, 'cmake_force_configure': False, 'cmake_target': None, 'cmake_target_skip_unavailable': False, 'install_base': '/home/rpd/Nav2/install/explore_lite', 'merge_install': False, 'path': '/home/rpd/Nav2/src/m-explore-ros2/explore', 'symlink_install': False, 'test_result_base': None}
[0.374s] INFO:colcon.colcon_core.executor:Executing jobs using 'parallel' executor
[0.375s] DEBUG:colcon.colcon_parallel_executor.executor.parallel:run_until_complete
[0.376s] INFO:colcon.colcon_ros.task.ament_cmake.build:Building ROS package in '/home/rpd/Nav2/src/m-explore-ros2/explore_lite_msgs' with build type 'ament_cmake'
[0.376s] INFO:colcon.colcon_cmake.task.cmake.build:Building CMake package in '/home/rpd/Nav2/src/m-explore-ros2/explore_lite_msgs'
[0.378s] INFO:colcon.colcon_core.plugin_system:Skipping extension 'colcon_core.shell.bat': Not used on non-Windows systems
[0.378s] INFO:colcon.colcon_core.shell:Skip shell extension 'powershell' for command environment: Not usable outside of PowerShell
[0.378s] DEBUG:colcon.colcon_core.shell:Skip shell extension 'dsv' for command environment
[0.384s] INFO:colcon.colcon_ros.task.ament_cmake.build:Building ROS package in '/home/rpd/Nav2/src/m-explore-ros2/map_merge' with build type 'ament_cmake'
[0.384s] INFO:colcon.colcon_cmake.task.cmake.build:Building CMake package in '/home/rpd/Nav2/src/m-explore-ros2/map_merge'
[0.384s] INFO:colcon.colcon_core.shell:Skip shell extension 'powershell' for command environment: Not usable outside of PowerShell
[0.384s] DEBUG:colcon.colcon_core.shell:Skip shell extension 'dsv' for command environment
[0.390s] INFO:colcon.colcon_ros.task.ament_python.build:Building ROS package in '/home/rpd/Nav2/src/nav2' with build type 'ament_python'
[0.391s] Level 1:colcon.colcon_core.shell:create_environment_hook('nav2', 'ament_prefix_path')
[0.391s] INFO:colcon.colcon_core.shell:Creating environment hook '/home/rpd/Nav2/install/nav2/share/nav2/hook/ament_prefix_path.ps1'
[0.392s] INFO:colcon.colcon_core.shell:Creating environment descriptor '/home/rpd/Nav2/install/nav2/share/nav2/hook/ament_prefix_path.dsv'
[0.393s] INFO:colcon.colcon_core.shell:Creating environment hook '/home/rpd/Nav2/install/nav2/share/nav2/hook/ament_prefix_path.sh'
[0.394s] INFO:colcon.colcon_core.shell:Skip shell extension 'powershell' for command environment: Not usable outside of PowerShell
[0.394s] DEBUG:colcon.colcon_core.shell:Skip shell extension 'dsv' for command environment
[0.400s] INFO:colcon.colcon_ros.task.ament_cmake.build:Building ROS package in '/home/rpd/Nav2/src/rplidar_ros' with build type 'ament_cmake'
[0.400s] INFO:colcon.colcon_cmake.task.cmake.build:Building CMake package in '/home/rpd/Nav2/src/rplidar_ros'
[0.401s] INFO:colcon.colcon_core.shell:Skip shell extension 'powershell' for command environment: Not usable outside of PowerShell
[0.401s] DEBUG:colcon.colcon_core.shell:Skip shell extension 'dsv' for command environment
[0.414s] DEBUG:colcon.colcon_core.event_handler.log_command:Invoking command in '/home/rpd/Nav2/build/explore_lite_msgs': CMAKE_PREFIX_PATH=${CMAKE_PREFIX_PATH}:/home/rpd/Nav2/install/nav2:/opt/ros/jazzy /usr/bin/cmake --build /home/rpd/Nav2/build/explore_lite_msgs -- -j4 -l4
[0.419s] DEBUG:colcon.colcon_core.event_handler.log_command:Invoking command in '/home/rpd/Nav2/build/multirobot_map_merge': CMAKE_PREFIX_PATH=${CMAKE_PREFIX_PATH}:/home/rpd/Nav2/install/nav2:/opt/ros/jazzy /usr/bin/cmake --build /home/rpd/Nav2/build/multirobot_map_merge -- -j4 -l4
[1.143s] INFO:colcon.colcon_core.task.python.build:Building Python package in '/home/rpd/Nav2/src/nav2'
[1.144s] INFO:colcon.colcon_core.shell:Skip shell extension 'powershell' for command environment: Not usable outside of PowerShell
[1.144s] DEBUG:colcon.colcon_core.shell:Skip shell extension 'dsv' for command environment
[1.173s] DEBUG:colcon.colcon_core.event_handler.log_command:Invoking command in '/home/rpd/Nav2/build/rplidar_ros': CMAKE_PREFIX_PATH=${CMAKE_PREFIX_PATH}:/home/rpd/Nav2/install/nav2:/opt/ros/jazzy /usr/bin/cmake --build /home/rpd/Nav2/build/rplidar_ros -- -j4 -l4
[1.191s] DEBUG:colcon.colcon_core.event_handler.log_command:Invoked command in '/home/rpd/Nav2/build/multirobot_map_merge' returned '0': CMAKE_PREFIX_PATH=${CMAKE_PREFIX_PATH}:/home/rpd/Nav2/install/nav2:/opt/ros/jazzy /usr/bin/cmake --build /home/rpd/Nav2/build/multirobot_map_merge -- -j4 -l4
[1.224s] DEBUG:colcon.colcon_core.event_handler.log_command:Invoking command in '/home/rpd/Nav2/build/multirobot_map_merge': CMAKE_PREFIX_PATH=${CMAKE_PREFIX_PATH}:/home/rpd/Nav2/install/nav2:/opt/ros/jazzy /usr/bin/cmake --install /home/rpd/Nav2/build/multirobot_map_merge
[1.259s] Level 1:colcon.colcon_core.environment:create_environment_scripts_only(multirobot_map_merge)
[1.260s] DEBUG:colcon.colcon_core.event_handler.log_command:Invoked command in '/home/rpd/Nav2/build/multirobot_map_merge' returned '0': CMAKE_PREFIX_PATH=${CMAKE_PREFIX_PATH}:/home/rpd/Nav2/install/nav2:/opt/ros/jazzy /usr/bin/cmake --install /home/rpd/Nav2/build/multirobot_map_merge
[1.266s] Level 1:colcon.colcon_core.environment:checking '/home/rpd/Nav2/install/multirobot_map_merge' for CMake module files
[1.267s] Level 1:colcon.colcon_core.environment:checking '/home/rpd/Nav2/install/multirobot_map_merge' for CMake config files
[1.268s] Level 1:colcon.colcon_core.shell:create_environment_hook('multirobot_map_merge', 'cmake_prefix_path')
[1.269s] INFO:colcon.colcon_core.shell:Creating environment hook '/home/rpd/Nav2/install/multirobot_map_merge/share/multirobot_map_merge/hook/cmake_prefix_path.ps1'
[1.271s] INFO:colcon.colcon_core.shell:Creating environment descriptor '/home/rpd/Nav2/install/multirobot_map_merge/share/multirobot_map_merge/hook/cmake_prefix_path.dsv'
[1.272s] INFO:colcon.colcon_core.shell:Creating environment hook '/home/rpd/Nav2/install/multirobot_map_merge/share/multirobot_map_merge/hook/cmake_prefix_path.sh'
[1.274s] Level 1:colcon.colcon_core.environment:checking '/home/rpd/Nav2/install/multirobot_map_merge/lib'
[1.274s] Level 1:colcon.colcon_core.environment:checking '/home/rpd/Nav2/install/multirobot_map_merge/bin'
[1.274s] Level 1:colcon.colcon_core.environment:checking '/home/rpd/Nav2/install/multirobot_map_merge/lib/pkgconfig/multirobot_map_merge.pc'
[1.275s] Level 1:colcon.colcon_core.environment:checking '/home/rpd/Nav2/install/multirobot_map_merge/lib/python3.12/site-packages'
[1.275s] Level 1:colcon.colcon_core.environment:checking '/home/rpd/Nav2/install/multirobot_map_merge/bin'
[1.276s] INFO:colcon.colcon_core.shell:Creating package script '/home/rpd/Nav2/install/multirobot_map_merge/share/multirobot_map_merge/package.ps1'
[1.278s] INFO:colcon.colcon_core.shell:Creating package descriptor '/home/rpd/Nav2/install/multirobot_map_merge/share/multirobot_map_merge/package.dsv'
[1.279s] INFO:colcon.colcon_core.shell:Creating package script '/home/rpd/Nav2/install/multirobot_map_merge/share/multirobot_map_merge/package.sh'
[1.281s] INFO:colcon.colcon_core.shell:Creating package script '/home/rpd/Nav2/install/multirobot_map_merge/share/multirobot_map_merge/package.bash'
[1.282s] INFO:colcon.colcon_core.shell:Creating package script '/home/rpd/Nav2/install/multirobot_map_merge/share/multirobot_map_merge/package.zsh'
[1.285s] Level 1:colcon.colcon_core.environment:create_file_with_runtime_dependencies(/home/rpd/Nav2/install/multirobot_map_merge/share/colcon-core/packages/multirobot_map_merge)
[1.287s] Level 1:colcon.colcon_core.environment:create_environment_scripts_only(multirobot_map_merge)
[1.288s] Level 1:colcon.colcon_core.environment:checking '/home/rpd/Nav2/install/multirobot_map_merge' for CMake module files
[1.289s] Level 1:colcon.colcon_core.environment:checking '/home/rpd/Nav2/install/multirobot_map_merge' for CMake config files
[1.290s] Level 1:colcon.colcon_core.shell:create_environment_hook('multirobot_map_merge', 'cmake_prefix_path')
[1.290s] INFO:colcon.colcon_core.shell:Creating environment hook '/home/rpd/Nav2/install/multirobot_map_merge/share/multirobot_map_merge/hook/cmake_prefix_path.ps1'
[1.291s] INFO:colcon.colcon_core.shell:Creating environment descriptor '/home/rpd/Nav2/install/multirobot_map_merge/share/multirobot_map_merge/hook/cmake_prefix_path.dsv'
[1.292s] INFO:colcon.colcon_core.shell:Creating environment hook '/home/rpd/Nav2/install/multirobot_map_merge/share/multirobot_map_merge/hook/cmake_prefix_path.sh'
[1.294s] Level 1:colcon.colcon_core.environment:checking '/home/rpd/Nav2/install/multirobot_map_merge/lib'
[1.295s] Level 1:colcon.colcon_core.environment:checking '/home/rpd/Nav2/install/multirobot_map_merge/bin'
[1.295s] Level 1:colcon.colcon_core.environment:checking '/home/rpd/Nav2/install/multirobot_map_merge/lib/pkgconfig/multirobot_map_merge.pc'
[1.295s] Level 1:colcon.colcon_core.environment:checking '/home/rpd/Nav2/install/multirobot_map_merge/lib/python3.12/site-packages'
[1.296s] Level 1:colcon.colcon_core.environment:checking '/home/rpd/Nav2/install/multirobot_map_merge/bin'
[1.297s] INFO:colcon.colcon_core.shell:Creating package script '/home/rpd/Nav2/install/multirobot_map_merge/share/multirobot_map_merge/package.ps1'
[1.298s] INFO:colcon.colcon_core.shell:Creating package descriptor '/home/rpd/Nav2/install/multirobot_map_merge/share/multirobot_map_merge/package.dsv'
[1.303s] INFO:colcon.colcon_core.shell:Creating package script '/home/rpd/Nav2/install/multirobot_map_merge/share/multirobot_map_merge/package.sh'
[1.305s] INFO:colcon.colcon_core.shell:Creating package script '/home/rpd/Nav2/install/multirobot_map_merge/share/multirobot_map_merge/package.bash'
[1.308s] INFO:colcon.colcon_core.shell:Creating package script '/home/rpd/Nav2/install/multirobot_map_merge/share/multirobot_map_merge/package.zsh'
[1.309s] Level 1:colcon.colcon_core.environment:create_file_with_runtime_dependencies(/home/rpd/Nav2/install/multirobot_map_merge/share/colcon-core/packages/multirobot_map_merge)
[1.464s] DEBUG:colcon.colcon_core.event_handler.log_command:Invoked command in '/home/rpd/Nav2/build/rplidar_ros' returned '0': CMAKE_PREFIX_PATH=${CMAKE_PREFIX_PATH}:/home/rpd/Nav2/install/nav2:/opt/ros/jazzy /usr/bin/cmake --build /home/rpd/Nav2/build/rplidar_ros -- -j4 -l4
[1.468s] DEBUG:colcon.colcon_core.event_handler.log_command:Invoking command in '/home/rpd/Nav2/build/rplidar_ros': CMAKE_PREFIX_PATH=${CMAKE_PREFIX_PATH}:/home/rpd/Nav2/install/nav2:/opt/ros/jazzy /usr/bin/cmake --install /home/rpd/Nav2/build/rplidar_ros
[1.516s] Level 1:colcon.colcon_core.environment:create_environment_scripts_only(rplidar_ros)
[1.516s] Level 1:colcon.colcon_core.environment:checking '/home/rpd/Nav2/install/rplidar_ros' for CMake module files
[1.518s] Level 1:colcon.colcon_core.environment:checking '/home/rpd/Nav2/install/rplidar_ros' for CMake config files
[1.518s] Level 1:colcon.colcon_core.shell:create_environment_hook('rplidar_ros', 'cmake_prefix_path')
[1.517s] DEBUG:colcon.colcon_core.event_handler.log_command:Invoked command in '/home/rpd/Nav2/build/rplidar_ros' returned '0': CMAKE_PREFIX_PATH=${CMAKE_PREFIX_PATH}:/home/rpd/Nav2/install/nav2:/opt/ros/jazzy /usr/bin/cmake --install /home/rpd/Nav2/build/rplidar_ros
[1.519s] INFO:colcon.colcon_core.shell:Creating environment hook '/home/rpd/Nav2/install/rplidar_ros/share/rplidar_ros/hook/cmake_prefix_path.ps1'
[1.521s] INFO:colcon.colcon_core.shell:Creating environment descriptor '/home/rpd/Nav2/install/rplidar_ros/share/rplidar_ros/hook/cmake_prefix_path.dsv'
[1.522s] INFO:colcon.colcon_core.shell:Creating environment hook '/home/rpd/Nav2/install/rplidar_ros/share/rplidar_ros/hook/cmake_prefix_path.sh'
[1.524s] Level 1:colcon.colcon_core.environment:checking '/home/rpd/Nav2/install/rplidar_ros/lib'
[1.525s] Level 1:colcon.colcon_core.environment:checking '/home/rpd/Nav2/install/rplidar_ros/bin'
[1.525s] Level 1:colcon.colcon_core.environment:checking '/home/rpd/Nav2/install/rplidar_ros/lib/pkgconfig/rplidar_ros.pc'
[1.525s] Level 1:colcon.colcon_core.environment:checking '/home/rpd/Nav2/install/rplidar_ros/lib/python3.12/site-packages'
[1.526s] Level 1:colcon.colcon_core.environment:checking '/home/rpd/Nav2/install/rplidar_ros/bin'
[1.526s] INFO:colcon.colcon_core.shell:Creating package script '/home/rpd/Nav2/install/rplidar_ros/share/rplidar_ros/package.ps1'
[1.529s] INFO:colcon.colcon_core.shell:Creating package descriptor '/home/rpd/Nav2/install/rplidar_ros/share/rplidar_ros/package.dsv'
[1.530s] INFO:colcon.colcon_core.shell:Creating package script '/home/rpd/Nav2/install/rplidar_ros/share/rplidar_ros/package.sh'
[1.531s] INFO:colcon.colcon_core.shell:Creating package script '/home/rpd/Nav2/install/rplidar_ros/share/rplidar_ros/package.bash'
[1.531s] INFO:colcon.colcon_core.shell:Creating package script '/home/rpd/Nav2/install/rplidar_ros/share/rplidar_ros/package.zsh'
[1.532s] Level 1:colcon.colcon_core.environment:create_file_with_runtime_dependencies(/home/rpd/Nav2/install/rplidar_ros/share/colcon-core/packages/rplidar_ros)
[1.534s] Level 1:colcon.colcon_core.environment:create_environment_scripts_only(rplidar_ros)
[1.534s] Level 1:colcon.colcon_core.environment:checking '/home/rpd/Nav2/install/rplidar_ros' for CMake module files
[1.535s] Level 1:colcon.colcon_core.environment:checking '/home/rpd/Nav2/install/rplidar_ros' for CMake config files
[1.535s] Level 1:colcon.colcon_core.shell:create_environment_hook('rplidar_ros', 'cmake_prefix_path')
[1.536s] INFO:colcon.colcon_core.shell:Creating environment hook '/home/rpd/Nav2/install/rplidar_ros/share/rplidar_ros/hook/cmake_prefix_path.ps1'
[1.537s] INFO:colcon.colcon_core.shell:Creating environment descriptor '/home/rpd/Nav2/install/rplidar_ros/share/rplidar_ros/hook/cmake_prefix_path.dsv'
[1.539s] INFO:colcon.colcon_core.shell:Creating environment hook '/home/rpd/Nav2/install/rplidar_ros/share/rplidar_ros/hook/cmake_prefix_path.sh'
[1.540s] Level 1:colcon.colcon_core.environment:checking '/home/rpd/Nav2/install/rplidar_ros/lib'
[1.541s] Level 1:colcon.colcon_core.environment:checking '/home/rpd/Nav2/install/rplidar_ros/bin'
[1.541s] Level 1:colcon.colcon_core.environment:checking '/home/rpd/Nav2/install/rplidar_ros/lib/pkgconfig/rplidar_ros.pc'
[1.541s] Level 1:colcon.colcon_core.environment:checking '/home/rpd/Nav2/install/rplidar_ros/lib/python3.12/site-packages'
[1.541s] Level 1:colcon.colcon_core.environment:checking '/home/rpd/Nav2/install/rplidar_ros/bin'
[1.542s] INFO:colcon.colcon_core.shell:Creating package script '/home/rpd/Nav2/install/rplidar_ros/share/rplidar_ros/package.ps1'
[1.546s] INFO:colcon.colcon_core.shell:Creating package descriptor '/home/rpd/Nav2/install/rplidar_ros/share/rplidar_ros/package.dsv'
[1.547s] INFO:colcon.colcon_core.shell:Creating package script '/home/rpd/Nav2/install/rplidar_ros/share/rplidar_ros/package.sh'
[1.548s] INFO:colcon.colcon_core.shell:Creating package script '/home/rpd/Nav2/install/rplidar_ros/share/rplidar_ros/package.bash'
[1.549s] INFO:colcon.colcon_core.shell:Creating package script '/home/rpd/Nav2/install/rplidar_ros/share/rplidar_ros/package.zsh'
[1.550s] Level 1:colcon.colcon_core.environment:create_file_with_runtime_dependencies(/home/rpd/Nav2/install/rplidar_ros/share/colcon-core/packages/rplidar_ros)
[1.578s] DEBUG:colcon.colcon_core.event_handler.log_command:Invoked command in '/home/rpd/Nav2/build/explore_lite_msgs' returned '0': CMAKE_PREFIX_PATH=${CMAKE_PREFIX_PATH}:/home/rpd/Nav2/install/nav2:/opt/ros/jazzy /usr/bin/cmake --build /home/rpd/Nav2/build/explore_lite_msgs -- -j4 -l4
[1.578s] DEBUG:colcon.colcon_core.event_handler.log_command:Invoking command in '/home/rpd/Nav2/build/explore_lite_msgs': CMAKE_PREFIX_PATH=${CMAKE_PREFIX_PATH}:/home/rpd/Nav2/install/nav2:/opt/ros/jazzy /usr/bin/cmake --install /home/rpd/Nav2/build/explore_lite_msgs
[1.685s] Level 1:colcon.colcon_core.environment:create_environment_scripts_only(explore_lite_msgs)
[1.686s] Level 1:colcon.colcon_core.environment:checking '/home/rpd/Nav2/install/explore_lite_msgs' for CMake module files
[1.686s] DEBUG:colcon.colcon_core.event_handler.log_command:Invoked command in '/home/rpd/Nav2/build/explore_lite_msgs' returned '0': CMAKE_PREFIX_PATH=${CMAKE_PREFIX_PATH}:/home/rpd/Nav2/install/nav2:/opt/ros/jazzy /usr/bin/cmake --install /home/rpd/Nav2/build/explore_lite_msgs
[1.687s] Level 1:colcon.colcon_core.environment:checking '/home/rpd/Nav2/install/explore_lite_msgs' for CMake config files
[1.688s] Level 1:colcon.colcon_core.shell:create_environment_hook('explore_lite_msgs', 'cmake_prefix_path')
[1.689s] INFO:colcon.colcon_core.shell:Creating environment hook '/home/rpd/Nav2/install/explore_lite_msgs/share/explore_lite_msgs/hook/cmake_prefix_path.ps1'
[1.690s] INFO:colcon.colcon_core.shell:Creating environment descriptor '/home/rpd/Nav2/install/explore_lite_msgs/share/explore_lite_msgs/hook/cmake_prefix_path.dsv'
[1.690s] INFO:colcon.colcon_core.shell:Creating environment hook '/home/rpd/Nav2/install/explore_lite_msgs/share/explore_lite_msgs/hook/cmake_prefix_path.sh'
[1.691s] Level 1:colcon.colcon_core.environment:checking '/home/rpd/Nav2/install/explore_lite_msgs/lib'
[1.692s] Level 1:colcon.colcon_core.shell:create_environment_hook('explore_lite_msgs', 'ld_library_path_lib')
[1.692s] INFO:colcon.colcon_core.shell:Creating environment hook '/home/rpd/Nav2/install/explore_lite_msgs/share/explore_lite_msgs/hook/ld_library_path_lib.ps1'
[1.693s] INFO:colcon.colcon_core.shell:Creating environment descriptor '/home/rpd/Nav2/install/explore_lite_msgs/share/explore_lite_msgs/hook/ld_library_path_lib.dsv'
[1.693s] INFO:colcon.colcon_core.shell:Creating environment hook '/home/rpd/Nav2/install/explore_lite_msgs/share/explore_lite_msgs/hook/ld_library_path_lib.sh'
[1.694s] Level 1:colcon.colcon_core.environment:checking '/home/rpd/Nav2/install/explore_lite_msgs/bin'
[1.694s] Level 1:colcon.colcon_core.environment:checking '/home/rpd/Nav2/install/explore_lite_msgs/lib/pkgconfig/explore_lite_msgs.pc'
[1.695s] Level 1:colcon.colcon_core.environment:checking '/home/rpd/Nav2/install/explore_lite_msgs/lib/python3.12/site-packages'
[1.695s] Level 1:colcon.colcon_core.shell:create_environment_hook('explore_lite_msgs', 'pythonpath')
[1.695s] INFO:colcon.colcon_core.shell:Creating environment hook '/home/rpd/Nav2/install/explore_lite_msgs/share/explore_lite_msgs/hook/pythonpath.ps1'
[1.696s] INFO:colcon.colcon_core.shell:Creating environment descriptor '/home/rpd/Nav2/install/explore_lite_msgs/share/explore_lite_msgs/hook/pythonpath.dsv'
[1.697s] INFO:colcon.colcon_core.shell:Creating environment hook '/home/rpd/Nav2/install/explore_lite_msgs/share/explore_lite_msgs/hook/pythonpath.sh'
[1.698s] Level 1:colcon.colcon_core.environment:checking '/home/rpd/Nav2/install/explore_lite_msgs/bin'
[1.698s] INFO:colcon.colcon_core.shell:Creating package script '/home/rpd/Nav2/install/explore_lite_msgs/share/explore_lite_msgs/package.ps1'
[1.699s] INFO:colcon.colcon_core.shell:Creating package descriptor '/home/rpd/Nav2/install/explore_lite_msgs/share/explore_lite_msgs/package.dsv'
[1.700s] INFO:colcon.colcon_core.shell:Creating package script '/home/rpd/Nav2/install/explore_lite_msgs/share/explore_lite_msgs/package.sh'
[1.701s] INFO:colcon.colcon_core.shell:Creating package script '/home/rpd/Nav2/install/explore_lite_msgs/share/explore_lite_msgs/package.bash'
[1.704s] INFO:colcon.colcon_core.shell:Creating package script '/home/rpd/Nav2/install/explore_lite_msgs/share/explore_lite_msgs/package.zsh'
[1.704s] Level 1:colcon.colcon_core.environment:create_file_with_runtime_dependencies(/home/rpd/Nav2/install/explore_lite_msgs/share/colcon-core/packages/explore_lite_msgs)
[1.708s] Level 1:colcon.colcon_core.environment:create_environment_scripts_only(explore_lite_msgs)
[1.708s] Level 1:colcon.colcon_core.environment:checking '/home/rpd/Nav2/install/explore_lite_msgs' for CMake module files
[1.709s] Level 1:colcon.colcon_core.environment:checking '/home/rpd/Nav2/install/explore_lite_msgs' for CMake config files
[1.709s] Level 1:colcon.colcon_core.shell:create_environment_hook('explore_lite_msgs', 'cmake_prefix_path')
[1.710s] INFO:colcon.colcon_core.shell:Creating environment hook '/home/rpd/Nav2/install/explore_lite_msgs/share/explore_lite_msgs/hook/cmake_prefix_path.ps1'
[1.710s] INFO:colcon.colcon_core.shell:Creating environment descriptor '/home/rpd/Nav2/install/explore_lite_msgs/share/explore_lite_msgs/hook/cmake_prefix_path.dsv'
[1.711s] INFO:colcon.colcon_core.shell:Creating environment hook '/home/rpd/Nav2/install/explore_lite_msgs/share/explore_lite_msgs/hook/cmake_prefix_path.sh'
[1.712s] Level 1:colcon.colcon_core.environment:checking '/home/rpd/Nav2/install/explore_lite_msgs/lib'
[1.712s] Level 1:colcon.colcon_core.shell:create_environment_hook('explore_lite_msgs', 'ld_library_path_lib')
[1.712s] INFO:colcon.colcon_core.shell:Creating environment hook '/home/rpd/Nav2/install/explore_lite_msgs/share/explore_lite_msgs/hook/ld_library_path_lib.ps1'
[1.713s] INFO:colcon.colcon_core.shell:Creating environment descriptor '/home/rpd/Nav2/install/explore_lite_msgs/share/explore_lite_msgs/hook/ld_library_path_lib.dsv'
[1.714s] INFO:colcon.colcon_core.shell:Creating environment hook '/home/rpd/Nav2/install/explore_lite_msgs/share/explore_lite_msgs/hook/ld_library_path_lib.sh'
[1.714s] Level 1:colcon.colcon_core.environment:checking '/home/rpd/Nav2/install/explore_lite_msgs/bin'
[1.714s] Level 1:colcon.colcon_core.environment:checking '/home/rpd/Nav2/install/explore_lite_msgs/lib/pkgconfig/explore_lite_msgs.pc'
[1.715s] Level 1:colcon.colcon_core.environment:checking '/home/rpd/Nav2/install/explore_lite_msgs/lib/python3.12/site-packages'
[1.715s] Level 1:colcon.colcon_core.shell:create_environment_hook('explore_lite_msgs', 'pythonpath')
[1.715s] INFO:colcon.colcon_core.shell:Creating environment hook '/home/rpd/Nav2/install/explore_lite_msgs/share/explore_lite_msgs/hook/pythonpath.ps1'
[1.716s] INFO:colcon.colcon_core.shell:Creating environment descriptor '/home/rpd/Nav2/install/explore_lite_msgs/share/explore_lite_msgs/hook/pythonpath.dsv'
[1.716s] INFO:colcon.colcon_core.shell:Creating environment hook '/home/rpd/Nav2/install/explore_lite_msgs/share/explore_lite_msgs/hook/pythonpath.sh'
[1.718s] Level 1:colcon.colcon_core.environment:checking '/home/rpd/Nav2/install/explore_lite_msgs/bin'
[1.718s] INFO:colcon.colcon_core.shell:Creating package script '/home/rpd/Nav2/install/explore_lite_msgs/share/explore_lite_msgs/package.ps1'
[1.719s] INFO:colcon.colcon_core.shell:Creating package descriptor '/home/rpd/Nav2/install/explore_lite_msgs/share/explore_lite_msgs/package.dsv'
[1.720s] INFO:colcon.colcon_core.shell:Creating package script '/home/rpd/Nav2/install/explore_lite_msgs/share/explore_lite_msgs/package.sh'
[1.721s] INFO:colcon.colcon_core.shell:Creating package script '/home/rpd/Nav2/install/explore_lite_msgs/share/explore_lite_msgs/package.bash'
[1.721s] INFO:colcon.colcon_core.shell:Creating package script '/home/rpd/Nav2/install/explore_lite_msgs/share/explore_lite_msgs/package.zsh'
[1.722s] Level 1:colcon.colcon_core.environment:create_file_with_runtime_dependencies(/home/rpd/Nav2/install/explore_lite_msgs/share/colcon-core/packages/explore_lite_msgs)
[1.723s] INFO:colcon.colcon_ros.task.ament_cmake.build:Building ROS package in '/home/rpd/Nav2/src/m-explore-ros2/explore' with build type 'ament_cmake'
[1.723s] INFO:colcon.colcon_cmake.task.cmake.build:Building CMake package in '/home/rpd/Nav2/src/m-explore-ros2/explore'
[1.724s] INFO:colcon.colcon_core.shell:Skip shell extension 'powershell' for command environment: Not usable outside of PowerShell
[1.724s] DEBUG:colcon.colcon_core.shell:Skip shell extension 'dsv' for command environment
[1.744s] DEBUG:colcon.colcon_core.event_handler.log_command:Invoking command in '/home/rpd/Nav2/build/explore_lite': CMAKE_PREFIX_PATH=/home/rpd/Nav2/install/explore_lite_msgs:/home/rpd/Nav2/install/rplidar_ros:/home/rpd/Nav2/install/multirobot_map_merge:/home/rpd/Nav2/install/explore_lite:/opt/ros/jazzy/opt/gz_sim_vendor:/opt/ros/jazzy/opt/gz_sensors_vendor:/opt/ros/jazzy/opt/gz_physics_vendor:/opt/ros/jazzy/opt/sdformat_vendor:/opt/ros/jazzy/opt/gz_gui_vendor:/opt/ros/jazzy/opt/gz_transport_vendor:/opt/ros/jazzy/opt/gz_rendering_vendor:/opt/ros/jazzy/opt/gz_plugin_vendor:/opt/ros/jazzy/opt/gz_fuel_tools_vendor:/opt/ros/jazzy/opt/gz_msgs_vendor:/opt/ros/jazzy/opt/gz_common_vendor:/opt/ros/jazzy/opt/gz_math_vendor:/opt/ros/jazzy/opt/gz_utils_vendor:/opt/ros/jazzy/opt/gz_tools_vendor:/opt/ros/jazzy/opt/gz_ogre_next_vendor:/opt/ros/jazzy/opt/gz_dartsim_vendor:/opt/ros/jazzy/opt/gz_cmake_vendor:/home/rpd/Nav2/install/nav2:/opt/ros/jazzy LD_LIBRARY_PATH=/home/rpd/Nav2/install/explore_lite_msgs/lib:/home/rpd/Nav2/install/multirobot_map_merge/lib:/opt/ros/jazzy/opt/gz_sim_vendor/lib:/opt/ros/jazzy/opt/gz_sensors_vendor/lib:/opt/ros/jazzy/opt/gz_physics_vendor/lib:/opt/ros/jazzy/opt/sdformat_vendor/lib:/opt/ros/jazzy/opt/rviz_ogre_vendor/lib:/opt/ros/jazzy/lib/aarch64-linux-gnu:/opt/ros/jazzy/opt/gz_gui_vendor/lib:/opt/ros/jazzy/opt/gz_transport_vendor/lib:/opt/ros/jazzy/opt/gz_rendering_vendor/lib:/opt/ros/jazzy/opt/gz_plugin_vendor/lib:/opt/ros/jazzy/opt/gz_fuel_tools_vendor/lib:/opt/ros/jazzy/opt/gz_msgs_vendor/lib:/opt/ros/jazzy/opt/gz_common_vendor/lib:/opt/ros/jazzy/opt/gz_math_vendor/lib:/opt/ros/jazzy/opt/gz_utils_vendor/lib:/opt/ros/jazzy/opt/gz_tools_vendor/lib:/opt/ros/jazzy/opt/gz_ogre_next_vendor/lib:/opt/ros/jazzy/opt/gz_dartsim_vendor/lib:/opt/ros/jazzy/opt/gz_cmake_vendor/lib:/opt/ros/jazzy/lib PYTHONPATH=/home/rpd/Nav2/install/explore_lite_msgs/lib/python3.12/site-packages:/home/rpd/Nav2/install/nav2/lib/python3.12/site-packages:/opt/ros/jazzy/lib/python3.12/site-packages:/usr/local/lib:/usr/local/lib/python3/dist-packages:/usr/local/lib/python3.11/site-packages /usr/bin/cmake --build /home/rpd/Nav2/build/explore_lite -- -j4 -l4
[1.956s] DEBUG:colcon.colcon_core.event_handler.log_command:Invoked command in '/home/rpd/Nav2/build/explore_lite' returned '0': CMAKE_PREFIX_PATH=/home/rpd/Nav2/install/explore_lite_msgs:/home/rpd/Nav2/install/rplidar_ros:/home/rpd/Nav2/install/multirobot_map_merge:/home/rpd/Nav2/install/explore_lite:/opt/ros/jazzy/opt/gz_sim_vendor:/opt/ros/jazzy/opt/gz_sensors_vendor:/opt/ros/jazzy/opt/gz_physics_vendor:/opt/ros/jazzy/opt/sdformat_vendor:/opt/ros/jazzy/opt/gz_gui_vendor:/opt/ros/jazzy/opt/gz_transport_vendor:/opt/ros/jazzy/opt/gz_rendering_vendor:/opt/ros/jazzy/opt/gz_plugin_vendor:/opt/ros/jazzy/opt/gz_fuel_tools_vendor:/opt/ros/jazzy/opt/gz_msgs_vendor:/opt/ros/jazzy/opt/gz_common_vendor:/opt/ros/jazzy/opt/gz_math_vendor:/opt/ros/jazzy/opt/gz_utils_vendor:/opt/ros/jazzy/opt/gz_tools_vendor:/opt/ros/jazzy/opt/gz_ogre_next_vendor:/opt/ros/jazzy/opt/gz_dartsim_vendor:/opt/ros/jazzy/opt/gz_cmake_vendor:/home/rpd/Nav2/install/nav2:/opt/ros/jazzy LD_LIBRARY_PATH=/home/rpd/Nav2/install/explore_lite_msgs/lib:/home/rpd/Nav2/install/multirobot_map_merge/lib:/opt/ros/jazzy/opt/gz_sim_vendor/lib:/opt/ros/jazzy/opt/gz_sensors_vendor/lib:/opt/ros/jazzy/opt/gz_physics_vendor/lib:/opt/ros/jazzy/opt/sdformat_vendor/lib:/opt/ros/jazzy/opt/rviz_ogre_vendor/lib:/opt/ros/jazzy/lib/aarch64-linux-gnu:/opt/ros/jazzy/opt/gz_gui_vendor/lib:/opt/ros/jazzy/opt/gz_transport_vendor/lib:/opt/ros/jazzy/opt/gz_rendering_vendor/lib:/opt/ros/jazzy/opt/gz_plugin_vendor/lib:/opt/ros/jazzy/opt/gz_fuel_tools_vendor/lib:/opt/ros/jazzy/opt/gz_msgs_vendor/lib:/opt/ros/jazzy/opt/gz_common_vendor/lib:/opt/ros/jazzy/opt/gz_math_vendor/lib:/opt/ros/jazzy/opt/gz_utils_vendor/lib:/opt/ros/jazzy/opt/gz_tools_vendor/lib:/opt/ros/jazzy/opt/gz_ogre_next_vendor/lib:/opt/ros/jazzy/opt/gz_dartsim_vendor/lib:/opt/ros/jazzy/opt/gz_cmake_vendor/lib:/opt/ros/jazzy/lib PYTHONPATH=/home/rpd/Nav2/install/explore_lite_msgs/lib/python3.12/site-packages:/home/rpd/Nav2/install/nav2/lib/python3.12/site-packages:/opt/ros/jazzy/lib/python3.12/site-packages:/usr/local/lib:/usr/local/lib/python3/dist-packages:/usr/local/lib/python3.11/site-packages /usr/bin/cmake --build /home/rpd/Nav2/build/explore_lite -- -j4 -l4
[1.958s] DEBUG:colcon.colcon_core.event_handler.log_command:Invoking command in '/home/rpd/Nav2/build/explore_lite': CMAKE_PREFIX_PATH=/home/rpd/Nav2/install/explore_lite_msgs:/home/rpd/Nav2/install/rplidar_ros:/home/rpd/Nav2/install/multirobot_map_merge:/home/rpd/Nav2/install/explore_lite:/opt/ros/jazzy/opt/gz_sim_vendor:/opt/ros/jazzy/opt/gz_sensors_vendor:/opt/ros/jazzy/opt/gz_physics_vendor:/opt/ros/jazzy/opt/sdformat_vendor:/opt/ros/jazzy/opt/gz_gui_vendor:/opt/ros/jazzy/opt/gz_transport_vendor:/opt/ros/jazzy/opt/gz_rendering_vendor:/opt/ros/jazzy/opt/gz_plugin_vendor:/opt/ros/jazzy/opt/gz_fuel_tools_vendor:/opt/ros/jazzy/opt/gz_msgs_vendor:/opt/ros/jazzy/opt/gz_common_vendor:/opt/ros/jazzy/opt/gz_math_vendor:/opt/ros/jazzy/opt/gz_utils_vendor:/opt/ros/jazzy/opt/gz_tools_vendor:/opt/ros/jazzy/opt/gz_ogre_next_vendor:/opt/ros/jazzy/opt/gz_dartsim_vendor:/opt/ros/jazzy/opt/gz_cmake_vendor:/home/rpd/Nav2/install/nav2:/opt/ros/jazzy LD_LIBRARY_PATH=/home/rpd/Nav2/install/explore_lite_msgs/lib:/home/rpd/Nav2/install/multirobot_map_merge/lib:/opt/ros/jazzy/opt/gz_sim_vendor/lib:/opt/ros/jazzy/opt/gz_sensors_vendor/lib:/opt/ros/jazzy/opt/gz_physics_vendor/lib:/opt/ros/jazzy/opt/sdformat_vendor/lib:/opt/ros/jazzy/opt/rviz_ogre_vendor/lib:/opt/ros/jazzy/lib/aarch64-linux-gnu:/opt/ros/jazzy/opt/gz_gui_vendor/lib:/opt/ros/jazzy/opt/gz_transport_vendor/lib:/opt/ros/jazzy/opt/gz_rendering_vendor/lib:/opt/ros/jazzy/opt/gz_plugin_vendor/lib:/opt/ros/jazzy/opt/gz_fuel_tools_vendor/lib:/opt/ros/jazzy/opt/gz_msgs_vendor/lib:/opt/ros/jazzy/opt/gz_common_vendor/lib:/opt/ros/jazzy/opt/gz_math_vendor/lib:/opt/ros/jazzy/opt/gz_utils_vendor/lib:/opt/ros/jazzy/opt/gz_tools_vendor/lib:/opt/ros/jazzy/opt/gz_ogre_next_vendor/lib:/opt/ros/jazzy/opt/gz_dartsim_vendor/lib:/opt/ros/jazzy/opt/gz_cmake_vendor/lib:/opt/ros/jazzy/lib PYTHONPATH=/home/rpd/Nav2/install/explore_lite_msgs/lib/python3.12/site-packages:/home/rpd/Nav2/install/nav2/lib/python3.12/site-packages:/opt/ros/jazzy/lib/python3.12/site-packages:/usr/local/lib:/usr/local/lib/python3/dist-packages:/usr/local/lib/python3.11/site-packages /usr/bin/cmake --install /home/rpd/Nav2/build/explore_lite
[1.981s] Level 1:colcon.colcon_core.environment:create_environment_scripts_only(explore_lite)
[1.981s] Level 1:colcon.colcon_core.environment:checking '/home/rpd/Nav2/install/explore_lite' for CMake module files
[1.982s] DEBUG:colcon.colcon_core.event_handler.log_command:Invoked command in '/home/rpd/Nav2/build/explore_lite' returned '0': CMAKE_PREFIX_PATH=/home/rpd/Nav2/install/explore_lite_msgs:/home/rpd/Nav2/install/rplidar_ros:/home/rpd/Nav2/install/multirobot_map_merge:/home/rpd/Nav2/install/explore_lite:/opt/ros/jazzy/opt/gz_sim_vendor:/opt/ros/jazzy/opt/gz_sensors_vendor:/opt/ros/jazzy/opt/gz_physics_vendor:/opt/ros/jazzy/opt/sdformat_vendor:/opt/ros/jazzy/opt/gz_gui_vendor:/opt/ros/jazzy/opt/gz_transport_vendor:/opt/ros/jazzy/opt/gz_rendering_vendor:/opt/ros/jazzy/opt/gz_plugin_vendor:/opt/ros/jazzy/opt/gz_fuel_tools_vendor:/opt/ros/jazzy/opt/gz_msgs_vendor:/opt/ros/jazzy/opt/gz_common_vendor:/opt/ros/jazzy/opt/gz_math_vendor:/opt/ros/jazzy/opt/gz_utils_vendor:/opt/ros/jazzy/opt/gz_tools_vendor:/opt/ros/jazzy/opt/gz_ogre_next_vendor:/opt/ros/jazzy/opt/gz_dartsim_vendor:/opt/ros/jazzy/opt/gz_cmake_vendor:/home/rpd/Nav2/install/nav2:/opt/ros/jazzy LD_LIBRARY_PATH=/home/rpd/Nav2/install/explore_lite_msgs/lib:/home/rpd/Nav2/install/multirobot_map_merge/lib:/opt/ros/jazzy/opt/gz_sim_vendor/lib:/opt/ros/jazzy/opt/gz_sensors_vendor/lib:/opt/ros/jazzy/opt/gz_physics_vendor/lib:/opt/ros/jazzy/opt/sdformat_vendor/lib:/opt/ros/jazzy/opt/rviz_ogre_vendor/lib:/opt/ros/jazzy/lib/aarch64-linux-gnu:/opt/ros/jazzy/opt/gz_gui_vendor/lib:/opt/ros/jazzy/opt/gz_transport_vendor/lib:/opt/ros/jazzy/opt/gz_rendering_vendor/lib:/opt/ros/jazzy/opt/gz_plugin_vendor/lib:/opt/ros/jazzy/opt/gz_fuel_tools_vendor/lib:/opt/ros/jazzy/opt/gz_msgs_vendor/lib:/opt/ros/jazzy/opt/gz_common_vendor/lib:/opt/ros/jazzy/opt/gz_math_vendor/lib:/opt/ros/jazzy/opt/gz_utils_vendor/lib:/opt/ros/jazzy/opt/gz_tools_vendor/lib:/opt/ros/jazzy/opt/gz_ogre_next_vendor/lib:/opt/ros/jazzy/opt/gz_dartsim_vendor/lib:/opt/ros/jazzy/opt/gz_cmake_vendor/lib:/opt/ros/jazzy/lib PYTHONPATH=/home/rpd/Nav2/install/explore_lite_msgs/lib/python3.12/site-packages:/home/rpd/Nav2/install/nav2/lib/python3.12/site-packages:/opt/ros/jazzy/lib/python3.12/site-packages:/usr/local/lib:/usr/local/lib/python3/dist-packages:/usr/local/lib/python3.11/site-packages /usr/bin/cmake --install /home/rpd/Nav2/build/explore_lite
[1.982s] Level 1:colcon.colcon_core.environment:checking '/home/rpd/Nav2/install/explore_lite' for CMake config files
[1.983s] Level 1:colcon.colcon_core.shell:create_environment_hook('explore_lite', 'cmake_prefix_path')
[1.983s] INFO:colcon.colcon_core.shell:Creating environment hook '/home/rpd/Nav2/install/explore_lite/share/explore_lite/hook/cmake_prefix_path.ps1'
[1.984s] INFO:colcon.colcon_core.shell:Creating environment descriptor '/home/rpd/Nav2/install/explore_lite/share/explore_lite/hook/cmake_prefix_path.dsv'
[1.985s] INFO:colcon.colcon_core.shell:Creating environment hook '/home/rpd/Nav2/install/explore_lite/share/explore_lite/hook/cmake_prefix_path.sh'
[1.985s] Level 1:colcon.colcon_core.environment:checking '/home/rpd/Nav2/install/explore_lite/lib'
[1.986s] Level 1:colcon.colcon_core.environment:checking '/home/rpd/Nav2/install/explore_lite/bin'
[1.986s] Level 1:colcon.colcon_core.environment:checking '/home/rpd/Nav2/install/explore_lite/lib/pkgconfig/explore_lite.pc'
[1.986s] Level 1:colcon.colcon_core.environment:checking '/home/rpd/Nav2/install/explore_lite/lib/python3.12/site-packages'
[1.986s] Level 1:colcon.colcon_core.environment:checking '/home/rpd/Nav2/install/explore_lite/bin'
[1.987s] INFO:colcon.colcon_core.shell:Creating package script '/home/rpd/Nav2/install/explore_lite/share/explore_lite/package.ps1'
[1.988s] INFO:colcon.colcon_core.shell:Creating package descriptor '/home/rpd/Nav2/install/explore_lite/share/explore_lite/package.dsv'
[1.988s] INFO:colcon.colcon_core.shell:Creating package script '/home/rpd/Nav2/install/explore_lite/share/explore_lite/package.sh'
[1.989s] INFO:colcon.colcon_core.shell:Creating package script '/home/rpd/Nav2/install/explore_lite/share/explore_lite/package.bash'
[1.990s] INFO:colcon.colcon_core.shell:Creating package script '/home/rpd/Nav2/install/explore_lite/share/explore_lite/package.zsh'
[1.990s] Level 1:colcon.colcon_core.environment:create_file_with_runtime_dependencies(/home/rpd/Nav2/install/explore_lite/share/colcon-core/packages/explore_lite)
[1.992s] Level 1:colcon.colcon_core.environment:create_environment_scripts_only(explore_lite)
[1.992s] Level 1:colcon.colcon_core.environment:checking '/home/rpd/Nav2/install/explore_lite' for CMake module files
[1.993s] Level 1:colcon.colcon_core.environment:checking '/home/rpd/Nav2/install/explore_lite' for CMake config files
[1.994s] Level 1:colcon.colcon_core.shell:create_environment_hook('explore_lite', 'cmake_prefix_path')
[1.994s] INFO:colcon.colcon_core.shell:Creating environment hook '/home/rpd/Nav2/install/explore_lite/share/explore_lite/hook/cmake_prefix_path.ps1'
[1.994s] INFO:colcon.colcon_core.shell:Creating environment descriptor '/home/rpd/Nav2/install/explore_lite/share/explore_lite/hook/cmake_prefix_path.dsv'
[1.995s] INFO:colcon.colcon_core.shell:Creating environment hook '/home/rpd/Nav2/install/explore_lite/share/explore_lite/hook/cmake_prefix_path.sh'
[1.996s] Level 1:colcon.colcon_core.environment:checking '/home/rpd/Nav2/install/explore_lite/lib'
[1.996s] Level 1:colcon.colcon_core.environment:checking '/home/rpd/Nav2/install/explore_lite/bin'
[1.996s] Level 1:colcon.colcon_core.environment:checking '/home/rpd/Nav2/install/explore_lite/lib/pkgconfig/explore_lite.pc'
[1.997s] Level 1:colcon.colcon_core.environment:checking '/home/rpd/Nav2/install/explore_lite/lib/python3.12/site-packages'
[1.997s] Level 1:colcon.colcon_core.environment:checking '/home/rpd/Nav2/install/explore_lite/bin'
[1.997s] INFO:colcon.colcon_core.shell:Creating package script '/home/rpd/Nav2/install/explore_lite/share/explore_lite/package.ps1'
[1.998s] INFO:colcon.colcon_core.shell:Creating package descriptor '/home/rpd/Nav2/install/explore_lite/share/explore_lite/package.dsv'
[1.999s] INFO:colcon.colcon_core.shell:Creating package script '/home/rpd/Nav2/install/explore_lite/share/explore_lite/package.sh'
[2.000s] INFO:colcon.colcon_core.shell:Creating package script '/home/rpd/Nav2/install/explore_lite/share/explore_lite/package.bash'
[2.000s] INFO:colcon.colcon_core.shell:Creating package script '/home/rpd/Nav2/install/explore_lite/share/explore_lite/package.zsh'
[2.001s] Level 1:colcon.colcon_core.environment:create_file_with_runtime_dependencies(/home/rpd/Nav2/install/explore_lite/share/colcon-core/packages/explore_lite)
[2.309s] DEBUG:colcon.colcon_core.event_handler.log_command:Invoking command in '/home/rpd/Nav2/src/nav2': PYTHONPATH=/home/rpd/Nav2/build/nav2/prefix_override:/usr/lib/python3/dist-packages/colcon_core/task/python/colcon_distutils_commands:/home/rpd/Nav2/install/nav2/lib/python3.12/site-packages:${PYTHONPATH} /usr/bin/python3 -W ignore:setup.py install is deprecated -W ignore:easy_install command is deprecated setup.py egg_info --egg-base ../../build/nav2 build --build-base /home/rpd/Nav2/build/nav2/build install --record /home/rpd/Nav2/build/nav2/install.log --single-version-externally-managed install_data
[3.090s] Level 1:colcon.colcon_core.environment:checking '/home/rpd/Nav2/install/nav2' for CMake module files
[3.091s] DEBUG:colcon.colcon_core.event_handler.log_command:Invoked command in '/home/rpd/Nav2/src/nav2' returned '0': PYTHONPATH=/home/rpd/Nav2/build/nav2/prefix_override:/usr/lib/python3/dist-packages/colcon_core/task/python/colcon_distutils_commands:/home/rpd/Nav2/install/nav2/lib/python3.12/site-packages:${PYTHONPATH} /usr/bin/python3 -W ignore:setup.py install is deprecated -W ignore:easy_install command is deprecated setup.py egg_info --egg-base ../../build/nav2 build --build-base /home/rpd/Nav2/build/nav2/build install --record /home/rpd/Nav2/build/nav2/install.log --single-version-externally-managed install_data
[3.091s] Level 1:colcon.colcon_core.environment:checking '/home/rpd/Nav2/install/nav2' for CMake config files
[3.092s] Level 1:colcon.colcon_core.environment:checking '/home/rpd/Nav2/install/nav2/lib'
[3.092s] Level 1:colcon.colcon_core.environment:checking '/home/rpd/Nav2/install/nav2/bin'
[3.092s] Level 1:colcon.colcon_core.environment:checking '/home/rpd/Nav2/install/nav2/lib/pkgconfig/nav2.pc'
[3.093s] Level 1:colcon.colcon_core.environment:checking '/home/rpd/Nav2/install/nav2/lib/python3.12/site-packages'
[3.093s] Level 1:colcon.colcon_core.shell:create_environment_hook('nav2', 'pythonpath')
[3.093s] INFO:colcon.colcon_core.shell:Creating environment hook '/home/rpd/Nav2/install/nav2/share/nav2/hook/pythonpath.ps1'
[3.094s] INFO:colcon.colcon_core.shell:Creating environment descriptor '/home/rpd/Nav2/install/nav2/share/nav2/hook/pythonpath.dsv'
[3.095s] INFO:colcon.colcon_core.shell:Creating environment hook '/home/rpd/Nav2/install/nav2/share/nav2/hook/pythonpath.sh'
[3.096s] Level 1:colcon.colcon_core.environment:checking '/home/rpd/Nav2/install/nav2/bin'
[3.096s] Level 1:colcon.colcon_core.environment:create_environment_scripts_only(nav2)
[3.096s] INFO:colcon.colcon_core.shell:Creating package script '/home/rpd/Nav2/install/nav2/share/nav2/package.ps1'
[3.097s] INFO:colcon.colcon_core.shell:Creating package descriptor '/home/rpd/Nav2/install/nav2/share/nav2/package.dsv'
[3.098s] INFO:colcon.colcon_core.shell:Creating package script '/home/rpd/Nav2/install/nav2/share/nav2/package.sh'
[3.099s] INFO:colcon.colcon_core.shell:Creating package script '/home/rpd/Nav2/install/nav2/share/nav2/package.bash'
[3.099s] INFO:colcon.colcon_core.shell:Creating package script '/home/rpd/Nav2/install/nav2/share/nav2/package.zsh'
[3.100s] Level 1:colcon.colcon_core.environment:create_file_with_runtime_dependencies(/home/rpd/Nav2/install/nav2/share/colcon-core/packages/nav2)
[3.100s] DEBUG:colcon.colcon_parallel_executor.executor.parallel:closing loop
[3.101s] DEBUG:colcon.colcon_parallel_executor.executor.parallel:loop closed
[3.101s] DEBUG:colcon.colcon_parallel_executor.executor.parallel:run_until_complete finished with '0'
[3.101s] DEBUG:colcon.colcon_core.event_reactor:joining thread
[3.102s] DEBUG:colcon.colcon_core.event_reactor:joined thread
[3.102s] INFO:colcon.colcon_core.shell:Creating prefix script '/home/rpd/Nav2/install/local_setup.ps1'
[3.103s] INFO:colcon.colcon_core.shell:Creating prefix util module '/home/rpd/Nav2/install/_local_setup_util_ps1.py'
[3.105s] INFO:colcon.colcon_core.shell:Creating prefix chain script '/home/rpd/Nav2/install/setup.ps1'
[3.106s] INFO:colcon.colcon_core.shell:Creating prefix script '/home/rpd/Nav2/install/local_setup.sh'
[3.107s] INFO:colcon.colcon_core.shell:Creating prefix util module '/home/rpd/Nav2/install/_local_setup_util_sh.py'
[3.108s] INFO:colcon.colcon_core.shell:Creating prefix chain script '/home/rpd/Nav2/install/setup.sh'
[3.109s] INFO:colcon.colcon_core.shell:Creating prefix script '/home/rpd/Nav2/install/local_setup.bash'
[3.112s] INFO:colcon.colcon_core.shell:Creating prefix chain script '/home/rpd/Nav2/install/setup.bash'
[3.113s] INFO:colcon.colcon_core.shell:Creating prefix script '/home/rpd/Nav2/install/local_setup.zsh'
[3.114s] INFO:colcon.colcon_core.shell:Creating prefix chain script '/home/rpd/Nav2/install/setup.zsh'
