[0.642s] Invoking command in '/home/anirudh/Nav2/src/my_robot': DEBUGINFOD_URLS=https://debuginfod.ubuntu.com PYTHONPATH=/home/anirudh/Nav2/build/my_robot/prefix_override:/usr/lib/python3/dist-packages/colcon_core/task/python/colcon_distutils_commands:/home/anirudh/Nav2/install/my_robot/lib/python3.12/site-packages:${PYTHONPATH} /usr/bin/python3 -W ignore:setup.py install is deprecated -W ignore:easy_install command is deprecated setup.py egg_info --egg-base ../../build/my_robot build --build-base /home/anirudh/Nav2/build/my_robot/build install --record /home/anirudh/Nav2/build/my_robot/install.log --single-version-externally-managed install_data
[0.820s] running egg_info
[0.833s] writing ../../build/my_robot/my_robot.egg-info/PKG-INFO
[0.833s] writing dependency_links to ../../build/my_robot/my_robot.egg-info/dependency_links.txt
[0.833s] writing entry points to ../../build/my_robot/my_robot.egg-info/entry_points.txt
[0.833s] writing requirements to ../../build/my_robot/my_robot.egg-info/requires.txt
[0.833s] writing top-level names to ../../build/my_robot/my_robot.egg-info/top_level.txt
[0.859s] reading manifest file '../../build/my_robot/my_robot.egg-info/SOURCES.txt'
[0.859s] writing manifest file '../../build/my_robot/my_robot.egg-info/SOURCES.txt'
[0.859s] running build
[0.859s] running build_py
[0.859s] running install
[0.864s] running install_lib
[0.877s] running install_data
[0.877s] running install_egg_info
[0.890s] removing '/home/anirudh/Nav2/install/my_robot/lib/python3.12/site-packages/my_robot-0.0.0-py3.12.egg-info' (and everything under it)
[0.890s] Copying ../../build/my_robot/my_robot.egg-info to /home/anirudh/Nav2/install/my_robot/lib/python3.12/site-packages/my_robot-0.0.0-py3.12.egg-info
[0.891s] running install_scripts
[0.977s] Installing laser_node script to /home/anirudh/Nav2/install/my_robot/lib/my_robot
[0.977s] Installing odom script to /home/anirudh/Nav2/install/my_robot/lib/my_robot
[0.977s] writing list of installed files to '/home/anirudh/Nav2/build/my_robot/install.log'
[0.995s] Invoked command in '/home/anirudh/Nav2/src/my_robot' returned '0': DEBUGINFOD_URLS=https://debuginfod.ubuntu.com PYTHONPATH=/home/anirudh/Nav2/build/my_robot/prefix_override:/usr/lib/python3/dist-packages/colcon_core/task/python/colcon_distutils_commands:/home/anirudh/Nav2/install/my_robot/lib/python3.12/site-packages:${PYTHONPATH} /usr/bin/python3 -W ignore:setup.py install is deprecated -W ignore:easy_install command is deprecated setup.py egg_info --egg-base ../../build/my_robot build --build-base /home/anirudh/Nav2/build/my_robot/build install --record /home/anirudh/Nav2/build/my_robot/install.log --single-version-externally-managed install_data
