[2.056s] Invoking command in '/home/rpd/Nav2/my_robot': PYTHONPATH=/home/rpd/Nav2/build/my_robot/prefix_override:/usr/lib/python3/dist-packages/colcon_core/task/python/colcon_distutils_commands:/home/rpd/Nav2/install/my_robot/lib/python3.12/site-packages:${PYTHONPATH} /usr/bin/python3 -W ignore:setup.py install is deprecated -W ignore:easy_install command is deprecated setup.py egg_info --egg-base ../build/my_robot build --build-base /home/rpd/Nav2/build/my_robot/build install --record /home/rpd/Nav2/build/my_robot/install.log --single-version-externally-managed install_data
[2.414s] running egg_info
[2.437s] writing ../build/my_robot/my_robot.egg-info/PKG-INFO
[2.440s] writing dependency_links to ../build/my_robot/my_robot.egg-info/dependency_links.txt
[2.441s] writing entry points to ../build/my_robot/my_robot.egg-info/entry_points.txt
[2.442s] writing requirements to ../build/my_robot/my_robot.egg-info/requires.txt
[2.442s] writing top-level names to ../build/my_robot/my_robot.egg-info/top_level.txt
[2.493s] reading manifest file '../build/my_robot/my_robot.egg-info/SOURCES.txt'
[2.495s] writing manifest file '../build/my_robot/my_robot.egg-info/SOURCES.txt'
[2.495s] running build
[2.495s] running build_py
[2.497s] copying my_robot/laser.py -> /home/rpd/Nav2/build/my_robot/build/lib/my_robot
[2.497s] copying my_robot/odom.py -> /home/rpd/Nav2/build/my_robot/build/lib/my_robot
[2.498s] copying my_robot/nav2.py -> /home/rpd/Nav2/build/my_robot/build/lib/my_robot
[2.499s] running install
[2.509s] running install_lib
[2.536s] copying /home/rpd/Nav2/build/my_robot/build/lib/my_robot/laser.py -> /home/rpd/Nav2/install/my_robot/lib/python3.12/site-packages/my_robot
[2.536s] copying /home/rpd/Nav2/build/my_robot/build/lib/my_robot/odom.py -> /home/rpd/Nav2/install/my_robot/lib/python3.12/site-packages/my_robot
[2.537s] copying /home/rpd/Nav2/build/my_robot/build/lib/my_robot/nav2.py -> /home/rpd/Nav2/install/my_robot/lib/python3.12/site-packages/my_robot
[2.538s] byte-compiling /home/rpd/Nav2/install/my_robot/lib/python3.12/site-packages/my_robot/laser.py to laser.cpython-312.pyc
[2.539s] byte-compiling /home/rpd/Nav2/install/my_robot/lib/python3.12/site-packages/my_robot/odom.py to odom.cpython-312.pyc
[2.541s] byte-compiling /home/rpd/Nav2/install/my_robot/lib/python3.12/site-packages/my_robot/nav2.py to nav2.cpython-312.pyc
[2.542s] running install_data
[2.544s] running install_egg_info
[2.570s] removing '/home/rpd/Nav2/install/my_robot/lib/python3.12/site-packages/my_robot-0.0.0-py3.12.egg-info' (and everything under it)
[2.571s] Copying ../build/my_robot/my_robot.egg-info to /home/rpd/Nav2/install/my_robot/lib/python3.12/site-packages/my_robot-0.0.0-py3.12.egg-info
[2.573s] running install_scripts
[2.744s] Installing laser_node script to /home/rpd/Nav2/install/my_robot/lib/my_robot
[2.744s] Installing odom script to /home/rpd/Nav2/install/my_robot/lib/my_robot
[2.745s] writing list of installed files to '/home/rpd/Nav2/build/my_robot/install.log'
[2.867s] Invoked command in '/home/rpd/Nav2/my_robot' returned '0': PYTHONPATH=/home/rpd/Nav2/build/my_robot/prefix_override:/usr/lib/python3/dist-packages/colcon_core/task/python/colcon_distutils_commands:/home/rpd/Nav2/install/my_robot/lib/python3.12/site-packages:${PYTHONPATH} /usr/bin/python3 -W ignore:setup.py install is deprecated -W ignore:easy_install command is deprecated setup.py egg_info --egg-base ../build/my_robot build --build-base /home/rpd/Nav2/build/my_robot/build install --record /home/rpd/Nav2/build/my_robot/install.log --single-version-externally-managed install_data
