-- The C compiler identification is GNU 13.3.0
-- The CXX compiler identification is GNU 13.3.0
-- Detecting C compiler ABI info
-- Detecting C compiler ABI info - done
-- Check for working C compiler: /usr/bin/cc - skipped
-- Detecting C compile features
-- Detecting C compile features - done
-- Detecting CXX compiler ABI info
-- Detecting CXX compiler ABI info - done
-- Check for working CXX compiler: /usr/bin/c++ - skipped
-- Detecting CXX compile features
-- Detecting CXX compile features - done
-- Found ament_cmake: 2.5.4 (/opt/ros/jazzy/share/ament_cmake/cmake)
-- Found Python3: /usr/bin/python3 (found version "3.12.3") found components: Interpreter 
-- Found rclcpp: 28.1.13 (/opt/ros/jazzy/share/rclcpp/cmake)
-- Found rosidl_generator_c: 4.6.6 (/opt/ros/jazzy/share/rosidl_generator_c/cmake)
-- Found rosidl_generator_cpp: 4.6.6 (/opt/ros/jazzy/share/rosidl_generator_cpp/cmake)
-- Using all available rosidl_typesupport_c: rosidl_typesupport_fastrtps_c;rosidl_typesupport_introspection_c
-- Using all available rosidl_typesupport_cpp: rosidl_typesupport_fastrtps_cpp;rosidl_typesupport_introspection_cpp
-- Found rmw_implementation_cmake: 7.3.2 (/opt/ros/jazzy/share/rmw_implementation_cmake/cmake)
-- Found rmw_fastrtps_cpp: 8.4.3 (/opt/ros/jazzy/share/rmw_fastrtps_cpp/cmake)
-- Found OpenSSL: /usr/lib/x86_64-linux-gnu/libcrypto.so (found version "3.0.13")  
-- Found FastRTPS: /opt/ros/jazzy/include (Required is at least version "2.13") 
-- Using RMW implementation 'rmw_fastrtps_cpp' as default
-- Found geometry_msgs: 5.3.6 (/opt/ros/jazzy/share/geometry_msgs/cmake)
-- Found image_geometry: 4.1.0 (/opt/ros/jazzy/share/image_geometry/cmake)
-- Found map_msgs: 2.4.1 (/opt/ros/jazzy/share/map_msgs/cmake)
-- Found tf2_geometry_msgs: 0.36.16 (/opt/ros/jazzy/share/tf2_geometry_msgs/cmake)
-- Found eigen3_cmake_module: 0.3.0 (/opt/ros/jazzy/share/eigen3_cmake_module/cmake)
-- Found Eigen3: TRUE (found version "3.4.0") 
-- Ensuring Eigen3 include directory is part of orocos-kdl CMake target
-- Found Boost: /usr/lib/x86_64-linux-gnu/cmake/Boost-1.83.0/BoostConfig.cmake (found version "1.83.0") found components: thread 
-- Found OpenCV: /usr (found version "4.6.0") 
-- Found ament_lint_auto: 0.17.3 (/opt/ros/jazzy/share/ament_lint_auto/cmake)
-- Found ament_cmake_gtest: 2.5.4 (/opt/ros/jazzy/share/ament_cmake_gtest/cmake)
--2026-04-14 18:22:38--  https://raw.githubusercontent.com/hrnr/m-explore-extra/master/map_merge/hector_maps/map00.pgm
Resolving raw.githubusercontent.com (raw.githubusercontent.com)... 2606:50c0:8003::154, 2606:50c0:8000::154, 2606:50c0:8001::154, ...
Connecting to raw.githubusercontent.com (raw.githubusercontent.com)|2606:50c0:8003::154|:443... connected.
HTTP request sent, awaiting response... 200 OK
Length: 4194362 (4.0M) [application/octet-stream]
Saving to: ‘/home/anirudh/Nav2/build/multirobot_map_merge/map00.pgm’

     0K .......... .......... .......... .......... ..........  1% 5.50M 1s
    50K .......... .......... .......... .......... ..........  2% 7.44M 1s
   100K .......... .......... .......... .......... ..........  3% 10.4M 1s
   150K .......... .......... .......... .......... ..........  4% 34.4M 0s
   200K .......... .......... .......... .......... ..........  6% 6.38M 0s
   250K .......... .......... .......... .......... ..........  7% 14.2M 0s
   300K .......... .......... .......... .......... ..........  8%  454M 0s
   350K .......... .......... .......... .......... ..........  9% 6.90M 0s
   400K .......... .......... .......... .......... .......... 10% 81.1M 0s
   450K .......... .......... .......... .......... .......... 12% 4.95M 0s
   500K .......... .......... .......... .......... .......... 13%  336M 0s
   550K .......... .......... .......... .......... .......... 14%  371M 0s
   600K .......... .......... .......... .......... .......... 15%  367M 0s
   650K .......... .......... .......... .......... .......... 17% 5.91M 0s
   700K .......... .......... .......... .......... .......... 18%  271M 0s
   750K .......... .......... .......... .......... .......... 19%  482M 0s
   800K .......... .......... .......... .......... .......... 20% 4.19M 0s
   850K .......... .......... .......... .......... .......... 21%  124M 0s
   900K .......... .......... .......... .......... .......... 23%  353M 0s
   950K .......... .......... .......... .......... .......... 24% 92.6M 0s
  1000K .......... .......... .......... .......... .......... 25%  283M 0s
  1050K .......... .......... .......... .......... .......... 26%  415M 0s
  1100K .......... .......... .......... .......... .......... 28% 4.09M 0s
  1150K .......... .......... .......... .......... .......... 29%  372M 0s
  1200K .......... .......... .......... .......... .......... 30%  451M 0s
  1250K .......... .......... .......... .......... .......... 31%  456M 0s
  1300K .......... .......... .......... .......... .......... 32% 41.1M 0s
  1350K .......... .......... .......... .......... .......... 34%  492M 0s
  1400K .......... .......... .......... .......... .......... 35% 2.94M 0s
  1450K .......... .......... .......... .......... .......... 36%  404M 0s
  1500K .......... .......... .......... .......... .......... 37%  471M 0s
  1550K .......... .......... .......... .......... .......... 39% 26.9M 0s
  1600K .......... .......... .......... .......... .......... 40%  306M 0s
  1650K .......... .......... .......... .......... .......... 41%  444M 0s
  1700K .......... .......... .......... .......... .......... 42%  461M 0s
  1750K .......... .......... .......... .......... .......... 43% 52.1M 0s
  1800K .......... .......... .......... .......... .......... 45%  398M 0s
  1850K .......... .......... .......... .......... .......... 46%  503M 0s
  1900K .......... .......... .......... .......... .......... 47% 2.59M 0s
  1950K .......... .......... .......... .......... .......... 48%  196M 0s
  2000K .......... .......... .......... .......... .......... 50%  322M 0s
  2050K .......... .......... .......... .......... .......... 51% 28.4M 0s
  2100K .......... .......... .......... .......... .......... 52%  376M 0s
  2150K .......... .......... .......... .......... .......... 53%  526M 0s
  2200K .......... .......... .......... .......... .......... 54%  501M 0s
  2250K .......... .......... .......... .......... .......... 56% 40.1M 0s
  2300K .......... .......... .......... .......... .......... 57%  489M 0s
  2350K .......... .......... .......... .......... .......... 58% 1.78M 0s
  2400K .......... .......... .......... .......... .......... 59%  255M 0s
  2450K .......... .......... .......... .......... .......... 61%  459M 0s
  2500K .......... .......... .......... .......... .......... 62%  437M 0s
  2550K .......... .......... .......... .......... .......... 63% 28.3M 0s
  2600K .......... .......... .......... .......... .......... 64%  482M 0s
  2650K .......... .......... .......... .......... .......... 65%  381M 0s
  2700K .......... .......... .......... .......... .......... 67%  505M 0s
  2750K .......... .......... .......... .......... .......... 68% 33.5M 0s
  2800K .......... .......... .......... .......... .......... 69%  441M 0s
  2850K .......... .......... .......... .......... .......... 70%  507M 0s
  2900K .......... .......... .......... .......... .......... 72% 18.7M 0s
  2950K .......... .......... .......... .......... .......... 73%  321M 0s
  3000K .......... .......... .......... .......... .......... 74%  247M 0s
  3050K .......... .......... .......... .......... .......... 75% 28.0M 0s
  3100K .......... .......... .......... .......... .......... 76%  285M 0s
  3150K .......... .......... .......... .......... .......... 78%  358M 0s
  3200K .......... .......... .......... .......... .......... 79%  270M 0s
  3250K .......... .......... .......... .......... .......... 80% 4.20M 0s
  3300K .......... .......... .......... .......... .......... 81%  334M 0s
  3350K .......... .......... .......... .......... .......... 83%  405M 0s
  3400K .......... .......... .......... .......... .......... 84% 28.4M 0s
  3450K .......... .......... .......... .......... .......... 85%  220M 0s
  3500K .......... .......... .......... .......... .......... 86%  347M 0s
  3550K .......... .......... .......... .......... .......... 87%  399M 0s
  3600K .......... .......... .......... .......... .......... 89% 77.0M 0s
  3650K .......... .......... .......... .......... .......... 90% 8.92M 0s
  3700K .......... .......... .......... .......... .......... 91%  183M 0s
  3750K .......... .......... .......... .......... .......... 92%  365M 0s
  3800K .......... .......... .......... .......... .......... 93%  335M 0s
  3850K .......... .......... .......... .......... .......... 95% 68.6M 0s
  3900K .......... .......... .......... .......... .......... 96%  375M 0s
  3950K .......... .......... .......... .......... .......... 97% 34.6M 0s
  4000K .......... .......... .......... .......... .......... 98%  361M 0s
  4050K .......... .......... .......... .......... ......    100%  360M=0.2s

2026-04-14 18:22:39 (21.2 MB/s) - ‘/home/anirudh/Nav2/build/multirobot_map_merge/map00.pgm’ saved [4194362/4194362]

Checking MD5 sum of /home/anirudh/Nav2/build/multirobot_map_merge/map00.pgm
/home/anirudh/Nav2/build/multirobot_map_merge/map00.pgm: OK
--2026-04-14 18:22:39--  https://raw.githubusercontent.com/hrnr/m-explore-extra/master/map_merge/hector_maps/map05.pgm
Resolving raw.githubusercontent.com (raw.githubusercontent.com)... 2606:50c0:8003::154, 2606:50c0:8001::154, 2606:50c0:8002::154, ...
Connecting to raw.githubusercontent.com (raw.githubusercontent.com)|2606:50c0:8003::154|:443... connected.
HTTP request sent, awaiting response... 200 OK
Length: 4194362 (4.0M) [application/octet-stream]
Saving to: ‘/home/anirudh/Nav2/build/multirobot_map_merge/map05.pgm’

     0K .......... .......... .......... .......... ..........  1% 3.36M 1s
    50K .......... .......... .......... .......... ..........  2%  105M 1s
   100K .......... .......... .......... .......... ..........  3% 5.82M 1s
   150K .......... .......... .......... .......... ..........  4% 13.6M 1s
   200K .......... .......... .......... .......... ..........  6% 7.23M 1s
   250K .......... .......... .......... .......... ..........  7% 29.6M 0s
   300K .......... .......... .......... .......... ..........  8% 11.1M 0s
   350K .......... .......... .......... .......... ..........  9% 10.9M 0s
   400K .......... .......... .......... .......... .......... 10% 6.06M 0s
   450K .......... .......... .......... .......... .......... 12%  279M 0s
   500K .......... .......... .......... .......... .......... 13% 9.67M 0s
   550K .......... .......... .......... .......... .......... 14% 29.8M 0s
   600K .......... .......... .......... .......... .......... 15%  277M 0s
   650K .......... .......... .......... .......... .......... 17% 8.45M 0s
   700K .......... .......... .......... .......... .......... 18% 19.5M 0s
   750K .......... .......... .......... .......... .......... 19%  280M 0s
   800K .......... .......... .......... .......... .......... 20% 13.2M 0s
   850K .......... .......... .......... .......... .......... 21% 28.9M 0s
   900K .......... .......... .......... .......... .......... 23% 10.8M 0s
   950K .......... .......... .......... .......... .......... 24% 10.4M 0s
  1000K .......... .......... .......... .......... .......... 25%  290M 0s
  1050K .......... .......... .......... .......... .......... 26%  371M 0s
  1100K .......... .......... .......... .......... .......... 28% 53.2M 0s
  1150K .......... .......... .......... .......... .......... 29% 4.91M 0s
  1200K .......... .......... .......... .......... .......... 30%  277M 0s
  1250K .......... .......... .......... .......... .......... 31%  372M 0s
  1300K .......... .......... .......... .......... .......... 32% 4.52M 0s
  1350K .......... .......... .......... .......... .......... 34%  269M 0s
  1400K .......... .......... .......... .......... .......... 35%  410M 0s
  1450K .......... .......... .......... .......... .......... 36%  415M 0s
  1500K .......... .......... .......... .......... .......... 37%  386M 0s
  1550K .......... .......... .......... .......... .......... 39% 7.99M 0s
  1600K .......... .......... .......... .......... .......... 40% 13.5M 0s
  1650K .......... .......... .......... .......... .......... 41%  535M 0s
  1700K .......... .......... .......... .......... .......... 42%  558M 0s
  1750K .......... .......... .......... .......... .......... 43% 9.74M 0s
  1800K .......... .......... .......... .......... .......... 45%  655M 0s
  1850K .......... .......... .......... .......... .......... 46%  554M 0s
  1900K .......... .......... .......... .......... .......... 47% 12.9M 0s
  1950K .......... .......... .......... .......... .......... 48%  487M 0s
  2000K .......... .......... .......... .......... .......... 50% 19.8M 0s
  2050K .......... .......... .......... .......... .......... 51% 32.7M 0s
  2100K .......... .......... .......... .......... .......... 52%  481M 0s
  2150K .......... .......... .......... .......... .......... 53% 14.6M 0s
  2200K .......... .......... .......... .......... .......... 54%  692M 0s
  2250K .......... .......... .......... .......... .......... 56%  129M 0s
  2300K .......... .......... .......... .......... .......... 57% 5.55M 0s
  2350K .......... .......... .......... .......... .......... 58%  578M 0s
  2400K .......... .......... .......... .......... .......... 59%  567M 0s
  2450K .......... .......... .......... .......... .......... 61% 36.1M 0s
  2500K .......... .......... .......... .......... .......... 62%  566M 0s
  2550K .......... .......... .......... .......... .......... 63%  582M 0s
  2600K .......... .......... .......... .......... .......... 64% 24.3M 0s
  2650K .......... .......... .......... .......... .......... 65%  623M 0s
  2700K .......... .......... .......... .......... .......... 67%  622M 0s
  2750K .......... .......... .......... .......... .......... 68%  160M 0s
  2800K .......... .......... .......... .......... .......... 69% 2.63M 0s
  2850K .......... .......... .......... .......... .......... 70% 53.6M 0s
  2900K .......... .......... .......... .......... .......... 72%  585M 0s
  2950K .......... .......... .......... .......... .......... 73% 43.0M 0s
  3000K .......... .......... .......... .......... .......... 74%  634M 0s
  3050K .......... .......... .......... .......... .......... 75% 37.5M 0s
  3100K .......... .......... .......... .......... .......... 76% 20.1M 0s
  3150K .......... .......... .......... .......... .......... 78%  534M 0s
  3200K .......... .......... .......... .......... .......... 79%  562M 0s
  3250K .......... .......... .......... .......... .......... 80%  746M 0s
  3300K .......... .......... .......... .......... .......... 81% 51.8M 0s
  3350K .......... .......... .......... .......... .......... 83% 2.68M 0s
  3400K .......... .......... .......... .......... .......... 84%  499M 0s
  3450K .......... .......... .......... .......... .......... 85%  479M 0s
  3500K .......... .......... .......... .......... .......... 86% 18.9M 0s
  3550K .......... .......... .......... .......... .......... 87%  346M 0s
  3600K .......... .......... .......... .......... .......... 89% 14.4M 0s
  3650K .......... .......... .......... .......... .......... 90%  486M 0s
  3700K .......... .......... .......... .......... .......... 91%  473M 0s
  3750K .......... .......... .......... .......... .......... 92% 9.63M 0s
  3800K .......... .......... .......... .......... .......... 93%  414M 0s
  3850K .......... .......... .......... .......... .......... 95%  682M 0s
  3900K .......... .......... .......... .......... .......... 96% 9.50M 0s
  3950K .......... .......... .......... .......... .......... 97%  304M 0s
  4000K .......... .......... .......... .......... .......... 98%  385M 0s
  4050K .......... .......... .......... .......... ......    100%  473M=0.2s

2026-04-14 18:22:41 (19.4 MB/s) - ‘/home/anirudh/Nav2/build/multirobot_map_merge/map05.pgm’ saved [4194362/4194362]

Checking MD5 sum of /home/anirudh/Nav2/build/multirobot_map_merge/map05.pgm
/home/anirudh/Nav2/build/multirobot_map_merge/map05.pgm: OK
--2026-04-14 18:22:41--  https://raw.githubusercontent.com/hrnr/m-explore-extra/master/map_merge/gmapping_maps/2011-08-09-12-22-52.pgm
Resolving raw.githubusercontent.com (raw.githubusercontent.com)... 2606:50c0:8001::154, 2606:50c0:8002::154, 2606:50c0:8000::154, ...
Connecting to raw.githubusercontent.com (raw.githubusercontent.com)|2606:50c0:8001::154|:443... connected.
HTTP request sent, awaiting response... 200 OK
Length: 16000058 (15M) [application/octet-stream]
Saving to: ‘/home/anirudh/Nav2/build/multirobot_map_merge/2011-08-09-12-22-52.pgm’

     0K .......... .......... .......... .......... ..........  0% 5.04M 3s
    50K .......... .......... .......... .......... ..........  0% 6.77M 3s
   100K .......... .......... .......... .......... ..........  0% 12.5M 2s
   150K .......... .......... .......... .......... ..........  1% 26.3M 2s
   200K .......... .......... .......... .......... ..........  1% 11.3M 2s
   250K .......... .......... .......... .......... ..........  1% 4.76M 2s
   300K .......... .......... .......... .......... ..........  2%  355M 2s
   350K .......... .......... .......... .......... ..........  2% 5.90M 2s
   400K .......... .......... .......... .......... ..........  2% 5.39M 2s
   450K .......... .......... .......... .......... ..........  3%  297M 2s
   500K .......... .......... .......... .......... ..........  3%  403M 2s
   550K .......... .......... .......... .......... ..........  3% 24.2M 1s
   600K .......... .......... .......... .......... ..........  4% 10.8M 1s
   650K .......... .......... .......... .......... ..........  4% 11.6M 1s
   700K .......... .......... .......... .......... ..........  4%  273M 1s
   750K .......... .......... .......... .......... ..........  5%  379M 1s
   800K .......... .......... .......... .......... ..........  5% 14.8M 1s
   850K .......... .......... .......... .......... ..........  5% 16.9M 1s
   900K .......... .......... .......... .......... ..........  6% 7.22M 1s
   950K .......... .......... .......... .......... ..........  6%  288M 1s
  1000K .......... .......... .......... .......... ..........  6%  393M 1s
  1050K .......... .......... .......... .......... ..........  7% 14.9M 1s
  1100K .......... .......... .......... .......... ..........  7%  372M 1s
  1150K .......... .......... .......... .......... ..........  7% 5.15M 1s
  1200K .......... .......... .......... .......... ..........  7%  271M 1s
  1250K .......... .......... .......... .......... ..........  8%  359M 1s
  1300K .......... .......... .......... .......... ..........  8% 53.0M 1s
  1350K .......... .......... .......... .......... ..........  8% 4.47M 1s
  1400K .......... .......... .......... .......... ..........  9%  363M 1s
  1450K .......... .......... .......... .......... ..........  9%  414M 1s
  1500K .......... .......... .......... .......... ..........  9%  418M 1s
  1550K .......... .......... .......... .......... .......... 10% 16.4M 1s
  1600K .......... .......... .......... .......... .......... 10%  265M 1s
  1650K .......... .......... .......... .......... .......... 10% 4.68M 1s
  1700K .......... .......... .......... .......... .......... 11%  346M 1s
  1750K .......... .......... .......... .......... .......... 11%  398M 1s
  1800K .......... .......... .......... .......... .......... 11% 19.7M 1s
  1850K .......... .......... .......... .......... .......... 12%  315M 1s
  1900K .......... .......... .......... .......... .......... 12% 4.02M 1s
  1950K .......... .......... .......... .......... .......... 12%  359M 1s
  2000K .......... .......... .......... .......... .......... 13%  288M 1s
  2050K .......... .......... .......... .......... .......... 13% 9.53M 1s
  2100K .......... .......... .......... .......... .......... 13%  265M 1s
  2150K .......... .......... .......... .......... .......... 14%  684M 1s
  2200K .......... .......... .......... .......... .......... 14%  748M 1s
  2250K .......... .......... .......... .......... .......... 14% 20.8M 1s
  2300K .......... .......... .......... .......... .......... 15%  374M 1s
  2350K .......... .......... .......... .......... .......... 15% 12.2M 1s
  2400K .......... .......... .......... .......... .......... 15% 4.53M 1s
  2450K .......... .......... .......... .......... .......... 15%  354M 1s
  2500K .......... .......... .......... .......... .......... 16%  394M 1s
  2550K .......... .......... .......... .......... .......... 16% 5.17M 1s
  2600K .......... .......... .......... .......... .......... 16%  301M 1s
  2650K .......... .......... .......... .......... .......... 17%  397M 1s
  2700K .......... .......... .......... .......... .......... 17%  420M 1s
  2750K .......... .......... .......... .......... .......... 17% 21.0M 1s
  2800K .......... .......... .......... .......... .......... 18% 9.04M 1s
  2850K .......... .......... .......... .......... .......... 18%  298M 1s
  2900K .......... .......... .......... .......... .......... 18%  391M 1s
  2950K .......... .......... .......... .......... .......... 19%  409M 1s
  3000K .......... .......... .......... .......... .......... 19% 6.45M 1s
  3050K .......... .......... .......... .......... .......... 19%  344M 1s
  3100K .......... .......... .......... .......... .......... 20%  360M 1s
  3150K .......... .......... .......... .......... .......... 20% 2.89M 1s
  3200K .......... .......... .......... .......... .......... 20%  275M 1s
  3250K .......... .......... .......... .......... .......... 21%  372M 1s
  3300K .......... .......... .......... .......... .......... 21% 4.74M 1s
  3350K .......... .......... .......... .......... .......... 21%  325M 1s
  3400K .......... .......... .......... .......... .......... 22%  423M 1s
  3450K .......... .......... .......... .......... .......... 22%  425M 1s
  3500K .......... .......... .......... .......... .......... 22% 9.72M 1s
  3550K .......... .......... .......... .......... .......... 23%  390M 1s
  3600K .......... .......... .......... .......... .......... 23%  319M 1s
  3650K .......... .......... .......... .......... .......... 23% 9.42M 1s
  3700K .......... .......... .......... .......... .......... 23%  302M 1s
  3750K .......... .......... .......... .......... .......... 24%  414M 1s
  3800K .......... .......... .......... .......... .......... 24%  396M 1s
  3850K .......... .......... .......... .......... .......... 24% 20.8M 1s
  3900K .......... .......... .......... .......... .......... 25% 3.20M 1s
  3950K .......... .......... .......... .......... .......... 25%  246M 1s
  4000K .......... .......... .......... .......... .......... 25%  523M 1s
  4050K .......... .......... .......... .......... .......... 26%  799M 1s
  4100K .......... .......... .......... .......... .......... 26% 17.3M 1s
  4150K .......... .......... .......... .......... .......... 26%  762M 1s
  4200K .......... .......... .......... .......... .......... 27%  762M 1s
  4250K .......... .......... .......... .......... .......... 27%  793M 1s
  4300K .......... .......... .......... .......... .......... 27% 15.9M 1s
  4350K .......... .......... .......... .......... .......... 28%  752M 1s
  4400K .......... .......... .......... .......... .......... 28% 8.06M 1s
  4450K .......... .......... .......... .......... .......... 28%  733M 1s
  4500K .......... .......... .......... .......... .......... 29%  815M 1s
  4550K .......... .......... .......... .......... .......... 29% 11.0M 1s
  4600K .......... .......... .......... .......... .......... 29%  582M 1s
  4650K .......... .......... .......... .......... .......... 30%  772M 1s
  4700K .......... .......... .......... .......... .......... 30%  751M 1s
  4750K .......... .......... .......... .......... .......... 30% 20.8M 1s
  4800K .......... .......... .......... .......... .......... 31% 5.78M 1s
  4850K .......... .......... .......... .......... .......... 31%  494M 1s
  4900K .......... .......... .......... .......... .......... 31%  796M 1s
  4950K .......... .......... .......... .......... .......... 31%  768M 1s
  5000K .......... .......... .......... .......... .......... 32% 9.10M 1s
  5050K .......... .......... .......... .......... .......... 32%  729M 1s
  5100K .......... .......... .......... .......... .......... 32%  755M 1s
  5150K .......... .......... .......... .......... .......... 33%  711M 1s
  5200K .......... .......... .......... .......... .......... 33% 9.58M 1s
  5250K .......... .......... .......... .......... .......... 33%  718M 1s
  5300K .......... .......... .......... .......... .......... 34%  770M 1s
  5350K .......... .......... .......... .......... .......... 34% 8.85M 1s
  5400K .......... .......... .......... .......... .......... 34%  681M 1s
  5450K .......... .......... .......... .......... .......... 35%  781M 1s
  5500K .......... .......... .......... .......... .......... 35%  793M 1s
  5550K .......... .......... .......... .......... .......... 35% 8.23M 1s
  5600K .......... .......... .......... .......... .......... 36%  533M 1s
  5650K .......... .......... .......... .......... .......... 36%  671M 1s
  5700K .......... .......... .......... .......... .......... 36% 1.55M 1s
  5750K .......... .......... .......... .......... .......... 37%  333M 1s
  5800K .......... .......... .......... .......... .......... 37%  418M 1s
  5850K .......... .......... .......... .......... .......... 37% 39.8M 1s
  5900K .......... .......... .......... .......... .......... 38% 45.0M 1s
  5950K .......... .......... .......... .......... .......... 38%  413M 1s
  6000K .......... .......... .......... .......... .......... 38% 26.6M 1s
  6050K .......... .......... .......... .......... .......... 39% 20.9M 1s
  6100K .......... .......... .......... .......... .......... 39% 41.5M 1s
  6150K .......... .......... .......... .......... .......... 39%  371M 1s
  6200K .......... .......... .......... .......... .......... 39%  412M 0s
  6250K .......... .......... .......... .......... .......... 40% 1.85M 1s
  6300K .......... .......... .......... .......... .......... 40% 6.58M 1s
  6350K .......... .......... .......... .......... .......... 40% 48.2M 1s
  6400K .......... .......... .......... .......... .......... 41% 9.08M 1s
  6450K .......... .......... .......... .......... .......... 41% 11.6M 1s
  6500K .......... .......... .......... .......... .......... 41% 12.1M 1s
  6550K .......... .......... .......... .......... .......... 42%  297M 1s
  6600K .......... .......... .......... .......... .......... 42% 8.03M 1s
  6650K .......... .......... .......... .......... .......... 42% 14.6M 1s
  6700K .......... .......... .......... .......... .......... 43%  585M 1s
  6750K .......... .......... .......... .......... .......... 43% 8.10M 1s
  6800K .......... .......... .......... .......... .......... 43% 17.8M 1s
  6850K .......... .......... .......... .......... .......... 44%  618M 1s
  6900K .......... .......... .......... .......... .......... 44% 6.36M 1s
  6950K .......... .......... .......... .......... .......... 44%  559M 0s
  7000K .......... .......... .......... .......... .......... 45% 15.1M 0s
  7050K .......... .......... .......... .......... .......... 45%  549M 0s
  7100K .......... .......... .......... .......... .......... 45% 2.03M 1s
  7150K .......... .......... .......... .......... .......... 46%  628M 1s
  7200K .......... .......... .......... .......... .......... 46%  569M 0s
  7250K .......... .......... .......... .......... .......... 46% 24.0M 0s
  7300K .......... .......... .......... .......... .......... 47%  272M 0s
  7350K .......... .......... .......... .......... .......... 47% 68.0M 0s
  7400K .......... .......... .......... .......... .......... 47%  704M 0s
  7450K .......... .......... .......... .......... .......... 47%  732M 0s
  7500K .......... .......... .......... .......... .......... 48%  172M 0s
  7550K .......... .......... .......... .......... .......... 48% 7.45M 0s
  7600K .......... .......... .......... .......... .......... 48%  549M 0s
  7650K .......... .......... .......... .......... .......... 49%  721M 0s
  7700K .......... .......... .......... .......... .......... 49% 11.1M 0s
  7750K .......... .......... .......... .......... .......... 49%  522M 0s
  7800K .......... .......... .......... .......... .......... 50%  773M 0s
  7850K .......... .......... .......... .......... .......... 50%  711M 0s
  7900K .......... .......... .......... .......... .......... 50% 19.4M 0s
  7950K .......... .......... .......... .......... .......... 51% 8.48M 0s
  8000K .......... .......... .......... .......... .......... 51% 19.2M 0s
  8050K .......... .......... .......... .......... .......... 51%  708M 0s
  8100K .......... .......... .......... .......... .......... 52%  721M 0s
  8150K .......... .......... .......... .......... .......... 52%  675M 0s
  8200K .......... .......... .......... .......... .......... 52% 11.3M 0s
  8250K .......... .......... .......... .......... .......... 53%  636M 0s
  8300K .......... .......... .......... .......... .......... 53%  806M 0s
  8350K .......... .......... .......... .......... .......... 53%  706M 0s
  8400K .......... .......... .......... .......... .......... 54% 8.87M 0s
  8450K .......... .......... .......... .......... .......... 54%  728M 0s
  8500K .......... .......... .......... .......... .......... 54%  599M 0s
  8550K .......... .......... .......... .......... .......... 55% 9.03M 0s
  8600K .......... .......... .......... .......... .......... 55%  712M 0s
  8650K .......... .......... .......... .......... .......... 55%  785M 0s
  8700K .......... .......... .......... .......... .......... 55%  803M 0s
  8750K .......... .......... .......... .......... .......... 56% 6.96M 0s
  8800K .......... .......... .......... .......... .......... 56%  447M 0s
  8850K .......... .......... .......... .......... .......... 56%  521M 0s
  8900K .......... .......... .......... .......... .......... 57% 16.5M 0s
  8950K .......... .......... .......... .......... .......... 57% 6.67M 0s
  9000K .......... .......... .......... .......... .......... 57%  629M 0s
  9050K .......... .......... .......... .......... .......... 58%  743M 0s
  9100K .......... .......... .......... .......... .......... 58%  766M 0s
  9150K .......... .......... .......... .......... .......... 58% 8.79M 0s
  9200K .......... .......... .......... .......... .......... 59%  534M 0s
  9250K .......... .......... .......... .......... .......... 59%  635M 0s
  9300K .......... .......... .......... .......... .......... 59% 8.98M 0s
  9350K .......... .......... .......... .......... .......... 60%  534M 0s
  9400K .......... .......... .......... .......... .......... 60%  753M 0s
  9450K .......... .......... .......... .......... .......... 60%  756M 0s
  9500K .......... .......... .......... .......... .......... 61% 12.0M 0s
  9550K .......... .......... .......... .......... .......... 61%  725M 0s
  9600K .......... .......... .......... .......... .......... 61% 8.89M 0s
  9650K .......... .......... .......... .......... .......... 62% 76.3M 0s
  9700K .......... .......... .......... .......... .......... 62%  559M 0s
  9750K .......... .......... .......... .......... .......... 62%  807M 0s
  9800K .......... .......... .......... .......... .......... 63% 29.0M 0s
  9850K .......... .......... .......... .......... .......... 63% 5.66M 0s
  9900K .......... .......... .......... .......... .......... 63% 55.0M 0s
  9950K .......... .......... .......... .......... .......... 63%  617M 0s
 10000K .......... .......... .......... .......... .......... 64% 29.7M 0s
 10050K .......... .......... .......... .......... .......... 64% 25.3M 0s
 10100K .......... .......... .......... .......... .......... 64% 8.14M 0s
 10150K .......... .......... .......... .......... .......... 65%  517M 0s
 10200K .......... .......... .......... .......... .......... 65%  794M 0s
 10250K .......... .......... .......... .......... .......... 65% 28.3M 0s
 10300K .......... .......... .......... .......... .......... 66% 2.82M 0s
 10350K .......... .......... .......... .......... .......... 66% 11.0M 0s
 10400K .......... .......... .......... .......... .......... 66%  492M 0s
 10450K .......... .......... .......... .......... .......... 67%  655M 0s
 10500K .......... .......... .......... .......... .......... 67% 9.57M 0s
 10550K .......... .......... .......... .......... .......... 67%  633M 0s
 10600K .......... .......... .......... .......... .......... 68%  557M 0s
 10650K .......... .......... .......... .......... .......... 68%  678M 0s
 10700K .......... .......... .......... .......... .......... 68% 8.57M 0s
 10750K .......... .......... .......... .......... .......... 69%  619M 0s
 10800K .......... .......... .......... .......... .......... 69%  496M 0s
 10850K .......... .......... .......... .......... .......... 69% 9.39M 0s
 10900K .......... .......... .......... .......... .......... 70% 3.66M 0s
 10950K .......... .......... .......... .......... .......... 70% 61.8M 0s
 11000K .......... .......... .......... .......... .......... 70% 87.3M 0s
 11050K .......... .......... .......... .......... .......... 71% 24.8M 0s
 11100K .......... .......... .......... .......... .......... 71% 71.4M 0s
 11150K .......... .......... .......... .......... .......... 71%  161M 0s
 11200K .......... .......... .......... .......... .......... 71% 40.7M 0s
 11250K .......... .......... .......... .......... .......... 72%  682M 0s
 11300K .......... .......... .......... .......... .......... 72%  722M 0s
 11350K .......... .......... .......... .......... .......... 72%  748M 0s
 11400K .......... .......... .......... .......... .......... 73%  736M 0s
 11450K .......... .......... .......... .......... .......... 73%  684M 0s
 11500K .......... .......... .......... .......... .......... 73%  739M 0s
 11550K .......... .......... .......... .......... .......... 74%  712M 0s
 11600K .......... .......... .......... .......... .......... 74%  553M 0s
 11650K .......... .......... .......... .......... .......... 74%  741M 0s
 11700K .......... .......... .......... .......... .......... 75%  719M 0s
 11750K .......... .......... .......... .......... .......... 75% 88.0M 0s
 11800K .......... .......... .......... .......... .......... 75% 79.5M 0s
 11850K .......... .......... .......... .......... .......... 76% 24.1M 0s
 11900K .......... .......... .......... .......... .......... 76% 9.38M 0s
 11950K .......... .......... .......... .......... .......... 76%  600M 0s
 12000K .......... .......... .......... .......... .......... 77% 4.26M 0s
 12050K .......... .......... .......... .......... .......... 77% 3.25M 0s
 12100K .......... .......... .......... .......... .......... 77% 7.88M 0s
 12150K .......... .......... .......... .......... .......... 78%  708M 0s
 12200K .......... .......... .......... .......... .......... 78%  675M 0s
 12250K .......... .......... .......... .......... .......... 78%  798M 0s
 12300K .......... .......... .......... .......... .......... 79%  751M 0s
 12350K .......... .......... .......... .......... .......... 79%  782M 0s
 12400K .......... .......... .......... .......... .......... 79%  333M 0s
 12450K .......... .......... .......... .......... .......... 79% 5.35M 0s
 12500K .......... .......... .......... .......... .......... 80%  561M 0s
 12550K .......... .......... .......... .......... .......... 80%  711M 0s
 12600K .......... .......... .......... .......... .......... 80% 24.7M 0s
 12650K .......... .......... .......... .......... .......... 81%  576M 0s
 12700K .......... .......... .......... .......... .......... 81% 6.43M 0s
 12750K .......... .......... .......... .......... .......... 81% 13.9M 0s
 12800K .......... .......... .......... .......... .......... 82%  450M 0s
 12850K .......... .......... .......... .......... .......... 82% 15.3M 0s
 12900K .......... .......... .......... .......... .......... 82%  698M 0s
 12950K .......... .......... .......... .......... .......... 83% 16.0M 0s
 13000K .......... .......... .......... .......... .......... 83%  583M 0s
 13050K .......... .......... .......... .......... .......... 83%  737M 0s
 13100K .......... .......... .......... .......... .......... 84% 25.6M 0s
 13150K .......... .......... .......... .......... .......... 84% 6.98M 0s
 13200K .......... .......... .......... .......... .......... 84%  546M 0s
 13250K .......... .......... .......... .......... .......... 85%  724M 0s
 13300K .......... .......... .......... .......... .......... 85% 49.9M 0s
 13350K .......... .......... .......... .......... .......... 85% 4.59M 0s
 13400K .......... .......... .......... .......... .......... 86%  539M 0s
 13450K .......... .......... .......... .......... .......... 86% 3.27M 0s
 13500K .......... .......... .......... .......... .......... 86% 24.4M 0s
 13550K .......... .......... .......... .......... .......... 87%  743M 0s
 13600K .......... .......... .......... .......... .......... 87%  621M 0s
 13650K .......... .......... .......... .......... .......... 87%  815M 0s
 13700K .......... .......... .......... .......... .......... 87%  833M 0s
 13750K .......... .......... .......... .......... .......... 88% 65.6M 0s
 13800K .......... .......... .......... .......... .......... 88%  639M 0s
 13850K .......... .......... .......... .......... .......... 88%  820M 0s
 13900K .......... .......... .......... .......... .......... 89% 14.4M 0s
 13950K .......... .......... .......... .......... .......... 89% 16.4M 0s
 14000K .......... .......... .......... .......... .......... 89% 12.8M 0s
 14050K .......... .......... .......... .......... .......... 90% 46.2M 0s
 14100K .......... .......... .......... .......... .......... 90% 12.6M 0s
 14150K .......... .......... .......... .......... .......... 90%  592M 0s
 14200K .......... .......... .......... .......... .......... 91% 15.6M 0s
 14250K .......... .......... .......... .......... .......... 91% 58.6M 0s
 14300K .......... .......... .......... .......... .......... 91% 2.63M 0s
 14350K .......... .......... .......... .......... .......... 92%  657M 0s
 14400K .......... .......... .......... .......... .......... 92%  622M 0s
 14450K .......... .......... .......... .......... .......... 92%  799M 0s
 14500K .......... .......... .......... .......... .......... 93%  773M 0s
 14550K .......... .......... .......... .......... .......... 93%  805M 0s
 14600K .......... .......... .......... .......... .......... 93% 6.60M 0s
 14650K .......... .......... .......... .......... .......... 94%  740M 0s
 14700K .......... .......... .......... .......... .......... 94% 81.9M 0s
 14750K .......... .......... .......... .......... .......... 94% 8.37M 0s
 14800K .......... .......... .......... .......... .......... 95% 16.4M 0s
 14850K .......... .......... .......... .......... .......... 95% 25.7M 0s
 14900K .......... .......... .......... .......... .......... 95% 18.3M 0s
 14950K .......... .......... .......... .......... .......... 95% 21.3M 0s
 15000K .......... .......... .......... .......... .......... 96% 20.6M 0s
 15050K .......... .......... .......... .......... .......... 96% 9.85M 0s
 15100K .......... .......... .......... .......... .......... 96%  612M 0s
 15150K .......... .......... .......... .......... .......... 97% 16.7M 0s
 15200K .......... .......... .......... .......... .......... 97% 9.73M 0s
 15250K .......... .......... .......... .......... .......... 97% 20.7M 0s
 15300K .......... .......... .......... .......... .......... 98% 61.4M 0s
 15350K .......... .......... .......... .......... .......... 98% 28.3M 0s
 15400K .......... .......... .......... .......... .......... 98% 6.03M 0s
 15450K .......... .......... .......... .......... .......... 99% 54.7M 0s
 15500K .......... .......... .......... .......... .......... 99% 28.4M 0s
 15550K .......... .......... .......... .......... .......... 99% 9.40M 0s
 15600K .......... .......... .....                           100%  470M=0.8s

2026-04-14 18:22:43 (19.1 MB/s) - ‘/home/anirudh/Nav2/build/multirobot_map_merge/2011-08-09-12-22-52.pgm’ saved [16000058/16000058]

Checking MD5 sum of /home/anirudh/Nav2/build/multirobot_map_merge/2011-08-09-12-22-52.pgm
/home/anirudh/Nav2/build/multirobot_map_merge/2011-08-09-12-22-52.pgm: OK
--2026-04-14 18:22:43--  https://raw.githubusercontent.com/hrnr/m-explore-extra/master/map_merge/gmapping_maps/2012-01-28-11-12-01.pgm
Resolving raw.githubusercontent.com (raw.githubusercontent.com)... 2606:50c0:8001::154, 2606:50c0:8000::154, 2606:50c0:8002::154, ...
Connecting to raw.githubusercontent.com (raw.githubusercontent.com)|2606:50c0:8001::154|:443... connected.
HTTP request sent, awaiting response... 200 OK
Length: 16000058 (15M) [application/octet-stream]
Saving to: ‘/home/anirudh/Nav2/build/multirobot_map_merge/2012-01-28-11-12-01.pgm’

     0K .......... .......... .......... .......... ..........  0% 9.30M 2s
    50K .......... .......... .......... .......... ..........  0% 6.23M 2s
   100K .......... .......... .......... .......... ..........  0% 9.48M 2s
   150K .......... .......... .......... .......... ..........  1% 11.9M 2s
   200K .......... .......... .......... .......... ..........  1% 17.4M 2s
   250K .......... .......... .......... .......... ..........  1% 7.79M 2s
   300K .......... .......... .......... .......... ..........  2% 43.8M 1s
   350K .......... .......... .......... .......... ..........  2% 6.69M 2s
   400K .......... .......... .......... .......... ..........  2%  363M 1s
   450K .......... .......... .......... .......... ..........  3% 66.8M 1s
   500K .......... .......... .......... .......... ..........  3% 7.70M 1s
   550K .......... .......... .......... .......... ..........  3% 23.0M 1s
   600K .......... .......... .......... .......... ..........  4%  395M 1s
   650K .......... .......... .......... .......... ..........  4% 4.53M 1s
   700K .......... .......... .......... .......... ..........  4%  337M 1s
   750K .......... .......... .......... .......... ..........  5%  382M 1s
   800K .......... .......... .......... .......... ..........  5%  379M 1s
   850K .......... .......... .......... .......... ..........  5%  140M 1s
   900K .......... .......... .......... .......... ..........  6% 3.84M 1s
   950K .......... .......... .......... .......... ..........  6%  301M 1s
  1000K .......... .......... .......... .......... ..........  6%  389M 1s
  1050K .......... .......... .......... .......... ..........  7% 30.0M 1s
  1100K .......... .......... .......... .......... ..........  7%  306M 1s
  1150K .......... .......... .......... .......... ..........  7%  357M 1s
  1200K .......... .......... .......... .......... ..........  7% 3.35M 1s
  1250K .......... .......... .......... .......... ..........  8%  365M 1s
  1300K .......... .......... .......... .......... ..........  8%  385M 1s
  1350K .......... .......... .......... .......... ..........  8% 20.8M 1s
  1400K .......... .......... .......... .......... ..........  9%  269M 1s
  1450K .......... .......... .......... .......... ..........  9%  299M 1s
  1500K .......... .......... .......... .......... ..........  9%  373M 1s
  1550K .......... .......... .......... .......... .......... 10% 3.37M 1s
  1600K .......... .......... .......... .......... .......... 10%  363M 1s
  1650K .......... .......... .......... .......... .......... 10%  379M 1s
  1700K .......... .......... .......... .......... .......... 11%  396M 1s
  1750K .......... .......... .......... .......... .......... 11% 20.7M 1s
  1800K .......... .......... .......... .......... .......... 11%  333M 1s
  1850K .......... .......... .......... .......... .......... 12%  304M 1s
  1900K .......... .......... .......... .......... .......... 12% 24.8M 1s
  1950K .......... .......... .......... .......... .......... 12%  335M 1s
  2000K .......... .......... .......... .......... .......... 13% 2.74M 1s
  2050K .......... .......... .......... .......... .......... 13%  332M 1s
  2100K .......... .......... .......... .......... .......... 13%  377M 1s
  2150K .......... .......... .......... .......... .......... 14%  357M 1s
  2200K .......... .......... .......... .......... .......... 14% 21.7M 1s
  2250K .......... .......... .......... .......... .......... 14%  264M 1s
  2300K .......... .......... .......... .......... .......... 15%  385M 1s
  2350K .......... .......... .......... .......... .......... 15% 8.21M 1s
  2400K .......... .......... .......... .......... .......... 15%  288M 1s
  2450K .......... .......... .......... .......... .......... 15%  384M 1s
  2500K .......... .......... .......... .......... .......... 16%  393M 1s
  2550K .......... .......... .......... .......... .......... 16% 22.0M 1s
  2600K .......... .......... .......... .......... .......... 16%  379M 1s
  2650K .......... .......... .......... .......... .......... 17% 4.63M 1s
  2700K .......... .......... .......... .......... .......... 17%  287M 1s
  2750K .......... .......... .......... .......... .......... 17%  400M 1s
  2800K .......... .......... .......... .......... .......... 18%  387M 1s
  2850K .......... .......... .......... .......... .......... 18% 43.5M 1s
  2900K .......... .......... .......... .......... .......... 18%  361M 1s
  2950K .......... .......... .......... .......... .......... 19% 38.1M 1s
  3000K .......... .......... .......... .......... .......... 19% 15.7M 1s
  3050K .......... .......... .......... .......... .......... 19%  226M 1s
  3100K .......... .......... .......... .......... .......... 20%  381M 1s
  3150K .......... .......... .......... .......... .......... 20% 21.7M 1s
  3200K .......... .......... .......... .......... .......... 20%  312M 1s
  3250K .......... .......... .......... .......... .......... 21%  394M 1s
  3300K .......... .......... .......... .......... .......... 21%  372M 1s
  3350K .......... .......... .......... .......... .......... 21% 16.1M 1s
  3400K .......... .......... .......... .......... .......... 22%  349M 1s
  3450K .......... .......... .......... .......... .......... 22%  294M 1s
  3500K .......... .......... .......... .......... .......... 22% 20.7M 1s
  3550K .......... .......... .......... .......... .......... 23%  373M 1s
  3600K .......... .......... .......... .......... .......... 23%  286M 1s
  3650K .......... .......... .......... .......... .......... 23% 4.80M 1s
  3700K .......... .......... .......... .......... .......... 23%  404M 1s
  3750K .......... .......... .......... .......... .......... 24%  688M 1s
  3800K .......... .......... .......... .......... .......... 24%  721M 1s
  3850K .......... .......... .......... .......... .......... 24% 18.6M 1s
  3900K .......... .......... .......... .......... .......... 25%  682M 1s
  3950K .......... .......... .......... .......... .......... 25%  762M 1s
  4000K .......... .......... .......... .......... .......... 25%  695M 1s
  4050K .......... .......... .......... .......... .......... 26% 15.6M 1s
  4100K .......... .......... .......... .......... .......... 26%  681M 1s
  4150K .......... .......... .......... .......... .......... 26%  643M 1s
  4200K .......... .......... .......... .......... .......... 27%  709M 0s
  4250K .......... .......... .......... .......... .......... 27% 18.4M 0s
  4300K .......... .......... .......... .......... .......... 27%  735M 0s
  4350K .......... .......... .......... .......... .......... 28%  698M 0s
  4400K .......... .......... .......... .......... .......... 28% 12.7M 0s
  4450K .......... .......... .......... .......... .......... 28%  547M 0s
  4500K .......... .......... .......... .......... .......... 29%  723M 0s
  4550K .......... .......... .......... .......... .......... 29%  712M 0s
  4600K .......... .......... .......... .......... .......... 29% 2.85M 0s
  4650K .......... .......... .......... .......... .......... 30%  526M 0s
  4700K .......... .......... .......... .......... .......... 30%  734M 0s
  4750K .......... .......... .......... .......... .......... 30%  766M 0s
  4800K .......... .......... .......... .......... .......... 31% 19.4M 0s
  4850K .......... .......... .......... .......... .......... 31%  662M 0s
  4900K .......... .......... .......... .......... .......... 31%  722M 0s
  4950K .......... .......... .......... .......... .......... 31%  254M 0s
  5000K .......... .......... .......... .......... .......... 32% 13.1M 0s
  5050K .......... .......... .......... .......... .......... 32%  513M 0s
  5100K .......... .......... .......... .......... .......... 32%  737M 0s
  5150K .......... .......... .......... .......... .......... 33% 19.2M 0s
  5200K .......... .......... .......... .......... .......... 33%  606M 0s
  5250K .......... .......... .......... .......... .......... 33%  764M 0s
  5300K .......... .......... .......... .......... .......... 34% 2.64M 0s
  5350K .......... .......... .......... .......... .......... 34% 2.59M 0s
  5400K .......... .......... .......... .......... .......... 34%  629M 0s
  5450K .......... .......... .......... .......... .......... 35%  524M 0s
  5500K .......... .......... .......... .......... .......... 35%  720M 0s
  5550K .......... .......... .......... .......... .......... 35%  702M 0s
  5600K .......... .......... .......... .......... .......... 36% 58.5M 0s
  5650K .......... .......... .......... .......... .......... 36%  636M 0s
  5700K .......... .......... .......... .......... .......... 36%  683M 0s
  5750K .......... .......... .......... .......... .......... 37%  704M 0s
  5800K .......... .......... .......... .......... .......... 37%  675M 0s
  5850K .......... .......... .......... .......... .......... 37%  546M 0s
  5900K .......... .......... .......... .......... .......... 38%  756M 0s
  5950K .......... .......... .......... .......... .......... 38%  680M 0s
  6000K .......... .......... .......... .......... .......... 38%  706M 0s
  6050K .......... .......... .......... .......... .......... 39%  704M 0s
  6100K .......... .......... .......... .......... .......... 39%  676M 0s
  6150K .......... .......... .......... .......... .......... 39% 6.49M 0s
  6200K .......... .......... .......... .......... .......... 39%  658M 0s
  6250K .......... .......... .......... .......... .......... 40%  550M 0s
  6300K .......... .......... .......... .......... .......... 40%  727M 0s
  6350K .......... .......... .......... .......... .......... 40% 6.15M 0s
  6400K .......... .......... .......... .......... .......... 41% 8.00M 0s
  6450K .......... .......... .......... .......... .......... 41%  556M 0s
  6500K .......... .......... .......... .......... .......... 41%  727M 0s
  6550K .......... .......... .......... .......... .......... 42%  709M 0s
  6600K .......... .......... .......... .......... .......... 42% 22.5M 0s
  6650K .......... .......... .......... .......... .......... 42% 3.00M 0s
  6700K .......... .......... .......... .......... .......... 43% 1.17M 0s
  6750K .......... .......... .......... .......... .......... 43%  467M 0s
  6800K .......... .......... .......... .......... .......... 43%  693M 0s
  6850K .......... .......... .......... .......... .......... 44%  720M 0s
  6900K .......... .......... .......... .......... .......... 44%  659M 0s
  6950K .......... .......... .......... .......... .......... 44%  712M 0s
  7000K .......... .......... .......... .......... .......... 45%  706M 0s
  7050K .......... .......... .......... .......... .......... 45%  524M 0s
  7100K .......... .......... .......... .......... .......... 45%  677M 0s
  7150K .......... .......... .......... .......... .......... 46%  713M 0s
  7200K .......... .......... .......... .......... .......... 46%  669M 0s
  7250K .......... .......... .......... .......... .......... 46%  602M 0s
  7300K .......... .......... .......... .......... .......... 47%  676M 0s
  7350K .......... .......... .......... .......... .......... 47%  681M 0s
  7400K .......... .......... .......... .......... .......... 47%  681M 0s
  7450K .......... .......... .......... .......... .......... 47%  519M 0s
  7500K .......... .......... .......... .......... .......... 48%  682M 0s
  7550K .......... .......... .......... .......... .......... 48%  693M 0s
  7600K .......... .......... .......... .......... .......... 48%  691M 0s
  7650K .......... .......... .......... .......... .......... 49%  677M 0s
  7700K .......... .......... .......... .......... .......... 49%  692M 0s
  7750K .......... .......... .......... .......... .......... 49%  704M 0s
  7800K .......... .......... .......... .......... .......... 50%  694M 0s
  7850K .......... .......... .......... .......... .......... 50% 7.92M 0s
  7900K .......... .......... .......... .......... .......... 50% 73.6M 0s
  7950K .......... .......... .......... .......... .......... 51% 43.6M 0s
  8000K .......... .......... .......... .......... .......... 51% 8.86M 0s
  8050K .......... .......... .......... .......... .......... 51%  525M 0s
  8100K .......... .......... .......... .......... .......... 52% 43.3M 0s
  8150K .......... .......... .......... .......... .......... 52%  554M 0s
  8200K .......... .......... .......... .......... .......... 52% 4.29M 0s
  8250K .......... .......... .......... .......... .......... 53% 3.71M 0s
  8300K .......... .......... .......... .......... .......... 53%  592M 0s
  8350K .......... .......... .......... .......... .......... 53%  635M 0s
  8400K .......... .......... .......... .......... .......... 54%  680M 0s
  8450K .......... .......... .......... .......... .......... 54%  635M 0s
  8500K .......... .......... .......... .......... .......... 54%  663M 0s
  8550K .......... .......... .......... .......... .......... 55%  668M 0s
  8600K .......... .......... .......... .......... .......... 55% 13.9M 0s
  8650K .......... .......... .......... .......... .......... 55% 7.99M 0s
  8700K .......... .......... .......... .......... .......... 55% 23.8M 0s
  8750K .......... .......... .......... .......... .......... 56% 37.0M 0s
  8800K .......... .......... .......... .......... .......... 56%  320M 0s
  8850K .......... .......... .......... .......... .......... 56% 47.4M 0s
  8900K .......... .......... .......... .......... .......... 57% 62.5M 0s
  8950K .......... .......... .......... .......... .......... 57% 5.40M 0s
  9000K .......... .......... .......... .......... .......... 57% 8.10M 0s
  9050K .......... .......... .......... .......... .......... 58%  288M 0s
  9100K .......... .......... .......... .......... .......... 58% 80.4M 0s
  9150K .......... .......... .......... .......... .......... 58% 17.3M 0s
  9200K .......... .......... .......... .......... .......... 59%  126M 0s
  9250K .......... .......... .......... .......... .......... 59% 9.81M 0s
  9300K .......... .......... .......... .......... .......... 59% 22.9M 0s
  9350K .......... .......... .......... .......... .......... 60% 80.8M 0s
  9400K .......... .......... .......... .......... .......... 60% 30.2M 0s
  9450K .......... .......... .......... .......... .......... 60% 21.2M 0s
  9500K .......... .......... .......... .......... .......... 61% 17.1M 0s
  9550K .......... .......... .......... .......... .......... 61% 38.6M 0s
  9600K .......... .......... .......... .......... .......... 61% 3.16M 0s
  9650K .......... .......... .......... .......... .......... 62% 16.6M 0s
  9700K .......... .......... .......... .......... .......... 62%  302M 0s
  9750K .......... .......... .......... .......... .......... 62%  340M 0s
  9800K .......... .......... .......... .......... .......... 63% 11.8M 0s
  9850K .......... .......... .......... .......... .......... 63%  239M 0s
  9900K .......... .......... .......... .......... .......... 63% 9.77M 0s
  9950K .......... .......... .......... .......... .......... 63%  317M 0s
 10000K .......... .......... .......... .......... .......... 64%  376M 0s
 10050K .......... .......... .......... .......... .......... 64%  383M 0s
 10100K .......... .......... .......... .......... .......... 64% 4.23M 0s
 10150K .......... .......... .......... .......... .......... 65%  374M 0s
 10200K .......... .......... .......... .......... .......... 65%  384M 0s
 10250K .......... .......... .......... .......... .......... 65% 31.8M 0s
 10300K .......... .......... .......... .......... .......... 66% 10.3M 0s
 10350K .......... .......... .......... .......... .......... 66% 13.1M 0s
 10400K .......... .......... .......... .......... .......... 66% 29.6M 0s
 10450K .......... .......... .......... .......... .......... 67% 9.54M 0s
 10500K .......... .......... .......... .......... .......... 67% 16.3M 0s
 10550K .......... .......... .......... .......... .......... 67% 13.3M 0s
 10600K .......... .......... .......... .......... .......... 68% 18.4M 0s
 10650K .......... .......... .......... .......... .......... 68% 7.21M 0s
 10700K .......... .......... .......... .......... .......... 68% 18.2M 0s
 10750K .......... .......... .......... .......... .......... 69% 20.2M 0s
 10800K .......... .......... .......... .......... .......... 69% 9.52M 0s
 10850K .......... .......... .......... .......... .......... 69% 20.4M 0s
 10900K .......... .......... .......... .......... .......... 70% 11.3M 0s
 10950K .......... .......... .......... .......... .......... 70% 18.9M 0s
 11000K .......... .......... .......... .......... .......... 70% 15.6M 0s
 11050K .......... .......... .......... .......... .......... 71% 7.96M 0s
 11100K .......... .......... .......... .......... .......... 71% 16.1M 0s
 11150K .......... .......... .......... .......... .......... 71% 10.3M 0s
 11200K .......... .......... .......... .......... .......... 71% 17.6M 0s
 11250K .......... .......... .......... .......... .......... 72% 12.9M 0s
 11300K .......... .......... .......... .......... .......... 72% 31.9M 0s
 11350K .......... .......... .......... .......... .......... 72% 8.95M 0s
 11400K .......... .......... .......... .......... .......... 73% 19.5M 0s
 11450K .......... .......... .......... .......... .......... 73% 9.01M 0s
 11500K .......... .......... .......... .......... .......... 73% 10.1M 0s
 11550K .......... .......... .......... .......... .......... 74% 19.0M 0s
 11600K .......... .......... .......... .......... .......... 74% 13.3M 0s
 11650K .......... .......... .......... .......... .......... 74% 18.1M 0s
 11700K .......... .......... .......... .......... .......... 75% 20.4M 0s
 11750K .......... .......... .......... .......... .......... 75% 11.1M 0s
 11800K .......... .......... .......... .......... .......... 75% 6.81M 0s
 11850K .......... .......... .......... .......... .......... 76% 37.1M 0s
 11900K .......... .......... .......... .......... .......... 76% 9.35M 0s
 11950K .......... .......... .......... .......... .......... 76% 24.1M 0s
 12000K .......... .......... .......... .......... .......... 77% 7.75M 0s
 12050K .......... .......... .......... .......... .......... 77% 12.2M 0s
 12100K .......... .......... .......... .......... .......... 77% 15.6M 0s
 12150K .......... .......... .......... .......... .......... 78% 15.4M 0s
 12200K .......... .......... .......... .......... .......... 78% 16.7M 0s
 12250K .......... .......... .......... .......... .......... 78% 7.53M 0s
 12300K .......... .......... .......... .......... .......... 79% 21.6M 0s
 12350K .......... .......... .......... .......... .......... 79% 7.25M 0s
 12400K .......... .......... .......... .......... .......... 79% 15.9M 0s
 12450K .......... .......... .......... .......... .......... 79% 14.1M 0s
 12500K .......... .......... .......... .......... .......... 80% 14.7M 0s
 12550K .......... .......... .......... .......... .......... 80% 15.2M 0s
 12600K .......... .......... .......... .......... .......... 80% 10.3M 0s
 12650K .......... .......... .......... .......... .......... 81% 9.82M 0s
 12700K .......... .......... .......... .......... .......... 81% 15.9M 0s
 12750K .......... .......... .......... .......... .......... 81% 13.1M 0s
 12800K .......... .......... .......... .......... .......... 82% 24.3M 0s
 12850K .......... .......... .......... .......... .......... 82% 10.0M 0s
 12900K .......... .......... .......... .......... .......... 82% 18.8M 0s
 12950K .......... .......... .......... .......... .......... 83% 10.7M 0s
 13000K .......... .......... .......... .......... .......... 83% 17.5M 0s
 13050K .......... .......... .......... .......... .......... 83% 11.4M 0s
 13100K .......... .......... .......... .......... .......... 84% 11.5M 0s
 13150K .......... .......... .......... .......... .......... 84% 20.2M 0s
 13200K .......... .......... .......... .......... .......... 84% 10.1M 0s
 13250K .......... .......... .......... .......... .......... 85% 65.6M 0s
 13300K .......... .......... .......... .......... .......... 85% 9.66M 0s
 13350K .......... .......... .......... .......... .......... 85% 23.4M 0s
 13400K .......... .......... .......... .......... .......... 86% 9.81M 0s
 13450K .......... .......... .......... .......... .......... 86% 33.0M 0s
 13500K .......... .......... .......... .......... .......... 86% 9.48M 0s
 13550K .......... .......... .......... .......... .......... 87% 15.7M 0s
 13600K .......... .......... .......... .......... .......... 87% 12.8M 0s
 13650K .......... .......... .......... .......... .......... 87% 16.8M 0s
 13700K .......... .......... .......... .......... .......... 87% 11.4M 0s
 13750K .......... .......... .......... .......... .......... 88% 10.1M 0s
 13800K .......... .......... .......... .......... .......... 88% 50.9M 0s
 13850K .......... .......... .......... .......... .......... 88% 4.70M 0s
 13900K .......... .......... .......... .......... .......... 89% 14.6M 0s
 13950K .......... .......... .......... .......... .......... 89% 27.5M 0s
 14000K .......... .......... .......... .......... .......... 89% 7.51M 0s
 14050K .......... .......... .......... .......... .......... 90% 14.8M 0s
 14100K .......... .......... .......... .......... .......... 90% 19.0M 0s
 14150K .......... .......... .......... .......... .......... 90% 24.7M 0s
 14200K .......... .......... .......... .......... .......... 91% 12.9M 0s
 14250K .......... .......... .......... .......... .......... 91% 9.60M 0s
 14300K .......... .......... .......... .......... .......... 91% 10.2M 0s
 14350K .......... .......... .......... .......... .......... 92% 85.9M 0s
 14400K .......... .......... .......... .......... .......... 92% 12.6M 0s
 14450K .......... .......... .......... .......... .......... 92% 7.21M 0s
 14500K .......... .......... .......... .......... .......... 93% 37.4M 0s
 14550K .......... .......... .......... .......... .......... 93% 9.31M 0s
 14600K .......... .......... .......... .......... .......... 93% 19.6M 0s
 14650K .......... .......... .......... .......... .......... 94% 10.8M 0s
 14700K .......... .......... .......... .......... .......... 94% 12.9M 0s
 14750K .......... .......... .......... .......... .......... 94% 13.4M 0s
 14800K .......... .......... .......... .......... .......... 95% 22.3M 0s
 14850K .......... .......... .......... .......... .......... 95% 22.7M 0s
 14900K .......... .......... .......... .......... .......... 95% 10.9M 0s
 14950K .......... .......... .......... .......... .......... 95% 26.5M 0s
 15000K .......... .......... .......... .......... .......... 96% 10.6M 0s
 15050K .......... .......... .......... .......... .......... 96% 18.9M 0s
 15100K .......... .......... .......... .......... .......... 96% 10.6M 0s
 15150K .......... .......... .......... .......... .......... 97% 21.6M 0s
 15200K .......... .......... .......... .......... .......... 97% 23.5M 0s
 15250K .......... .......... .......... .......... .......... 97% 12.5M 0s
 15300K .......... .......... .......... .......... .......... 98% 21.2M 0s
 15350K .......... .......... .......... .......... .......... 98% 9.51M 0s
 15400K .......... .......... .......... .......... .......... 98% 33.1M 0s
 15450K .......... .......... .......... .......... .......... 99% 8.81M 0s
 15500K .......... .......... .......... .......... .......... 99% 21.6M 0s
 15550K .......... .......... .......... .......... .......... 99% 12.8M 0s
 15600K .......... .......... .....                           100%  438M=0.9s

2026-04-14 18:22:45 (17.7 MB/s) - ‘/home/anirudh/Nav2/build/multirobot_map_merge/2012-01-28-11-12-01.pgm’ saved [16000058/16000058]

Checking MD5 sum of /home/anirudh/Nav2/build/multirobot_map_merge/2012-01-28-11-12-01.pgm
/home/anirudh/Nav2/build/multirobot_map_merge/2012-01-28-11-12-01.pgm: OK
-- Found gtest sources under '/opt/ros/jazzy/src/gtest_vendor': C++ tests using 'Google Test' will be built
-- Found Threads: TRUE  
-- Added test 'cppcheck' to perform static code analysis on C / C++ code
-- Configured cppcheck include dirs: /home/anirudh/Nav2/src/m-explore-ros2/map_merge/include;$<BUILD_INTERFACE:/home/anirudh/Nav2/src/m-explore-ros2/map_merge/include>
-- Configured cppcheck exclude dirs and/or files: 
-- Added test 'flake8' to check Python code syntax and style conventions
-- Configured 'flake8' exclude dirs and/or files: 
-- Added test 'lint_cmake' to check CMake code style
-- Added test 'pep257' to check Python code against some of the docstring style conventions in PEP 257
-- Added test 'uncrustify' to check C / C++ code style
-- Configured uncrustify additional arguments: 
-- Added test 'xmllint' to check XML markup files
-- Configuring done (8.5s)
-- Generating done (0.0s)
-- Build files have been written to: /home/anirudh/Nav2/build/multirobot_map_merge
[  8%] [32mBuilding CXX object gtest/CMakeFiles/gtest_main.dir/src/gtest_main.cc.o[0m
[ 16%] [32mBuilding CXX object CMakeFiles/combine_grids.dir/src/combine_grids/grid_compositor.cpp.o[0m
[ 41%] [32mBuilding CXX object gtest/CMakeFiles/gtest.dir/src/gtest-all.cc.o[0m
[ 41%] [32mBuilding CXX object CMakeFiles/combine_grids.dir/src/combine_grids/merging_pipeline.cpp.o[0m
[ 41%] [32mBuilding CXX object CMakeFiles/combine_grids.dir/src/combine_grids/grid_warper.cpp.o[0m
[ 50%] [32m[1mLinking CXX static library libgtest_main.a[0m
[ 50%] Built target gtest_main
[ 58%] [32m[1mLinking CXX static library libcombine_grids.a[0m
[ 58%] Built target combine_grids
[ 66%] [32mBuilding CXX object CMakeFiles/map_merge.dir/src/map_merge.cpp.o[0m
[ 75%] [32m[1mLinking CXX static library libgtest.a[0m
[ 75%] Built target gtest
[ 83%] [32mBuilding CXX object CMakeFiles/test_merging_pipeline.dir/test/test_merging_pipeline.cpp.o[0m
[ 91%] [32m[1mLinking CXX executable test_merging_pipeline[0m
[ 91%] Built target test_merging_pipeline
[100%] [32m[1mLinking CXX executable map_merge[0m
[100%] Built target map_merge
-- Install configuration: ""
-- Installing: /home/anirudh/Nav2/install/multirobot_map_merge/include/map_merge/
-- Installing: /home/anirudh/Nav2/install/multirobot_map_merge/include/map_merge//ros1_names.hpp
-- Installing: /home/anirudh/Nav2/install/multirobot_map_merge/include/map_merge//map_merge.h
-- Installing: /home/anirudh/Nav2/install/multirobot_map_merge/share/multirobot_map_merge/launch
-- Installing: /home/anirudh/Nav2/install/multirobot_map_merge/share/multirobot_map_merge/launch/tb3_simulation
-- Installing: /home/anirudh/Nav2/install/multirobot_map_merge/share/multirobot_map_merge/launch/tb3_simulation/bringup_launch.py
-- Installing: /home/anirudh/Nav2/install/multirobot_map_merge/share/multirobot_map_merge/launch/tb3_simulation/tb3_simulation_launch.py
-- Installing: /home/anirudh/Nav2/install/multirobot_map_merge/share/multirobot_map_merge/launch/tb3_simulation/slam_toolbox.py
-- Installing: /home/anirudh/Nav2/install/multirobot_map_merge/share/multirobot_map_merge/launch/tb3_simulation/config
-- Installing: /home/anirudh/Nav2/install/multirobot_map_merge/share/multirobot_map_merge/launch/tb3_simulation/config/nav2_multirobot_params_2.yaml
-- Installing: /home/anirudh/Nav2/install/multirobot_map_merge/share/multirobot_map_merge/launch/tb3_simulation/config/nav2_multirobot_params_1.yaml
-- Installing: /home/anirudh/Nav2/install/multirobot_map_merge/share/multirobot_map_merge/launch/tb3_simulation/multi_tb3_simulation_launch.py
-- Installing: /home/anirudh/Nav2/install/multirobot_map_merge/share/multirobot_map_merge/launch/tb3_simulation/worlds
-- Installing: /home/anirudh/Nav2/install/multirobot_map_merge/share/multirobot_map_merge/launch/tb3_simulation/worlds/world_only.model
-- Installing: /home/anirudh/Nav2/install/multirobot_map_merge/share/multirobot_map_merge/launch/map_merge.rviz
-- Installing: /home/anirudh/Nav2/install/multirobot_map_merge/share/multirobot_map_merge/launch/map_merge.launch.py
-- Installing: /home/anirudh/Nav2/install/multirobot_map_merge/share/multirobot_map_merge/launch/from_map_server.launch.py
-- Installing: /home/anirudh/Nav2/install/multirobot_map_merge/share/multirobot_map_merge/config
-- Installing: /home/anirudh/Nav2/install/multirobot_map_merge/share/multirobot_map_merge/config/params.yaml
-- Installing: /home/anirudh/Nav2/install/multirobot_map_merge/lib/libcombine_grids.a
-- Installing: /home/anirudh/Nav2/install/multirobot_map_merge/lib/multirobot_map_merge/map_merge
-- Set non-toolchain portion of runtime path of "/home/anirudh/Nav2/install/multirobot_map_merge/lib/multirobot_map_merge/map_merge" to ""
-- Installing: /home/anirudh/Nav2/install/multirobot_map_merge/share/multirobot_map_merge/environment/library_path.sh
-- Installing: /home/anirudh/Nav2/install/multirobot_map_merge/share/multirobot_map_merge/environment/library_path.dsv
-- Installing: /home/anirudh/Nav2/install/multirobot_map_merge/share/ament_index/resource_index/package_run_dependencies/multirobot_map_merge
-- Installing: /home/anirudh/Nav2/install/multirobot_map_merge/share/ament_index/resource_index/parent_prefix_path/multirobot_map_merge
-- Installing: /home/anirudh/Nav2/install/multirobot_map_merge/share/multirobot_map_merge/environment/ament_prefix_path.sh
-- Installing: /home/anirudh/Nav2/install/multirobot_map_merge/share/multirobot_map_merge/environment/ament_prefix_path.dsv
-- Installing: /home/anirudh/Nav2/install/multirobot_map_merge/share/multirobot_map_merge/environment/path.sh
-- Installing: /home/anirudh/Nav2/install/multirobot_map_merge/share/multirobot_map_merge/environment/path.dsv
-- Installing: /home/anirudh/Nav2/install/multirobot_map_merge/share/multirobot_map_merge/local_setup.bash
-- Installing: /home/anirudh/Nav2/install/multirobot_map_merge/share/multirobot_map_merge/local_setup.sh
-- Installing: /home/anirudh/Nav2/install/multirobot_map_merge/share/multirobot_map_merge/local_setup.zsh
-- Installing: /home/anirudh/Nav2/install/multirobot_map_merge/share/multirobot_map_merge/local_setup.dsv
-- Installing: /home/anirudh/Nav2/install/multirobot_map_merge/share/multirobot_map_merge/package.dsv
-- Installing: /home/anirudh/Nav2/install/multirobot_map_merge/share/ament_index/resource_index/packages/multirobot_map_merge
-- Installing: /home/anirudh/Nav2/install/multirobot_map_merge/share/multirobot_map_merge/cmake/ament_cmake_export_include_directories-extras.cmake
-- Installing: /home/anirudh/Nav2/install/multirobot_map_merge/share/multirobot_map_merge/cmake/ament_cmake_export_libraries-extras.cmake
-- Installing: /home/anirudh/Nav2/install/multirobot_map_merge/share/multirobot_map_merge/cmake/multirobot_map_mergeConfig.cmake
-- Installing: /home/anirudh/Nav2/install/multirobot_map_merge/share/multirobot_map_merge/cmake/multirobot_map_mergeConfig-version.cmake
-- Installing: /home/anirudh/Nav2/install/multirobot_map_merge/share/multirobot_map_merge/package.xml
