[0.014s] Invoking command in '/home/anirudh/Nav2/build/explore_lite': AMENT_PREFIX_PATH=/home/anirudh/Nav2/install/explore_lite_msgs:${AMENT_PREFIX_PATH} CMAKE_PREFIX_PATH=/home/anirudh/Nav2/install/explore_lite_msgs:/home/anirudh/omx_ws/install/openmanipulator_x_moveit_config:/home/anirudh/omx_ws/install/open_manipulator:/home/anirudh/omx_ws/install/open_manipulator_playground:/home/anirudh/omx_ws/install/open_manipulator_moveit_config:/home/anirudh/omx_ws/install/open_manipulator_gui:/home/anirudh/omx_ws/install/open_manipulator_description:/home/anirudh/omx_ws/install/open_manipulator_collision:/home/anirudh/omx_ws/install/om_spring_actuator_controller:/home/anirudh/omx_ws/install/om_joint_trajectory_command_broadcaster:/home/anirudh/omx_ws/install/om_gravity_compensation_controller:/home/anirudh/robotics/cpp/install/omx_moveit_cpp_demo:/opt/ros/jazzy/opt/gz_sim_vendor:/opt/ros/jazzy/opt/gz_sensors_vendor:/opt/ros/jazzy/opt/gz_physics_vendor:/opt/ros/jazzy/opt/sdformat_vendor:/opt/ros/jazzy/opt/gz_gui_vendor:/opt/ros/jazzy/opt/gz_transport_vendor:/opt/ros/jazzy/opt/gz_rendering_vendor:/opt/ros/jazzy/opt/gz_plugin_vendor:/opt/ros/jazzy/opt/gz_fuel_tools_vendor:/opt/ros/jazzy/opt/gz_msgs_vendor:/opt/ros/jazzy/opt/gz_common_vendor:/opt/ros/jazzy/opt/gz_math_vendor:/opt/ros/jazzy/opt/gz_utils_vendor:/opt/ros/jazzy/opt/gz_tools_vendor:/opt/ros/jazzy/opt/gz_ogre_next_vendor:/opt/ros/jazzy/opt/gz_dartsim_vendor:/opt/ros/jazzy/opt/gz_cmake_vendor:/home/anirudh/omx_ws/install/open_manipulator_teleop:/home/anirudh/omx_ws/install/open_manipulator_bringup:/opt/ros/jazzy DEBUGINFOD_URLS=https://debuginfod.ubuntu.com LD_LIBRARY_PATH=/home/anirudh/Nav2/install/explore_lite_msgs/lib:${LD_LIBRARY_PATH} PYTHONPATH=/home/anirudh/Nav2/install/explore_lite_msgs/lib/python3.12/site-packages:${PYTHONPATH} /usr/bin/cmake /home/anirudh/Nav2/src/m-explore-ros2/explore -DCMAKE_INSTALL_PREFIX=/home/anirudh/Nav2/install/explore_lite
[0.079s] -- The C compiler identification is GNU 13.3.0
[0.144s] -- The CXX compiler identification is GNU 13.3.0
[0.164s] -- Detecting C compiler ABI info
[0.258s] -- Detecting C compiler ABI info - done
[0.271s] -- Check for working C compiler: /usr/bin/cc - skipped
[0.272s] -- Detecting C compile features
[0.272s] -- Detecting C compile features - done
[0.285s] -- Detecting CXX compiler ABI info
[0.418s] -- Detecting CXX compiler ABI info - done
[0.426s] -- Check for working CXX compiler: /usr/bin/c++ - skipped
[0.426s] -- Detecting CXX compile features
[0.427s] -- Detecting CXX compile features - done
[0.427s] -- BuilD for ROS2: jazzy
[0.430s] -- Found ament_cmake: 2.5.4 (/opt/ros/jazzy/share/ament_cmake/cmake)
[0.559s] -- Found Python3: /usr/bin/python3 (found version "3.12.3") found components: Interpreter 
[0.657s] -- Found rclcpp: 28.1.13 (/opt/ros/jazzy/share/rclcpp/cmake)
[0.700s] -- Found rosidl_generator_c: 4.6.6 (/opt/ros/jazzy/share/rosidl_generator_c/cmake)
[0.714s] -- Found rosidl_generator_cpp: 4.6.6 (/opt/ros/jazzy/share/rosidl_generator_cpp/cmake)
[0.731s] -- Using all available rosidl_typesupport_c: rosidl_typesupport_fastrtps_c;rosidl_typesupport_introspection_c
[0.748s] -- Using all available rosidl_typesupport_cpp: rosidl_typesupport_fastrtps_cpp;rosidl_typesupport_introspection_cpp
[0.820s] -- Found rmw_implementation_cmake: 7.3.2 (/opt/ros/jazzy/share/rmw_implementation_cmake/cmake)
[0.824s] -- Found rmw_fastrtps_cpp: 8.4.3 (/opt/ros/jazzy/share/rmw_fastrtps_cpp/cmake)
[0.933s] -- Found OpenSSL: /usr/lib/x86_64-linux-gnu/libcrypto.so (found version "3.0.13")  
[0.953s] -- Found FastRTPS: /opt/ros/jazzy/include (Required is at least version "2.13") 
[0.982s] -- Using RMW implementation 'rmw_fastrtps_cpp' as default
[1.061s] -- Found std_msgs: 5.3.6 (/opt/ros/jazzy/share/std_msgs/cmake)
[1.074s] -- Found sensor_msgs: 5.3.6 (/opt/ros/jazzy/share/sensor_msgs/cmake)
[1.107s] -- Found tf2_ros: 0.36.16 (/opt/ros/jazzy/share/tf2_ros/cmake)
[1.225s] -- Found tf2_geometry_msgs: 0.36.16 (/opt/ros/jazzy/share/tf2_geometry_msgs/cmake)
[1.242s] -- Found eigen3_cmake_module: 0.3.0 (/opt/ros/jazzy/share/eigen3_cmake_module/cmake)
[1.243s] -- Found Eigen3: TRUE (found version "3.4.0") 
[1.243s] -- Ensuring Eigen3 include directory is part of orocos-kdl CMake target
[1.249s] -- Found nav2_msgs: 1.3.10 (/opt/ros/jazzy/share/nav2_msgs/cmake)
[1.349s] -- Found map_msgs: 2.4.1 (/opt/ros/jazzy/share/map_msgs/cmake)
[1.376s] -- Found visualization_msgs: 5.3.6 (/opt/ros/jazzy/share/visualization_msgs/cmake)
[1.402s] -- Found nav2_costmap_2d: 1.3.10 (/opt/ros/jazzy/share/nav2_costmap_2d/cmake)
[1.544s] -- Found explore_lite_msgs: 1.0.0 (/home/anirudh/Nav2/install/explore_lite_msgs/share/explore_lite_msgs/cmake)
[1.554s] -- Found ament_lint_auto: 0.17.3 (/opt/ros/jazzy/share/ament_lint_auto/cmake)
[1.641s] -- Found ament_cmake_gtest: 2.5.4 (/opt/ros/jazzy/share/ament_cmake_gtest/cmake)
[1.644s] -- Found gtest sources under '/opt/ros/jazzy/src/gtest_vendor': C++ tests using 'Google Test' will be built
[1.647s] -- Performing Test CMAKE_HAVE_LIBC_PTHREAD
[1.729s] -- Performing Test CMAKE_HAVE_LIBC_PTHREAD - Success
[1.731s] -- Found Threads: TRUE  
[1.736s] -- Added test 'cppcheck' to perform static code analysis on C / C++ code
[1.736s] -- Configured cppcheck include dirs: /home/anirudh/Nav2/src/m-explore-ros2/explore/include;$<BUILD_INTERFACE:/home/anirudh/Nav2/src/m-explore-ros2/explore/include>
[1.736s] -- Configured cppcheck exclude dirs and/or files: 
[1.737s] -- Added test 'flake8' to check Python code syntax and style conventions
[1.737s] -- Configured 'flake8' exclude dirs and/or files: 
[1.737s] -- Added test 'lint_cmake' to check CMake code style
[1.738s] -- Added test 'pep257' to check Python code against some of the docstring style conventions in PEP 257
[1.739s] -- Added test 'uncrustify' to check C / C++ code style
[1.739s] -- Configured uncrustify additional arguments: 
[1.740s] -- Added test 'xmllint' to check XML markup files
[1.741s] -- Configuring done (1.7s)
[1.760s] -- Generating done (0.0s)
[1.765s] -- Build files have been written to: /home/anirudh/Nav2/build/explore_lite
[1.776s] Invoked command in '/home/anirudh/Nav2/build/explore_lite' returned '0': AMENT_PREFIX_PATH=/home/anirudh/Nav2/install/explore_lite_msgs:${AMENT_PREFIX_PATH} CMAKE_PREFIX_PATH=/home/anirudh/Nav2/install/explore_lite_msgs:/home/anirudh/omx_ws/install/openmanipulator_x_moveit_config:/home/anirudh/omx_ws/install/open_manipulator:/home/anirudh/omx_ws/install/open_manipulator_playground:/home/anirudh/omx_ws/install/open_manipulator_moveit_config:/home/anirudh/omx_ws/install/open_manipulator_gui:/home/anirudh/omx_ws/install/open_manipulator_description:/home/anirudh/omx_ws/install/open_manipulator_collision:/home/anirudh/omx_ws/install/om_spring_actuator_controller:/home/anirudh/omx_ws/install/om_joint_trajectory_command_broadcaster:/home/anirudh/omx_ws/install/om_gravity_compensation_controller:/home/anirudh/robotics/cpp/install/omx_moveit_cpp_demo:/opt/ros/jazzy/opt/gz_sim_vendor:/opt/ros/jazzy/opt/gz_sensors_vendor:/opt/ros/jazzy/opt/gz_physics_vendor:/opt/ros/jazzy/opt/sdformat_vendor:/opt/ros/jazzy/opt/gz_gui_vendor:/opt/ros/jazzy/opt/gz_transport_vendor:/opt/ros/jazzy/opt/gz_rendering_vendor:/opt/ros/jazzy/opt/gz_plugin_vendor:/opt/ros/jazzy/opt/gz_fuel_tools_vendor:/opt/ros/jazzy/opt/gz_msgs_vendor:/opt/ros/jazzy/opt/gz_common_vendor:/opt/ros/jazzy/opt/gz_math_vendor:/opt/ros/jazzy/opt/gz_utils_vendor:/opt/ros/jazzy/opt/gz_tools_vendor:/opt/ros/jazzy/opt/gz_ogre_next_vendor:/opt/ros/jazzy/opt/gz_dartsim_vendor:/opt/ros/jazzy/opt/gz_cmake_vendor:/home/anirudh/omx_ws/install/open_manipulator_teleop:/home/anirudh/omx_ws/install/open_manipulator_bringup:/opt/ros/jazzy DEBUGINFOD_URLS=https://debuginfod.ubuntu.com LD_LIBRARY_PATH=/home/anirudh/Nav2/install/explore_lite_msgs/lib:${LD_LIBRARY_PATH} PYTHONPATH=/home/anirudh/Nav2/install/explore_lite_msgs/lib/python3.12/site-packages:${PYTHONPATH} /usr/bin/cmake /home/anirudh/Nav2/src/m-explore-ros2/explore -DCMAKE_INSTALL_PREFIX=/home/anirudh/Nav2/install/explore_lite
[1.777s] Invoking command in '/home/anirudh/Nav2/build/explore_lite': AMENT_PREFIX_PATH=/home/anirudh/Nav2/install/explore_lite_msgs:${AMENT_PREFIX_PATH} CMAKE_PREFIX_PATH=/home/anirudh/Nav2/install/explore_lite_msgs:/home/anirudh/omx_ws/install/openmanipulator_x_moveit_config:/home/anirudh/omx_ws/install/open_manipulator:/home/anirudh/omx_ws/install/open_manipulator_playground:/home/anirudh/omx_ws/install/open_manipulator_moveit_config:/home/anirudh/omx_ws/install/open_manipulator_gui:/home/anirudh/omx_ws/install/open_manipulator_description:/home/anirudh/omx_ws/install/open_manipulator_collision:/home/anirudh/omx_ws/install/om_spring_actuator_controller:/home/anirudh/omx_ws/install/om_joint_trajectory_command_broadcaster:/home/anirudh/omx_ws/install/om_gravity_compensation_controller:/home/anirudh/robotics/cpp/install/omx_moveit_cpp_demo:/opt/ros/jazzy/opt/gz_sim_vendor:/opt/ros/jazzy/opt/gz_sensors_vendor:/opt/ros/jazzy/opt/gz_physics_vendor:/opt/ros/jazzy/opt/sdformat_vendor:/opt/ros/jazzy/opt/gz_gui_vendor:/opt/ros/jazzy/opt/gz_transport_vendor:/opt/ros/jazzy/opt/gz_rendering_vendor:/opt/ros/jazzy/opt/gz_plugin_vendor:/opt/ros/jazzy/opt/gz_fuel_tools_vendor:/opt/ros/jazzy/opt/gz_msgs_vendor:/opt/ros/jazzy/opt/gz_common_vendor:/opt/ros/jazzy/opt/gz_math_vendor:/opt/ros/jazzy/opt/gz_utils_vendor:/opt/ros/jazzy/opt/gz_tools_vendor:/opt/ros/jazzy/opt/gz_ogre_next_vendor:/opt/ros/jazzy/opt/gz_dartsim_vendor:/opt/ros/jazzy/opt/gz_cmake_vendor:/home/anirudh/omx_ws/install/open_manipulator_teleop:/home/anirudh/omx_ws/install/open_manipulator_bringup:/opt/ros/jazzy DEBUGINFOD_URLS=https://debuginfod.ubuntu.com LD_LIBRARY_PATH=/home/anirudh/Nav2/install/explore_lite_msgs/lib:${LD_LIBRARY_PATH} PYTHONPATH=/home/anirudh/Nav2/install/explore_lite_msgs/lib/python3.12/site-packages:${PYTHONPATH} /usr/bin/cmake --build /home/anirudh/Nav2/build/explore_lite -- -j20 -l20
[1.829s] [ 20%] [32mBuilding CXX object CMakeFiles/explore.dir/src/costmap_client.cpp.o[0m
[1.829s] [ 20%] [32mBuilding CXX object gtest/CMakeFiles/gtest_main.dir/src/gtest_main.cc.o[0m
[1.830s] [ 30%] [32mBuilding CXX object gtest/CMakeFiles/gtest.dir/src/gtest-all.cc.o[0m
[1.833s] [ 50%] [32mBuilding CXX object CMakeFiles/explore.dir/src/explore.cpp.o[0m
[1.833s] [ 50%] [32mBuilding CXX object CMakeFiles/explore.dir/src/frontier_search.cpp.o[0m
[2.376s] [ 60%] [32m[1mLinking CXX static library libgtest_main.a[0m
[2.414s] [ 60%] Built target gtest_main
[4.306s] [ 70%] [32m[1mLinking CXX static library libgtest.a[0m
[4.361s] [ 70%] Built target gtest
[4.385s] [ 80%] [32mBuilding CXX object CMakeFiles/test_explore.dir/test/test_explore.cpp.o[0m
[5.085s] [ 90%] [32m[1mLinking CXX executable test_explore[0m
[5.183s] [ 90%] Built target test_explore
[11.453s] [100%] [32m[1mLinking CXX executable explore[0m
[12.078s] [100%] Built target explore
[12.087s] Invoked command in '/home/anirudh/Nav2/build/explore_lite' returned '0': AMENT_PREFIX_PATH=/home/anirudh/Nav2/install/explore_lite_msgs:${AMENT_PREFIX_PATH} CMAKE_PREFIX_PATH=/home/anirudh/Nav2/install/explore_lite_msgs:/home/anirudh/omx_ws/install/openmanipulator_x_moveit_config:/home/anirudh/omx_ws/install/open_manipulator:/home/anirudh/omx_ws/install/open_manipulator_playground:/home/anirudh/omx_ws/install/open_manipulator_moveit_config:/home/anirudh/omx_ws/install/open_manipulator_gui:/home/anirudh/omx_ws/install/open_manipulator_description:/home/anirudh/omx_ws/install/open_manipulator_collision:/home/anirudh/omx_ws/install/om_spring_actuator_controller:/home/anirudh/omx_ws/install/om_joint_trajectory_command_broadcaster:/home/anirudh/omx_ws/install/om_gravity_compensation_controller:/home/anirudh/robotics/cpp/install/omx_moveit_cpp_demo:/opt/ros/jazzy/opt/gz_sim_vendor:/opt/ros/jazzy/opt/gz_sensors_vendor:/opt/ros/jazzy/opt/gz_physics_vendor:/opt/ros/jazzy/opt/sdformat_vendor:/opt/ros/jazzy/opt/gz_gui_vendor:/opt/ros/jazzy/opt/gz_transport_vendor:/opt/ros/jazzy/opt/gz_rendering_vendor:/opt/ros/jazzy/opt/gz_plugin_vendor:/opt/ros/jazzy/opt/gz_fuel_tools_vendor:/opt/ros/jazzy/opt/gz_msgs_vendor:/opt/ros/jazzy/opt/gz_common_vendor:/opt/ros/jazzy/opt/gz_math_vendor:/opt/ros/jazzy/opt/gz_utils_vendor:/opt/ros/jazzy/opt/gz_tools_vendor:/opt/ros/jazzy/opt/gz_ogre_next_vendor:/opt/ros/jazzy/opt/gz_dartsim_vendor:/opt/ros/jazzy/opt/gz_cmake_vendor:/home/anirudh/omx_ws/install/open_manipulator_teleop:/home/anirudh/omx_ws/install/open_manipulator_bringup:/opt/ros/jazzy DEBUGINFOD_URLS=https://debuginfod.ubuntu.com LD_LIBRARY_PATH=/home/anirudh/Nav2/install/explore_lite_msgs/lib:${LD_LIBRARY_PATH} PYTHONPATH=/home/anirudh/Nav2/install/explore_lite_msgs/lib/python3.12/site-packages:${PYTHONPATH} /usr/bin/cmake --build /home/anirudh/Nav2/build/explore_lite -- -j20 -l20
[12.088s] Invoking command in '/home/anirudh/Nav2/build/explore_lite': AMENT_PREFIX_PATH=/home/anirudh/Nav2/install/explore_lite_msgs:${AMENT_PREFIX_PATH} CMAKE_PREFIX_PATH=/home/anirudh/Nav2/install/explore_lite_msgs:/home/anirudh/omx_ws/install/openmanipulator_x_moveit_config:/home/anirudh/omx_ws/install/open_manipulator:/home/anirudh/omx_ws/install/open_manipulator_playground:/home/anirudh/omx_ws/install/open_manipulator_moveit_config:/home/anirudh/omx_ws/install/open_manipulator_gui:/home/anirudh/omx_ws/install/open_manipulator_description:/home/anirudh/omx_ws/install/open_manipulator_collision:/home/anirudh/omx_ws/install/om_spring_actuator_controller:/home/anirudh/omx_ws/install/om_joint_trajectory_command_broadcaster:/home/anirudh/omx_ws/install/om_gravity_compensation_controller:/home/anirudh/robotics/cpp/install/omx_moveit_cpp_demo:/opt/ros/jazzy/opt/gz_sim_vendor:/opt/ros/jazzy/opt/gz_sensors_vendor:/opt/ros/jazzy/opt/gz_physics_vendor:/opt/ros/jazzy/opt/sdformat_vendor:/opt/ros/jazzy/opt/gz_gui_vendor:/opt/ros/jazzy/opt/gz_transport_vendor:/opt/ros/jazzy/opt/gz_rendering_vendor:/opt/ros/jazzy/opt/gz_plugin_vendor:/opt/ros/jazzy/opt/gz_fuel_tools_vendor:/opt/ros/jazzy/opt/gz_msgs_vendor:/opt/ros/jazzy/opt/gz_common_vendor:/opt/ros/jazzy/opt/gz_math_vendor:/opt/ros/jazzy/opt/gz_utils_vendor:/opt/ros/jazzy/opt/gz_tools_vendor:/opt/ros/jazzy/opt/gz_ogre_next_vendor:/opt/ros/jazzy/opt/gz_dartsim_vendor:/opt/ros/jazzy/opt/gz_cmake_vendor:/home/anirudh/omx_ws/install/open_manipulator_teleop:/home/anirudh/omx_ws/install/open_manipulator_bringup:/opt/ros/jazzy DEBUGINFOD_URLS=https://debuginfod.ubuntu.com LD_LIBRARY_PATH=/home/anirudh/Nav2/install/explore_lite_msgs/lib:${LD_LIBRARY_PATH} PYTHONPATH=/home/anirudh/Nav2/install/explore_lite_msgs/lib/python3.12/site-packages:${PYTHONPATH} /usr/bin/cmake --install /home/anirudh/Nav2/build/explore_lite
[12.094s] -- Install configuration: ""
[12.094s] -- Installing: /home/anirudh/Nav2/install/explore_lite/include/explore/
[12.094s] -- Installing: /home/anirudh/Nav2/install/explore_lite/include/explore//explore.h
[12.094s] -- Installing: /home/anirudh/Nav2/install/explore_lite/include/explore//costmap_client.h
[12.094s] -- Installing: /home/anirudh/Nav2/install/explore_lite/include/explore//frontier_search.h
[12.094s] -- Installing: /home/anirudh/Nav2/install/explore_lite/include/explore//costmap_tools.h
[12.094s] -- Installing: /home/anirudh/Nav2/install/explore_lite/share/explore_lite/config
[12.095s] -- Installing: /home/anirudh/Nav2/install/explore_lite/share/explore_lite/config/params_costmap.yaml
[12.095s] -- Installing: /home/anirudh/Nav2/install/explore_lite/share/explore_lite/config/params.yaml
[12.095s] -- Installing: /home/anirudh/Nav2/install/explore_lite/share/explore_lite/launch
[12.095s] -- Installing: /home/anirudh/Nav2/install/explore_lite/share/explore_lite/launch/explore.launch.py
[12.095s] -- Installing: /home/anirudh/Nav2/install/explore_lite/lib/explore_lite/explore
[12.100s] -- Set non-toolchain portion of runtime path of "/home/anirudh/Nav2/install/explore_lite/lib/explore_lite/explore" to ""
[12.100s] -- Installing: /home/anirudh/Nav2/install/explore_lite/share/ament_index/resource_index/package_run_dependencies/explore_lite
[12.100s] -- Installing: /home/anirudh/Nav2/install/explore_lite/share/ament_index/resource_index/parent_prefix_path/explore_lite
[12.100s] -- Installing: /home/anirudh/Nav2/install/explore_lite/share/explore_lite/environment/ament_prefix_path.sh
[12.100s] -- Installing: /home/anirudh/Nav2/install/explore_lite/share/explore_lite/environment/ament_prefix_path.dsv
[12.100s] -- Installing: /home/anirudh/Nav2/install/explore_lite/share/explore_lite/environment/path.sh
[12.101s] -- Installing: /home/anirudh/Nav2/install/explore_lite/share/explore_lite/environment/path.dsv
[12.101s] -- Installing: /home/anirudh/Nav2/install/explore_lite/share/explore_lite/local_setup.bash
[12.101s] -- Installing: /home/anirudh/Nav2/install/explore_lite/share/explore_lite/local_setup.sh
[12.101s] -- Installing: /home/anirudh/Nav2/install/explore_lite/share/explore_lite/local_setup.zsh
[12.101s] -- Installing: /home/anirudh/Nav2/install/explore_lite/share/explore_lite/local_setup.dsv
[12.101s] -- Installing: /home/anirudh/Nav2/install/explore_lite/share/explore_lite/package.dsv
[12.101s] -- Installing: /home/anirudh/Nav2/install/explore_lite/share/ament_index/resource_index/packages/explore_lite
[12.101s] -- Installing: /home/anirudh/Nav2/install/explore_lite/share/explore_lite/cmake/ament_cmake_export_dependencies-extras.cmake
[12.101s] -- Installing: /home/anirudh/Nav2/install/explore_lite/share/explore_lite/cmake/ament_cmake_export_include_directories-extras.cmake
[12.101s] -- Installing: /home/anirudh/Nav2/install/explore_lite/share/explore_lite/cmake/explore_liteConfig.cmake
[12.101s] -- Installing: /home/anirudh/Nav2/install/explore_lite/share/explore_lite/cmake/explore_liteConfig-version.cmake
[12.101s] -- Installing: /home/anirudh/Nav2/install/explore_lite/share/explore_lite/package.xml
[12.102s] Invoked command in '/home/anirudh/Nav2/build/explore_lite' returned '0': AMENT_PREFIX_PATH=/home/anirudh/Nav2/install/explore_lite_msgs:${AMENT_PREFIX_PATH} CMAKE_PREFIX_PATH=/home/anirudh/Nav2/install/explore_lite_msgs:/home/anirudh/omx_ws/install/openmanipulator_x_moveit_config:/home/anirudh/omx_ws/install/open_manipulator:/home/anirudh/omx_ws/install/open_manipulator_playground:/home/anirudh/omx_ws/install/open_manipulator_moveit_config:/home/anirudh/omx_ws/install/open_manipulator_gui:/home/anirudh/omx_ws/install/open_manipulator_description:/home/anirudh/omx_ws/install/open_manipulator_collision:/home/anirudh/omx_ws/install/om_spring_actuator_controller:/home/anirudh/omx_ws/install/om_joint_trajectory_command_broadcaster:/home/anirudh/omx_ws/install/om_gravity_compensation_controller:/home/anirudh/robotics/cpp/install/omx_moveit_cpp_demo:/opt/ros/jazzy/opt/gz_sim_vendor:/opt/ros/jazzy/opt/gz_sensors_vendor:/opt/ros/jazzy/opt/gz_physics_vendor:/opt/ros/jazzy/opt/sdformat_vendor:/opt/ros/jazzy/opt/gz_gui_vendor:/opt/ros/jazzy/opt/gz_transport_vendor:/opt/ros/jazzy/opt/gz_rendering_vendor:/opt/ros/jazzy/opt/gz_plugin_vendor:/opt/ros/jazzy/opt/gz_fuel_tools_vendor:/opt/ros/jazzy/opt/gz_msgs_vendor:/opt/ros/jazzy/opt/gz_common_vendor:/opt/ros/jazzy/opt/gz_math_vendor:/opt/ros/jazzy/opt/gz_utils_vendor:/opt/ros/jazzy/opt/gz_tools_vendor:/opt/ros/jazzy/opt/gz_ogre_next_vendor:/opt/ros/jazzy/opt/gz_dartsim_vendor:/opt/ros/jazzy/opt/gz_cmake_vendor:/home/anirudh/omx_ws/install/open_manipulator_teleop:/home/anirudh/omx_ws/install/open_manipulator_bringup:/opt/ros/jazzy DEBUGINFOD_URLS=https://debuginfod.ubuntu.com LD_LIBRARY_PATH=/home/anirudh/Nav2/install/explore_lite_msgs/lib:${LD_LIBRARY_PATH} PYTHONPATH=/home/anirudh/Nav2/install/explore_lite_msgs/lib/python3.12/site-packages:${PYTHONPATH} /usr/bin/cmake --install /home/anirudh/Nav2/build/explore_lite
