[1.828s] Invoking command in '/home/rpd/Nav2/src/nav2': PYTHONPATH=/home/rpd/Nav2/build/nav2/prefix_override:/usr/lib/python3/dist-packages/colcon_core/task/python/colcon_distutils_commands:/home/rpd/Nav2/install/nav2/lib/python3.12/site-packages:${PYTHONPATH} /usr/bin/python3 -W ignore:setup.py install is deprecated -W ignore:easy_install command is deprecated setup.py egg_info --egg-base ../../build/nav2 build --build-base /home/rpd/Nav2/build/nav2/build install --record /home/rpd/Nav2/build/nav2/install.log --single-version-externally-managed install_data
[2.170s] running egg_info
[2.193s] writing ../../build/nav2/nav2.egg-info/PKG-INFO
[2.193s] writing dependency_links to ../../build/nav2/nav2.egg-info/dependency_links.txt
[2.194s] writing entry points to ../../build/nav2/nav2.egg-info/entry_points.txt
[2.195s] writing requirements to ../../build/nav2/nav2.egg-info/requires.txt
[2.196s] writing top-level names to ../../build/nav2/nav2.egg-info/top_level.txt
[2.244s] reading manifest file '../../build/nav2/nav2.egg-info/SOURCES.txt'
[2.245s] writing manifest file '../../build/nav2/nav2.egg-info/SOURCES.txt'
[2.246s] running build
[2.246s] running build_py
[2.246s] running install
[2.256s] running install_lib
[2.280s] running install_data
[2.280s] copying nav2/launch/slam.py -> /home/rpd/Nav2/install/nav2/share/nav2/launch
[2.280s] running install_egg_info
[2.306s] removing '/home/rpd/Nav2/install/nav2/lib/python3.12/site-packages/nav2-0.0.0-py3.12.egg-info' (and everything under it)
[2.306s] Copying ../../build/nav2/nav2.egg-info to /home/rpd/Nav2/install/nav2/lib/python3.12/site-packages/nav2-0.0.0-py3.12.egg-info
[2.307s] running install_scripts
[2.474s] Installing laser_node script to /home/rpd/Nav2/install/nav2/lib/nav2
[2.474s] Installing odom script to /home/rpd/Nav2/install/nav2/lib/nav2
[2.475s] writing list of installed files to '/home/rpd/Nav2/build/nav2/install.log'
[2.566s] Invoked command in '/home/rpd/Nav2/src/nav2' returned '0': PYTHONPATH=/home/rpd/Nav2/build/nav2/prefix_override:/usr/lib/python3/dist-packages/colcon_core/task/python/colcon_distutils_commands:/home/rpd/Nav2/install/nav2/lib/python3.12/site-packages:${PYTHONPATH} /usr/bin/python3 -W ignore:setup.py install is deprecated -W ignore:easy_install command is deprecated setup.py egg_info --egg-base ../../build/nav2 build --build-base /home/rpd/Nav2/build/nav2/build install --record /home/rpd/Nav2/build/nav2/install.log --single-version-externally-managed install_data
