[0.035s] Invoking command in '/home/rpd/Nav2/build/multirobot_map_merge': CMAKE_PREFIX_PATH=${CMAKE_PREFIX_PATH}:/home/rpd/Nav2/install/nav2:/opt/ros/jazzy /usr/bin/cmake --build /home/rpd/Nav2/build/multirobot_map_merge -- -j4 -l4
[0.724s] [ 33%] Built target combine_grids
[0.725s] [ 50%] Built target gtest_main
[0.725s] [ 66%] Built target gtest
[0.725s] [ 83%] Built target test_merging_pipeline
[0.725s] [100%] Built target map_merge
[0.726s] Invoked command in '/home/rpd/Nav2/build/multirobot_map_merge' returned '0': CMAKE_PREFIX_PATH=${CMAKE_PREFIX_PATH}:/home/rpd/Nav2/install/nav2:/opt/ros/jazzy /usr/bin/cmake --build /home/rpd/Nav2/build/multirobot_map_merge -- -j4 -l4
[0.747s] Invoking command in '/home/rpd/Nav2/build/multirobot_map_merge': CMAKE_PREFIX_PATH=${CMAKE_PREFIX_PATH}:/home/rpd/Nav2/install/nav2:/opt/ros/jazzy /usr/bin/cmake --install /home/rpd/Nav2/build/multirobot_map_merge
[0.771s] -- Install configuration: ""
[0.772s] -- Up-to-date: /home/rpd/Nav2/install/multirobot_map_merge/include/map_merge/
[0.772s] -- Up-to-date: /home/rpd/Nav2/install/multirobot_map_merge/include/map_merge//ros1_names.hpp
[0.772s] -- Up-to-date: /home/rpd/Nav2/install/multirobot_map_merge/include/map_merge//map_merge.h
[0.772s] -- Up-to-date: /home/rpd/Nav2/install/multirobot_map_merge/share/multirobot_map_merge/launch
[0.772s] -- Up-to-date: /home/rpd/Nav2/install/multirobot_map_merge/share/multirobot_map_merge/launch/map_merge.launch.py
[0.772s] -- Up-to-date: /home/rpd/Nav2/install/multirobot_map_merge/share/multirobot_map_merge/launch/from_map_server.launch.py
[0.772s] -- Up-to-date: /home/rpd/Nav2/install/multirobot_map_merge/share/multirobot_map_merge/launch/tb3_simulation
[0.773s] -- Up-to-date: /home/rpd/Nav2/install/multirobot_map_merge/share/multirobot_map_merge/launch/tb3_simulation/bringup_launch.py
[0.773s] -- Up-to-date: /home/rpd/Nav2/install/multirobot_map_merge/share/multirobot_map_merge/launch/tb3_simulation/worlds
[0.773s] -- Up-to-date: /home/rpd/Nav2/install/multirobot_map_merge/share/multirobot_map_merge/launch/tb3_simulation/worlds/world_only.model
[0.773s] -- Up-to-date: /home/rpd/Nav2/install/multirobot_map_merge/share/multirobot_map_merge/launch/tb3_simulation/multi_tb3_simulation_launch.py
[0.773s] -- Up-to-date: /home/rpd/Nav2/install/multirobot_map_merge/share/multirobot_map_merge/launch/tb3_simulation/config
[0.773s] -- Up-to-date: /home/rpd/Nav2/install/multirobot_map_merge/share/multirobot_map_merge/launch/tb3_simulation/config/nav2_multirobot_params_1.yaml
[0.773s] -- Up-to-date: /home/rpd/Nav2/install/multirobot_map_merge/share/multirobot_map_merge/launch/tb3_simulation/config/nav2_multirobot_params_2.yaml
[0.773s] -- Up-to-date: /home/rpd/Nav2/install/multirobot_map_merge/share/multirobot_map_merge/launch/tb3_simulation/tb3_simulation_launch.py
[0.773s] -- Up-to-date: /home/rpd/Nav2/install/multirobot_map_merge/share/multirobot_map_merge/launch/tb3_simulation/slam_toolbox.py
[0.774s] -- Up-to-date: /home/rpd/Nav2/install/multirobot_map_merge/share/multirobot_map_merge/launch/map_merge.rviz
[0.774s] -- Up-to-date: /home/rpd/Nav2/install/multirobot_map_merge/share/multirobot_map_merge/config
[0.774s] -- Up-to-date: /home/rpd/Nav2/install/multirobot_map_merge/share/multirobot_map_merge/config/params.yaml
[0.774s] -- Up-to-date: /home/rpd/Nav2/install/multirobot_map_merge/lib/libcombine_grids.a
[0.774s] -- Up-to-date: /home/rpd/Nav2/install/multirobot_map_merge/lib/multirobot_map_merge/map_merge
[0.774s] -- Up-to-date: /home/rpd/Nav2/install/multirobot_map_merge/share/multirobot_map_merge/environment/library_path.sh
[0.775s] -- Up-to-date: /home/rpd/Nav2/install/multirobot_map_merge/share/multirobot_map_merge/environment/library_path.dsv
[0.775s] -- Up-to-date: /home/rpd/Nav2/install/multirobot_map_merge/share/ament_index/resource_index/package_run_dependencies/multirobot_map_merge
[0.776s] -- Up-to-date: /home/rpd/Nav2/install/multirobot_map_merge/share/ament_index/resource_index/parent_prefix_path/multirobot_map_merge
[0.776s] -- Up-to-date: /home/rpd/Nav2/install/multirobot_map_merge/share/multirobot_map_merge/environment/ament_prefix_path.sh
[0.776s] -- Up-to-date: /home/rpd/Nav2/install/multirobot_map_merge/share/multirobot_map_merge/environment/ament_prefix_path.dsv
[0.776s] -- Up-to-date: /home/rpd/Nav2/install/multirobot_map_merge/share/multirobot_map_merge/environment/path.sh
[0.776s] -- Up-to-date: /home/rpd/Nav2/install/multirobot_map_merge/share/multirobot_map_merge/environment/path.dsv
[0.776s] -- Up-to-date: /home/rpd/Nav2/install/multirobot_map_merge/share/multirobot_map_merge/local_setup.bash
[0.776s] -- Up-to-date: /home/rpd/Nav2/install/multirobot_map_merge/share/multirobot_map_merge/local_setup.sh
[0.776s] -- Up-to-date: /home/rpd/Nav2/install/multirobot_map_merge/share/multirobot_map_merge/local_setup.zsh
[0.778s] -- Up-to-date: /home/rpd/Nav2/install/multirobot_map_merge/share/multirobot_map_merge/local_setup.dsv
[0.778s] -- Installing: /home/rpd/Nav2/install/multirobot_map_merge/share/multirobot_map_merge/package.dsv
[0.779s] -- Up-to-date: /home/rpd/Nav2/install/multirobot_map_merge/share/ament_index/resource_index/packages/multirobot_map_merge
[0.779s] -- Up-to-date: /home/rpd/Nav2/install/multirobot_map_merge/share/multirobot_map_merge/cmake/ament_cmake_export_include_directories-extras.cmake
[0.779s] -- Up-to-date: /home/rpd/Nav2/install/multirobot_map_merge/share/multirobot_map_merge/cmake/ament_cmake_export_libraries-extras.cmake
[0.780s] -- Up-to-date: /home/rpd/Nav2/install/multirobot_map_merge/share/multirobot_map_merge/cmake/multirobot_map_mergeConfig.cmake
[0.782s] -- Up-to-date: /home/rpd/Nav2/install/multirobot_map_merge/share/multirobot_map_merge/cmake/multirobot_map_mergeConfig-version.cmake
[0.783s] -- Up-to-date: /home/rpd/Nav2/install/multirobot_map_merge/share/multirobot_map_merge/package.xml
[0.786s] Invoked command in '/home/rpd/Nav2/build/multirobot_map_merge' returned '0': CMAKE_PREFIX_PATH=${CMAKE_PREFIX_PATH}:/home/rpd/Nav2/install/nav2:/opt/ros/jazzy /usr/bin/cmake --install /home/rpd/Nav2/build/multirobot_map_merge
