[0.040s] Invoking command in '/home/rpd/Nav2/build/explore_lite': AMENT_PREFIX_PATH=/home/rpd/Nav2/install/explore_lite_msgs:${AMENT_PREFIX_PATH} CMAKE_PREFIX_PATH=/home/rpd/Nav2/install/explore_lite_msgs:/opt/ros/jazzy/opt/gz_sim_vendor:/opt/ros/jazzy/opt/gz_sensors_vendor:/opt/ros/jazzy/opt/gz_physics_vendor:/opt/ros/jazzy/opt/sdformat_vendor:/opt/ros/jazzy/opt/gz_gui_vendor:/opt/ros/jazzy/opt/gz_transport_vendor:/opt/ros/jazzy/opt/gz_rendering_vendor:/opt/ros/jazzy/opt/gz_plugin_vendor:/opt/ros/jazzy/opt/gz_fuel_tools_vendor:/opt/ros/jazzy/opt/gz_msgs_vendor:/opt/ros/jazzy/opt/gz_common_vendor:/opt/ros/jazzy/opt/gz_math_vendor:/opt/ros/jazzy/opt/gz_utils_vendor:/opt/ros/jazzy/opt/gz_tools_vendor:/opt/ros/jazzy/opt/gz_ogre_next_vendor:/opt/ros/jazzy/opt/gz_dartsim_vendor:/opt/ros/jazzy/opt/gz_cmake_vendor:/opt/ros/jazzy LD_LIBRARY_PATH=/home/rpd/Nav2/install/explore_lite_msgs/lib:${LD_LIBRARY_PATH} PYTHONPATH=/home/rpd/Nav2/install/explore_lite_msgs/lib/python3.12/site-packages:${PYTHONPATH} /usr/bin/cmake /home/rpd/Nav2/src/m-explore-ros2/explore -DCMAKE_INSTALL_PREFIX=/home/rpd/Nav2/install/explore_lite
[0.355s] -- The C compiler identification is GNU 13.3.0
[0.610s] -- The CXX compiler identification is GNU 13.3.0
[0.688s] -- Detecting C compiler ABI info
[1.135s] -- Detecting C compiler ABI info - done
[1.193s] -- Check for working C compiler: /usr/bin/cc - skipped
[1.195s] -- Detecting C compile features
[1.195s] -- Detecting C compile features - done
[1.248s] -- Detecting CXX compiler ABI info
[1.776s] -- Detecting CXX compiler ABI info - done
[1.794s] -- Check for working CXX compiler: /usr/bin/c++ - skipped
[1.795s] -- Detecting CXX compile features
[1.797s] -- Detecting CXX compile features - done
[1.800s] -- BuilD for ROS2: jazzy
[1.809s] -- Found ament_cmake: 2.5.5 (/opt/ros/jazzy/share/ament_cmake/cmake)
[2.406s] -- Found Python3: /usr/bin/python3 (found version "3.12.3") found components: Interpreter 
[2.763s] -- Found rclcpp: 28.1.16 (/opt/ros/jazzy/share/rclcpp/cmake)
[2.876s] -- Found rosidl_generator_c: 4.6.7 (/opt/ros/jazzy/share/rosidl_generator_c/cmake)
[2.920s] -- Found rosidl_generator_cpp: 4.6.7 (/opt/ros/jazzy/share/rosidl_generator_cpp/cmake)
[2.972s] -- Using all available rosidl_typesupport_c: rosidl_typesupport_fastrtps_c;rosidl_typesupport_introspection_c
[3.030s] -- Using all available rosidl_typesupport_cpp: rosidl_typesupport_fastrtps_cpp;rosidl_typesupport_introspection_cpp
[3.349s] -- Found rmw_implementation_cmake: 7.3.3 (/opt/ros/jazzy/share/rmw_implementation_cmake/cmake)
[3.380s] -- Found rmw_fastrtps_cpp: 8.4.3 (/opt/ros/jazzy/share/rmw_fastrtps_cpp/cmake)
[3.912s] -- Found OpenSSL: /usr/lib/aarch64-linux-gnu/libcrypto.so (found version "3.0.13")  
[4.031s] -- Found FastRTPS: /opt/ros/jazzy/include (Required is at least version "2.13") 
[4.186s] -- Using RMW implementation 'rmw_fastrtps_cpp' as default
[4.779s] -- Found std_msgs: 5.3.6 (/opt/ros/jazzy/share/std_msgs/cmake)
[4.905s] -- Found sensor_msgs: 5.3.6 (/opt/ros/jazzy/share/sensor_msgs/cmake)
[5.196s] -- Found tf2_ros: 0.36.19 (/opt/ros/jazzy/share/tf2_ros/cmake)
[6.040s] -- Found tf2_geometry_msgs: 0.36.19 (/opt/ros/jazzy/share/tf2_geometry_msgs/cmake)
[6.124s] -- Found eigen3_cmake_module: 0.3.0 (/opt/ros/jazzy/share/eigen3_cmake_module/cmake)
[6.133s] -- Found Eigen3: TRUE (found version "3.4.0") 
[6.136s] -- Ensuring Eigen3 include directory is part of orocos-kdl CMake target
[6.158s] -- Found nav2_msgs: 1.3.10 (/opt/ros/jazzy/share/nav2_msgs/cmake)
[6.754s] -- Found map_msgs: 2.4.1 (/opt/ros/jazzy/share/map_msgs/cmake)
[6.948s] -- Found visualization_msgs: 5.3.6 (/opt/ros/jazzy/share/visualization_msgs/cmake)
[7.101s] -- Found nav2_costmap_2d: 1.3.10 (/opt/ros/jazzy/share/nav2_costmap_2d/cmake)
[7.932s] -- Found explore_lite_msgs: 1.0.0 (/home/rpd/Nav2/install/explore_lite_msgs/share/explore_lite_msgs/cmake)
[7.996s] -- Found ament_lint_auto: 0.17.4 (/opt/ros/jazzy/share/ament_lint_auto/cmake)
[8.848s] -- Found ament_cmake_gtest: 2.5.5 (/opt/ros/jazzy/share/ament_cmake_gtest/cmake)
[8.879s] -- Found gtest sources under '/opt/ros/jazzy/src/gtest_vendor': C++ tests using 'Google Test' will be built
[8.901s] -- Performing Test CMAKE_HAVE_LIBC_PTHREAD
[9.420s] -- Performing Test CMAKE_HAVE_LIBC_PTHREAD - Success
[9.422s] -- Found Threads: TRUE  
[9.452s] -- Added test 'cppcheck' to perform static code analysis on C / C++ code
[9.452s] -- Configured cppcheck include dirs: /home/rpd/Nav2/src/m-explore-ros2/explore/include;$<BUILD_INTERFACE:/home/rpd/Nav2/src/m-explore-ros2/explore/include>
[9.452s] -- Configured cppcheck exclude dirs and/or files: 
[9.457s] -- Added test 'flake8' to check Python code syntax and style conventions
[9.458s] -- Configured 'flake8' exclude dirs and/or files: 
[9.458s] -- Added test 'lint_cmake' to check CMake code style
[9.466s] -- Added test 'pep257' to check Python code against some of the docstring style conventions in PEP 257
[9.473s] -- Added test 'uncrustify' to check C / C++ code style
[9.474s] -- Configured uncrustify additional arguments: 
[9.482s] -- Added test 'xmllint' to check XML markup files
[9.494s] -- Configuring done (9.4s)
[10.265s] -- Generating done (0.7s)
[10.322s] -- Build files have been written to: /home/rpd/Nav2/build/explore_lite
[10.442s] Invoked command in '/home/rpd/Nav2/build/explore_lite' returned '0': AMENT_PREFIX_PATH=/home/rpd/Nav2/install/explore_lite_msgs:${AMENT_PREFIX_PATH} CMAKE_PREFIX_PATH=/home/rpd/Nav2/install/explore_lite_msgs:/opt/ros/jazzy/opt/gz_sim_vendor:/opt/ros/jazzy/opt/gz_sensors_vendor:/opt/ros/jazzy/opt/gz_physics_vendor:/opt/ros/jazzy/opt/sdformat_vendor:/opt/ros/jazzy/opt/gz_gui_vendor:/opt/ros/jazzy/opt/gz_transport_vendor:/opt/ros/jazzy/opt/gz_rendering_vendor:/opt/ros/jazzy/opt/gz_plugin_vendor:/opt/ros/jazzy/opt/gz_fuel_tools_vendor:/opt/ros/jazzy/opt/gz_msgs_vendor:/opt/ros/jazzy/opt/gz_common_vendor:/opt/ros/jazzy/opt/gz_math_vendor:/opt/ros/jazzy/opt/gz_utils_vendor:/opt/ros/jazzy/opt/gz_tools_vendor:/opt/ros/jazzy/opt/gz_ogre_next_vendor:/opt/ros/jazzy/opt/gz_dartsim_vendor:/opt/ros/jazzy/opt/gz_cmake_vendor:/opt/ros/jazzy LD_LIBRARY_PATH=/home/rpd/Nav2/install/explore_lite_msgs/lib:${LD_LIBRARY_PATH} PYTHONPATH=/home/rpd/Nav2/install/explore_lite_msgs/lib/python3.12/site-packages:${PYTHONPATH} /usr/bin/cmake /home/rpd/Nav2/src/m-explore-ros2/explore -DCMAKE_INSTALL_PREFIX=/home/rpd/Nav2/install/explore_lite
[10.442s] Invoking command in '/home/rpd/Nav2/build/explore_lite': AMENT_PREFIX_PATH=/home/rpd/Nav2/install/explore_lite_msgs:${AMENT_PREFIX_PATH} CMAKE_PREFIX_PATH=/home/rpd/Nav2/install/explore_lite_msgs:/opt/ros/jazzy/opt/gz_sim_vendor:/opt/ros/jazzy/opt/gz_sensors_vendor:/opt/ros/jazzy/opt/gz_physics_vendor:/opt/ros/jazzy/opt/sdformat_vendor:/opt/ros/jazzy/opt/gz_gui_vendor:/opt/ros/jazzy/opt/gz_transport_vendor:/opt/ros/jazzy/opt/gz_rendering_vendor:/opt/ros/jazzy/opt/gz_plugin_vendor:/opt/ros/jazzy/opt/gz_fuel_tools_vendor:/opt/ros/jazzy/opt/gz_msgs_vendor:/opt/ros/jazzy/opt/gz_common_vendor:/opt/ros/jazzy/opt/gz_math_vendor:/opt/ros/jazzy/opt/gz_utils_vendor:/opt/ros/jazzy/opt/gz_tools_vendor:/opt/ros/jazzy/opt/gz_ogre_next_vendor:/opt/ros/jazzy/opt/gz_dartsim_vendor:/opt/ros/jazzy/opt/gz_cmake_vendor:/opt/ros/jazzy LD_LIBRARY_PATH=/home/rpd/Nav2/install/explore_lite_msgs/lib:${LD_LIBRARY_PATH} PYTHONPATH=/home/rpd/Nav2/install/explore_lite_msgs/lib/python3.12/site-packages:${PYTHONPATH} /usr/bin/cmake --build /home/rpd/Nav2/build/explore_lite -- -j4 -l4
[10.708s] [ 10%] [32mBuilding CXX object CMakeFiles/explore.dir/src/explore.cpp.o[0m
[10.725s] [ 20%] [32mBuilding CXX object gtest/CMakeFiles/gtest.dir/src/gtest-all.cc.o[0m
[10.726s] [ 30%] [32mBuilding CXX object gtest/CMakeFiles/gtest_main.dir/src/gtest_main.cc.o[0m
[10.759s] [ 40%] [32mBuilding CXX object CMakeFiles/explore.dir/src/costmap_client.cpp.o[0m
[15.138s] [ 50%] [32m[1mLinking CXX static library libgtest_main.a[0m
[15.404s] [ 50%] Built target gtest_main
[15.434s] [ 60%] [32mBuilding CXX object CMakeFiles/explore.dir/src/frontier_search.cpp.o[0m
[28.436s] [ 70%] [32m[1mLinking CXX static library libgtest.a[0m
[28.856s] [ 70%] Built target gtest
[48.508s] [ 80%] [32m[1mLinking CXX executable explore[0m
[52.045s] [ 80%] Built target explore
[52.086s] [ 90%] [32mBuilding CXX object CMakeFiles/test_explore.dir/test/test_explore.cpp.o[0m
[53.601s] [100%] [32m[1mLinking CXX executable test_explore[0m
[53.961s] [100%] Built target test_explore
[54.409s] Invoked command in '/home/rpd/Nav2/build/explore_lite' returned '0': AMENT_PREFIX_PATH=/home/rpd/Nav2/install/explore_lite_msgs:${AMENT_PREFIX_PATH} CMAKE_PREFIX_PATH=/home/rpd/Nav2/install/explore_lite_msgs:/opt/ros/jazzy/opt/gz_sim_vendor:/opt/ros/jazzy/opt/gz_sensors_vendor:/opt/ros/jazzy/opt/gz_physics_vendor:/opt/ros/jazzy/opt/sdformat_vendor:/opt/ros/jazzy/opt/gz_gui_vendor:/opt/ros/jazzy/opt/gz_transport_vendor:/opt/ros/jazzy/opt/gz_rendering_vendor:/opt/ros/jazzy/opt/gz_plugin_vendor:/opt/ros/jazzy/opt/gz_fuel_tools_vendor:/opt/ros/jazzy/opt/gz_msgs_vendor:/opt/ros/jazzy/opt/gz_common_vendor:/opt/ros/jazzy/opt/gz_math_vendor:/opt/ros/jazzy/opt/gz_utils_vendor:/opt/ros/jazzy/opt/gz_tools_vendor:/opt/ros/jazzy/opt/gz_ogre_next_vendor:/opt/ros/jazzy/opt/gz_dartsim_vendor:/opt/ros/jazzy/opt/gz_cmake_vendor:/opt/ros/jazzy LD_LIBRARY_PATH=/home/rpd/Nav2/install/explore_lite_msgs/lib:${LD_LIBRARY_PATH} PYTHONPATH=/home/rpd/Nav2/install/explore_lite_msgs/lib/python3.12/site-packages:${PYTHONPATH} /usr/bin/cmake --build /home/rpd/Nav2/build/explore_lite -- -j4 -l4
[54.411s] Invoking command in '/home/rpd/Nav2/build/explore_lite': AMENT_PREFIX_PATH=/home/rpd/Nav2/install/explore_lite_msgs:${AMENT_PREFIX_PATH} CMAKE_PREFIX_PATH=/home/rpd/Nav2/install/explore_lite_msgs:/opt/ros/jazzy/opt/gz_sim_vendor:/opt/ros/jazzy/opt/gz_sensors_vendor:/opt/ros/jazzy/opt/gz_physics_vendor:/opt/ros/jazzy/opt/sdformat_vendor:/opt/ros/jazzy/opt/gz_gui_vendor:/opt/ros/jazzy/opt/gz_transport_vendor:/opt/ros/jazzy/opt/gz_rendering_vendor:/opt/ros/jazzy/opt/gz_plugin_vendor:/opt/ros/jazzy/opt/gz_fuel_tools_vendor:/opt/ros/jazzy/opt/gz_msgs_vendor:/opt/ros/jazzy/opt/gz_common_vendor:/opt/ros/jazzy/opt/gz_math_vendor:/opt/ros/jazzy/opt/gz_utils_vendor:/opt/ros/jazzy/opt/gz_tools_vendor:/opt/ros/jazzy/opt/gz_ogre_next_vendor:/opt/ros/jazzy/opt/gz_dartsim_vendor:/opt/ros/jazzy/opt/gz_cmake_vendor:/opt/ros/jazzy LD_LIBRARY_PATH=/home/rpd/Nav2/install/explore_lite_msgs/lib:${LD_LIBRARY_PATH} PYTHONPATH=/home/rpd/Nav2/install/explore_lite_msgs/lib/python3.12/site-packages:${PYTHONPATH} /usr/bin/cmake --install /home/rpd/Nav2/build/explore_lite
[54.426s] -- Install configuration: ""
[54.427s] -- Installing: /home/rpd/Nav2/install/explore_lite/include/explore/
[54.427s] -- Installing: /home/rpd/Nav2/install/explore_lite/include/explore//costmap_client.h
[54.427s] -- Installing: /home/rpd/Nav2/install/explore_lite/include/explore//explore.h
[54.427s] -- Installing: /home/rpd/Nav2/install/explore_lite/include/explore//costmap_tools.h
[54.427s] -- Installing: /home/rpd/Nav2/install/explore_lite/include/explore//frontier_search.h
[54.427s] -- Installing: /home/rpd/Nav2/install/explore_lite/share/explore_lite/config
[54.427s] -- Installing: /home/rpd/Nav2/install/explore_lite/share/explore_lite/config/params_costmap.yaml
[54.428s] -- Installing: /home/rpd/Nav2/install/explore_lite/share/explore_lite/config/params.yaml
[54.429s] -- Installing: /home/rpd/Nav2/install/explore_lite/share/explore_lite/launch
[54.429s] -- Installing: /home/rpd/Nav2/install/explore_lite/share/explore_lite/launch/explore.launch.py
[54.430s] -- Installing: /home/rpd/Nav2/install/explore_lite/lib/explore_lite/explore
[54.452s] -- Set non-toolchain portion of runtime path of "/home/rpd/Nav2/install/explore_lite/lib/explore_lite/explore" to ""
[54.452s] -- Installing: /home/rpd/Nav2/install/explore_lite/share/ament_index/resource_index/package_run_dependencies/explore_lite
[54.453s] -- Installing: /home/rpd/Nav2/install/explore_lite/share/ament_index/resource_index/parent_prefix_path/explore_lite
[54.453s] -- Installing: /home/rpd/Nav2/install/explore_lite/share/explore_lite/environment/ament_prefix_path.sh
[54.453s] -- Installing: /home/rpd/Nav2/install/explore_lite/share/explore_lite/environment/ament_prefix_path.dsv
[54.453s] -- Installing: /home/rpd/Nav2/install/explore_lite/share/explore_lite/environment/path.sh
[54.453s] -- Installing: /home/rpd/Nav2/install/explore_lite/share/explore_lite/environment/path.dsv
[54.454s] -- Installing: /home/rpd/Nav2/install/explore_lite/share/explore_lite/local_setup.bash
[54.454s] -- Installing: /home/rpd/Nav2/install/explore_lite/share/explore_lite/local_setup.sh
[54.454s] -- Installing: /home/rpd/Nav2/install/explore_lite/share/explore_lite/local_setup.zsh
[54.454s] -- Installing: /home/rpd/Nav2/install/explore_lite/share/explore_lite/local_setup.dsv
[54.454s] -- Installing: /home/rpd/Nav2/install/explore_lite/share/explore_lite/package.dsv
[54.455s] -- Installing: /home/rpd/Nav2/install/explore_lite/share/ament_index/resource_index/packages/explore_lite
[54.455s] -- Installing: /home/rpd/Nav2/install/explore_lite/share/explore_lite/cmake/ament_cmake_export_dependencies-extras.cmake
[54.455s] -- Installing: /home/rpd/Nav2/install/explore_lite/share/explore_lite/cmake/ament_cmake_export_include_directories-extras.cmake
[54.455s] -- Installing: /home/rpd/Nav2/install/explore_lite/share/explore_lite/cmake/explore_liteConfig.cmake
[54.455s] -- Installing: /home/rpd/Nav2/install/explore_lite/share/explore_lite/cmake/explore_liteConfig-version.cmake
[54.456s] -- Installing: /home/rpd/Nav2/install/explore_lite/share/explore_lite/package.xml
[54.460s] Invoked command in '/home/rpd/Nav2/build/explore_lite' returned '0': AMENT_PREFIX_PATH=/home/rpd/Nav2/install/explore_lite_msgs:${AMENT_PREFIX_PATH} CMAKE_PREFIX_PATH=/home/rpd/Nav2/install/explore_lite_msgs:/opt/ros/jazzy/opt/gz_sim_vendor:/opt/ros/jazzy/opt/gz_sensors_vendor:/opt/ros/jazzy/opt/gz_physics_vendor:/opt/ros/jazzy/opt/sdformat_vendor:/opt/ros/jazzy/opt/gz_gui_vendor:/opt/ros/jazzy/opt/gz_transport_vendor:/opt/ros/jazzy/opt/gz_rendering_vendor:/opt/ros/jazzy/opt/gz_plugin_vendor:/opt/ros/jazzy/opt/gz_fuel_tools_vendor:/opt/ros/jazzy/opt/gz_msgs_vendor:/opt/ros/jazzy/opt/gz_common_vendor:/opt/ros/jazzy/opt/gz_math_vendor:/opt/ros/jazzy/opt/gz_utils_vendor:/opt/ros/jazzy/opt/gz_tools_vendor:/opt/ros/jazzy/opt/gz_ogre_next_vendor:/opt/ros/jazzy/opt/gz_dartsim_vendor:/opt/ros/jazzy/opt/gz_cmake_vendor:/opt/ros/jazzy LD_LIBRARY_PATH=/home/rpd/Nav2/install/explore_lite_msgs/lib:${LD_LIBRARY_PATH} PYTHONPATH=/home/rpd/Nav2/install/explore_lite_msgs/lib/python3.12/site-packages:${PYTHONPATH} /usr/bin/cmake --install /home/rpd/Nav2/build/explore_lite
