[3.049s] Invoking command in '/home/rpd/Nav2/src/nav2': PYTHONPATH=/home/rpd/Nav2/build/nav2/prefix_override:/usr/lib/python3/dist-packages/colcon_core/task/python/colcon_distutils_commands:/home/rpd/Nav2/install/nav2/lib/python3.12/site-packages:${PYTHONPATH} /usr/bin/python3 -W ignore:setup.py install is deprecated -W ignore:easy_install command is deprecated setup.py egg_info --egg-base ../../build/nav2 build --build-base /home/rpd/Nav2/build/nav2/build install --record /home/rpd/Nav2/build/nav2/install.log --single-version-externally-managed install_data
[3.536s] running egg_info
[3.536s] creating ../../build/nav2/nav2.egg-info
[3.568s] writing ../../build/nav2/nav2.egg-info/PKG-INFO
[3.569s] writing dependency_links to ../../build/nav2/nav2.egg-info/dependency_links.txt
[3.569s] writing entry points to ../../build/nav2/nav2.egg-info/entry_points.txt
[3.570s] writing requirements to ../../build/nav2/nav2.egg-info/requires.txt
[3.570s] writing top-level names to ../../build/nav2/nav2.egg-info/top_level.txt
[3.572s] writing manifest file '../../build/nav2/nav2.egg-info/SOURCES.txt'
[3.646s] reading manifest file '../../build/nav2/nav2.egg-info/SOURCES.txt'
[3.647s] writing manifest file '../../build/nav2/nav2.egg-info/SOURCES.txt'
[3.648s] running build
[3.648s] running build_py
[3.648s] creating /home/rpd/Nav2/build/nav2/build
[3.649s] creating /home/rpd/Nav2/build/nav2/build/lib
[3.649s] creating /home/rpd/Nav2/build/nav2/build/lib/nav2
[3.649s] copying nav2/laser.py -> /home/rpd/Nav2/build/nav2/build/lib/nav2
[3.653s] copying nav2/atob.py -> /home/rpd/Nav2/build/nav2/build/lib/nav2
[3.654s] copying nav2/odom.py -> /home/rpd/Nav2/build/nav2/build/lib/nav2
[3.655s] copying nav2/odompy.py -> /home/rpd/Nav2/build/nav2/build/lib/nav2
[3.655s] copying nav2/__init__.py -> /home/rpd/Nav2/build/nav2/build/lib/nav2
[3.656s] running install
[3.671s] running install_lib
[3.703s] creating /home/rpd/Nav2/install/nav2/lib/python3.12/site-packages/nav2
[3.704s] copying /home/rpd/Nav2/build/nav2/build/lib/nav2/laser.py -> /home/rpd/Nav2/install/nav2/lib/python3.12/site-packages/nav2
[3.704s] copying /home/rpd/Nav2/build/nav2/build/lib/nav2/atob.py -> /home/rpd/Nav2/install/nav2/lib/python3.12/site-packages/nav2
[3.705s] copying /home/rpd/Nav2/build/nav2/build/lib/nav2/odom.py -> /home/rpd/Nav2/install/nav2/lib/python3.12/site-packages/nav2
[3.705s] copying /home/rpd/Nav2/build/nav2/build/lib/nav2/odompy.py -> /home/rpd/Nav2/install/nav2/lib/python3.12/site-packages/nav2
[3.705s] copying /home/rpd/Nav2/build/nav2/build/lib/nav2/__init__.py -> /home/rpd/Nav2/install/nav2/lib/python3.12/site-packages/nav2
[3.705s] byte-compiling /home/rpd/Nav2/install/nav2/lib/python3.12/site-packages/nav2/laser.py to laser.cpython-312.pyc
[3.710s] byte-compiling /home/rpd/Nav2/install/nav2/lib/python3.12/site-packages/nav2/atob.py to atob.cpython-312.pyc
[3.710s] byte-compiling /home/rpd/Nav2/install/nav2/lib/python3.12/site-packages/nav2/odom.py to odom.cpython-312.pyc
[3.713s] byte-compiling /home/rpd/Nav2/install/nav2/lib/python3.12/site-packages/nav2/odompy.py to odompy.cpython-312.pyc
[3.717s] byte-compiling /home/rpd/Nav2/install/nav2/lib/python3.12/site-packages/nav2/__init__.py to __init__.cpython-312.pyc
[3.718s] running install_data
[3.719s] creating /home/rpd/Nav2/install/nav2/share/ament_index
[3.719s] creating /home/rpd/Nav2/install/nav2/share/ament_index/resource_index
[3.719s] creating /home/rpd/Nav2/install/nav2/share/ament_index/resource_index/packages
[3.719s] copying resource/nav2 -> /home/rpd/Nav2/install/nav2/share/ament_index/resource_index/packages
[3.719s] copying package.xml -> /home/rpd/Nav2/install/nav2/share/nav2
[3.719s] creating /home/rpd/Nav2/install/nav2/share/nav2/launch
[3.720s] copying nav2/launch/lidar_nav2.py -> /home/rpd/Nav2/install/nav2/share/nav2/launch
[3.720s] copying nav2/launch/slam.py -> /home/rpd/Nav2/install/nav2/share/nav2/launch
[3.720s] copying nav2/launch/nav2.py -> /home/rpd/Nav2/install/nav2/share/nav2/launch
[3.720s] running install_egg_info
[3.767s] Copying ../../build/nav2/nav2.egg-info to /home/rpd/Nav2/install/nav2/lib/python3.12/site-packages/nav2-0.0.0-py3.12.egg-info
[3.768s] running install_scripts
[4.113s] Installing laser_node script to /home/rpd/Nav2/install/nav2/lib/nav2
[4.208s] Installing odom script to /home/rpd/Nav2/install/nav2/lib/nav2
[4.208s] writing list of installed files to '/home/rpd/Nav2/build/nav2/install.log'
[4.388s] Invoked command in '/home/rpd/Nav2/src/nav2' returned '0': PYTHONPATH=/home/rpd/Nav2/build/nav2/prefix_override:/usr/lib/python3/dist-packages/colcon_core/task/python/colcon_distutils_commands:/home/rpd/Nav2/install/nav2/lib/python3.12/site-packages:${PYTHONPATH} /usr/bin/python3 -W ignore:setup.py install is deprecated -W ignore:easy_install command is deprecated setup.py egg_info --egg-base ../../build/nav2 build --build-base /home/rpd/Nav2/build/nav2/build install --record /home/rpd/Nav2/build/nav2/install.log --single-version-externally-managed install_data
