[0.071s] DEBUG:colcon:Command line arguments: ['/usr/bin/colcon', 'build']
[0.071s] DEBUG:colcon:Parsed command line arguments: Namespace(log_base=None, log_level=None, verb_name='build', build_base='build', install_base='install', merge_install=False, symlink_install=False, test_result_base=None, continue_on_error=False, executor='parallel', parallel_workers=20, event_handlers=None, ignore_user_meta=False, metas=['./colcon.meta'], base_paths=['.'], packages_ignore=None, packages_ignore_regex=None, paths=None, packages_up_to=None, packages_up_to_regex=None, packages_above=None, packages_above_and_dependencies=None, packages_above_depth=None, packages_select_by_dep=None, packages_skip_by_dep=None, packages_skip_up_to=None, packages_select_build_failed=False, packages_skip_build_finished=False, packages_select_test_failures=False, packages_skip_test_passed=False, packages_select=None, packages_skip=None, packages_select_regex=None, packages_skip_regex=None, packages_start=None, packages_end=None, allow_overriding=[], cmake_args=None, cmake_target=None, cmake_target_skip_unavailable=False, cmake_clean_cache=False, cmake_clean_first=False, cmake_force_configure=False, ament_cmake_args=None, catkin_cmake_args=None, catkin_skip_building_tests=False, mixin_files=None, mixin=None, verb_parser=<colcon_mixin.mixin.mixin_argument.MixinArgumentDecorator object at 0x768a61da2210>, verb_extension=<colcon_core.verb.build.BuildVerb object at 0x768a61ebbe30>, main=<bound method BuildVerb.main of <colcon_core.verb.build.BuildVerb object at 0x768a61ebbe30>>, mixin_verb=('build',))
[0.097s] Level 1:colcon.colcon_core.package_discovery:discover_packages(colcon_meta) check parameters
[0.097s] Level 1:colcon.colcon_core.package_discovery:discover_packages(recursive) check parameters
[0.097s] Level 1:colcon.colcon_core.package_discovery:discover_packages(ignore) check parameters
[0.097s] Level 1:colcon.colcon_core.package_discovery:discover_packages(path) check parameters
[0.097s] Level 1:colcon.colcon_core.package_discovery:discover_packages(colcon_meta) discover
[0.097s] Level 1:colcon.colcon_core.package_discovery:discover_packages(recursive) discover
[0.097s] INFO:colcon.colcon_core.package_discovery:Crawling recursively for packages in '/home/anirudh/Nav2'
[0.097s] Level 1:colcon.colcon_core.package_identification:_identify(.) by extensions ['ignore', 'ignore_ament_install']
[0.097s] Level 1:colcon.colcon_core.package_identification:_identify(.) by extension 'ignore'
[0.097s] Level 1:colcon.colcon_core.package_identification:_identify(.) by extension 'ignore_ament_install'
[0.097s] Level 1:colcon.colcon_core.package_identification:_identify(.) by extensions ['colcon_pkg']
[0.097s] Level 1:colcon.colcon_core.package_identification:_identify(.) by extension 'colcon_pkg'
[0.097s] Level 1:colcon.colcon_core.package_identification:_identify(.) by extensions ['colcon_meta']
[0.097s] Level 1:colcon.colcon_core.package_identification:_identify(.) by extension 'colcon_meta'
[0.097s] Level 1:colcon.colcon_core.package_identification:_identify(.) by extensions ['ros']
[0.097s] Level 1:colcon.colcon_core.package_identification:_identify(.) by extension 'ros'
[0.115s] Level 1:colcon.colcon_core.package_identification:_identify(.) by extensions ['cmake', 'python']
[0.115s] Level 1:colcon.colcon_core.package_identification:_identify(.) by extension 'cmake'
[0.115s] Level 1:colcon.colcon_core.package_identification:_identify(.) by extension 'python'
[0.115s] Level 1:colcon.colcon_core.package_identification:_identify(.) by extensions ['python_setup_py']
[0.115s] Level 1:colcon.colcon_core.package_identification:_identify(.) by extension 'python_setup_py'
[0.116s] Level 1:colcon.colcon_core.package_identification:_identify(build) by extensions ['ignore', 'ignore_ament_install']
[0.116s] Level 1:colcon.colcon_core.package_identification:_identify(build) by extension 'ignore'
[0.116s] Level 1:colcon.colcon_core.package_identification:_identify(build) ignored
[0.116s] Level 1:colcon.colcon_core.package_identification:_identify(install) by extensions ['ignore', 'ignore_ament_install']
[0.116s] Level 1:colcon.colcon_core.package_identification:_identify(install) by extension 'ignore'
[0.116s] Level 1:colcon.colcon_core.package_identification:_identify(install) ignored
[0.116s] Level 1:colcon.colcon_core.package_identification:_identify(log) by extensions ['ignore', 'ignore_ament_install']
[0.116s] Level 1:colcon.colcon_core.package_identification:_identify(log) by extension 'ignore'
[0.116s] Level 1:colcon.colcon_core.package_identification:_identify(log) ignored
[0.116s] Level 1:colcon.colcon_core.package_identification:_identify(src) by extensions ['ignore', 'ignore_ament_install']
[0.116s] Level 1:colcon.colcon_core.package_identification:_identify(src) by extension 'ignore'
[0.116s] Level 1:colcon.colcon_core.package_identification:_identify(src) by extension 'ignore_ament_install'
[0.116s] Level 1:colcon.colcon_core.package_identification:_identify(src) by extensions ['colcon_pkg']
[0.116s] Level 1:colcon.colcon_core.package_identification:_identify(src) by extension 'colcon_pkg'
[0.116s] Level 1:colcon.colcon_core.package_identification:_identify(src) by extensions ['colcon_meta']
[0.116s] Level 1:colcon.colcon_core.package_identification:_identify(src) by extension 'colcon_meta'
[0.116s] Level 1:colcon.colcon_core.package_identification:_identify(src) by extensions ['ros']
[0.116s] Level 1:colcon.colcon_core.package_identification:_identify(src) by extension 'ros'
[0.116s] Level 1:colcon.colcon_core.package_identification:_identify(src) by extensions ['cmake', 'python']
[0.116s] Level 1:colcon.colcon_core.package_identification:_identify(src) by extension 'cmake'
[0.116s] Level 1:colcon.colcon_core.package_identification:_identify(src) by extension 'python'
[0.116s] Level 1:colcon.colcon_core.package_identification:_identify(src) by extensions ['python_setup_py']
[0.116s] Level 1:colcon.colcon_core.package_identification:_identify(src) by extension 'python_setup_py'
[0.116s] Level 1:colcon.colcon_core.package_identification:_identify(src/m-explore-ros2) by extensions ['ignore', 'ignore_ament_install']
[0.116s] Level 1:colcon.colcon_core.package_identification:_identify(src/m-explore-ros2) by extension 'ignore'
[0.116s] Level 1:colcon.colcon_core.package_identification:_identify(src/m-explore-ros2) by extension 'ignore_ament_install'
[0.116s] Level 1:colcon.colcon_core.package_identification:_identify(src/m-explore-ros2) by extensions ['colcon_pkg']
[0.116s] Level 1:colcon.colcon_core.package_identification:_identify(src/m-explore-ros2) by extension 'colcon_pkg'
[0.116s] Level 1:colcon.colcon_core.package_identification:_identify(src/m-explore-ros2) by extensions ['colcon_meta']
[0.116s] Level 1:colcon.colcon_core.package_identification:_identify(src/m-explore-ros2) by extension 'colcon_meta'
[0.116s] Level 1:colcon.colcon_core.package_identification:_identify(src/m-explore-ros2) by extensions ['ros']
[0.116s] Level 1:colcon.colcon_core.package_identification:_identify(src/m-explore-ros2) by extension 'ros'
[0.117s] Level 1:colcon.colcon_core.package_identification:_identify(src/m-explore-ros2) by extensions ['cmake', 'python']
[0.117s] Level 1:colcon.colcon_core.package_identification:_identify(src/m-explore-ros2) by extension 'cmake'
[0.117s] Level 1:colcon.colcon_core.package_identification:_identify(src/m-explore-ros2) by extension 'python'
[0.117s] Level 1:colcon.colcon_core.package_identification:_identify(src/m-explore-ros2) by extensions ['python_setup_py']
[0.117s] Level 1:colcon.colcon_core.package_identification:_identify(src/m-explore-ros2) by extension 'python_setup_py'
[0.117s] Level 1:colcon.colcon_core.package_identification:_identify(src/m-explore-ros2/explore) by extensions ['ignore', 'ignore_ament_install']
[0.117s] Level 1:colcon.colcon_core.package_identification:_identify(src/m-explore-ros2/explore) by extension 'ignore'
[0.117s] Level 1:colcon.colcon_core.package_identification:_identify(src/m-explore-ros2/explore) by extension 'ignore_ament_install'
[0.117s] Level 1:colcon.colcon_core.package_identification:_identify(src/m-explore-ros2/explore) by extensions ['colcon_pkg']
[0.117s] Level 1:colcon.colcon_core.package_identification:_identify(src/m-explore-ros2/explore) by extension 'colcon_pkg'
[0.117s] Level 1:colcon.colcon_core.package_identification:_identify(src/m-explore-ros2/explore) by extensions ['colcon_meta']
[0.117s] Level 1:colcon.colcon_core.package_identification:_identify(src/m-explore-ros2/explore) by extension 'colcon_meta'
[0.117s] Level 1:colcon.colcon_core.package_identification:_identify(src/m-explore-ros2/explore) by extensions ['ros']
[0.117s] Level 1:colcon.colcon_core.package_identification:_identify(src/m-explore-ros2/explore) by extension 'ros'
[0.119s] DEBUG:colcon.colcon_core.package_identification:Package 'src/m-explore-ros2/explore' with type 'ros.ament_cmake' and name 'explore_lite'
[0.119s] Level 1:colcon.colcon_core.package_identification:_identify(src/m-explore-ros2/explore_lite_msgs) by extensions ['ignore', 'ignore_ament_install']
[0.119s] Level 1:colcon.colcon_core.package_identification:_identify(src/m-explore-ros2/explore_lite_msgs) by extension 'ignore'
[0.119s] Level 1:colcon.colcon_core.package_identification:_identify(src/m-explore-ros2/explore_lite_msgs) by extension 'ignore_ament_install'
[0.119s] Level 1:colcon.colcon_core.package_identification:_identify(src/m-explore-ros2/explore_lite_msgs) by extensions ['colcon_pkg']
[0.119s] Level 1:colcon.colcon_core.package_identification:_identify(src/m-explore-ros2/explore_lite_msgs) by extension 'colcon_pkg'
[0.119s] Level 1:colcon.colcon_core.package_identification:_identify(src/m-explore-ros2/explore_lite_msgs) by extensions ['colcon_meta']
[0.119s] Level 1:colcon.colcon_core.package_identification:_identify(src/m-explore-ros2/explore_lite_msgs) by extension 'colcon_meta'
[0.119s] Level 1:colcon.colcon_core.package_identification:_identify(src/m-explore-ros2/explore_lite_msgs) by extensions ['ros']
[0.119s] Level 1:colcon.colcon_core.package_identification:_identify(src/m-explore-ros2/explore_lite_msgs) by extension 'ros'
[0.119s] DEBUG:colcon.colcon_core.package_identification:Package 'src/m-explore-ros2/explore_lite_msgs' with type 'ros.ament_cmake' and name 'explore_lite_msgs'
[0.120s] Level 1:colcon.colcon_core.package_identification:_identify(src/m-explore-ros2/map_merge) by extensions ['ignore', 'ignore_ament_install']
[0.120s] Level 1:colcon.colcon_core.package_identification:_identify(src/m-explore-ros2/map_merge) by extension 'ignore'
[0.120s] Level 1:colcon.colcon_core.package_identification:_identify(src/m-explore-ros2/map_merge) by extension 'ignore_ament_install'
[0.120s] Level 1:colcon.colcon_core.package_identification:_identify(src/m-explore-ros2/map_merge) by extensions ['colcon_pkg']
[0.120s] Level 1:colcon.colcon_core.package_identification:_identify(src/m-explore-ros2/map_merge) by extension 'colcon_pkg'
[0.120s] Level 1:colcon.colcon_core.package_identification:_identify(src/m-explore-ros2/map_merge) by extensions ['colcon_meta']
[0.120s] Level 1:colcon.colcon_core.package_identification:_identify(src/m-explore-ros2/map_merge) by extension 'colcon_meta'
[0.120s] Level 1:colcon.colcon_core.package_identification:_identify(src/m-explore-ros2/map_merge) by extensions ['ros']
[0.120s] Level 1:colcon.colcon_core.package_identification:_identify(src/m-explore-ros2/map_merge) by extension 'ros'
[0.120s] DEBUG:colcon.colcon_core.package_identification:Package 'src/m-explore-ros2/map_merge' with type 'ros.ament_cmake' and name 'multirobot_map_merge'
[0.120s] Level 1:colcon.colcon_core.package_identification:_identify(src/nav2) by extensions ['ignore', 'ignore_ament_install']
[0.120s] Level 1:colcon.colcon_core.package_identification:_identify(src/nav2) by extension 'ignore'
[0.121s] Level 1:colcon.colcon_core.package_identification:_identify(src/nav2) by extension 'ignore_ament_install'
[0.121s] Level 1:colcon.colcon_core.package_identification:_identify(src/nav2) by extensions ['colcon_pkg']
[0.121s] Level 1:colcon.colcon_core.package_identification:_identify(src/nav2) by extension 'colcon_pkg'
[0.121s] Level 1:colcon.colcon_core.package_identification:_identify(src/nav2) by extensions ['colcon_meta']
[0.121s] Level 1:colcon.colcon_core.package_identification:_identify(src/nav2) by extension 'colcon_meta'
[0.121s] Level 1:colcon.colcon_core.package_identification:_identify(src/nav2) by extensions ['ros']
[0.121s] Level 1:colcon.colcon_core.package_identification:_identify(src/nav2) by extension 'ros'
[0.121s] DEBUG:colcon.colcon_core.package_identification:Package 'src/nav2' with type 'ros.ament_python' and name 'nav2'
[0.121s] Level 1:colcon.colcon_core.package_identification:_identify(src/rplidar_ros) by extensions ['ignore', 'ignore_ament_install']
[0.121s] Level 1:colcon.colcon_core.package_identification:_identify(src/rplidar_ros) by extension 'ignore'
[0.121s] Level 1:colcon.colcon_core.package_identification:_identify(src/rplidar_ros) by extension 'ignore_ament_install'
[0.121s] Level 1:colcon.colcon_core.package_identification:_identify(src/rplidar_ros) by extensions ['colcon_pkg']
[0.121s] Level 1:colcon.colcon_core.package_identification:_identify(src/rplidar_ros) by extension 'colcon_pkg'
[0.121s] Level 1:colcon.colcon_core.package_identification:_identify(src/rplidar_ros) by extensions ['colcon_meta']
[0.121s] Level 1:colcon.colcon_core.package_identification:_identify(src/rplidar_ros) by extension 'colcon_meta'
[0.121s] Level 1:colcon.colcon_core.package_identification:_identify(src/rplidar_ros) by extensions ['ros']
[0.121s] Level 1:colcon.colcon_core.package_identification:_identify(src/rplidar_ros) by extension 'ros'
[0.121s] DEBUG:colcon.colcon_core.package_identification:Package 'src/rplidar_ros' with type 'ros.ament_cmake' and name 'rplidar_ros'
[0.122s] Level 1:colcon.colcon_core.package_discovery:discover_packages(recursive) using defaults
[0.122s] Level 1:colcon.colcon_core.package_discovery:discover_packages(ignore) discover
[0.122s] Level 1:colcon.colcon_core.package_discovery:discover_packages(ignore) using defaults
[0.122s] Level 1:colcon.colcon_core.package_discovery:discover_packages(path) discover
[0.122s] Level 1:colcon.colcon_core.package_discovery:discover_packages(path) using defaults
[0.134s] Level 1:colcon.colcon_core.package_discovery:discover_packages(prefix_path) check parameters
[0.134s] Level 1:colcon.colcon_core.package_discovery:discover_packages(prefix_path) discover
[0.136s] DEBUG:colcon.colcon_installed_package_information.package_discovery:Found 498 installed packages in /opt/ros/jazzy
[0.138s] Level 1:colcon.colcon_core.package_discovery:discover_packages(prefix_path) using defaults
[0.182s] Level 5:colcon.colcon_core.verb:set package 'explore_lite_msgs' build argument 'cmake_args' from command line to 'None'
[0.182s] Level 5:colcon.colcon_core.verb:set package 'explore_lite_msgs' build argument 'cmake_target' from command line to 'None'
[0.182s] Level 5:colcon.colcon_core.verb:set package 'explore_lite_msgs' build argument 'cmake_target_skip_unavailable' from command line to 'False'
[0.182s] Level 5:colcon.colcon_core.verb:set package 'explore_lite_msgs' build argument 'cmake_clean_cache' from command line to 'False'
[0.182s] Level 5:colcon.colcon_core.verb:set package 'explore_lite_msgs' build argument 'cmake_clean_first' from command line to 'False'
[0.182s] Level 5:colcon.colcon_core.verb:set package 'explore_lite_msgs' build argument 'cmake_force_configure' from command line to 'False'
[0.182s] Level 5:colcon.colcon_core.verb:set package 'explore_lite_msgs' build argument 'ament_cmake_args' from command line to 'None'
[0.182s] Level 5:colcon.colcon_core.verb:set package 'explore_lite_msgs' build argument 'catkin_cmake_args' from command line to 'None'
[0.182s] Level 5:colcon.colcon_core.verb:set package 'explore_lite_msgs' build argument 'catkin_skip_building_tests' from command line to 'False'
[0.182s] DEBUG:colcon.colcon_core.verb:Building package 'explore_lite_msgs' with the following arguments: {'ament_cmake_args': None, 'build_base': '/home/anirudh/Nav2/build/explore_lite_msgs', 'catkin_cmake_args': None, 'catkin_skip_building_tests': False, 'cmake_args': None, 'cmake_clean_cache': False, 'cmake_clean_first': False, 'cmake_force_configure': False, 'cmake_target': None, 'cmake_target_skip_unavailable': False, 'install_base': '/home/anirudh/Nav2/install/explore_lite_msgs', 'merge_install': False, 'path': '/home/anirudh/Nav2/src/m-explore-ros2/explore_lite_msgs', 'symlink_install': False, 'test_result_base': None}
[0.182s] Level 5:colcon.colcon_core.verb:set package 'multirobot_map_merge' build argument 'cmake_args' from command line to 'None'
[0.182s] Level 5:colcon.colcon_core.verb:set package 'multirobot_map_merge' build argument 'cmake_target' from command line to 'None'
[0.182s] Level 5:colcon.colcon_core.verb:set package 'multirobot_map_merge' build argument 'cmake_target_skip_unavailable' from command line to 'False'
[0.182s] Level 5:colcon.colcon_core.verb:set package 'multirobot_map_merge' build argument 'cmake_clean_cache' from command line to 'False'
[0.182s] Level 5:colcon.colcon_core.verb:set package 'multirobot_map_merge' build argument 'cmake_clean_first' from command line to 'False'
[0.182s] Level 5:colcon.colcon_core.verb:set package 'multirobot_map_merge' build argument 'cmake_force_configure' from command line to 'False'
[0.182s] Level 5:colcon.colcon_core.verb:set package 'multirobot_map_merge' build argument 'ament_cmake_args' from command line to 'None'
[0.182s] Level 5:colcon.colcon_core.verb:set package 'multirobot_map_merge' build argument 'catkin_cmake_args' from command line to 'None'
[0.182s] Level 5:colcon.colcon_core.verb:set package 'multirobot_map_merge' build argument 'catkin_skip_building_tests' from command line to 'False'
[0.182s] DEBUG:colcon.colcon_core.verb:Building package 'multirobot_map_merge' with the following arguments: {'ament_cmake_args': None, 'build_base': '/home/anirudh/Nav2/build/multirobot_map_merge', 'catkin_cmake_args': None, 'catkin_skip_building_tests': False, 'cmake_args': None, 'cmake_clean_cache': False, 'cmake_clean_first': False, 'cmake_force_configure': False, 'cmake_target': None, 'cmake_target_skip_unavailable': False, 'install_base': '/home/anirudh/Nav2/install/multirobot_map_merge', 'merge_install': False, 'path': '/home/anirudh/Nav2/src/m-explore-ros2/map_merge', 'symlink_install': False, 'test_result_base': None}
[0.182s] Level 5:colcon.colcon_core.verb:set package 'nav2' build argument 'cmake_args' from command line to 'None'
[0.182s] Level 5:colcon.colcon_core.verb:set package 'nav2' build argument 'cmake_target' from command line to 'None'
[0.182s] Level 5:colcon.colcon_core.verb:set package 'nav2' build argument 'cmake_target_skip_unavailable' from command line to 'False'
[0.182s] Level 5:colcon.colcon_core.verb:set package 'nav2' build argument 'cmake_clean_cache' from command line to 'False'
[0.182s] Level 5:colcon.colcon_core.verb:set package 'nav2' build argument 'cmake_clean_first' from command line to 'False'
[0.182s] Level 5:colcon.colcon_core.verb:set package 'nav2' build argument 'cmake_force_configure' from command line to 'False'
[0.182s] Level 5:colcon.colcon_core.verb:set package 'nav2' build argument 'ament_cmake_args' from command line to 'None'
[0.182s] Level 5:colcon.colcon_core.verb:set package 'nav2' build argument 'catkin_cmake_args' from command line to 'None'
[0.183s] Level 5:colcon.colcon_core.verb:set package 'nav2' build argument 'catkin_skip_building_tests' from command line to 'False'
[0.183s] DEBUG:colcon.colcon_core.verb:Building package 'nav2' with the following arguments: {'ament_cmake_args': None, 'build_base': '/home/anirudh/Nav2/build/nav2', 'catkin_cmake_args': None, 'catkin_skip_building_tests': False, 'cmake_args': None, 'cmake_clean_cache': False, 'cmake_clean_first': False, 'cmake_force_configure': False, 'cmake_target': None, 'cmake_target_skip_unavailable': False, 'install_base': '/home/anirudh/Nav2/install/nav2', 'merge_install': False, 'path': '/home/anirudh/Nav2/src/nav2', 'symlink_install': False, 'test_result_base': None}
[0.183s] Level 5:colcon.colcon_core.verb:set package 'rplidar_ros' build argument 'cmake_args' from command line to 'None'
[0.183s] Level 5:colcon.colcon_core.verb:set package 'rplidar_ros' build argument 'cmake_target' from command line to 'None'
[0.183s] Level 5:colcon.colcon_core.verb:set package 'rplidar_ros' build argument 'cmake_target_skip_unavailable' from command line to 'False'
[0.183s] Level 5:colcon.colcon_core.verb:set package 'rplidar_ros' build argument 'cmake_clean_cache' from command line to 'False'
[0.183s] Level 5:colcon.colcon_core.verb:set package 'rplidar_ros' build argument 'cmake_clean_first' from command line to 'False'
[0.183s] Level 5:colcon.colcon_core.verb:set package 'rplidar_ros' build argument 'cmake_force_configure' from command line to 'False'
[0.183s] Level 5:colcon.colcon_core.verb:set package 'rplidar_ros' build argument 'ament_cmake_args' from command line to 'None'
[0.183s] Level 5:colcon.colcon_core.verb:set package 'rplidar_ros' build argument 'catkin_cmake_args' from command line to 'None'
[0.183s] Level 5:colcon.colcon_core.verb:set package 'rplidar_ros' build argument 'catkin_skip_building_tests' from command line to 'False'
[0.183s] DEBUG:colcon.colcon_core.verb:Building package 'rplidar_ros' with the following arguments: {'ament_cmake_args': None, 'build_base': '/home/anirudh/Nav2/build/rplidar_ros', 'catkin_cmake_args': None, 'catkin_skip_building_tests': False, 'cmake_args': None, 'cmake_clean_cache': False, 'cmake_clean_first': False, 'cmake_force_configure': False, 'cmake_target': None, 'cmake_target_skip_unavailable': False, 'install_base': '/home/anirudh/Nav2/install/rplidar_ros', 'merge_install': False, 'path': '/home/anirudh/Nav2/src/rplidar_ros', 'symlink_install': False, 'test_result_base': None}
[0.183s] Level 5:colcon.colcon_core.verb:set package 'explore_lite' build argument 'cmake_args' from command line to 'None'
[0.183s] Level 5:colcon.colcon_core.verb:set package 'explore_lite' build argument 'cmake_target' from command line to 'None'
[0.183s] Level 5:colcon.colcon_core.verb:set package 'explore_lite' build argument 'cmake_target_skip_unavailable' from command line to 'False'
[0.183s] Level 5:colcon.colcon_core.verb:set package 'explore_lite' build argument 'cmake_clean_cache' from command line to 'False'
[0.183s] Level 5:colcon.colcon_core.verb:set package 'explore_lite' build argument 'cmake_clean_first' from command line to 'False'
[0.183s] Level 5:colcon.colcon_core.verb:set package 'explore_lite' build argument 'cmake_force_configure' from command line to 'False'
[0.183s] Level 5:colcon.colcon_core.verb:set package 'explore_lite' build argument 'ament_cmake_args' from command line to 'None'
[0.183s] Level 5:colcon.colcon_core.verb:set package 'explore_lite' build argument 'catkin_cmake_args' from command line to 'None'
[0.183s] Level 5:colcon.colcon_core.verb:set package 'explore_lite' build argument 'catkin_skip_building_tests' from command line to 'False'
[0.183s] DEBUG:colcon.colcon_core.verb:Building package 'explore_lite' with the following arguments: {'ament_cmake_args': None, 'build_base': '/home/anirudh/Nav2/build/explore_lite', 'catkin_cmake_args': None, 'catkin_skip_building_tests': False, 'cmake_args': None, 'cmake_clean_cache': False, 'cmake_clean_first': False, 'cmake_force_configure': False, 'cmake_target': None, 'cmake_target_skip_unavailable': False, 'install_base': '/home/anirudh/Nav2/install/explore_lite', 'merge_install': False, 'path': '/home/anirudh/Nav2/src/m-explore-ros2/explore', 'symlink_install': False, 'test_result_base': None}
[0.183s] INFO:colcon.colcon_core.executor:Executing jobs using 'parallel' executor
[0.184s] DEBUG:colcon.colcon_parallel_executor.executor.parallel:run_until_complete
[0.184s] INFO:colcon.colcon_ros.task.ament_cmake.build:Building ROS package in '/home/anirudh/Nav2/src/m-explore-ros2/explore_lite_msgs' with build type 'ament_cmake'
[0.185s] INFO:colcon.colcon_cmake.task.cmake.build:Building CMake package in '/home/anirudh/Nav2/src/m-explore-ros2/explore_lite_msgs'
[0.186s] INFO:colcon.colcon_core.plugin_system:Skipping extension 'colcon_core.shell.bat': Not used on non-Windows systems
[0.186s] INFO:colcon.colcon_core.shell:Skip shell extension 'powershell' for command environment: Not usable outside of PowerShell
[0.186s] DEBUG:colcon.colcon_core.shell:Skip shell extension 'dsv' for command environment
[0.190s] INFO:colcon.colcon_ros.task.ament_cmake.build:Building ROS package in '/home/anirudh/Nav2/src/m-explore-ros2/map_merge' with build type 'ament_cmake'
[0.190s] INFO:colcon.colcon_cmake.task.cmake.build:Building CMake package in '/home/anirudh/Nav2/src/m-explore-ros2/map_merge'
[0.190s] INFO:colcon.colcon_core.shell:Skip shell extension 'powershell' for command environment: Not usable outside of PowerShell
[0.190s] DEBUG:colcon.colcon_core.shell:Skip shell extension 'dsv' for command environment
[0.193s] INFO:colcon.colcon_ros.task.ament_python.build:Building ROS package in '/home/anirudh/Nav2/src/nav2' with build type 'ament_python'
[0.193s] Level 1:colcon.colcon_core.shell:create_environment_hook('nav2', 'ament_prefix_path')
[0.193s] INFO:colcon.colcon_core.shell:Creating environment hook '/home/anirudh/Nav2/install/nav2/share/nav2/hook/ament_prefix_path.ps1'
[0.193s] INFO:colcon.colcon_core.shell:Creating environment descriptor '/home/anirudh/Nav2/install/nav2/share/nav2/hook/ament_prefix_path.dsv'
[0.194s] INFO:colcon.colcon_core.shell:Creating environment hook '/home/anirudh/Nav2/install/nav2/share/nav2/hook/ament_prefix_path.sh'
[0.194s] INFO:colcon.colcon_core.shell:Skip shell extension 'powershell' for command environment: Not usable outside of PowerShell
[0.194s] DEBUG:colcon.colcon_core.shell:Skip shell extension 'dsv' for command environment
[0.196s] INFO:colcon.colcon_ros.task.ament_cmake.build:Building ROS package in '/home/anirudh/Nav2/src/rplidar_ros' with build type 'ament_cmake'
[0.196s] INFO:colcon.colcon_cmake.task.cmake.build:Building CMake package in '/home/anirudh/Nav2/src/rplidar_ros'
[0.196s] INFO:colcon.colcon_core.shell:Skip shell extension 'powershell' for command environment: Not usable outside of PowerShell
[0.196s] DEBUG:colcon.colcon_core.shell:Skip shell extension 'dsv' for command environment
[0.201s] DEBUG:colcon.colcon_core.event_handler.log_command:Invoking command in '/home/anirudh/Nav2/build/explore_lite_msgs': CMAKE_PREFIX_PATH=${CMAKE_PREFIX_PATH}:/opt/ros/jazzy DEBUGINFOD_URLS=https://debuginfod.ubuntu.com /usr/bin/cmake /home/anirudh/Nav2/src/m-explore-ros2/explore_lite_msgs -DCMAKE_INSTALL_PREFIX=/home/anirudh/Nav2/install/explore_lite_msgs
[0.203s] DEBUG:colcon.colcon_core.event_handler.log_command:Invoking command in '/home/anirudh/Nav2/build/multirobot_map_merge': CMAKE_PREFIX_PATH=${CMAKE_PREFIX_PATH}:/opt/ros/jazzy DEBUGINFOD_URLS=https://debuginfod.ubuntu.com /usr/bin/cmake /home/anirudh/Nav2/src/m-explore-ros2/map_merge -DCMAKE_INSTALL_PREFIX=/home/anirudh/Nav2/install/multirobot_map_merge
[0.352s] INFO:colcon.colcon_core.task.python.build:Building Python package in '/home/anirudh/Nav2/src/nav2'
[0.352s] INFO:colcon.colcon_core.shell:Skip shell extension 'powershell' for command environment: Not usable outside of PowerShell
[0.352s] DEBUG:colcon.colcon_core.shell:Skip shell extension 'dsv' for command environment
[0.359s] DEBUG:colcon.colcon_core.event_handler.log_command:Invoking command in '/home/anirudh/Nav2/build/rplidar_ros': CMAKE_PREFIX_PATH=${CMAKE_PREFIX_PATH}:/opt/ros/jazzy DEBUGINFOD_URLS=https://debuginfod.ubuntu.com /usr/bin/cmake /home/anirudh/Nav2/src/rplidar_ros -DCMAKE_INSTALL_PREFIX=/home/anirudh/Nav2/install/rplidar_ros
[0.753s] DEBUG:colcon.colcon_core.event_handler.log_command:Invoking command in '/home/anirudh/Nav2/src/nav2': DEBUGINFOD_URLS=https://debuginfod.ubuntu.com PYTHONPATH=/home/anirudh/Nav2/build/nav2/prefix_override:/usr/lib/python3/dist-packages/colcon_core/task/python/colcon_distutils_commands:/home/anirudh/Nav2/install/nav2/lib/python3.12/site-packages:${PYTHONPATH} /usr/bin/python3 -W ignore:setup.py install is deprecated -W ignore:easy_install command is deprecated setup.py egg_info --egg-base ../../build/nav2 build --build-base /home/anirudh/Nav2/build/nav2/build install --record /home/anirudh/Nav2/build/nav2/install.log --single-version-externally-managed install_data
[1.126s] DEBUG:colcon.colcon_core.event_handler.log_command:Invoked command in '/home/anirudh/Nav2/src/nav2' returned '0': DEBUGINFOD_URLS=https://debuginfod.ubuntu.com PYTHONPATH=/home/anirudh/Nav2/build/nav2/prefix_override:/usr/lib/python3/dist-packages/colcon_core/task/python/colcon_distutils_commands:/home/anirudh/Nav2/install/nav2/lib/python3.12/site-packages:${PYTHONPATH} /usr/bin/python3 -W ignore:setup.py install is deprecated -W ignore:easy_install command is deprecated setup.py egg_info --egg-base ../../build/nav2 build --build-base /home/anirudh/Nav2/build/nav2/build install --record /home/anirudh/Nav2/build/nav2/install.log --single-version-externally-managed install_data
[1.128s] Level 1:colcon.colcon_core.environment:checking '/home/anirudh/Nav2/install/nav2' for CMake module files
[1.129s] Level 1:colcon.colcon_core.environment:checking '/home/anirudh/Nav2/install/nav2' for CMake config files
[1.129s] Level 1:colcon.colcon_core.environment:checking '/home/anirudh/Nav2/install/nav2/lib'
[1.130s] Level 1:colcon.colcon_core.environment:checking '/home/anirudh/Nav2/install/nav2/bin'
[1.130s] Level 1:colcon.colcon_core.environment:checking '/home/anirudh/Nav2/install/nav2/lib/pkgconfig/nav2.pc'
[1.130s] Level 1:colcon.colcon_core.environment:checking '/home/anirudh/Nav2/install/nav2/lib/python3.12/site-packages'
[1.130s] Level 1:colcon.colcon_core.shell:create_environment_hook('nav2', 'pythonpath')
[1.130s] INFO:colcon.colcon_core.shell:Creating environment hook '/home/anirudh/Nav2/install/nav2/share/nav2/hook/pythonpath.ps1'
[1.131s] INFO:colcon.colcon_core.shell:Creating environment descriptor '/home/anirudh/Nav2/install/nav2/share/nav2/hook/pythonpath.dsv'
[1.131s] INFO:colcon.colcon_core.shell:Creating environment hook '/home/anirudh/Nav2/install/nav2/share/nav2/hook/pythonpath.sh'
[1.132s] Level 1:colcon.colcon_core.environment:checking '/home/anirudh/Nav2/install/nav2/bin'
[1.132s] Level 1:colcon.colcon_core.environment:create_environment_scripts_only(nav2)
[1.132s] INFO:colcon.colcon_core.shell:Creating package script '/home/anirudh/Nav2/install/nav2/share/nav2/package.ps1'
[1.133s] INFO:colcon.colcon_core.shell:Creating package descriptor '/home/anirudh/Nav2/install/nav2/share/nav2/package.dsv'
[1.133s] INFO:colcon.colcon_core.shell:Creating package script '/home/anirudh/Nav2/install/nav2/share/nav2/package.sh'
[1.134s] INFO:colcon.colcon_core.shell:Creating package script '/home/anirudh/Nav2/install/nav2/share/nav2/package.bash'
[1.134s] INFO:colcon.colcon_core.shell:Creating package script '/home/anirudh/Nav2/install/nav2/share/nav2/package.zsh'
[1.134s] Level 1:colcon.colcon_core.environment:create_file_with_runtime_dependencies(/home/anirudh/Nav2/install/nav2/share/colcon-core/packages/nav2)
[1.396s] DEBUG:colcon.colcon_core.event_handler.log_command:Invoked command in '/home/anirudh/Nav2/build/rplidar_ros' returned '0': CMAKE_PREFIX_PATH=${CMAKE_PREFIX_PATH}:/opt/ros/jazzy DEBUGINFOD_URLS=https://debuginfod.ubuntu.com /usr/bin/cmake /home/anirudh/Nav2/src/rplidar_ros -DCMAKE_INSTALL_PREFIX=/home/anirudh/Nav2/install/rplidar_ros
[1.397s] DEBUG:colcon.colcon_core.event_handler.log_command:Invoking command in '/home/anirudh/Nav2/build/rplidar_ros': CMAKE_PREFIX_PATH=${CMAKE_PREFIX_PATH}:/opt/ros/jazzy DEBUGINFOD_URLS=https://debuginfod.ubuntu.com /usr/bin/cmake --build /home/anirudh/Nav2/build/rplidar_ros -- -j20 -l20
[3.157s] DEBUG:colcon.colcon_core.event_handler.log_command:Invoked command in '/home/anirudh/Nav2/build/explore_lite_msgs' returned '0': CMAKE_PREFIX_PATH=${CMAKE_PREFIX_PATH}:/opt/ros/jazzy DEBUGINFOD_URLS=https://debuginfod.ubuntu.com /usr/bin/cmake /home/anirudh/Nav2/src/m-explore-ros2/explore_lite_msgs -DCMAKE_INSTALL_PREFIX=/home/anirudh/Nav2/install/explore_lite_msgs
[3.158s] DEBUG:colcon.colcon_core.event_handler.log_command:Invoking command in '/home/anirudh/Nav2/build/explore_lite_msgs': CMAKE_PREFIX_PATH=${CMAKE_PREFIX_PATH}:/opt/ros/jazzy DEBUGINFOD_URLS=https://debuginfod.ubuntu.com /usr/bin/cmake --build /home/anirudh/Nav2/build/explore_lite_msgs -- -j20 -l20
[4.928s] DEBUG:colcon.colcon_core.event_handler.log_command:Invoked command in '/home/anirudh/Nav2/build/explore_lite_msgs' returned '0': CMAKE_PREFIX_PATH=${CMAKE_PREFIX_PATH}:/opt/ros/jazzy DEBUGINFOD_URLS=https://debuginfod.ubuntu.com /usr/bin/cmake --build /home/anirudh/Nav2/build/explore_lite_msgs -- -j20 -l20
[4.939s] DEBUG:colcon.colcon_core.event_handler.log_command:Invoking command in '/home/anirudh/Nav2/build/explore_lite_msgs': CMAKE_PREFIX_PATH=${CMAKE_PREFIX_PATH}:/opt/ros/jazzy DEBUGINFOD_URLS=https://debuginfod.ubuntu.com /usr/bin/cmake --install /home/anirudh/Nav2/build/explore_lite_msgs
[4.990s] Level 1:colcon.colcon_core.environment:create_environment_scripts_only(explore_lite_msgs)
[4.990s] Level 1:colcon.colcon_core.environment:checking '/home/anirudh/Nav2/install/explore_lite_msgs' for CMake module files
[4.991s] DEBUG:colcon.colcon_core.event_handler.log_command:Invoked command in '/home/anirudh/Nav2/build/explore_lite_msgs' returned '0': CMAKE_PREFIX_PATH=${CMAKE_PREFIX_PATH}:/opt/ros/jazzy DEBUGINFOD_URLS=https://debuginfod.ubuntu.com /usr/bin/cmake --install /home/anirudh/Nav2/build/explore_lite_msgs
[4.991s] Level 1:colcon.colcon_core.environment:checking '/home/anirudh/Nav2/install/explore_lite_msgs' for CMake config files
[4.992s] Level 1:colcon.colcon_core.shell:create_environment_hook('explore_lite_msgs', 'cmake_prefix_path')
[4.992s] INFO:colcon.colcon_core.shell:Creating environment hook '/home/anirudh/Nav2/install/explore_lite_msgs/share/explore_lite_msgs/hook/cmake_prefix_path.ps1'
[4.992s] INFO:colcon.colcon_core.shell:Creating environment descriptor '/home/anirudh/Nav2/install/explore_lite_msgs/share/explore_lite_msgs/hook/cmake_prefix_path.dsv'
[4.993s] INFO:colcon.colcon_core.shell:Creating environment hook '/home/anirudh/Nav2/install/explore_lite_msgs/share/explore_lite_msgs/hook/cmake_prefix_path.sh'
[4.993s] Level 1:colcon.colcon_core.environment:checking '/home/anirudh/Nav2/install/explore_lite_msgs/lib'
[4.993s] Level 1:colcon.colcon_core.shell:create_environment_hook('explore_lite_msgs', 'ld_library_path_lib')
[4.993s] INFO:colcon.colcon_core.shell:Creating environment hook '/home/anirudh/Nav2/install/explore_lite_msgs/share/explore_lite_msgs/hook/ld_library_path_lib.ps1'
[4.994s] INFO:colcon.colcon_core.shell:Creating environment descriptor '/home/anirudh/Nav2/install/explore_lite_msgs/share/explore_lite_msgs/hook/ld_library_path_lib.dsv'
[4.994s] INFO:colcon.colcon_core.shell:Creating environment hook '/home/anirudh/Nav2/install/explore_lite_msgs/share/explore_lite_msgs/hook/ld_library_path_lib.sh'
[4.994s] Level 1:colcon.colcon_core.environment:checking '/home/anirudh/Nav2/install/explore_lite_msgs/bin'
[4.994s] Level 1:colcon.colcon_core.environment:checking '/home/anirudh/Nav2/install/explore_lite_msgs/lib/pkgconfig/explore_lite_msgs.pc'
[4.995s] Level 1:colcon.colcon_core.environment:checking '/home/anirudh/Nav2/install/explore_lite_msgs/lib/python3.12/site-packages'
[4.995s] Level 1:colcon.colcon_core.shell:create_environment_hook('explore_lite_msgs', 'pythonpath')
[4.995s] INFO:colcon.colcon_core.shell:Creating environment hook '/home/anirudh/Nav2/install/explore_lite_msgs/share/explore_lite_msgs/hook/pythonpath.ps1'
[4.995s] INFO:colcon.colcon_core.shell:Creating environment descriptor '/home/anirudh/Nav2/install/explore_lite_msgs/share/explore_lite_msgs/hook/pythonpath.dsv'
[4.996s] INFO:colcon.colcon_core.shell:Creating environment hook '/home/anirudh/Nav2/install/explore_lite_msgs/share/explore_lite_msgs/hook/pythonpath.sh'
[4.996s] Level 1:colcon.colcon_core.environment:checking '/home/anirudh/Nav2/install/explore_lite_msgs/bin'
[4.997s] INFO:colcon.colcon_core.shell:Creating package script '/home/anirudh/Nav2/install/explore_lite_msgs/share/explore_lite_msgs/package.ps1'
[4.997s] INFO:colcon.colcon_core.shell:Creating package descriptor '/home/anirudh/Nav2/install/explore_lite_msgs/share/explore_lite_msgs/package.dsv'
[4.998s] INFO:colcon.colcon_core.shell:Creating package script '/home/anirudh/Nav2/install/explore_lite_msgs/share/explore_lite_msgs/package.sh'
[4.998s] INFO:colcon.colcon_core.shell:Creating package script '/home/anirudh/Nav2/install/explore_lite_msgs/share/explore_lite_msgs/package.bash'
[4.998s] INFO:colcon.colcon_core.shell:Creating package script '/home/anirudh/Nav2/install/explore_lite_msgs/share/explore_lite_msgs/package.zsh'
[4.999s] Level 1:colcon.colcon_core.environment:create_file_with_runtime_dependencies(/home/anirudh/Nav2/install/explore_lite_msgs/share/colcon-core/packages/explore_lite_msgs)
[4.999s] Level 1:colcon.colcon_core.environment:create_environment_scripts_only(explore_lite_msgs)
[4.999s] Level 1:colcon.colcon_core.environment:checking '/home/anirudh/Nav2/install/explore_lite_msgs' for CMake module files
[5.001s] Level 1:colcon.colcon_core.environment:checking '/home/anirudh/Nav2/install/explore_lite_msgs' for CMake config files
[5.001s] Level 1:colcon.colcon_core.shell:create_environment_hook('explore_lite_msgs', 'cmake_prefix_path')
[5.001s] INFO:colcon.colcon_core.shell:Creating environment hook '/home/anirudh/Nav2/install/explore_lite_msgs/share/explore_lite_msgs/hook/cmake_prefix_path.ps1'
[5.002s] INFO:colcon.colcon_core.shell:Creating environment descriptor '/home/anirudh/Nav2/install/explore_lite_msgs/share/explore_lite_msgs/hook/cmake_prefix_path.dsv'
[5.002s] INFO:colcon.colcon_core.shell:Creating environment hook '/home/anirudh/Nav2/install/explore_lite_msgs/share/explore_lite_msgs/hook/cmake_prefix_path.sh'
[5.002s] Level 1:colcon.colcon_core.environment:checking '/home/anirudh/Nav2/install/explore_lite_msgs/lib'
[5.002s] Level 1:colcon.colcon_core.shell:create_environment_hook('explore_lite_msgs', 'ld_library_path_lib')
[5.003s] INFO:colcon.colcon_core.shell:Creating environment hook '/home/anirudh/Nav2/install/explore_lite_msgs/share/explore_lite_msgs/hook/ld_library_path_lib.ps1'
[5.003s] INFO:colcon.colcon_core.shell:Creating environment descriptor '/home/anirudh/Nav2/install/explore_lite_msgs/share/explore_lite_msgs/hook/ld_library_path_lib.dsv'
[5.003s] INFO:colcon.colcon_core.shell:Creating environment hook '/home/anirudh/Nav2/install/explore_lite_msgs/share/explore_lite_msgs/hook/ld_library_path_lib.sh'
[5.004s] Level 1:colcon.colcon_core.environment:checking '/home/anirudh/Nav2/install/explore_lite_msgs/bin'
[5.004s] Level 1:colcon.colcon_core.environment:checking '/home/anirudh/Nav2/install/explore_lite_msgs/lib/pkgconfig/explore_lite_msgs.pc'
[5.004s] Level 1:colcon.colcon_core.environment:checking '/home/anirudh/Nav2/install/explore_lite_msgs/lib/python3.12/site-packages'
[5.004s] Level 1:colcon.colcon_core.shell:create_environment_hook('explore_lite_msgs', 'pythonpath')
[5.004s] INFO:colcon.colcon_core.shell:Creating environment hook '/home/anirudh/Nav2/install/explore_lite_msgs/share/explore_lite_msgs/hook/pythonpath.ps1'
[5.004s] INFO:colcon.colcon_core.shell:Creating environment descriptor '/home/anirudh/Nav2/install/explore_lite_msgs/share/explore_lite_msgs/hook/pythonpath.dsv'
[5.005s] INFO:colcon.colcon_core.shell:Creating environment hook '/home/anirudh/Nav2/install/explore_lite_msgs/share/explore_lite_msgs/hook/pythonpath.sh'
[5.005s] Level 1:colcon.colcon_core.environment:checking '/home/anirudh/Nav2/install/explore_lite_msgs/bin'
[5.006s] INFO:colcon.colcon_core.shell:Creating package script '/home/anirudh/Nav2/install/explore_lite_msgs/share/explore_lite_msgs/package.ps1'
[5.006s] INFO:colcon.colcon_core.shell:Creating package descriptor '/home/anirudh/Nav2/install/explore_lite_msgs/share/explore_lite_msgs/package.dsv'
[5.007s] INFO:colcon.colcon_core.shell:Creating package script '/home/anirudh/Nav2/install/explore_lite_msgs/share/explore_lite_msgs/package.sh'
[5.007s] INFO:colcon.colcon_core.shell:Creating package script '/home/anirudh/Nav2/install/explore_lite_msgs/share/explore_lite_msgs/package.bash'
[5.008s] INFO:colcon.colcon_core.shell:Creating package script '/home/anirudh/Nav2/install/explore_lite_msgs/share/explore_lite_msgs/package.zsh'
[5.008s] Level 1:colcon.colcon_core.environment:create_file_with_runtime_dependencies(/home/anirudh/Nav2/install/explore_lite_msgs/share/colcon-core/packages/explore_lite_msgs)
[5.008s] INFO:colcon.colcon_ros.task.ament_cmake.build:Building ROS package in '/home/anirudh/Nav2/src/m-explore-ros2/explore' with build type 'ament_cmake'
[5.008s] INFO:colcon.colcon_cmake.task.cmake.build:Building CMake package in '/home/anirudh/Nav2/src/m-explore-ros2/explore'
[5.008s] INFO:colcon.colcon_core.shell:Skip shell extension 'powershell' for command environment: Not usable outside of PowerShell
[5.008s] DEBUG:colcon.colcon_core.shell:Skip shell extension 'dsv' for command environment
[5.017s] DEBUG:colcon.colcon_core.event_handler.log_command:Invoking command in '/home/anirudh/Nav2/build/explore_lite': AMENT_PREFIX_PATH=/home/anirudh/Nav2/install/explore_lite_msgs:${AMENT_PREFIX_PATH} CMAKE_PREFIX_PATH=/home/anirudh/Nav2/install/explore_lite_msgs:/opt/ros/jazzy/opt/gz_sim_vendor:/opt/ros/jazzy/opt/gz_sensors_vendor:/opt/ros/jazzy/opt/gz_physics_vendor:/opt/ros/jazzy/opt/sdformat_vendor:/opt/ros/jazzy/opt/gz_gui_vendor:/opt/ros/jazzy/opt/gz_transport_vendor:/opt/ros/jazzy/opt/gz_rendering_vendor:/opt/ros/jazzy/opt/gz_plugin_vendor:/opt/ros/jazzy/opt/gz_fuel_tools_vendor:/opt/ros/jazzy/opt/gz_msgs_vendor:/opt/ros/jazzy/opt/gz_common_vendor:/opt/ros/jazzy/opt/gz_math_vendor:/opt/ros/jazzy/opt/gz_utils_vendor:/opt/ros/jazzy/opt/gz_tools_vendor:/opt/ros/jazzy/opt/gz_ogre_next_vendor:/opt/ros/jazzy/opt/gz_dartsim_vendor:/opt/ros/jazzy/opt/gz_cmake_vendor:/opt/ros/jazzy DEBUGINFOD_URLS=https://debuginfod.ubuntu.com LD_LIBRARY_PATH=/home/anirudh/Nav2/install/explore_lite_msgs/lib:${LD_LIBRARY_PATH} PYTHONPATH=/home/anirudh/Nav2/install/explore_lite_msgs/lib/python3.12/site-packages:${PYTHONPATH} /usr/bin/cmake /home/anirudh/Nav2/src/m-explore-ros2/explore -DCMAKE_INSTALL_PREFIX=/home/anirudh/Nav2/install/explore_lite
[6.592s] DEBUG:colcon.colcon_core.event_handler.log_command:Invoked command in '/home/anirudh/Nav2/build/explore_lite' returned '0': AMENT_PREFIX_PATH=/home/anirudh/Nav2/install/explore_lite_msgs:${AMENT_PREFIX_PATH} CMAKE_PREFIX_PATH=/home/anirudh/Nav2/install/explore_lite_msgs:/opt/ros/jazzy/opt/gz_sim_vendor:/opt/ros/jazzy/opt/gz_sensors_vendor:/opt/ros/jazzy/opt/gz_physics_vendor:/opt/ros/jazzy/opt/sdformat_vendor:/opt/ros/jazzy/opt/gz_gui_vendor:/opt/ros/jazzy/opt/gz_transport_vendor:/opt/ros/jazzy/opt/gz_rendering_vendor:/opt/ros/jazzy/opt/gz_plugin_vendor:/opt/ros/jazzy/opt/gz_fuel_tools_vendor:/opt/ros/jazzy/opt/gz_msgs_vendor:/opt/ros/jazzy/opt/gz_common_vendor:/opt/ros/jazzy/opt/gz_math_vendor:/opt/ros/jazzy/opt/gz_utils_vendor:/opt/ros/jazzy/opt/gz_tools_vendor:/opt/ros/jazzy/opt/gz_ogre_next_vendor:/opt/ros/jazzy/opt/gz_dartsim_vendor:/opt/ros/jazzy/opt/gz_cmake_vendor:/opt/ros/jazzy DEBUGINFOD_URLS=https://debuginfod.ubuntu.com LD_LIBRARY_PATH=/home/anirudh/Nav2/install/explore_lite_msgs/lib:${LD_LIBRARY_PATH} PYTHONPATH=/home/anirudh/Nav2/install/explore_lite_msgs/lib/python3.12/site-packages:${PYTHONPATH} /usr/bin/cmake /home/anirudh/Nav2/src/m-explore-ros2/explore -DCMAKE_INSTALL_PREFIX=/home/anirudh/Nav2/install/explore_lite
[6.593s] DEBUG:colcon.colcon_core.event_handler.log_command:Invoking command in '/home/anirudh/Nav2/build/explore_lite': AMENT_PREFIX_PATH=/home/anirudh/Nav2/install/explore_lite_msgs:${AMENT_PREFIX_PATH} CMAKE_PREFIX_PATH=/home/anirudh/Nav2/install/explore_lite_msgs:/opt/ros/jazzy/opt/gz_sim_vendor:/opt/ros/jazzy/opt/gz_sensors_vendor:/opt/ros/jazzy/opt/gz_physics_vendor:/opt/ros/jazzy/opt/sdformat_vendor:/opt/ros/jazzy/opt/gz_gui_vendor:/opt/ros/jazzy/opt/gz_transport_vendor:/opt/ros/jazzy/opt/gz_rendering_vendor:/opt/ros/jazzy/opt/gz_plugin_vendor:/opt/ros/jazzy/opt/gz_fuel_tools_vendor:/opt/ros/jazzy/opt/gz_msgs_vendor:/opt/ros/jazzy/opt/gz_common_vendor:/opt/ros/jazzy/opt/gz_math_vendor:/opt/ros/jazzy/opt/gz_utils_vendor:/opt/ros/jazzy/opt/gz_tools_vendor:/opt/ros/jazzy/opt/gz_ogre_next_vendor:/opt/ros/jazzy/opt/gz_dartsim_vendor:/opt/ros/jazzy/opt/gz_cmake_vendor:/opt/ros/jazzy DEBUGINFOD_URLS=https://debuginfod.ubuntu.com LD_LIBRARY_PATH=/home/anirudh/Nav2/install/explore_lite_msgs/lib:${LD_LIBRARY_PATH} PYTHONPATH=/home/anirudh/Nav2/install/explore_lite_msgs/lib/python3.12/site-packages:${PYTHONPATH} /usr/bin/cmake --build /home/anirudh/Nav2/build/explore_lite -- -j20 -l20
[7.321s] DEBUG:colcon.colcon_core.event_handler.log_command:Invoked command in '/home/anirudh/Nav2/build/rplidar_ros' returned '0': CMAKE_PREFIX_PATH=${CMAKE_PREFIX_PATH}:/opt/ros/jazzy DEBUGINFOD_URLS=https://debuginfod.ubuntu.com /usr/bin/cmake --build /home/anirudh/Nav2/build/rplidar_ros -- -j20 -l20
[7.323s] DEBUG:colcon.colcon_core.event_handler.log_command:Invoking command in '/home/anirudh/Nav2/build/rplidar_ros': CMAKE_PREFIX_PATH=${CMAKE_PREFIX_PATH}:/opt/ros/jazzy DEBUGINFOD_URLS=https://debuginfod.ubuntu.com /usr/bin/cmake --install /home/anirudh/Nav2/build/rplidar_ros
[7.340s] Level 1:colcon.colcon_core.environment:create_environment_scripts_only(rplidar_ros)
[7.340s] Level 1:colcon.colcon_core.environment:checking '/home/anirudh/Nav2/install/rplidar_ros' for CMake module files
[7.341s] DEBUG:colcon.colcon_core.event_handler.log_command:Invoked command in '/home/anirudh/Nav2/build/rplidar_ros' returned '0': CMAKE_PREFIX_PATH=${CMAKE_PREFIX_PATH}:/opt/ros/jazzy DEBUGINFOD_URLS=https://debuginfod.ubuntu.com /usr/bin/cmake --install /home/anirudh/Nav2/build/rplidar_ros
[7.341s] Level 1:colcon.colcon_core.environment:checking '/home/anirudh/Nav2/install/rplidar_ros' for CMake config files
[7.341s] Level 1:colcon.colcon_core.shell:create_environment_hook('rplidar_ros', 'cmake_prefix_path')
[7.341s] INFO:colcon.colcon_core.shell:Creating environment hook '/home/anirudh/Nav2/install/rplidar_ros/share/rplidar_ros/hook/cmake_prefix_path.ps1'
[7.341s] INFO:colcon.colcon_core.shell:Creating environment descriptor '/home/anirudh/Nav2/install/rplidar_ros/share/rplidar_ros/hook/cmake_prefix_path.dsv'
[7.342s] INFO:colcon.colcon_core.shell:Creating environment hook '/home/anirudh/Nav2/install/rplidar_ros/share/rplidar_ros/hook/cmake_prefix_path.sh'
[7.342s] Level 1:colcon.colcon_core.environment:checking '/home/anirudh/Nav2/install/rplidar_ros/lib'
[7.342s] Level 1:colcon.colcon_core.environment:checking '/home/anirudh/Nav2/install/rplidar_ros/bin'
[7.342s] Level 1:colcon.colcon_core.environment:checking '/home/anirudh/Nav2/install/rplidar_ros/lib/pkgconfig/rplidar_ros.pc'
[7.342s] Level 1:colcon.colcon_core.environment:checking '/home/anirudh/Nav2/install/rplidar_ros/lib/python3.12/site-packages'
[7.342s] Level 1:colcon.colcon_core.environment:checking '/home/anirudh/Nav2/install/rplidar_ros/bin'
[7.343s] INFO:colcon.colcon_core.shell:Creating package script '/home/anirudh/Nav2/install/rplidar_ros/share/rplidar_ros/package.ps1'
[7.343s] INFO:colcon.colcon_core.shell:Creating package descriptor '/home/anirudh/Nav2/install/rplidar_ros/share/rplidar_ros/package.dsv'
[7.343s] INFO:colcon.colcon_core.shell:Creating package script '/home/anirudh/Nav2/install/rplidar_ros/share/rplidar_ros/package.sh'
[7.343s] INFO:colcon.colcon_core.shell:Creating package script '/home/anirudh/Nav2/install/rplidar_ros/share/rplidar_ros/package.bash'
[7.344s] INFO:colcon.colcon_core.shell:Creating package script '/home/anirudh/Nav2/install/rplidar_ros/share/rplidar_ros/package.zsh'
[7.344s] Level 1:colcon.colcon_core.environment:create_file_with_runtime_dependencies(/home/anirudh/Nav2/install/rplidar_ros/share/colcon-core/packages/rplidar_ros)
[7.344s] Level 1:colcon.colcon_core.environment:create_environment_scripts_only(rplidar_ros)
[7.344s] Level 1:colcon.colcon_core.environment:checking '/home/anirudh/Nav2/install/rplidar_ros' for CMake module files
[7.344s] Level 1:colcon.colcon_core.environment:checking '/home/anirudh/Nav2/install/rplidar_ros' for CMake config files
[7.345s] Level 1:colcon.colcon_core.shell:create_environment_hook('rplidar_ros', 'cmake_prefix_path')
[7.345s] INFO:colcon.colcon_core.shell:Creating environment hook '/home/anirudh/Nav2/install/rplidar_ros/share/rplidar_ros/hook/cmake_prefix_path.ps1'
[7.345s] INFO:colcon.colcon_core.shell:Creating environment descriptor '/home/anirudh/Nav2/install/rplidar_ros/share/rplidar_ros/hook/cmake_prefix_path.dsv'
[7.345s] INFO:colcon.colcon_core.shell:Creating environment hook '/home/anirudh/Nav2/install/rplidar_ros/share/rplidar_ros/hook/cmake_prefix_path.sh'
[7.345s] Level 1:colcon.colcon_core.environment:checking '/home/anirudh/Nav2/install/rplidar_ros/lib'
[7.345s] Level 1:colcon.colcon_core.environment:checking '/home/anirudh/Nav2/install/rplidar_ros/bin'
[7.345s] Level 1:colcon.colcon_core.environment:checking '/home/anirudh/Nav2/install/rplidar_ros/lib/pkgconfig/rplidar_ros.pc'
[7.346s] Level 1:colcon.colcon_core.environment:checking '/home/anirudh/Nav2/install/rplidar_ros/lib/python3.12/site-packages'
[7.346s] Level 1:colcon.colcon_core.environment:checking '/home/anirudh/Nav2/install/rplidar_ros/bin'
[7.346s] INFO:colcon.colcon_core.shell:Creating package script '/home/anirudh/Nav2/install/rplidar_ros/share/rplidar_ros/package.ps1'
[7.346s] INFO:colcon.colcon_core.shell:Creating package descriptor '/home/anirudh/Nav2/install/rplidar_ros/share/rplidar_ros/package.dsv'
[7.347s] INFO:colcon.colcon_core.shell:Creating package script '/home/anirudh/Nav2/install/rplidar_ros/share/rplidar_ros/package.sh'
[7.347s] INFO:colcon.colcon_core.shell:Creating package script '/home/anirudh/Nav2/install/rplidar_ros/share/rplidar_ros/package.bash'
[7.347s] INFO:colcon.colcon_core.shell:Creating package script '/home/anirudh/Nav2/install/rplidar_ros/share/rplidar_ros/package.zsh'
[7.347s] Level 1:colcon.colcon_core.environment:create_file_with_runtime_dependencies(/home/anirudh/Nav2/install/rplidar_ros/share/colcon-core/packages/rplidar_ros)
[8.792s] DEBUG:colcon.colcon_core.event_handler.log_command:Invoked command in '/home/anirudh/Nav2/build/multirobot_map_merge' returned '0': CMAKE_PREFIX_PATH=${CMAKE_PREFIX_PATH}:/opt/ros/jazzy DEBUGINFOD_URLS=https://debuginfod.ubuntu.com /usr/bin/cmake /home/anirudh/Nav2/src/m-explore-ros2/map_merge -DCMAKE_INSTALL_PREFIX=/home/anirudh/Nav2/install/multirobot_map_merge
[8.792s] DEBUG:colcon.colcon_core.event_handler.log_command:Invoking command in '/home/anirudh/Nav2/build/multirobot_map_merge': CMAKE_PREFIX_PATH=${CMAKE_PREFIX_PATH}:/opt/ros/jazzy DEBUGINFOD_URLS=https://debuginfod.ubuntu.com /usr/bin/cmake --build /home/anirudh/Nav2/build/multirobot_map_merge -- -j20 -l20
[16.839s] DEBUG:colcon.colcon_core.event_handler.log_command:Invoked command in '/home/anirudh/Nav2/build/explore_lite' returned '0': AMENT_PREFIX_PATH=/home/anirudh/Nav2/install/explore_lite_msgs:${AMENT_PREFIX_PATH} CMAKE_PREFIX_PATH=/home/anirudh/Nav2/install/explore_lite_msgs:/opt/ros/jazzy/opt/gz_sim_vendor:/opt/ros/jazzy/opt/gz_sensors_vendor:/opt/ros/jazzy/opt/gz_physics_vendor:/opt/ros/jazzy/opt/sdformat_vendor:/opt/ros/jazzy/opt/gz_gui_vendor:/opt/ros/jazzy/opt/gz_transport_vendor:/opt/ros/jazzy/opt/gz_rendering_vendor:/opt/ros/jazzy/opt/gz_plugin_vendor:/opt/ros/jazzy/opt/gz_fuel_tools_vendor:/opt/ros/jazzy/opt/gz_msgs_vendor:/opt/ros/jazzy/opt/gz_common_vendor:/opt/ros/jazzy/opt/gz_math_vendor:/opt/ros/jazzy/opt/gz_utils_vendor:/opt/ros/jazzy/opt/gz_tools_vendor:/opt/ros/jazzy/opt/gz_ogre_next_vendor:/opt/ros/jazzy/opt/gz_dartsim_vendor:/opt/ros/jazzy/opt/gz_cmake_vendor:/opt/ros/jazzy DEBUGINFOD_URLS=https://debuginfod.ubuntu.com LD_LIBRARY_PATH=/home/anirudh/Nav2/install/explore_lite_msgs/lib:${LD_LIBRARY_PATH} PYTHONPATH=/home/anirudh/Nav2/install/explore_lite_msgs/lib/python3.12/site-packages:${PYTHONPATH} /usr/bin/cmake --build /home/anirudh/Nav2/build/explore_lite -- -j20 -l20
[16.840s] DEBUG:colcon.colcon_core.event_handler.log_command:Invoking command in '/home/anirudh/Nav2/build/explore_lite': AMENT_PREFIX_PATH=/home/anirudh/Nav2/install/explore_lite_msgs:${AMENT_PREFIX_PATH} CMAKE_PREFIX_PATH=/home/anirudh/Nav2/install/explore_lite_msgs:/opt/ros/jazzy/opt/gz_sim_vendor:/opt/ros/jazzy/opt/gz_sensors_vendor:/opt/ros/jazzy/opt/gz_physics_vendor:/opt/ros/jazzy/opt/sdformat_vendor:/opt/ros/jazzy/opt/gz_gui_vendor:/opt/ros/jazzy/opt/gz_transport_vendor:/opt/ros/jazzy/opt/gz_rendering_vendor:/opt/ros/jazzy/opt/gz_plugin_vendor:/opt/ros/jazzy/opt/gz_fuel_tools_vendor:/opt/ros/jazzy/opt/gz_msgs_vendor:/opt/ros/jazzy/opt/gz_common_vendor:/opt/ros/jazzy/opt/gz_math_vendor:/opt/ros/jazzy/opt/gz_utils_vendor:/opt/ros/jazzy/opt/gz_tools_vendor:/opt/ros/jazzy/opt/gz_ogre_next_vendor:/opt/ros/jazzy/opt/gz_dartsim_vendor:/opt/ros/jazzy/opt/gz_cmake_vendor:/opt/ros/jazzy DEBUGINFOD_URLS=https://debuginfod.ubuntu.com LD_LIBRARY_PATH=/home/anirudh/Nav2/install/explore_lite_msgs/lib:${LD_LIBRARY_PATH} PYTHONPATH=/home/anirudh/Nav2/install/explore_lite_msgs/lib/python3.12/site-packages:${PYTHONPATH} /usr/bin/cmake --install /home/anirudh/Nav2/build/explore_lite
[16.858s] Level 1:colcon.colcon_core.environment:create_environment_scripts_only(explore_lite)
[16.858s] Level 1:colcon.colcon_core.environment:checking '/home/anirudh/Nav2/install/explore_lite' for CMake module files
[16.858s] DEBUG:colcon.colcon_core.event_handler.log_command:Invoked command in '/home/anirudh/Nav2/build/explore_lite' returned '0': AMENT_PREFIX_PATH=/home/anirudh/Nav2/install/explore_lite_msgs:${AMENT_PREFIX_PATH} CMAKE_PREFIX_PATH=/home/anirudh/Nav2/install/explore_lite_msgs:/opt/ros/jazzy/opt/gz_sim_vendor:/opt/ros/jazzy/opt/gz_sensors_vendor:/opt/ros/jazzy/opt/gz_physics_vendor:/opt/ros/jazzy/opt/sdformat_vendor:/opt/ros/jazzy/opt/gz_gui_vendor:/opt/ros/jazzy/opt/gz_transport_vendor:/opt/ros/jazzy/opt/gz_rendering_vendor:/opt/ros/jazzy/opt/gz_plugin_vendor:/opt/ros/jazzy/opt/gz_fuel_tools_vendor:/opt/ros/jazzy/opt/gz_msgs_vendor:/opt/ros/jazzy/opt/gz_common_vendor:/opt/ros/jazzy/opt/gz_math_vendor:/opt/ros/jazzy/opt/gz_utils_vendor:/opt/ros/jazzy/opt/gz_tools_vendor:/opt/ros/jazzy/opt/gz_ogre_next_vendor:/opt/ros/jazzy/opt/gz_dartsim_vendor:/opt/ros/jazzy/opt/gz_cmake_vendor:/opt/ros/jazzy DEBUGINFOD_URLS=https://debuginfod.ubuntu.com LD_LIBRARY_PATH=/home/anirudh/Nav2/install/explore_lite_msgs/lib:${LD_LIBRARY_PATH} PYTHONPATH=/home/anirudh/Nav2/install/explore_lite_msgs/lib/python3.12/site-packages:${PYTHONPATH} /usr/bin/cmake --install /home/anirudh/Nav2/build/explore_lite
[16.859s] Level 1:colcon.colcon_core.environment:checking '/home/anirudh/Nav2/install/explore_lite' for CMake config files
[16.859s] Level 1:colcon.colcon_core.shell:create_environment_hook('explore_lite', 'cmake_prefix_path')
[16.859s] INFO:colcon.colcon_core.shell:Creating environment hook '/home/anirudh/Nav2/install/explore_lite/share/explore_lite/hook/cmake_prefix_path.ps1'
[16.860s] INFO:colcon.colcon_core.shell:Creating environment descriptor '/home/anirudh/Nav2/install/explore_lite/share/explore_lite/hook/cmake_prefix_path.dsv'
[16.860s] INFO:colcon.colcon_core.shell:Creating environment hook '/home/anirudh/Nav2/install/explore_lite/share/explore_lite/hook/cmake_prefix_path.sh'
[16.861s] Level 1:colcon.colcon_core.environment:checking '/home/anirudh/Nav2/install/explore_lite/lib'
[16.861s] Level 1:colcon.colcon_core.environment:checking '/home/anirudh/Nav2/install/explore_lite/bin'
[16.861s] Level 1:colcon.colcon_core.environment:checking '/home/anirudh/Nav2/install/explore_lite/lib/pkgconfig/explore_lite.pc'
[16.861s] Level 1:colcon.colcon_core.environment:checking '/home/anirudh/Nav2/install/explore_lite/lib/python3.12/site-packages'
[16.861s] Level 1:colcon.colcon_core.environment:checking '/home/anirudh/Nav2/install/explore_lite/bin'
[16.861s] INFO:colcon.colcon_core.shell:Creating package script '/home/anirudh/Nav2/install/explore_lite/share/explore_lite/package.ps1'
[16.862s] INFO:colcon.colcon_core.shell:Creating package descriptor '/home/anirudh/Nav2/install/explore_lite/share/explore_lite/package.dsv'
[16.862s] INFO:colcon.colcon_core.shell:Creating package script '/home/anirudh/Nav2/install/explore_lite/share/explore_lite/package.sh'
[16.863s] INFO:colcon.colcon_core.shell:Creating package script '/home/anirudh/Nav2/install/explore_lite/share/explore_lite/package.bash'
[16.863s] INFO:colcon.colcon_core.shell:Creating package script '/home/anirudh/Nav2/install/explore_lite/share/explore_lite/package.zsh'
[16.863s] Level 1:colcon.colcon_core.environment:create_file_with_runtime_dependencies(/home/anirudh/Nav2/install/explore_lite/share/colcon-core/packages/explore_lite)
[16.864s] Level 1:colcon.colcon_core.environment:create_environment_scripts_only(explore_lite)
[16.864s] Level 1:colcon.colcon_core.environment:checking '/home/anirudh/Nav2/install/explore_lite' for CMake module files
[16.864s] Level 1:colcon.colcon_core.environment:checking '/home/anirudh/Nav2/install/explore_lite' for CMake config files
[16.865s] Level 1:colcon.colcon_core.shell:create_environment_hook('explore_lite', 'cmake_prefix_path')
[16.865s] INFO:colcon.colcon_core.shell:Creating environment hook '/home/anirudh/Nav2/install/explore_lite/share/explore_lite/hook/cmake_prefix_path.ps1'
[16.865s] INFO:colcon.colcon_core.shell:Creating environment descriptor '/home/anirudh/Nav2/install/explore_lite/share/explore_lite/hook/cmake_prefix_path.dsv'
[16.865s] INFO:colcon.colcon_core.shell:Creating environment hook '/home/anirudh/Nav2/install/explore_lite/share/explore_lite/hook/cmake_prefix_path.sh'
[16.866s] Level 1:colcon.colcon_core.environment:checking '/home/anirudh/Nav2/install/explore_lite/lib'
[16.866s] Level 1:colcon.colcon_core.environment:checking '/home/anirudh/Nav2/install/explore_lite/bin'
[16.866s] Level 1:colcon.colcon_core.environment:checking '/home/anirudh/Nav2/install/explore_lite/lib/pkgconfig/explore_lite.pc'
[16.866s] Level 1:colcon.colcon_core.environment:checking '/home/anirudh/Nav2/install/explore_lite/lib/python3.12/site-packages'
[16.867s] Level 1:colcon.colcon_core.environment:checking '/home/anirudh/Nav2/install/explore_lite/bin'
[16.867s] INFO:colcon.colcon_core.shell:Creating package script '/home/anirudh/Nav2/install/explore_lite/share/explore_lite/package.ps1'
[16.867s] INFO:colcon.colcon_core.shell:Creating package descriptor '/home/anirudh/Nav2/install/explore_lite/share/explore_lite/package.dsv'
[16.868s] INFO:colcon.colcon_core.shell:Creating package script '/home/anirudh/Nav2/install/explore_lite/share/explore_lite/package.sh'
[16.868s] INFO:colcon.colcon_core.shell:Creating package script '/home/anirudh/Nav2/install/explore_lite/share/explore_lite/package.bash'
[16.868s] INFO:colcon.colcon_core.shell:Creating package script '/home/anirudh/Nav2/install/explore_lite/share/explore_lite/package.zsh'
[16.869s] Level 1:colcon.colcon_core.environment:create_file_with_runtime_dependencies(/home/anirudh/Nav2/install/explore_lite/share/colcon-core/packages/explore_lite)
[20.783s] DEBUG:colcon.colcon_core.event_handler.log_command:Invoked command in '/home/anirudh/Nav2/build/multirobot_map_merge' returned '0': CMAKE_PREFIX_PATH=${CMAKE_PREFIX_PATH}:/opt/ros/jazzy DEBUGINFOD_URLS=https://debuginfod.ubuntu.com /usr/bin/cmake --build /home/anirudh/Nav2/build/multirobot_map_merge -- -j20 -l20
[20.784s] DEBUG:colcon.colcon_core.event_handler.log_command:Invoking command in '/home/anirudh/Nav2/build/multirobot_map_merge': CMAKE_PREFIX_PATH=${CMAKE_PREFIX_PATH}:/opt/ros/jazzy DEBUGINFOD_URLS=https://debuginfod.ubuntu.com /usr/bin/cmake --install /home/anirudh/Nav2/build/multirobot_map_merge
[20.798s] Level 1:colcon.colcon_core.environment:create_environment_scripts_only(multirobot_map_merge)
[20.798s] DEBUG:colcon.colcon_core.event_handler.log_command:Invoked command in '/home/anirudh/Nav2/build/multirobot_map_merge' returned '0': CMAKE_PREFIX_PATH=${CMAKE_PREFIX_PATH}:/opt/ros/jazzy DEBUGINFOD_URLS=https://debuginfod.ubuntu.com /usr/bin/cmake --install /home/anirudh/Nav2/build/multirobot_map_merge
[20.798s] Level 1:colcon.colcon_core.environment:checking '/home/anirudh/Nav2/install/multirobot_map_merge' for CMake module files
[20.799s] Level 1:colcon.colcon_core.environment:checking '/home/anirudh/Nav2/install/multirobot_map_merge' for CMake config files
[20.799s] Level 1:colcon.colcon_core.shell:create_environment_hook('multirobot_map_merge', 'cmake_prefix_path')
[20.799s] INFO:colcon.colcon_core.shell:Creating environment hook '/home/anirudh/Nav2/install/multirobot_map_merge/share/multirobot_map_merge/hook/cmake_prefix_path.ps1'
[20.800s] INFO:colcon.colcon_core.shell:Creating environment descriptor '/home/anirudh/Nav2/install/multirobot_map_merge/share/multirobot_map_merge/hook/cmake_prefix_path.dsv'
[20.800s] INFO:colcon.colcon_core.shell:Creating environment hook '/home/anirudh/Nav2/install/multirobot_map_merge/share/multirobot_map_merge/hook/cmake_prefix_path.sh'
[20.801s] Level 1:colcon.colcon_core.environment:checking '/home/anirudh/Nav2/install/multirobot_map_merge/lib'
[20.801s] Level 1:colcon.colcon_core.environment:checking '/home/anirudh/Nav2/install/multirobot_map_merge/bin'
[20.801s] Level 1:colcon.colcon_core.environment:checking '/home/anirudh/Nav2/install/multirobot_map_merge/lib/pkgconfig/multirobot_map_merge.pc'
[20.801s] Level 1:colcon.colcon_core.environment:checking '/home/anirudh/Nav2/install/multirobot_map_merge/lib/python3.12/site-packages'
[20.801s] Level 1:colcon.colcon_core.environment:checking '/home/anirudh/Nav2/install/multirobot_map_merge/bin'
[20.802s] INFO:colcon.colcon_core.shell:Creating package script '/home/anirudh/Nav2/install/multirobot_map_merge/share/multirobot_map_merge/package.ps1'
[20.802s] INFO:colcon.colcon_core.shell:Creating package descriptor '/home/anirudh/Nav2/install/multirobot_map_merge/share/multirobot_map_merge/package.dsv'
[20.802s] INFO:colcon.colcon_core.shell:Creating package script '/home/anirudh/Nav2/install/multirobot_map_merge/share/multirobot_map_merge/package.sh'
[20.803s] INFO:colcon.colcon_core.shell:Creating package script '/home/anirudh/Nav2/install/multirobot_map_merge/share/multirobot_map_merge/package.bash'
[20.803s] INFO:colcon.colcon_core.shell:Creating package script '/home/anirudh/Nav2/install/multirobot_map_merge/share/multirobot_map_merge/package.zsh'
[20.803s] Level 1:colcon.colcon_core.environment:create_file_with_runtime_dependencies(/home/anirudh/Nav2/install/multirobot_map_merge/share/colcon-core/packages/multirobot_map_merge)
[20.804s] Level 1:colcon.colcon_core.environment:create_environment_scripts_only(multirobot_map_merge)
[20.804s] Level 1:colcon.colcon_core.environment:checking '/home/anirudh/Nav2/install/multirobot_map_merge' for CMake module files
[20.804s] Level 1:colcon.colcon_core.environment:checking '/home/anirudh/Nav2/install/multirobot_map_merge' for CMake config files
[20.804s] Level 1:colcon.colcon_core.shell:create_environment_hook('multirobot_map_merge', 'cmake_prefix_path')
[20.804s] INFO:colcon.colcon_core.shell:Creating environment hook '/home/anirudh/Nav2/install/multirobot_map_merge/share/multirobot_map_merge/hook/cmake_prefix_path.ps1'
[20.805s] INFO:colcon.colcon_core.shell:Creating environment descriptor '/home/anirudh/Nav2/install/multirobot_map_merge/share/multirobot_map_merge/hook/cmake_prefix_path.dsv'
[20.805s] INFO:colcon.colcon_core.shell:Creating environment hook '/home/anirudh/Nav2/install/multirobot_map_merge/share/multirobot_map_merge/hook/cmake_prefix_path.sh'
[20.805s] Level 1:colcon.colcon_core.environment:checking '/home/anirudh/Nav2/install/multirobot_map_merge/lib'
[20.805s] Level 1:colcon.colcon_core.environment:checking '/home/anirudh/Nav2/install/multirobot_map_merge/bin'
[20.805s] Level 1:colcon.colcon_core.environment:checking '/home/anirudh/Nav2/install/multirobot_map_merge/lib/pkgconfig/multirobot_map_merge.pc'
[20.805s] Level 1:colcon.colcon_core.environment:checking '/home/anirudh/Nav2/install/multirobot_map_merge/lib/python3.12/site-packages'
[20.806s] Level 1:colcon.colcon_core.environment:checking '/home/anirudh/Nav2/install/multirobot_map_merge/bin'
[20.806s] INFO:colcon.colcon_core.shell:Creating package script '/home/anirudh/Nav2/install/multirobot_map_merge/share/multirobot_map_merge/package.ps1'
[20.806s] INFO:colcon.colcon_core.shell:Creating package descriptor '/home/anirudh/Nav2/install/multirobot_map_merge/share/multirobot_map_merge/package.dsv'
[20.806s] INFO:colcon.colcon_core.shell:Creating package script '/home/anirudh/Nav2/install/multirobot_map_merge/share/multirobot_map_merge/package.sh'
[20.806s] INFO:colcon.colcon_core.shell:Creating package script '/home/anirudh/Nav2/install/multirobot_map_merge/share/multirobot_map_merge/package.bash'
[20.807s] INFO:colcon.colcon_core.shell:Creating package script '/home/anirudh/Nav2/install/multirobot_map_merge/share/multirobot_map_merge/package.zsh'
[20.807s] Level 1:colcon.colcon_core.environment:create_file_with_runtime_dependencies(/home/anirudh/Nav2/install/multirobot_map_merge/share/colcon-core/packages/multirobot_map_merge)
[20.807s] DEBUG:colcon.colcon_parallel_executor.executor.parallel:closing loop
[20.807s] DEBUG:colcon.colcon_parallel_executor.executor.parallel:loop closed
[20.807s] DEBUG:colcon.colcon_parallel_executor.executor.parallel:run_until_complete finished with '0'
[20.807s] DEBUG:colcon.colcon_core.event_reactor:joining thread
[20.814s] INFO:colcon.colcon_core.plugin_system:Skipping extension 'colcon_notification.desktop_notification.terminal_notifier': Not used on non-Darwin systems
[20.814s] INFO:colcon.colcon_core.plugin_system:Skipping extension 'colcon_notification.desktop_notification.win32': Not used on non-Windows systems
[20.814s] INFO:colcon.colcon_notification.desktop_notification:Sending desktop notification using 'notify2'
[20.824s] DEBUG:colcon.colcon_core.event_reactor:joined thread
[20.825s] INFO:colcon.colcon_core.shell:Creating prefix script '/home/anirudh/Nav2/install/local_setup.ps1'
[20.826s] INFO:colcon.colcon_core.shell:Creating prefix util module '/home/anirudh/Nav2/install/_local_setup_util_ps1.py'
[20.827s] INFO:colcon.colcon_core.shell:Creating prefix chain script '/home/anirudh/Nav2/install/setup.ps1'
[20.827s] INFO:colcon.colcon_core.shell:Creating prefix script '/home/anirudh/Nav2/install/local_setup.sh'
[20.828s] INFO:colcon.colcon_core.shell:Creating prefix util module '/home/anirudh/Nav2/install/_local_setup_util_sh.py'
[20.828s] INFO:colcon.colcon_core.shell:Creating prefix chain script '/home/anirudh/Nav2/install/setup.sh'
[20.829s] INFO:colcon.colcon_core.shell:Creating prefix script '/home/anirudh/Nav2/install/local_setup.bash'
[20.830s] INFO:colcon.colcon_core.shell:Creating prefix chain script '/home/anirudh/Nav2/install/setup.bash'
[20.830s] INFO:colcon.colcon_core.shell:Creating prefix script '/home/anirudh/Nav2/install/local_setup.zsh'
[20.830s] INFO:colcon.colcon_core.shell:Creating prefix chain script '/home/anirudh/Nav2/install/setup.zsh'
