[2.419s] Invoking command in '/home/rpd/Nav2/src/nav2': PYTHONPATH=/home/rpd/Nav2/build/nav2/prefix_override:/usr/lib/python3/dist-packages/colcon_core/task/python/colcon_distutils_commands:/home/rpd/Nav2/install/nav2/lib/python3.12/site-packages:${PYTHONPATH} /usr/bin/python3 -W ignore:setup.py install is deprecated -W ignore:easy_install command is deprecated setup.py egg_info --egg-base ../../build/nav2 build --build-base /home/rpd/Nav2/build/nav2/build install --record /home/rpd/Nav2/build/nav2/install.log --single-version-externally-managed install_data
[2.760s] running egg_info
[2.783s] writing ../../build/nav2/nav2.egg-info/PKG-INFO
[2.784s] writing dependency_links to ../../build/nav2/nav2.egg-info/dependency_links.txt
[2.785s] writing entry points to ../../build/nav2/nav2.egg-info/entry_points.txt
[2.785s] writing requirements to ../../build/nav2/nav2.egg-info/requires.txt
[2.786s] writing top-level names to ../../build/nav2/nav2.egg-info/top_level.txt
[2.844s] reading manifest file '../../build/nav2/nav2.egg-info/SOURCES.txt'
[2.846s] writing manifest file '../../build/nav2/nav2.egg-info/SOURCES.txt'
[2.846s] running build
[2.846s] running build_py
[2.848s] running install
[2.857s] running install_lib
[2.884s] running install_data
[2.885s] copying nav2/launch/slam.py -> /home/rpd/Nav2/install/nav2/share/nav2/launch
[2.885s] running install_egg_info
[2.912s] removing '/home/rpd/Nav2/install/nav2/lib/python3.12/site-packages/nav2-0.0.0-py3.12.egg-info' (and everything under it)
[2.913s] Copying ../../build/nav2/nav2.egg-info to /home/rpd/Nav2/install/nav2/lib/python3.12/site-packages/nav2-0.0.0-py3.12.egg-info
[2.914s] running install_scripts
[3.082s] Installing laser_node script to /home/rpd/Nav2/install/nav2/lib/nav2
[3.083s] Installing odom script to /home/rpd/Nav2/install/nav2/lib/nav2
[3.084s] writing list of installed files to '/home/rpd/Nav2/build/nav2/install.log'
[3.178s] Invoked command in '/home/rpd/Nav2/src/nav2' returned '0': PYTHONPATH=/home/rpd/Nav2/build/nav2/prefix_override:/usr/lib/python3/dist-packages/colcon_core/task/python/colcon_distutils_commands:/home/rpd/Nav2/install/nav2/lib/python3.12/site-packages:${PYTHONPATH} /usr/bin/python3 -W ignore:setup.py install is deprecated -W ignore:easy_install command is deprecated setup.py egg_info --egg-base ../../build/nav2 build --build-base /home/rpd/Nav2/build/nav2/build install --record /home/rpd/Nav2/build/nav2/install.log --single-version-externally-managed install_data
