[1.812s] Invoking command in '/home/rpd/Nav2/src/nav2': PYTHONPATH=/home/rpd/Nav2/build/nav2/prefix_override:/usr/lib/python3/dist-packages/colcon_core/task/python/colcon_distutils_commands:/home/rpd/Nav2/install/nav2/lib/python3.12/site-packages:${PYTHONPATH} /usr/bin/python3 -W ignore:setup.py install is deprecated -W ignore:easy_install command is deprecated setup.py egg_info --egg-base ../../build/nav2 build --build-base /home/rpd/Nav2/build/nav2/build install --record /home/rpd/Nav2/build/nav2/install.log --single-version-externally-managed install_data
[2.151s] running egg_info
[2.174s] writing ../../build/nav2/nav2.egg-info/PKG-INFO
[2.175s] writing dependency_links to ../../build/nav2/nav2.egg-info/dependency_links.txt
[2.176s] writing entry points to ../../build/nav2/nav2.egg-info/entry_points.txt
[2.176s] writing requirements to ../../build/nav2/nav2.egg-info/requires.txt
[2.177s] writing top-level names to ../../build/nav2/nav2.egg-info/top_level.txt
[2.226s] reading manifest file '../../build/nav2/nav2.egg-info/SOURCES.txt'
[2.227s] writing manifest file '../../build/nav2/nav2.egg-info/SOURCES.txt'
[2.227s] running build
[2.227s] running build_py
[2.228s] running install
[2.237s] running install_lib
[2.262s] running install_data
[2.262s] copying nav2/launch/slam.py -> /home/rpd/Nav2/install/nav2/share/nav2/launch
[2.262s] running install_egg_info
[2.288s] removing '/home/rpd/Nav2/install/nav2/lib/python3.12/site-packages/nav2-0.0.0-py3.12.egg-info' (and everything under it)
[2.288s] Copying ../../build/nav2/nav2.egg-info to /home/rpd/Nav2/install/nav2/lib/python3.12/site-packages/nav2-0.0.0-py3.12.egg-info
[2.289s] running install_scripts
[2.457s] Installing laser_node script to /home/rpd/Nav2/install/nav2/lib/nav2
[2.457s] Installing odom script to /home/rpd/Nav2/install/nav2/lib/nav2
[2.458s] writing list of installed files to '/home/rpd/Nav2/build/nav2/install.log'
[2.548s] Invoked command in '/home/rpd/Nav2/src/nav2' returned '0': PYTHONPATH=/home/rpd/Nav2/build/nav2/prefix_override:/usr/lib/python3/dist-packages/colcon_core/task/python/colcon_distutils_commands:/home/rpd/Nav2/install/nav2/lib/python3.12/site-packages:${PYTHONPATH} /usr/bin/python3 -W ignore:setup.py install is deprecated -W ignore:easy_install command is deprecated setup.py egg_info --egg-base ../../build/nav2 build --build-base /home/rpd/Nav2/build/nav2/build install --record /home/rpd/Nav2/build/nav2/install.log --single-version-externally-managed install_data
