[0.721s] Invoking command in '/home/rpd/Nav2/build/rplidar_ros': CMAKE_PREFIX_PATH=${CMAKE_PREFIX_PATH}:/home/rpd/Nav2/install/nav2:/opt/ros/jazzy /usr/bin/cmake --build /home/rpd/Nav2/build/rplidar_ros -- -j4 -l4
[0.936s] [  5%] Built target rplidar_client
[0.940s] [ 52%] Built target rplidar_node
[0.955s] [100%] Built target rplidar_composition
[0.983s] Invoked command in '/home/rpd/Nav2/build/rplidar_ros' returned '0': CMAKE_PREFIX_PATH=${CMAKE_PREFIX_PATH}:/home/rpd/Nav2/install/nav2:/opt/ros/jazzy /usr/bin/cmake --build /home/rpd/Nav2/build/rplidar_ros -- -j4 -l4
[0.986s] Invoking command in '/home/rpd/Nav2/build/rplidar_ros': CMAKE_PREFIX_PATH=${CMAKE_PREFIX_PATH}:/home/rpd/Nav2/install/nav2:/opt/ros/jazzy /usr/bin/cmake --install /home/rpd/Nav2/build/rplidar_ros
[1.010s] -- Install configuration: ""
[1.010s] -- Up-to-date: /home/rpd/Nav2/install/rplidar_ros/share/rplidar_ros/launch
[1.010s] -- Up-to-date: /home/rpd/Nav2/install/rplidar_ros/share/rplidar_ros/launch/view_rplidar_s2e_launch.py
[1.011s] -- Up-to-date: /home/rpd/Nav2/install/rplidar_ros/share/rplidar_ros/launch/view_rplidar_s3_launch.py
[1.011s] -- Up-to-date: /home/rpd/Nav2/install/rplidar_ros/share/rplidar_ros/launch/rplidar_s2e_launch.py
[1.011s] -- Up-to-date: /home/rpd/Nav2/install/rplidar_ros/share/rplidar_ros/launch/rplidar_a3_launch.py
[1.011s] -- Up-to-date: /home/rpd/Nav2/install/rplidar_ros/share/rplidar_ros/launch/view_rplidar_a1_launch.py
[1.011s] -- Up-to-date: /home/rpd/Nav2/install/rplidar_ros/share/rplidar_ros/launch/view_rplidar_a2m8_launch.py
[1.012s] -- Up-to-date: /home/rpd/Nav2/install/rplidar_ros/share/rplidar_ros/launch/view_rplidar_s1_launch.py
[1.012s] -- Up-to-date: /home/rpd/Nav2/install/rplidar_ros/share/rplidar_ros/launch/view_rplidar_t1_launch.py
[1.012s] -- Up-to-date: /home/rpd/Nav2/install/rplidar_ros/share/rplidar_ros/launch/rplidar_c1_launch.py
[1.012s] -- Up-to-date: /home/rpd/Nav2/install/rplidar_ros/share/rplidar_ros/launch/rplidar_a2m7_launch.py
[1.012s] -- Up-to-date: /home/rpd/Nav2/install/rplidar_ros/share/rplidar_ros/launch/view_rplidar_a2m12_launch.py
[1.012s] -- Up-to-date: /home/rpd/Nav2/install/rplidar_ros/share/rplidar_ros/launch/rplidar_a1_launch.py
[1.012s] -- Up-to-date: /home/rpd/Nav2/install/rplidar_ros/share/rplidar_ros/launch/view_rplidar_s2_launch.py
[1.012s] -- Up-to-date: /home/rpd/Nav2/install/rplidar_ros/share/rplidar_ros/launch/rplidar_a2m8_launch.py
[1.013s] -- Up-to-date: /home/rpd/Nav2/install/rplidar_ros/share/rplidar_ros/launch/view_rplidar_a2m7_launch.py
[1.014s] -- Up-to-date: /home/rpd/Nav2/install/rplidar_ros/share/rplidar_ros/launch/rplidar_t1_launch.py
[1.015s] -- Up-to-date: /home/rpd/Nav2/install/rplidar_ros/share/rplidar_ros/launch/rplidar_a2m12_launch.py
[1.015s] -- Up-to-date: /home/rpd/Nav2/install/rplidar_ros/share/rplidar_ros/launch/view_rplidar_s1_tcp_launch.py
[1.015s] -- Up-to-date: /home/rpd/Nav2/install/rplidar_ros/share/rplidar_ros/launch/view_rplidar_c1_launch.py
[1.015s] -- Up-to-date: /home/rpd/Nav2/install/rplidar_ros/share/rplidar_ros/launch/view_rplidar_a3_launch.py
[1.015s] -- Up-to-date: /home/rpd/Nav2/install/rplidar_ros/share/rplidar_ros/launch/rplidar_s2_launch.py
[1.015s] -- Up-to-date: /home/rpd/Nav2/install/rplidar_ros/share/rplidar_ros/launch/rplidar_s1_launch.py
[1.016s] -- Up-to-date: /home/rpd/Nav2/install/rplidar_ros/share/rplidar_ros/launch/rplidar_s3_launch.py
[1.016s] -- Up-to-date: /home/rpd/Nav2/install/rplidar_ros/share/rplidar_ros/launch/rplidar_s1_tcp_launch.py
[1.016s] -- Up-to-date: /home/rpd/Nav2/install/rplidar_ros/share/rplidar_ros/rviz
[1.016s] -- Up-to-date: /home/rpd/Nav2/install/rplidar_ros/share/rplidar_ros/rviz/rplidar_ros.rviz
[1.017s] -- Up-to-date: /home/rpd/Nav2/install/rplidar_ros/lib/rplidar_ros/rplidar_node
[1.017s] -- Up-to-date: /home/rpd/Nav2/install/rplidar_ros/lib/rplidar_ros/rplidar_composition
[1.017s] -- Up-to-date: /home/rpd/Nav2/install/rplidar_ros/lib/rplidar_ros/rplidar_client
[1.017s] -- Up-to-date: /home/rpd/Nav2/install/rplidar_ros/share/ament_index/resource_index/package_run_dependencies/rplidar_ros
[1.018s] -- Up-to-date: /home/rpd/Nav2/install/rplidar_ros/share/ament_index/resource_index/parent_prefix_path/rplidar_ros
[1.018s] -- Up-to-date: /home/rpd/Nav2/install/rplidar_ros/share/rplidar_ros/environment/ament_prefix_path.sh
[1.018s] -- Up-to-date: /home/rpd/Nav2/install/rplidar_ros/share/rplidar_ros/environment/ament_prefix_path.dsv
[1.018s] -- Up-to-date: /home/rpd/Nav2/install/rplidar_ros/share/rplidar_ros/environment/path.sh
[1.018s] -- Up-to-date: /home/rpd/Nav2/install/rplidar_ros/share/rplidar_ros/environment/path.dsv
[1.018s] -- Up-to-date: /home/rpd/Nav2/install/rplidar_ros/share/rplidar_ros/local_setup.bash
[1.019s] -- Up-to-date: /home/rpd/Nav2/install/rplidar_ros/share/rplidar_ros/local_setup.sh
[1.019s] -- Up-to-date: /home/rpd/Nav2/install/rplidar_ros/share/rplidar_ros/local_setup.zsh
[1.019s] -- Up-to-date: /home/rpd/Nav2/install/rplidar_ros/share/rplidar_ros/local_setup.dsv
[1.019s] -- Installing: /home/rpd/Nav2/install/rplidar_ros/share/rplidar_ros/package.dsv
[1.020s] -- Up-to-date: /home/rpd/Nav2/install/rplidar_ros/share/ament_index/resource_index/packages/rplidar_ros
[1.020s] -- Up-to-date: /home/rpd/Nav2/install/rplidar_ros/share/rplidar_ros/cmake/ament_cmake_export_dependencies-extras.cmake
[1.020s] -- Up-to-date: /home/rpd/Nav2/install/rplidar_ros/share/rplidar_ros/cmake/ament_cmake_export_include_directories-extras.cmake
[1.020s] -- Up-to-date: /home/rpd/Nav2/install/rplidar_ros/share/rplidar_ros/cmake/rplidar_rosConfig.cmake
[1.020s] -- Up-to-date: /home/rpd/Nav2/install/rplidar_ros/share/rplidar_ros/cmake/rplidar_rosConfig-version.cmake
[1.020s] -- Up-to-date: /home/rpd/Nav2/install/rplidar_ros/share/rplidar_ros/package.xml
[1.024s] Invoked command in '/home/rpd/Nav2/build/rplidar_ros' returned '0': CMAKE_PREFIX_PATH=${CMAKE_PREFIX_PATH}:/home/rpd/Nav2/install/nav2:/opt/ros/jazzy /usr/bin/cmake --install /home/rpd/Nav2/build/rplidar_ros
