[0.547s] DEBUG:colcon:Command line arguments: ['/usr/bin/colcon', 'build']
[0.547s] DEBUG:colcon:Parsed command line arguments: Namespace(log_base=None, log_level=None, verb_name='build', build_base='build', install_base='install', merge_install=False, symlink_install=False, test_result_base=None, continue_on_error=False, executor='parallel', parallel_workers=4, event_handlers=None, ignore_user_meta=False, metas=['./colcon.meta'], base_paths=['.'], packages_ignore=None, packages_ignore_regex=None, paths=None, packages_up_to=None, packages_up_to_regex=None, packages_above=None, packages_above_and_dependencies=None, packages_above_depth=None, packages_select_by_dep=None, packages_skip_by_dep=None, packages_skip_up_to=None, packages_select_build_failed=False, packages_skip_build_finished=False, packages_select_test_failures=False, packages_skip_test_passed=False, packages_select=None, packages_skip=None, packages_select_regex=None, packages_skip_regex=None, packages_start=None, packages_end=None, allow_overriding=[], cmake_args=None, cmake_target=None, cmake_target_skip_unavailable=False, cmake_clean_cache=False, cmake_clean_first=False, cmake_force_configure=False, ament_cmake_args=None, catkin_cmake_args=None, catkin_skip_building_tests=False, verb_parser=<colcon_defaults.argument_parser.defaults.DefaultArgumentsDecorator object at 0xffffa8008170>, verb_extension=<colcon_core.verb.build.BuildVerb object at 0xffffa812ae40>, main=<bound method BuildVerb.main of <colcon_core.verb.build.BuildVerb object at 0xffffa812ae40>>)
[0.667s] Level 1:colcon.colcon_core.package_discovery:discover_packages(colcon_meta) check parameters
[0.667s] Level 1:colcon.colcon_core.package_discovery:discover_packages(recursive) check parameters
[0.667s] Level 1:colcon.colcon_core.package_discovery:discover_packages(ignore) check parameters
[0.667s] Level 1:colcon.colcon_core.package_discovery:discover_packages(path) check parameters
[0.667s] Level 1:colcon.colcon_core.package_discovery:discover_packages(colcon_meta) discover
[0.667s] Level 1:colcon.colcon_core.package_discovery:discover_packages(recursive) discover
[0.667s] INFO:colcon.colcon_core.package_discovery:Crawling recursively for packages in '/home/rpd/Nav2'
[0.667s] Level 1:colcon.colcon_core.package_identification:_identify(.) by extensions ['ignore', 'ignore_ament_install']
[0.668s] Level 1:colcon.colcon_core.package_identification:_identify(.) by extension 'ignore'
[0.668s] Level 1:colcon.colcon_core.package_identification:_identify(.) by extension 'ignore_ament_install'
[0.668s] Level 1:colcon.colcon_core.package_identification:_identify(.) by extensions ['colcon_pkg']
[0.668s] Level 1:colcon.colcon_core.package_identification:_identify(.) by extension 'colcon_pkg'
[0.668s] Level 1:colcon.colcon_core.package_identification:_identify(.) by extensions ['colcon_meta']
[0.668s] Level 1:colcon.colcon_core.package_identification:_identify(.) by extension 'colcon_meta'
[0.668s] Level 1:colcon.colcon_core.package_identification:_identify(.) by extensions ['ros']
[0.668s] Level 1:colcon.colcon_core.package_identification:_identify(.) by extension 'ros'
[0.723s] Level 1:colcon.colcon_core.package_identification:_identify(.) by extensions ['cmake', 'python']
[0.723s] Level 1:colcon.colcon_core.package_identification:_identify(.) by extension 'cmake'
[0.723s] Level 1:colcon.colcon_core.package_identification:_identify(.) by extension 'python'
[0.724s] Level 1:colcon.colcon_core.package_identification:_identify(.) by extensions ['python_setup_py']
[0.724s] Level 1:colcon.colcon_core.package_identification:_identify(.) by extension 'python_setup_py'
[0.724s] Level 1:colcon.colcon_core.package_identification:_identify(build) by extensions ['ignore', 'ignore_ament_install']
[0.724s] Level 1:colcon.colcon_core.package_identification:_identify(build) by extension 'ignore'
[0.724s] Level 1:colcon.colcon_core.package_identification:_identify(build) ignored
[0.724s] Level 1:colcon.colcon_core.package_identification:_identify(install) by extensions ['ignore', 'ignore_ament_install']
[0.724s] Level 1:colcon.colcon_core.package_identification:_identify(install) by extension 'ignore'
[0.724s] Level 1:colcon.colcon_core.package_identification:_identify(install) ignored
[0.724s] Level 1:colcon.colcon_core.package_identification:_identify(log) by extensions ['ignore', 'ignore_ament_install']
[0.724s] Level 1:colcon.colcon_core.package_identification:_identify(log) by extension 'ignore'
[0.725s] Level 1:colcon.colcon_core.package_identification:_identify(log) ignored
[0.725s] Level 1:colcon.colcon_core.package_identification:_identify(src) by extensions ['ignore', 'ignore_ament_install']
[0.725s] Level 1:colcon.colcon_core.package_identification:_identify(src) by extension 'ignore'
[0.725s] Level 1:colcon.colcon_core.package_identification:_identify(src) by extension 'ignore_ament_install'
[0.725s] Level 1:colcon.colcon_core.package_identification:_identify(src) by extensions ['colcon_pkg']
[0.725s] Level 1:colcon.colcon_core.package_identification:_identify(src) by extension 'colcon_pkg'
[0.725s] Level 1:colcon.colcon_core.package_identification:_identify(src) by extensions ['colcon_meta']
[0.725s] Level 1:colcon.colcon_core.package_identification:_identify(src) by extension 'colcon_meta'
[0.725s] Level 1:colcon.colcon_core.package_identification:_identify(src) by extensions ['ros']
[0.725s] Level 1:colcon.colcon_core.package_identification:_identify(src) by extension 'ros'
[0.725s] Level 1:colcon.colcon_core.package_identification:_identify(src) by extensions ['cmake', 'python']
[0.725s] Level 1:colcon.colcon_core.package_identification:_identify(src) by extension 'cmake'
[0.725s] Level 1:colcon.colcon_core.package_identification:_identify(src) by extension 'python'
[0.725s] Level 1:colcon.colcon_core.package_identification:_identify(src) by extensions ['python_setup_py']
[0.725s] Level 1:colcon.colcon_core.package_identification:_identify(src) by extension 'python_setup_py'
[0.726s] Level 1:colcon.colcon_core.package_identification:_identify(src/m-explore-ros2) by extensions ['ignore', 'ignore_ament_install']
[0.726s] Level 1:colcon.colcon_core.package_identification:_identify(src/m-explore-ros2) by extension 'ignore'
[0.726s] Level 1:colcon.colcon_core.package_identification:_identify(src/m-explore-ros2) by extension 'ignore_ament_install'
[0.726s] Level 1:colcon.colcon_core.package_identification:_identify(src/m-explore-ros2) by extensions ['colcon_pkg']
[0.726s] Level 1:colcon.colcon_core.package_identification:_identify(src/m-explore-ros2) by extension 'colcon_pkg'
[0.726s] Level 1:colcon.colcon_core.package_identification:_identify(src/m-explore-ros2) by extensions ['colcon_meta']
[0.726s] Level 1:colcon.colcon_core.package_identification:_identify(src/m-explore-ros2) by extension 'colcon_meta'
[0.726s] Level 1:colcon.colcon_core.package_identification:_identify(src/m-explore-ros2) by extensions ['ros']
[0.727s] Level 1:colcon.colcon_core.package_identification:_identify(src/m-explore-ros2) by extension 'ros'
[0.727s] Level 1:colcon.colcon_core.package_identification:_identify(src/m-explore-ros2) by extensions ['cmake', 'python']
[0.727s] Level 1:colcon.colcon_core.package_identification:_identify(src/m-explore-ros2) by extension 'cmake'
[0.727s] Level 1:colcon.colcon_core.package_identification:_identify(src/m-explore-ros2) by extension 'python'
[0.727s] Level 1:colcon.colcon_core.package_identification:_identify(src/m-explore-ros2) by extensions ['python_setup_py']
[0.727s] Level 1:colcon.colcon_core.package_identification:_identify(src/m-explore-ros2) by extension 'python_setup_py'
[0.727s] Level 1:colcon.colcon_core.package_identification:_identify(src/m-explore-ros2/explore) by extensions ['ignore', 'ignore_ament_install']
[0.727s] Level 1:colcon.colcon_core.package_identification:_identify(src/m-explore-ros2/explore) by extension 'ignore'
[0.727s] Level 1:colcon.colcon_core.package_identification:_identify(src/m-explore-ros2/explore) by extension 'ignore_ament_install'
[0.727s] Level 1:colcon.colcon_core.package_identification:_identify(src/m-explore-ros2/explore) by extensions ['colcon_pkg']
[0.728s] Level 1:colcon.colcon_core.package_identification:_identify(src/m-explore-ros2/explore) by extension 'colcon_pkg'
[0.728s] Level 1:colcon.colcon_core.package_identification:_identify(src/m-explore-ros2/explore) by extensions ['colcon_meta']
[0.728s] Level 1:colcon.colcon_core.package_identification:_identify(src/m-explore-ros2/explore) by extension 'colcon_meta'
[0.728s] Level 1:colcon.colcon_core.package_identification:_identify(src/m-explore-ros2/explore) by extensions ['ros']
[0.728s] Level 1:colcon.colcon_core.package_identification:_identify(src/m-explore-ros2/explore) by extension 'ros'
[0.737s] DEBUG:colcon.colcon_core.package_identification:Package 'src/m-explore-ros2/explore' with type 'ros.ament_cmake' and name 'explore_lite'
[0.737s] Level 1:colcon.colcon_core.package_identification:_identify(src/m-explore-ros2/explore_lite_msgs) by extensions ['ignore', 'ignore_ament_install']
[0.738s] Level 1:colcon.colcon_core.package_identification:_identify(src/m-explore-ros2/explore_lite_msgs) by extension 'ignore'
[0.738s] Level 1:colcon.colcon_core.package_identification:_identify(src/m-explore-ros2/explore_lite_msgs) by extension 'ignore_ament_install'
[0.738s] Level 1:colcon.colcon_core.package_identification:_identify(src/m-explore-ros2/explore_lite_msgs) by extensions ['colcon_pkg']
[0.738s] Level 1:colcon.colcon_core.package_identification:_identify(src/m-explore-ros2/explore_lite_msgs) by extension 'colcon_pkg'
[0.738s] Level 1:colcon.colcon_core.package_identification:_identify(src/m-explore-ros2/explore_lite_msgs) by extensions ['colcon_meta']
[0.738s] Level 1:colcon.colcon_core.package_identification:_identify(src/m-explore-ros2/explore_lite_msgs) by extension 'colcon_meta'
[0.738s] Level 1:colcon.colcon_core.package_identification:_identify(src/m-explore-ros2/explore_lite_msgs) by extensions ['ros']
[0.738s] Level 1:colcon.colcon_core.package_identification:_identify(src/m-explore-ros2/explore_lite_msgs) by extension 'ros'
[0.739s] DEBUG:colcon.colcon_core.package_identification:Package 'src/m-explore-ros2/explore_lite_msgs' with type 'ros.ament_cmake' and name 'explore_lite_msgs'
[0.740s] Level 1:colcon.colcon_core.package_identification:_identify(src/m-explore-ros2/map_merge) by extensions ['ignore', 'ignore_ament_install']
[0.740s] Level 1:colcon.colcon_core.package_identification:_identify(src/m-explore-ros2/map_merge) by extension 'ignore'
[0.740s] Level 1:colcon.colcon_core.package_identification:_identify(src/m-explore-ros2/map_merge) by extension 'ignore_ament_install'
[0.740s] Level 1:colcon.colcon_core.package_identification:_identify(src/m-explore-ros2/map_merge) by extensions ['colcon_pkg']
[0.740s] Level 1:colcon.colcon_core.package_identification:_identify(src/m-explore-ros2/map_merge) by extension 'colcon_pkg'
[0.740s] Level 1:colcon.colcon_core.package_identification:_identify(src/m-explore-ros2/map_merge) by extensions ['colcon_meta']
[0.740s] Level 1:colcon.colcon_core.package_identification:_identify(src/m-explore-ros2/map_merge) by extension 'colcon_meta'
[0.740s] Level 1:colcon.colcon_core.package_identification:_identify(src/m-explore-ros2/map_merge) by extensions ['ros']
[0.740s] Level 1:colcon.colcon_core.package_identification:_identify(src/m-explore-ros2/map_merge) by extension 'ros'
[0.742s] DEBUG:colcon.colcon_core.package_identification:Package 'src/m-explore-ros2/map_merge' with type 'ros.ament_cmake' and name 'multirobot_map_merge'
[0.742s] Level 1:colcon.colcon_core.package_identification:_identify(src/nav2) by extensions ['ignore', 'ignore_ament_install']
[0.742s] Level 1:colcon.colcon_core.package_identification:_identify(src/nav2) by extension 'ignore'
[0.742s] Level 1:colcon.colcon_core.package_identification:_identify(src/nav2) by extension 'ignore_ament_install'
[0.742s] Level 1:colcon.colcon_core.package_identification:_identify(src/nav2) by extensions ['colcon_pkg']
[0.742s] Level 1:colcon.colcon_core.package_identification:_identify(src/nav2) by extension 'colcon_pkg'
[0.742s] Level 1:colcon.colcon_core.package_identification:_identify(src/nav2) by extensions ['colcon_meta']
[0.742s] Level 1:colcon.colcon_core.package_identification:_identify(src/nav2) by extension 'colcon_meta'
[0.743s] Level 1:colcon.colcon_core.package_identification:_identify(src/nav2) by extensions ['ros']
[0.743s] Level 1:colcon.colcon_core.package_identification:_identify(src/nav2) by extension 'ros'
[0.744s] DEBUG:colcon.colcon_core.package_identification:Package 'src/nav2' with type 'ros.ament_python' and name 'nav2'
[0.749s] Level 1:colcon.colcon_core.package_identification:_identify(src/rplidar_ros) by extensions ['ignore', 'ignore_ament_install']
[0.749s] Level 1:colcon.colcon_core.package_identification:_identify(src/rplidar_ros) by extension 'ignore'
[0.749s] Level 1:colcon.colcon_core.package_identification:_identify(src/rplidar_ros) by extension 'ignore_ament_install'
[0.749s] Level 1:colcon.colcon_core.package_identification:_identify(src/rplidar_ros) by extensions ['colcon_pkg']
[0.749s] Level 1:colcon.colcon_core.package_identification:_identify(src/rplidar_ros) by extension 'colcon_pkg'
[0.749s] Level 1:colcon.colcon_core.package_identification:_identify(src/rplidar_ros) by extensions ['colcon_meta']
[0.749s] Level 1:colcon.colcon_core.package_identification:_identify(src/rplidar_ros) by extension 'colcon_meta'
[0.749s] Level 1:colcon.colcon_core.package_identification:_identify(src/rplidar_ros) by extensions ['ros']
[0.749s] Level 1:colcon.colcon_core.package_identification:_identify(src/rplidar_ros) by extension 'ros'
[0.751s] DEBUG:colcon.colcon_core.package_identification:Package 'src/rplidar_ros' with type 'ros.ament_cmake' and name 'rplidar_ros'
[0.751s] Level 1:colcon.colcon_core.package_discovery:discover_packages(recursive) using defaults
[0.751s] Level 1:colcon.colcon_core.package_discovery:discover_packages(ignore) discover
[0.751s] Level 1:colcon.colcon_core.package_discovery:discover_packages(ignore) using defaults
[0.751s] Level 1:colcon.colcon_core.package_discovery:discover_packages(path) discover
[0.751s] Level 1:colcon.colcon_core.package_discovery:discover_packages(path) using defaults
[0.797s] Level 1:colcon.colcon_core.package_discovery:discover_packages(prefix_path) check parameters
[0.797s] Level 1:colcon.colcon_core.package_discovery:discover_packages(prefix_path) discover
[0.805s] DEBUG:colcon.colcon_installed_package_information.package_discovery:Found 419 installed packages in /opt/ros/jazzy
[0.807s] Level 1:colcon.colcon_core.package_discovery:discover_packages(prefix_path) using defaults
[0.885s] Level 5:colcon.colcon_core.verb:set package 'explore_lite_msgs' build argument 'cmake_args' from command line to 'None'
[0.885s] Level 5:colcon.colcon_core.verb:set package 'explore_lite_msgs' build argument 'cmake_target' from command line to 'None'
[0.885s] Level 5:colcon.colcon_core.verb:set package 'explore_lite_msgs' build argument 'cmake_target_skip_unavailable' from command line to 'False'
[0.885s] Level 5:colcon.colcon_core.verb:set package 'explore_lite_msgs' build argument 'cmake_clean_cache' from command line to 'False'
[0.885s] Level 5:colcon.colcon_core.verb:set package 'explore_lite_msgs' build argument 'cmake_clean_first' from command line to 'False'
[0.885s] Level 5:colcon.colcon_core.verb:set package 'explore_lite_msgs' build argument 'cmake_force_configure' from command line to 'False'
[0.885s] Level 5:colcon.colcon_core.verb:set package 'explore_lite_msgs' build argument 'ament_cmake_args' from command line to 'None'
[0.885s] Level 5:colcon.colcon_core.verb:set package 'explore_lite_msgs' build argument 'catkin_cmake_args' from command line to 'None'
[0.885s] Level 5:colcon.colcon_core.verb:set package 'explore_lite_msgs' build argument 'catkin_skip_building_tests' from command line to 'False'
[0.885s] DEBUG:colcon.colcon_core.verb:Building package 'explore_lite_msgs' with the following arguments: {'ament_cmake_args': None, 'build_base': '/home/rpd/Nav2/build/explore_lite_msgs', 'catkin_cmake_args': None, 'catkin_skip_building_tests': False, 'cmake_args': None, 'cmake_clean_cache': False, 'cmake_clean_first': False, 'cmake_force_configure': False, 'cmake_target': None, 'cmake_target_skip_unavailable': False, 'install_base': '/home/rpd/Nav2/install/explore_lite_msgs', 'merge_install': False, 'path': '/home/rpd/Nav2/src/m-explore-ros2/explore_lite_msgs', 'symlink_install': False, 'test_result_base': None}
[0.886s] Level 5:colcon.colcon_core.verb:set package 'multirobot_map_merge' build argument 'cmake_args' from command line to 'None'
[0.886s] Level 5:colcon.colcon_core.verb:set package 'multirobot_map_merge' build argument 'cmake_target' from command line to 'None'
[0.886s] Level 5:colcon.colcon_core.verb:set package 'multirobot_map_merge' build argument 'cmake_target_skip_unavailable' from command line to 'False'
[0.886s] Level 5:colcon.colcon_core.verb:set package 'multirobot_map_merge' build argument 'cmake_clean_cache' from command line to 'False'
[0.886s] Level 5:colcon.colcon_core.verb:set package 'multirobot_map_merge' build argument 'cmake_clean_first' from command line to 'False'
[0.886s] Level 5:colcon.colcon_core.verb:set package 'multirobot_map_merge' build argument 'cmake_force_configure' from command line to 'False'
[0.886s] Level 5:colcon.colcon_core.verb:set package 'multirobot_map_merge' build argument 'ament_cmake_args' from command line to 'None'
[0.886s] Level 5:colcon.colcon_core.verb:set package 'multirobot_map_merge' build argument 'catkin_cmake_args' from command line to 'None'
[0.886s] Level 5:colcon.colcon_core.verb:set package 'multirobot_map_merge' build argument 'catkin_skip_building_tests' from command line to 'False'
[0.886s] DEBUG:colcon.colcon_core.verb:Building package 'multirobot_map_merge' with the following arguments: {'ament_cmake_args': None, 'build_base': '/home/rpd/Nav2/build/multirobot_map_merge', 'catkin_cmake_args': None, 'catkin_skip_building_tests': False, 'cmake_args': None, 'cmake_clean_cache': False, 'cmake_clean_first': False, 'cmake_force_configure': False, 'cmake_target': None, 'cmake_target_skip_unavailable': False, 'install_base': '/home/rpd/Nav2/install/multirobot_map_merge', 'merge_install': False, 'path': '/home/rpd/Nav2/src/m-explore-ros2/map_merge', 'symlink_install': False, 'test_result_base': None}
[0.886s] Level 5:colcon.colcon_core.verb:set package 'nav2' build argument 'cmake_args' from command line to 'None'
[0.886s] Level 5:colcon.colcon_core.verb:set package 'nav2' build argument 'cmake_target' from command line to 'None'
[0.886s] Level 5:colcon.colcon_core.verb:set package 'nav2' build argument 'cmake_target_skip_unavailable' from command line to 'False'
[0.886s] Level 5:colcon.colcon_core.verb:set package 'nav2' build argument 'cmake_clean_cache' from command line to 'False'
[0.886s] Level 5:colcon.colcon_core.verb:set package 'nav2' build argument 'cmake_clean_first' from command line to 'False'
[0.886s] Level 5:colcon.colcon_core.verb:set package 'nav2' build argument 'cmake_force_configure' from command line to 'False'
[0.886s] Level 5:colcon.colcon_core.verb:set package 'nav2' build argument 'ament_cmake_args' from command line to 'None'
[0.886s] Level 5:colcon.colcon_core.verb:set package 'nav2' build argument 'catkin_cmake_args' from command line to 'None'
[0.887s] Level 5:colcon.colcon_core.verb:set package 'nav2' build argument 'catkin_skip_building_tests' from command line to 'False'
[0.887s] DEBUG:colcon.colcon_core.verb:Building package 'nav2' with the following arguments: {'ament_cmake_args': None, 'build_base': '/home/rpd/Nav2/build/nav2', 'catkin_cmake_args': None, 'catkin_skip_building_tests': False, 'cmake_args': None, 'cmake_clean_cache': False, 'cmake_clean_first': False, 'cmake_force_configure': False, 'cmake_target': None, 'cmake_target_skip_unavailable': False, 'install_base': '/home/rpd/Nav2/install/nav2', 'merge_install': False, 'path': '/home/rpd/Nav2/src/nav2', 'symlink_install': False, 'test_result_base': None}
[0.887s] Level 5:colcon.colcon_core.verb:set package 'rplidar_ros' build argument 'cmake_args' from command line to 'None'
[0.887s] Level 5:colcon.colcon_core.verb:set package 'rplidar_ros' build argument 'cmake_target' from command line to 'None'
[0.887s] Level 5:colcon.colcon_core.verb:set package 'rplidar_ros' build argument 'cmake_target_skip_unavailable' from command line to 'False'
[0.887s] Level 5:colcon.colcon_core.verb:set package 'rplidar_ros' build argument 'cmake_clean_cache' from command line to 'False'
[0.887s] Level 5:colcon.colcon_core.verb:set package 'rplidar_ros' build argument 'cmake_clean_first' from command line to 'False'
[0.887s] Level 5:colcon.colcon_core.verb:set package 'rplidar_ros' build argument 'cmake_force_configure' from command line to 'False'
[0.887s] Level 5:colcon.colcon_core.verb:set package 'rplidar_ros' build argument 'ament_cmake_args' from command line to 'None'
[0.887s] Level 5:colcon.colcon_core.verb:set package 'rplidar_ros' build argument 'catkin_cmake_args' from command line to 'None'
[0.887s] Level 5:colcon.colcon_core.verb:set package 'rplidar_ros' build argument 'catkin_skip_building_tests' from command line to 'False'
[0.887s] DEBUG:colcon.colcon_core.verb:Building package 'rplidar_ros' with the following arguments: {'ament_cmake_args': None, 'build_base': '/home/rpd/Nav2/build/rplidar_ros', 'catkin_cmake_args': None, 'catkin_skip_building_tests': False, 'cmake_args': None, 'cmake_clean_cache': False, 'cmake_clean_first': False, 'cmake_force_configure': False, 'cmake_target': None, 'cmake_target_skip_unavailable': False, 'install_base': '/home/rpd/Nav2/install/rplidar_ros', 'merge_install': False, 'path': '/home/rpd/Nav2/src/rplidar_ros', 'symlink_install': False, 'test_result_base': None}
[0.887s] Level 5:colcon.colcon_core.verb:set package 'explore_lite' build argument 'cmake_args' from command line to 'None'
[0.887s] Level 5:colcon.colcon_core.verb:set package 'explore_lite' build argument 'cmake_target' from command line to 'None'
[0.887s] Level 5:colcon.colcon_core.verb:set package 'explore_lite' build argument 'cmake_target_skip_unavailable' from command line to 'False'
[0.887s] Level 5:colcon.colcon_core.verb:set package 'explore_lite' build argument 'cmake_clean_cache' from command line to 'False'
[0.887s] Level 5:colcon.colcon_core.verb:set package 'explore_lite' build argument 'cmake_clean_first' from command line to 'False'
[0.887s] Level 5:colcon.colcon_core.verb:set package 'explore_lite' build argument 'cmake_force_configure' from command line to 'False'
[0.888s] Level 5:colcon.colcon_core.verb:set package 'explore_lite' build argument 'ament_cmake_args' from command line to 'None'
[0.888s] Level 5:colcon.colcon_core.verb:set package 'explore_lite' build argument 'catkin_cmake_args' from command line to 'None'
[0.888s] Level 5:colcon.colcon_core.verb:set package 'explore_lite' build argument 'catkin_skip_building_tests' from command line to 'False'
[0.888s] DEBUG:colcon.colcon_core.verb:Building package 'explore_lite' with the following arguments: {'ament_cmake_args': None, 'build_base': '/home/rpd/Nav2/build/explore_lite', 'catkin_cmake_args': None, 'catkin_skip_building_tests': False, 'cmake_args': None, 'cmake_clean_cache': False, 'cmake_clean_first': False, 'cmake_force_configure': False, 'cmake_target': None, 'cmake_target_skip_unavailable': False, 'install_base': '/home/rpd/Nav2/install/explore_lite', 'merge_install': False, 'path': '/home/rpd/Nav2/src/m-explore-ros2/explore', 'symlink_install': False, 'test_result_base': None}
[0.888s] INFO:colcon.colcon_core.executor:Executing jobs using 'parallel' executor
[0.889s] DEBUG:colcon.colcon_parallel_executor.executor.parallel:run_until_complete
[0.890s] INFO:colcon.colcon_ros.task.ament_cmake.build:Building ROS package in '/home/rpd/Nav2/src/m-explore-ros2/explore_lite_msgs' with build type 'ament_cmake'
[0.890s] INFO:colcon.colcon_cmake.task.cmake.build:Building CMake package in '/home/rpd/Nav2/src/m-explore-ros2/explore_lite_msgs'
[0.898s] INFO:colcon.colcon_core.plugin_system:Skipping extension 'colcon_core.shell.bat': Not used on non-Windows systems
[0.898s] INFO:colcon.colcon_core.shell:Skip shell extension 'powershell' for command environment: Not usable outside of PowerShell
[0.898s] DEBUG:colcon.colcon_core.shell:Skip shell extension 'dsv' for command environment
[0.905s] INFO:colcon.colcon_ros.task.ament_cmake.build:Building ROS package in '/home/rpd/Nav2/src/m-explore-ros2/map_merge' with build type 'ament_cmake'
[0.905s] INFO:colcon.colcon_cmake.task.cmake.build:Building CMake package in '/home/rpd/Nav2/src/m-explore-ros2/map_merge'
[0.905s] INFO:colcon.colcon_core.shell:Skip shell extension 'powershell' for command environment: Not usable outside of PowerShell
[0.905s] DEBUG:colcon.colcon_core.shell:Skip shell extension 'dsv' for command environment
[0.911s] INFO:colcon.colcon_ros.task.ament_python.build:Building ROS package in '/home/rpd/Nav2/src/nav2' with build type 'ament_python'
[0.911s] Level 1:colcon.colcon_core.shell:create_environment_hook('nav2', 'ament_prefix_path')
[0.912s] INFO:colcon.colcon_core.shell:Creating environment hook '/home/rpd/Nav2/install/nav2/share/nav2/hook/ament_prefix_path.ps1'
[0.915s] INFO:colcon.colcon_core.shell:Creating environment descriptor '/home/rpd/Nav2/install/nav2/share/nav2/hook/ament_prefix_path.dsv'
[0.917s] INFO:colcon.colcon_core.shell:Creating environment hook '/home/rpd/Nav2/install/nav2/share/nav2/hook/ament_prefix_path.sh'
[0.918s] INFO:colcon.colcon_core.shell:Skip shell extension 'powershell' for command environment: Not usable outside of PowerShell
[0.918s] DEBUG:colcon.colcon_core.shell:Skip shell extension 'dsv' for command environment
[0.923s] INFO:colcon.colcon_ros.task.ament_cmake.build:Building ROS package in '/home/rpd/Nav2/src/rplidar_ros' with build type 'ament_cmake'
[0.924s] INFO:colcon.colcon_cmake.task.cmake.build:Building CMake package in '/home/rpd/Nav2/src/rplidar_ros'
[0.924s] INFO:colcon.colcon_core.shell:Skip shell extension 'powershell' for command environment: Not usable outside of PowerShell
[0.924s] DEBUG:colcon.colcon_core.shell:Skip shell extension 'dsv' for command environment
[0.941s] DEBUG:colcon.colcon_core.event_handler.log_command:Invoking command in '/home/rpd/Nav2/build/explore_lite_msgs': CMAKE_PREFIX_PATH=${CMAKE_PREFIX_PATH}:/opt/ros/jazzy /usr/bin/cmake --build /home/rpd/Nav2/build/explore_lite_msgs -- -j4 -l4
[0.954s] DEBUG:colcon.colcon_core.event_handler.log_command:Invoking command in '/home/rpd/Nav2/build/multirobot_map_merge': CMAKE_PREFIX_PATH=${CMAKE_PREFIX_PATH}:/opt/ros/jazzy /usr/bin/cmake --build /home/rpd/Nav2/build/multirobot_map_merge -- -j4 -l4
[1.313s] INFO:colcon.colcon_core.task.python.build:Building Python package in '/home/rpd/Nav2/src/nav2'
[1.314s] INFO:colcon.colcon_core.shell:Skip shell extension 'powershell' for command environment: Not usable outside of PowerShell
[1.314s] DEBUG:colcon.colcon_core.shell:Skip shell extension 'dsv' for command environment
[1.333s] DEBUG:colcon.colcon_core.event_handler.log_command:Invoking command in '/home/rpd/Nav2/build/rplidar_ros': CMAKE_PREFIX_PATH=${CMAKE_PREFIX_PATH}:/opt/ros/jazzy /usr/bin/cmake --build /home/rpd/Nav2/build/rplidar_ros -- -j4 -l4
[1.829s] DEBUG:colcon.colcon_core.event_handler.log_command:Invoked command in '/home/rpd/Nav2/build/rplidar_ros' returned '0': CMAKE_PREFIX_PATH=${CMAKE_PREFIX_PATH}:/opt/ros/jazzy /usr/bin/cmake --build /home/rpd/Nav2/build/rplidar_ros -- -j4 -l4
[1.905s] DEBUG:colcon.colcon_core.event_handler.log_command:Invoking command in '/home/rpd/Nav2/build/rplidar_ros': CMAKE_PREFIX_PATH=${CMAKE_PREFIX_PATH}:/opt/ros/jazzy /usr/bin/cmake --install /home/rpd/Nav2/build/rplidar_ros
[1.997s] Level 1:colcon.colcon_core.environment:create_environment_scripts_only(rplidar_ros)
[1.998s] DEBUG:colcon.colcon_core.event_handler.log_command:Invoked command in '/home/rpd/Nav2/build/rplidar_ros' returned '0': CMAKE_PREFIX_PATH=${CMAKE_PREFIX_PATH}:/opt/ros/jazzy /usr/bin/cmake --install /home/rpd/Nav2/build/rplidar_ros
[2.022s] Level 1:colcon.colcon_core.environment:checking '/home/rpd/Nav2/install/rplidar_ros' for CMake module files
[2.023s] Level 1:colcon.colcon_core.environment:checking '/home/rpd/Nav2/install/rplidar_ros' for CMake config files
[2.026s] Level 1:colcon.colcon_core.shell:create_environment_hook('rplidar_ros', 'cmake_prefix_path')
[2.026s] INFO:colcon.colcon_core.shell:Creating environment hook '/home/rpd/Nav2/install/rplidar_ros/share/rplidar_ros/hook/cmake_prefix_path.ps1'
[2.028s] INFO:colcon.colcon_core.shell:Creating environment descriptor '/home/rpd/Nav2/install/rplidar_ros/share/rplidar_ros/hook/cmake_prefix_path.dsv'
[2.029s] INFO:colcon.colcon_core.shell:Creating environment hook '/home/rpd/Nav2/install/rplidar_ros/share/rplidar_ros/hook/cmake_prefix_path.sh'
[2.031s] Level 1:colcon.colcon_core.environment:checking '/home/rpd/Nav2/install/rplidar_ros/lib'
[2.032s] Level 1:colcon.colcon_core.environment:checking '/home/rpd/Nav2/install/rplidar_ros/bin'
[2.032s] Level 1:colcon.colcon_core.environment:checking '/home/rpd/Nav2/install/rplidar_ros/lib/pkgconfig/rplidar_ros.pc'
[2.032s] Level 1:colcon.colcon_core.environment:checking '/home/rpd/Nav2/install/rplidar_ros/lib/python3.12/site-packages'
[2.033s] Level 1:colcon.colcon_core.environment:checking '/home/rpd/Nav2/install/rplidar_ros/bin'
[2.034s] INFO:colcon.colcon_core.shell:Creating package script '/home/rpd/Nav2/install/rplidar_ros/share/rplidar_ros/package.ps1'
[2.039s] INFO:colcon.colcon_core.shell:Creating package descriptor '/home/rpd/Nav2/install/rplidar_ros/share/rplidar_ros/package.dsv'
[2.041s] INFO:colcon.colcon_core.shell:Creating package script '/home/rpd/Nav2/install/rplidar_ros/share/rplidar_ros/package.sh'
[2.043s] INFO:colcon.colcon_core.shell:Creating package script '/home/rpd/Nav2/install/rplidar_ros/share/rplidar_ros/package.bash'
[2.049s] INFO:colcon.colcon_core.shell:Creating package script '/home/rpd/Nav2/install/rplidar_ros/share/rplidar_ros/package.zsh'
[2.052s] Level 1:colcon.colcon_core.environment:create_file_with_runtime_dependencies(/home/rpd/Nav2/install/rplidar_ros/share/colcon-core/packages/rplidar_ros)
[2.055s] Level 1:colcon.colcon_core.environment:create_environment_scripts_only(rplidar_ros)
[2.055s] Level 1:colcon.colcon_core.environment:checking '/home/rpd/Nav2/install/rplidar_ros' for CMake module files
[2.056s] Level 1:colcon.colcon_core.environment:checking '/home/rpd/Nav2/install/rplidar_ros' for CMake config files
[2.057s] Level 1:colcon.colcon_core.shell:create_environment_hook('rplidar_ros', 'cmake_prefix_path')
[2.057s] INFO:colcon.colcon_core.shell:Creating environment hook '/home/rpd/Nav2/install/rplidar_ros/share/rplidar_ros/hook/cmake_prefix_path.ps1'
[2.058s] INFO:colcon.colcon_core.shell:Creating environment descriptor '/home/rpd/Nav2/install/rplidar_ros/share/rplidar_ros/hook/cmake_prefix_path.dsv'
[2.058s] INFO:colcon.colcon_core.shell:Creating environment hook '/home/rpd/Nav2/install/rplidar_ros/share/rplidar_ros/hook/cmake_prefix_path.sh'
[2.059s] Level 1:colcon.colcon_core.environment:checking '/home/rpd/Nav2/install/rplidar_ros/lib'
[2.059s] Level 1:colcon.colcon_core.environment:checking '/home/rpd/Nav2/install/rplidar_ros/bin'
[2.059s] Level 1:colcon.colcon_core.environment:checking '/home/rpd/Nav2/install/rplidar_ros/lib/pkgconfig/rplidar_ros.pc'
[2.059s] Level 1:colcon.colcon_core.environment:checking '/home/rpd/Nav2/install/rplidar_ros/lib/python3.12/site-packages'
[2.060s] Level 1:colcon.colcon_core.environment:checking '/home/rpd/Nav2/install/rplidar_ros/bin'
[2.060s] INFO:colcon.colcon_core.shell:Creating package script '/home/rpd/Nav2/install/rplidar_ros/share/rplidar_ros/package.ps1'
[2.062s] INFO:colcon.colcon_core.shell:Creating package descriptor '/home/rpd/Nav2/install/rplidar_ros/share/rplidar_ros/package.dsv'
[2.063s] INFO:colcon.colcon_core.shell:Creating package script '/home/rpd/Nav2/install/rplidar_ros/share/rplidar_ros/package.sh'
[2.063s] INFO:colcon.colcon_core.shell:Creating package script '/home/rpd/Nav2/install/rplidar_ros/share/rplidar_ros/package.bash'
[2.064s] INFO:colcon.colcon_core.shell:Creating package script '/home/rpd/Nav2/install/rplidar_ros/share/rplidar_ros/package.zsh'
[2.064s] Level 1:colcon.colcon_core.environment:create_file_with_runtime_dependencies(/home/rpd/Nav2/install/rplidar_ros/share/colcon-core/packages/rplidar_ros)
[2.143s] DEBUG:colcon.colcon_core.event_handler.log_command:Invoked command in '/home/rpd/Nav2/build/multirobot_map_merge' returned '0': CMAKE_PREFIX_PATH=${CMAKE_PREFIX_PATH}:/opt/ros/jazzy /usr/bin/cmake --build /home/rpd/Nav2/build/multirobot_map_merge -- -j4 -l4
[2.149s] DEBUG:colcon.colcon_core.event_handler.log_command:Invoking command in '/home/rpd/Nav2/build/multirobot_map_merge': CMAKE_PREFIX_PATH=${CMAKE_PREFIX_PATH}:/opt/ros/jazzy /usr/bin/cmake --install /home/rpd/Nav2/build/multirobot_map_merge
[2.276s] Level 1:colcon.colcon_core.environment:create_environment_scripts_only(multirobot_map_merge)
[2.277s] Level 1:colcon.colcon_core.environment:checking '/home/rpd/Nav2/install/multirobot_map_merge' for CMake module files
[2.278s] Level 1:colcon.colcon_core.environment:checking '/home/rpd/Nav2/install/multirobot_map_merge' for CMake config files
[2.281s] DEBUG:colcon.colcon_core.event_handler.log_command:Invoked command in '/home/rpd/Nav2/build/multirobot_map_merge' returned '0': CMAKE_PREFIX_PATH=${CMAKE_PREFIX_PATH}:/opt/ros/jazzy /usr/bin/cmake --install /home/rpd/Nav2/build/multirobot_map_merge
[2.282s] Level 1:colcon.colcon_core.shell:create_environment_hook('multirobot_map_merge', 'cmake_prefix_path')
[2.283s] INFO:colcon.colcon_core.shell:Creating environment hook '/home/rpd/Nav2/install/multirobot_map_merge/share/multirobot_map_merge/hook/cmake_prefix_path.ps1'
[2.284s] INFO:colcon.colcon_core.shell:Creating environment descriptor '/home/rpd/Nav2/install/multirobot_map_merge/share/multirobot_map_merge/hook/cmake_prefix_path.dsv'
[2.285s] INFO:colcon.colcon_core.shell:Creating environment hook '/home/rpd/Nav2/install/multirobot_map_merge/share/multirobot_map_merge/hook/cmake_prefix_path.sh'
[2.287s] Level 1:colcon.colcon_core.environment:checking '/home/rpd/Nav2/install/multirobot_map_merge/lib'
[2.288s] Level 1:colcon.colcon_core.environment:checking '/home/rpd/Nav2/install/multirobot_map_merge/bin'
[2.288s] Level 1:colcon.colcon_core.environment:checking '/home/rpd/Nav2/install/multirobot_map_merge/lib/pkgconfig/multirobot_map_merge.pc'
[2.289s] Level 1:colcon.colcon_core.environment:checking '/home/rpd/Nav2/install/multirobot_map_merge/lib/python3.12/site-packages'
[2.292s] Level 1:colcon.colcon_core.environment:checking '/home/rpd/Nav2/install/multirobot_map_merge/bin'
[2.293s] INFO:colcon.colcon_core.shell:Creating package script '/home/rpd/Nav2/install/multirobot_map_merge/share/multirobot_map_merge/package.ps1'
[2.295s] INFO:colcon.colcon_core.shell:Creating package descriptor '/home/rpd/Nav2/install/multirobot_map_merge/share/multirobot_map_merge/package.dsv'
[2.299s] INFO:colcon.colcon_core.shell:Creating package script '/home/rpd/Nav2/install/multirobot_map_merge/share/multirobot_map_merge/package.sh'
[2.303s] INFO:colcon.colcon_core.shell:Creating package script '/home/rpd/Nav2/install/multirobot_map_merge/share/multirobot_map_merge/package.bash'
[2.304s] INFO:colcon.colcon_core.shell:Creating package script '/home/rpd/Nav2/install/multirobot_map_merge/share/multirobot_map_merge/package.zsh'
[2.306s] Level 1:colcon.colcon_core.environment:create_file_with_runtime_dependencies(/home/rpd/Nav2/install/multirobot_map_merge/share/colcon-core/packages/multirobot_map_merge)
[2.310s] Level 1:colcon.colcon_core.environment:create_environment_scripts_only(multirobot_map_merge)
[2.311s] Level 1:colcon.colcon_core.environment:checking '/home/rpd/Nav2/install/multirobot_map_merge' for CMake module files
[2.313s] Level 1:colcon.colcon_core.environment:checking '/home/rpd/Nav2/install/multirobot_map_merge' for CMake config files
[2.313s] Level 1:colcon.colcon_core.shell:create_environment_hook('multirobot_map_merge', 'cmake_prefix_path')
[2.313s] INFO:colcon.colcon_core.shell:Creating environment hook '/home/rpd/Nav2/install/multirobot_map_merge/share/multirobot_map_merge/hook/cmake_prefix_path.ps1'
[2.314s] INFO:colcon.colcon_core.shell:Creating environment descriptor '/home/rpd/Nav2/install/multirobot_map_merge/share/multirobot_map_merge/hook/cmake_prefix_path.dsv'
[2.314s] INFO:colcon.colcon_core.shell:Creating environment hook '/home/rpd/Nav2/install/multirobot_map_merge/share/multirobot_map_merge/hook/cmake_prefix_path.sh'
[2.315s] Level 1:colcon.colcon_core.environment:checking '/home/rpd/Nav2/install/multirobot_map_merge/lib'
[2.315s] Level 1:colcon.colcon_core.environment:checking '/home/rpd/Nav2/install/multirobot_map_merge/bin'
[2.315s] Level 1:colcon.colcon_core.environment:checking '/home/rpd/Nav2/install/multirobot_map_merge/lib/pkgconfig/multirobot_map_merge.pc'
[2.316s] Level 1:colcon.colcon_core.environment:checking '/home/rpd/Nav2/install/multirobot_map_merge/lib/python3.12/site-packages'
[2.316s] Level 1:colcon.colcon_core.environment:checking '/home/rpd/Nav2/install/multirobot_map_merge/bin'
[2.317s] INFO:colcon.colcon_core.shell:Creating package script '/home/rpd/Nav2/install/multirobot_map_merge/share/multirobot_map_merge/package.ps1'
[2.318s] INFO:colcon.colcon_core.shell:Creating package descriptor '/home/rpd/Nav2/install/multirobot_map_merge/share/multirobot_map_merge/package.dsv'
[2.318s] INFO:colcon.colcon_core.shell:Creating package script '/home/rpd/Nav2/install/multirobot_map_merge/share/multirobot_map_merge/package.sh'
[2.319s] INFO:colcon.colcon_core.shell:Creating package script '/home/rpd/Nav2/install/multirobot_map_merge/share/multirobot_map_merge/package.bash'
[2.319s] INFO:colcon.colcon_core.shell:Creating package script '/home/rpd/Nav2/install/multirobot_map_merge/share/multirobot_map_merge/package.zsh'
[2.319s] Level 1:colcon.colcon_core.environment:create_file_with_runtime_dependencies(/home/rpd/Nav2/install/multirobot_map_merge/share/colcon-core/packages/multirobot_map_merge)
[2.498s] DEBUG:colcon.colcon_core.event_handler.log_command:Invoked command in '/home/rpd/Nav2/build/explore_lite_msgs' returned '0': CMAKE_PREFIX_PATH=${CMAKE_PREFIX_PATH}:/opt/ros/jazzy /usr/bin/cmake --build /home/rpd/Nav2/build/explore_lite_msgs -- -j4 -l4
[2.504s] DEBUG:colcon.colcon_core.event_handler.log_command:Invoking command in '/home/rpd/Nav2/build/explore_lite_msgs': CMAKE_PREFIX_PATH=${CMAKE_PREFIX_PATH}:/opt/ros/jazzy /usr/bin/cmake --install /home/rpd/Nav2/build/explore_lite_msgs
[2.672s] Level 1:colcon.colcon_core.environment:create_environment_scripts_only(explore_lite_msgs)
[2.673s] Level 1:colcon.colcon_core.environment:checking '/home/rpd/Nav2/install/explore_lite_msgs' for CMake module files
[2.673s] DEBUG:colcon.colcon_core.event_handler.log_command:Invoked command in '/home/rpd/Nav2/build/explore_lite_msgs' returned '0': CMAKE_PREFIX_PATH=${CMAKE_PREFIX_PATH}:/opt/ros/jazzy /usr/bin/cmake --install /home/rpd/Nav2/build/explore_lite_msgs
[2.675s] Level 1:colcon.colcon_core.environment:checking '/home/rpd/Nav2/install/explore_lite_msgs' for CMake config files
[2.676s] Level 1:colcon.colcon_core.shell:create_environment_hook('explore_lite_msgs', 'cmake_prefix_path')
[2.677s] INFO:colcon.colcon_core.shell:Creating environment hook '/home/rpd/Nav2/install/explore_lite_msgs/share/explore_lite_msgs/hook/cmake_prefix_path.ps1'
[2.678s] INFO:colcon.colcon_core.shell:Creating environment descriptor '/home/rpd/Nav2/install/explore_lite_msgs/share/explore_lite_msgs/hook/cmake_prefix_path.dsv'
[2.678s] INFO:colcon.colcon_core.shell:Creating environment hook '/home/rpd/Nav2/install/explore_lite_msgs/share/explore_lite_msgs/hook/cmake_prefix_path.sh'
[2.679s] Level 1:colcon.colcon_core.environment:checking '/home/rpd/Nav2/install/explore_lite_msgs/lib'
[2.679s] Level 1:colcon.colcon_core.shell:create_environment_hook('explore_lite_msgs', 'ld_library_path_lib')
[2.680s] INFO:colcon.colcon_core.shell:Creating environment hook '/home/rpd/Nav2/install/explore_lite_msgs/share/explore_lite_msgs/hook/ld_library_path_lib.ps1'
[2.680s] INFO:colcon.colcon_core.shell:Creating environment descriptor '/home/rpd/Nav2/install/explore_lite_msgs/share/explore_lite_msgs/hook/ld_library_path_lib.dsv'
[2.681s] INFO:colcon.colcon_core.shell:Creating environment hook '/home/rpd/Nav2/install/explore_lite_msgs/share/explore_lite_msgs/hook/ld_library_path_lib.sh'
[2.681s] Level 1:colcon.colcon_core.environment:checking '/home/rpd/Nav2/install/explore_lite_msgs/bin'
[2.681s] Level 1:colcon.colcon_core.environment:checking '/home/rpd/Nav2/install/explore_lite_msgs/lib/pkgconfig/explore_lite_msgs.pc'
[2.682s] Level 1:colcon.colcon_core.environment:checking '/home/rpd/Nav2/install/explore_lite_msgs/lib/python3.12/site-packages'
[2.682s] Level 1:colcon.colcon_core.shell:create_environment_hook('explore_lite_msgs', 'pythonpath')
[2.682s] INFO:colcon.colcon_core.shell:Creating environment hook '/home/rpd/Nav2/install/explore_lite_msgs/share/explore_lite_msgs/hook/pythonpath.ps1'
[2.683s] INFO:colcon.colcon_core.shell:Creating environment descriptor '/home/rpd/Nav2/install/explore_lite_msgs/share/explore_lite_msgs/hook/pythonpath.dsv'
[2.684s] INFO:colcon.colcon_core.shell:Creating environment hook '/home/rpd/Nav2/install/explore_lite_msgs/share/explore_lite_msgs/hook/pythonpath.sh'
[2.685s] Level 1:colcon.colcon_core.environment:checking '/home/rpd/Nav2/install/explore_lite_msgs/bin'
[2.686s] INFO:colcon.colcon_core.shell:Creating package script '/home/rpd/Nav2/install/explore_lite_msgs/share/explore_lite_msgs/package.ps1'
[2.687s] INFO:colcon.colcon_core.shell:Creating package descriptor '/home/rpd/Nav2/install/explore_lite_msgs/share/explore_lite_msgs/package.dsv'
[2.688s] INFO:colcon.colcon_core.shell:Creating package script '/home/rpd/Nav2/install/explore_lite_msgs/share/explore_lite_msgs/package.sh'
[2.689s] INFO:colcon.colcon_core.shell:Creating package script '/home/rpd/Nav2/install/explore_lite_msgs/share/explore_lite_msgs/package.bash'
[2.689s] INFO:colcon.colcon_core.shell:Creating package script '/home/rpd/Nav2/install/explore_lite_msgs/share/explore_lite_msgs/package.zsh'
[2.690s] Level 1:colcon.colcon_core.environment:create_file_with_runtime_dependencies(/home/rpd/Nav2/install/explore_lite_msgs/share/colcon-core/packages/explore_lite_msgs)
[2.695s] Level 1:colcon.colcon_core.environment:create_environment_scripts_only(explore_lite_msgs)
[2.696s] Level 1:colcon.colcon_core.environment:checking '/home/rpd/Nav2/install/explore_lite_msgs' for CMake module files
[2.696s] Level 1:colcon.colcon_core.environment:checking '/home/rpd/Nav2/install/explore_lite_msgs' for CMake config files
[2.697s] Level 1:colcon.colcon_core.shell:create_environment_hook('explore_lite_msgs', 'cmake_prefix_path')
[2.697s] INFO:colcon.colcon_core.shell:Creating environment hook '/home/rpd/Nav2/install/explore_lite_msgs/share/explore_lite_msgs/hook/cmake_prefix_path.ps1'
[2.698s] INFO:colcon.colcon_core.shell:Creating environment descriptor '/home/rpd/Nav2/install/explore_lite_msgs/share/explore_lite_msgs/hook/cmake_prefix_path.dsv'
[2.699s] INFO:colcon.colcon_core.shell:Creating environment hook '/home/rpd/Nav2/install/explore_lite_msgs/share/explore_lite_msgs/hook/cmake_prefix_path.sh'
[2.700s] Level 1:colcon.colcon_core.environment:checking '/home/rpd/Nav2/install/explore_lite_msgs/lib'
[2.700s] Level 1:colcon.colcon_core.shell:create_environment_hook('explore_lite_msgs', 'ld_library_path_lib')
[2.700s] INFO:colcon.colcon_core.shell:Creating environment hook '/home/rpd/Nav2/install/explore_lite_msgs/share/explore_lite_msgs/hook/ld_library_path_lib.ps1'
[2.701s] INFO:colcon.colcon_core.shell:Creating environment descriptor '/home/rpd/Nav2/install/explore_lite_msgs/share/explore_lite_msgs/hook/ld_library_path_lib.dsv'
[2.702s] INFO:colcon.colcon_core.shell:Creating environment hook '/home/rpd/Nav2/install/explore_lite_msgs/share/explore_lite_msgs/hook/ld_library_path_lib.sh'
[2.703s] Level 1:colcon.colcon_core.environment:checking '/home/rpd/Nav2/install/explore_lite_msgs/bin'
[2.703s] Level 1:colcon.colcon_core.environment:checking '/home/rpd/Nav2/install/explore_lite_msgs/lib/pkgconfig/explore_lite_msgs.pc'
[2.703s] Level 1:colcon.colcon_core.environment:checking '/home/rpd/Nav2/install/explore_lite_msgs/lib/python3.12/site-packages'
[2.704s] Level 1:colcon.colcon_core.shell:create_environment_hook('explore_lite_msgs', 'pythonpath')
[2.704s] INFO:colcon.colcon_core.shell:Creating environment hook '/home/rpd/Nav2/install/explore_lite_msgs/share/explore_lite_msgs/hook/pythonpath.ps1'
[2.705s] INFO:colcon.colcon_core.shell:Creating environment descriptor '/home/rpd/Nav2/install/explore_lite_msgs/share/explore_lite_msgs/hook/pythonpath.dsv'
[2.705s] INFO:colcon.colcon_core.shell:Creating environment hook '/home/rpd/Nav2/install/explore_lite_msgs/share/explore_lite_msgs/hook/pythonpath.sh'
[2.707s] Level 1:colcon.colcon_core.environment:checking '/home/rpd/Nav2/install/explore_lite_msgs/bin'
[2.707s] INFO:colcon.colcon_core.shell:Creating package script '/home/rpd/Nav2/install/explore_lite_msgs/share/explore_lite_msgs/package.ps1'
[2.709s] INFO:colcon.colcon_core.shell:Creating package descriptor '/home/rpd/Nav2/install/explore_lite_msgs/share/explore_lite_msgs/package.dsv'
[2.710s] INFO:colcon.colcon_core.shell:Creating package script '/home/rpd/Nav2/install/explore_lite_msgs/share/explore_lite_msgs/package.sh'
[2.711s] INFO:colcon.colcon_core.shell:Creating package script '/home/rpd/Nav2/install/explore_lite_msgs/share/explore_lite_msgs/package.bash'
[2.712s] INFO:colcon.colcon_core.shell:Creating package script '/home/rpd/Nav2/install/explore_lite_msgs/share/explore_lite_msgs/package.zsh'
[2.712s] Level 1:colcon.colcon_core.environment:create_file_with_runtime_dependencies(/home/rpd/Nav2/install/explore_lite_msgs/share/colcon-core/packages/explore_lite_msgs)
[2.713s] INFO:colcon.colcon_ros.task.ament_cmake.build:Building ROS package in '/home/rpd/Nav2/src/m-explore-ros2/explore' with build type 'ament_cmake'
[2.713s] INFO:colcon.colcon_cmake.task.cmake.build:Building CMake package in '/home/rpd/Nav2/src/m-explore-ros2/explore'
[2.713s] INFO:colcon.colcon_core.shell:Skip shell extension 'powershell' for command environment: Not usable outside of PowerShell
[2.714s] DEBUG:colcon.colcon_core.shell:Skip shell extension 'dsv' for command environment
[2.740s] DEBUG:colcon.colcon_core.event_handler.log_command:Invoking command in '/home/rpd/Nav2/build/explore_lite': AMENT_PREFIX_PATH=/home/rpd/Nav2/install/explore_lite_msgs:${AMENT_PREFIX_PATH} CMAKE_PREFIX_PATH=/home/rpd/Nav2/install/explore_lite_msgs:/opt/ros/jazzy/opt/gz_sim_vendor:/opt/ros/jazzy/opt/gz_sensors_vendor:/opt/ros/jazzy/opt/gz_physics_vendor:/opt/ros/jazzy/opt/sdformat_vendor:/opt/ros/jazzy/opt/gz_gui_vendor:/opt/ros/jazzy/opt/gz_transport_vendor:/opt/ros/jazzy/opt/gz_rendering_vendor:/opt/ros/jazzy/opt/gz_plugin_vendor:/opt/ros/jazzy/opt/gz_fuel_tools_vendor:/opt/ros/jazzy/opt/gz_msgs_vendor:/opt/ros/jazzy/opt/gz_common_vendor:/opt/ros/jazzy/opt/gz_math_vendor:/opt/ros/jazzy/opt/gz_utils_vendor:/opt/ros/jazzy/opt/gz_tools_vendor:/opt/ros/jazzy/opt/gz_ogre_next_vendor:/opt/ros/jazzy/opt/gz_dartsim_vendor:/opt/ros/jazzy/opt/gz_cmake_vendor:/opt/ros/jazzy LD_LIBRARY_PATH=/home/rpd/Nav2/install/explore_lite_msgs/lib:${LD_LIBRARY_PATH} PYTHONPATH=/home/rpd/Nav2/install/explore_lite_msgs/lib/python3.12/site-packages:${PYTHONPATH} /usr/bin/cmake --build /home/rpd/Nav2/build/explore_lite -- -j4 -l4
[3.003s] DEBUG:colcon.colcon_core.event_handler.log_command:Invoked command in '/home/rpd/Nav2/build/explore_lite' returned '0': AMENT_PREFIX_PATH=/home/rpd/Nav2/install/explore_lite_msgs:${AMENT_PREFIX_PATH} CMAKE_PREFIX_PATH=/home/rpd/Nav2/install/explore_lite_msgs:/opt/ros/jazzy/opt/gz_sim_vendor:/opt/ros/jazzy/opt/gz_sensors_vendor:/opt/ros/jazzy/opt/gz_physics_vendor:/opt/ros/jazzy/opt/sdformat_vendor:/opt/ros/jazzy/opt/gz_gui_vendor:/opt/ros/jazzy/opt/gz_transport_vendor:/opt/ros/jazzy/opt/gz_rendering_vendor:/opt/ros/jazzy/opt/gz_plugin_vendor:/opt/ros/jazzy/opt/gz_fuel_tools_vendor:/opt/ros/jazzy/opt/gz_msgs_vendor:/opt/ros/jazzy/opt/gz_common_vendor:/opt/ros/jazzy/opt/gz_math_vendor:/opt/ros/jazzy/opt/gz_utils_vendor:/opt/ros/jazzy/opt/gz_tools_vendor:/opt/ros/jazzy/opt/gz_ogre_next_vendor:/opt/ros/jazzy/opt/gz_dartsim_vendor:/opt/ros/jazzy/opt/gz_cmake_vendor:/opt/ros/jazzy LD_LIBRARY_PATH=/home/rpd/Nav2/install/explore_lite_msgs/lib:${LD_LIBRARY_PATH} PYTHONPATH=/home/rpd/Nav2/install/explore_lite_msgs/lib/python3.12/site-packages:${PYTHONPATH} /usr/bin/cmake --build /home/rpd/Nav2/build/explore_lite -- -j4 -l4
[3.007s] DEBUG:colcon.colcon_core.event_handler.log_command:Invoking command in '/home/rpd/Nav2/build/explore_lite': AMENT_PREFIX_PATH=/home/rpd/Nav2/install/explore_lite_msgs:${AMENT_PREFIX_PATH} CMAKE_PREFIX_PATH=/home/rpd/Nav2/install/explore_lite_msgs:/opt/ros/jazzy/opt/gz_sim_vendor:/opt/ros/jazzy/opt/gz_sensors_vendor:/opt/ros/jazzy/opt/gz_physics_vendor:/opt/ros/jazzy/opt/sdformat_vendor:/opt/ros/jazzy/opt/gz_gui_vendor:/opt/ros/jazzy/opt/gz_transport_vendor:/opt/ros/jazzy/opt/gz_rendering_vendor:/opt/ros/jazzy/opt/gz_plugin_vendor:/opt/ros/jazzy/opt/gz_fuel_tools_vendor:/opt/ros/jazzy/opt/gz_msgs_vendor:/opt/ros/jazzy/opt/gz_common_vendor:/opt/ros/jazzy/opt/gz_math_vendor:/opt/ros/jazzy/opt/gz_utils_vendor:/opt/ros/jazzy/opt/gz_tools_vendor:/opt/ros/jazzy/opt/gz_ogre_next_vendor:/opt/ros/jazzy/opt/gz_dartsim_vendor:/opt/ros/jazzy/opt/gz_cmake_vendor:/opt/ros/jazzy LD_LIBRARY_PATH=/home/rpd/Nav2/install/explore_lite_msgs/lib:${LD_LIBRARY_PATH} PYTHONPATH=/home/rpd/Nav2/install/explore_lite_msgs/lib/python3.12/site-packages:${PYTHONPATH} /usr/bin/cmake --install /home/rpd/Nav2/build/explore_lite
[3.038s] Level 1:colcon.colcon_core.environment:create_environment_scripts_only(explore_lite)
[3.038s] Level 1:colcon.colcon_core.environment:checking '/home/rpd/Nav2/install/explore_lite' for CMake module files
[3.039s] DEBUG:colcon.colcon_core.event_handler.log_command:Invoked command in '/home/rpd/Nav2/build/explore_lite' returned '0': AMENT_PREFIX_PATH=/home/rpd/Nav2/install/explore_lite_msgs:${AMENT_PREFIX_PATH} CMAKE_PREFIX_PATH=/home/rpd/Nav2/install/explore_lite_msgs:/opt/ros/jazzy/opt/gz_sim_vendor:/opt/ros/jazzy/opt/gz_sensors_vendor:/opt/ros/jazzy/opt/gz_physics_vendor:/opt/ros/jazzy/opt/sdformat_vendor:/opt/ros/jazzy/opt/gz_gui_vendor:/opt/ros/jazzy/opt/gz_transport_vendor:/opt/ros/jazzy/opt/gz_rendering_vendor:/opt/ros/jazzy/opt/gz_plugin_vendor:/opt/ros/jazzy/opt/gz_fuel_tools_vendor:/opt/ros/jazzy/opt/gz_msgs_vendor:/opt/ros/jazzy/opt/gz_common_vendor:/opt/ros/jazzy/opt/gz_math_vendor:/opt/ros/jazzy/opt/gz_utils_vendor:/opt/ros/jazzy/opt/gz_tools_vendor:/opt/ros/jazzy/opt/gz_ogre_next_vendor:/opt/ros/jazzy/opt/gz_dartsim_vendor:/opt/ros/jazzy/opt/gz_cmake_vendor:/opt/ros/jazzy LD_LIBRARY_PATH=/home/rpd/Nav2/install/explore_lite_msgs/lib:${LD_LIBRARY_PATH} PYTHONPATH=/home/rpd/Nav2/install/explore_lite_msgs/lib/python3.12/site-packages:${PYTHONPATH} /usr/bin/cmake --install /home/rpd/Nav2/build/explore_lite
[3.040s] Level 1:colcon.colcon_core.environment:checking '/home/rpd/Nav2/install/explore_lite' for CMake config files
[3.041s] Level 1:colcon.colcon_core.shell:create_environment_hook('explore_lite', 'cmake_prefix_path')
[3.042s] INFO:colcon.colcon_core.shell:Creating environment hook '/home/rpd/Nav2/install/explore_lite/share/explore_lite/hook/cmake_prefix_path.ps1'
[3.042s] INFO:colcon.colcon_core.shell:Creating environment descriptor '/home/rpd/Nav2/install/explore_lite/share/explore_lite/hook/cmake_prefix_path.dsv'
[3.043s] INFO:colcon.colcon_core.shell:Creating environment hook '/home/rpd/Nav2/install/explore_lite/share/explore_lite/hook/cmake_prefix_path.sh'
[3.046s] Level 1:colcon.colcon_core.environment:checking '/home/rpd/Nav2/install/explore_lite/lib'
[3.046s] Level 1:colcon.colcon_core.environment:checking '/home/rpd/Nav2/install/explore_lite/bin'
[3.046s] Level 1:colcon.colcon_core.environment:checking '/home/rpd/Nav2/install/explore_lite/lib/pkgconfig/explore_lite.pc'
[3.046s] Level 1:colcon.colcon_core.environment:checking '/home/rpd/Nav2/install/explore_lite/lib/python3.12/site-packages'
[3.047s] Level 1:colcon.colcon_core.environment:checking '/home/rpd/Nav2/install/explore_lite/bin'
[3.047s] INFO:colcon.colcon_core.shell:Creating package script '/home/rpd/Nav2/install/explore_lite/share/explore_lite/package.ps1'
[3.048s] INFO:colcon.colcon_core.shell:Creating package descriptor '/home/rpd/Nav2/install/explore_lite/share/explore_lite/package.dsv'
[3.049s] INFO:colcon.colcon_core.shell:Creating package script '/home/rpd/Nav2/install/explore_lite/share/explore_lite/package.sh'
[3.049s] INFO:colcon.colcon_core.shell:Creating package script '/home/rpd/Nav2/install/explore_lite/share/explore_lite/package.bash'
[3.050s] INFO:colcon.colcon_core.shell:Creating package script '/home/rpd/Nav2/install/explore_lite/share/explore_lite/package.zsh'
[3.051s] Level 1:colcon.colcon_core.environment:create_file_with_runtime_dependencies(/home/rpd/Nav2/install/explore_lite/share/colcon-core/packages/explore_lite)
[3.052s] Level 1:colcon.colcon_core.environment:create_environment_scripts_only(explore_lite)
[3.052s] Level 1:colcon.colcon_core.environment:checking '/home/rpd/Nav2/install/explore_lite' for CMake module files
[3.053s] Level 1:colcon.colcon_core.environment:checking '/home/rpd/Nav2/install/explore_lite' for CMake config files
[3.054s] Level 1:colcon.colcon_core.shell:create_environment_hook('explore_lite', 'cmake_prefix_path')
[3.054s] INFO:colcon.colcon_core.shell:Creating environment hook '/home/rpd/Nav2/install/explore_lite/share/explore_lite/hook/cmake_prefix_path.ps1'
[3.055s] INFO:colcon.colcon_core.shell:Creating environment descriptor '/home/rpd/Nav2/install/explore_lite/share/explore_lite/hook/cmake_prefix_path.dsv'
[3.056s] INFO:colcon.colcon_core.shell:Creating environment hook '/home/rpd/Nav2/install/explore_lite/share/explore_lite/hook/cmake_prefix_path.sh'
[3.056s] Level 1:colcon.colcon_core.environment:checking '/home/rpd/Nav2/install/explore_lite/lib'
[3.057s] Level 1:colcon.colcon_core.environment:checking '/home/rpd/Nav2/install/explore_lite/bin'
[3.057s] Level 1:colcon.colcon_core.environment:checking '/home/rpd/Nav2/install/explore_lite/lib/pkgconfig/explore_lite.pc'
[3.057s] Level 1:colcon.colcon_core.environment:checking '/home/rpd/Nav2/install/explore_lite/lib/python3.12/site-packages'
[3.057s] Level 1:colcon.colcon_core.environment:checking '/home/rpd/Nav2/install/explore_lite/bin'
[3.058s] INFO:colcon.colcon_core.shell:Creating package script '/home/rpd/Nav2/install/explore_lite/share/explore_lite/package.ps1'
[3.059s] INFO:colcon.colcon_core.shell:Creating package descriptor '/home/rpd/Nav2/install/explore_lite/share/explore_lite/package.dsv'
[3.059s] INFO:colcon.colcon_core.shell:Creating package script '/home/rpd/Nav2/install/explore_lite/share/explore_lite/package.sh'
[3.060s] INFO:colcon.colcon_core.shell:Creating package script '/home/rpd/Nav2/install/explore_lite/share/explore_lite/package.bash'
[3.061s] INFO:colcon.colcon_core.shell:Creating package script '/home/rpd/Nav2/install/explore_lite/share/explore_lite/package.zsh'
[3.061s] Level 1:colcon.colcon_core.environment:create_file_with_runtime_dependencies(/home/rpd/Nav2/install/explore_lite/share/colcon-core/packages/explore_lite)
[3.365s] DEBUG:colcon.colcon_core.event_handler.log_command:Invoking command in '/home/rpd/Nav2/src/nav2': PYTHONPATH=/home/rpd/Nav2/build/nav2/prefix_override:/usr/lib/python3/dist-packages/colcon_core/task/python/colcon_distutils_commands:/home/rpd/Nav2/install/nav2/lib/python3.12/site-packages:${PYTHONPATH} /usr/bin/python3 -W ignore:setup.py install is deprecated -W ignore:easy_install command is deprecated setup.py egg_info --egg-base ../../build/nav2 build --build-base /home/rpd/Nav2/build/nav2/build install --record /home/rpd/Nav2/build/nav2/install.log --single-version-externally-managed install_data
[4.121s] Level 1:colcon.colcon_core.environment:checking '/home/rpd/Nav2/install/nav2' for CMake module files
[4.121s] DEBUG:colcon.colcon_core.event_handler.log_command:Invoked command in '/home/rpd/Nav2/src/nav2' returned '0': PYTHONPATH=/home/rpd/Nav2/build/nav2/prefix_override:/usr/lib/python3/dist-packages/colcon_core/task/python/colcon_distutils_commands:/home/rpd/Nav2/install/nav2/lib/python3.12/site-packages:${PYTHONPATH} /usr/bin/python3 -W ignore:setup.py install is deprecated -W ignore:easy_install command is deprecated setup.py egg_info --egg-base ../../build/nav2 build --build-base /home/rpd/Nav2/build/nav2/build install --record /home/rpd/Nav2/build/nav2/install.log --single-version-externally-managed install_data
[4.122s] Level 1:colcon.colcon_core.environment:checking '/home/rpd/Nav2/install/nav2' for CMake config files
[4.124s] Level 1:colcon.colcon_core.environment:checking '/home/rpd/Nav2/install/nav2/lib'
[4.124s] Level 1:colcon.colcon_core.environment:checking '/home/rpd/Nav2/install/nav2/bin'
[4.124s] Level 1:colcon.colcon_core.environment:checking '/home/rpd/Nav2/install/nav2/lib/pkgconfig/nav2.pc'
[4.124s] Level 1:colcon.colcon_core.environment:checking '/home/rpd/Nav2/install/nav2/lib/python3.12/site-packages'
[4.125s] Level 1:colcon.colcon_core.shell:create_environment_hook('nav2', 'pythonpath')
[4.125s] INFO:colcon.colcon_core.shell:Creating environment hook '/home/rpd/Nav2/install/nav2/share/nav2/hook/pythonpath.ps1'
[4.125s] INFO:colcon.colcon_core.shell:Creating environment descriptor '/home/rpd/Nav2/install/nav2/share/nav2/hook/pythonpath.dsv'
[4.126s] INFO:colcon.colcon_core.shell:Creating environment hook '/home/rpd/Nav2/install/nav2/share/nav2/hook/pythonpath.sh'
[4.127s] Level 1:colcon.colcon_core.environment:checking '/home/rpd/Nav2/install/nav2/bin'
[4.128s] Level 1:colcon.colcon_core.environment:create_environment_scripts_only(nav2)
[4.128s] INFO:colcon.colcon_core.shell:Creating package script '/home/rpd/Nav2/install/nav2/share/nav2/package.ps1'
[4.129s] INFO:colcon.colcon_core.shell:Creating package descriptor '/home/rpd/Nav2/install/nav2/share/nav2/package.dsv'
[4.129s] INFO:colcon.colcon_core.shell:Creating package script '/home/rpd/Nav2/install/nav2/share/nav2/package.sh'
[4.130s] INFO:colcon.colcon_core.shell:Creating package script '/home/rpd/Nav2/install/nav2/share/nav2/package.bash'
[4.131s] INFO:colcon.colcon_core.shell:Creating package script '/home/rpd/Nav2/install/nav2/share/nav2/package.zsh'
[4.131s] Level 1:colcon.colcon_core.environment:create_file_with_runtime_dependencies(/home/rpd/Nav2/install/nav2/share/colcon-core/packages/nav2)
[4.132s] DEBUG:colcon.colcon_parallel_executor.executor.parallel:closing loop
[4.132s] DEBUG:colcon.colcon_parallel_executor.executor.parallel:loop closed
[4.132s] DEBUG:colcon.colcon_parallel_executor.executor.parallel:run_until_complete finished with '0'
[4.132s] DEBUG:colcon.colcon_core.event_reactor:joining thread
[4.133s] DEBUG:colcon.colcon_core.event_reactor:joined thread
[4.134s] INFO:colcon.colcon_core.shell:Creating prefix script '/home/rpd/Nav2/install/local_setup.ps1'
[4.135s] INFO:colcon.colcon_core.shell:Creating prefix util module '/home/rpd/Nav2/install/_local_setup_util_ps1.py'
[4.138s] INFO:colcon.colcon_core.shell:Creating prefix chain script '/home/rpd/Nav2/install/setup.ps1'
[4.140s] INFO:colcon.colcon_core.shell:Creating prefix script '/home/rpd/Nav2/install/local_setup.sh'
[4.142s] INFO:colcon.colcon_core.shell:Creating prefix util module '/home/rpd/Nav2/install/_local_setup_util_sh.py'
[4.143s] INFO:colcon.colcon_core.shell:Creating prefix chain script '/home/rpd/Nav2/install/setup.sh'
[4.144s] INFO:colcon.colcon_core.shell:Creating prefix script '/home/rpd/Nav2/install/local_setup.bash'
[4.148s] INFO:colcon.colcon_core.shell:Creating prefix chain script '/home/rpd/Nav2/install/setup.bash'
[4.149s] INFO:colcon.colcon_core.shell:Creating prefix script '/home/rpd/Nav2/install/local_setup.zsh'
[4.151s] INFO:colcon.colcon_core.shell:Creating prefix chain script '/home/rpd/Nav2/install/setup.zsh'
