[0.656s] Invoking command in '/home/anirudh/Nav2/src/nav2': DEBUGINFOD_URLS=https://debuginfod.ubuntu.com PYTHONPATH=/home/anirudh/Nav2/build/nav2/prefix_override:/usr/lib/python3/dist-packages/colcon_core/task/python/colcon_distutils_commands:/home/anirudh/Nav2/install/nav2/lib/python3.12/site-packages:${PYTHONPATH} /usr/bin/python3 -W ignore:setup.py install is deprecated -W ignore:easy_install command is deprecated setup.py egg_info --egg-base ../../build/nav2 build --build-base /home/anirudh/Nav2/build/nav2/build install --record /home/anirudh/Nav2/build/nav2/install.log --single-version-externally-managed install_data
[0.834s] running egg_info
[0.847s] writing ../../build/nav2/nav2.egg-info/PKG-INFO
[0.849s] writing dependency_links to ../../build/nav2/nav2.egg-info/dependency_links.txt
[0.849s] writing entry points to ../../build/nav2/nav2.egg-info/entry_points.txt
[0.849s] writing requirements to ../../build/nav2/nav2.egg-info/requires.txt
[0.849s] writing top-level names to ../../build/nav2/nav2.egg-info/top_level.txt
[0.875s] reading manifest file '../../build/nav2/nav2.egg-info/SOURCES.txt'
[0.875s] writing manifest file '../../build/nav2/nav2.egg-info/SOURCES.txt'
[0.875s] running build
[0.875s] running build_py
[0.876s] running install
[0.880s] running install_lib
[0.893s] running install_data
[0.894s] copying nav2/launch/slam.py -> /home/anirudh/Nav2/install/nav2/share/nav2/launch
[0.894s] running install_egg_info
[0.908s] removing '/home/anirudh/Nav2/install/nav2/lib/python3.12/site-packages/nav2-0.0.0-py3.12.egg-info' (and everything under it)
[0.908s] Copying ../../build/nav2/nav2.egg-info to /home/anirudh/Nav2/install/nav2/lib/python3.12/site-packages/nav2-0.0.0-py3.12.egg-info
[0.909s] running install_scripts
[0.994s] Installing laser_node script to /home/anirudh/Nav2/install/nav2/lib/nav2
[0.995s] Installing odom script to /home/anirudh/Nav2/install/nav2/lib/nav2
[0.995s] writing list of installed files to '/home/anirudh/Nav2/build/nav2/install.log'
[1.016s] Invoked command in '/home/anirudh/Nav2/src/nav2' returned '0': DEBUGINFOD_URLS=https://debuginfod.ubuntu.com PYTHONPATH=/home/anirudh/Nav2/build/nav2/prefix_override:/usr/lib/python3/dist-packages/colcon_core/task/python/colcon_distutils_commands:/home/anirudh/Nav2/install/nav2/lib/python3.12/site-packages:${PYTHONPATH} /usr/bin/python3 -W ignore:setup.py install is deprecated -W ignore:easy_install command is deprecated setup.py egg_info --egg-base ../../build/nav2 build --build-base /home/anirudh/Nav2/build/nav2/build install --record /home/anirudh/Nav2/build/nav2/install.log --single-version-externally-managed install_data
