[0.020s] Invoking command in '/home/rpd/Nav2/build/explore_lite': AMENT_PREFIX_PATH=/home/rpd/Nav2/install/explore_lite_msgs:${AMENT_PREFIX_PATH} CMAKE_PREFIX_PATH=/home/rpd/Nav2/install/explore_lite_msgs:/opt/ros/jazzy/opt/gz_sim_vendor:/opt/ros/jazzy/opt/gz_sensors_vendor:/opt/ros/jazzy/opt/gz_physics_vendor:/opt/ros/jazzy/opt/sdformat_vendor:/opt/ros/jazzy/opt/gz_gui_vendor:/opt/ros/jazzy/opt/gz_transport_vendor:/opt/ros/jazzy/opt/gz_rendering_vendor:/opt/ros/jazzy/opt/gz_plugin_vendor:/opt/ros/jazzy/opt/gz_fuel_tools_vendor:/opt/ros/jazzy/opt/gz_msgs_vendor:/opt/ros/jazzy/opt/gz_common_vendor:/opt/ros/jazzy/opt/gz_math_vendor:/opt/ros/jazzy/opt/gz_utils_vendor:/opt/ros/jazzy/opt/gz_tools_vendor:/opt/ros/jazzy/opt/gz_ogre_next_vendor:/opt/ros/jazzy/opt/gz_dartsim_vendor:/opt/ros/jazzy/opt/gz_cmake_vendor:/opt/ros/jazzy LD_LIBRARY_PATH=/home/rpd/Nav2/install/explore_lite_msgs/lib:${LD_LIBRARY_PATH} PYTHONPATH=/home/rpd/Nav2/install/explore_lite_msgs/lib/python3.12/site-packages:${PYTHONPATH} /usr/bin/cmake --build /home/rpd/Nav2/build/explore_lite -- -j4 -l4
[0.173s] [ 20%] Built target gtest_main
[0.176s] [ 40%] Built target gtest
[0.233s] [ 60%] Built target test_explore
[0.250s] [100%] Built target explore
[0.271s] Invoked command in '/home/rpd/Nav2/build/explore_lite' returned '0': AMENT_PREFIX_PATH=/home/rpd/Nav2/install/explore_lite_msgs:${AMENT_PREFIX_PATH} CMAKE_PREFIX_PATH=/home/rpd/Nav2/install/explore_lite_msgs:/opt/ros/jazzy/opt/gz_sim_vendor:/opt/ros/jazzy/opt/gz_sensors_vendor:/opt/ros/jazzy/opt/gz_physics_vendor:/opt/ros/jazzy/opt/sdformat_vendor:/opt/ros/jazzy/opt/gz_gui_vendor:/opt/ros/jazzy/opt/gz_transport_vendor:/opt/ros/jazzy/opt/gz_rendering_vendor:/opt/ros/jazzy/opt/gz_plugin_vendor:/opt/ros/jazzy/opt/gz_fuel_tools_vendor:/opt/ros/jazzy/opt/gz_msgs_vendor:/opt/ros/jazzy/opt/gz_common_vendor:/opt/ros/jazzy/opt/gz_math_vendor:/opt/ros/jazzy/opt/gz_utils_vendor:/opt/ros/jazzy/opt/gz_tools_vendor:/opt/ros/jazzy/opt/gz_ogre_next_vendor:/opt/ros/jazzy/opt/gz_dartsim_vendor:/opt/ros/jazzy/opt/gz_cmake_vendor:/opt/ros/jazzy LD_LIBRARY_PATH=/home/rpd/Nav2/install/explore_lite_msgs/lib:${LD_LIBRARY_PATH} PYTHONPATH=/home/rpd/Nav2/install/explore_lite_msgs/lib/python3.12/site-packages:${PYTHONPATH} /usr/bin/cmake --build /home/rpd/Nav2/build/explore_lite -- -j4 -l4
[0.275s] Invoking command in '/home/rpd/Nav2/build/explore_lite': AMENT_PREFIX_PATH=/home/rpd/Nav2/install/explore_lite_msgs:${AMENT_PREFIX_PATH} CMAKE_PREFIX_PATH=/home/rpd/Nav2/install/explore_lite_msgs:/opt/ros/jazzy/opt/gz_sim_vendor:/opt/ros/jazzy/opt/gz_sensors_vendor:/opt/ros/jazzy/opt/gz_physics_vendor:/opt/ros/jazzy/opt/sdformat_vendor:/opt/ros/jazzy/opt/gz_gui_vendor:/opt/ros/jazzy/opt/gz_transport_vendor:/opt/ros/jazzy/opt/gz_rendering_vendor:/opt/ros/jazzy/opt/gz_plugin_vendor:/opt/ros/jazzy/opt/gz_fuel_tools_vendor:/opt/ros/jazzy/opt/gz_msgs_vendor:/opt/ros/jazzy/opt/gz_common_vendor:/opt/ros/jazzy/opt/gz_math_vendor:/opt/ros/jazzy/opt/gz_utils_vendor:/opt/ros/jazzy/opt/gz_tools_vendor:/opt/ros/jazzy/opt/gz_ogre_next_vendor:/opt/ros/jazzy/opt/gz_dartsim_vendor:/opt/ros/jazzy/opt/gz_cmake_vendor:/opt/ros/jazzy LD_LIBRARY_PATH=/home/rpd/Nav2/install/explore_lite_msgs/lib:${LD_LIBRARY_PATH} PYTHONPATH=/home/rpd/Nav2/install/explore_lite_msgs/lib/python3.12/site-packages:${PYTHONPATH} /usr/bin/cmake --install /home/rpd/Nav2/build/explore_lite
[0.292s] -- Install configuration: ""
[0.293s] -- Up-to-date: /home/rpd/Nav2/install/explore_lite/include/explore/
[0.293s] -- Up-to-date: /home/rpd/Nav2/install/explore_lite/include/explore//costmap_client.h
[0.293s] -- Up-to-date: /home/rpd/Nav2/install/explore_lite/include/explore//explore.h
[0.293s] -- Up-to-date: /home/rpd/Nav2/install/explore_lite/include/explore//costmap_tools.h
[0.293s] -- Up-to-date: /home/rpd/Nav2/install/explore_lite/include/explore//frontier_search.h
[0.294s] -- Up-to-date: /home/rpd/Nav2/install/explore_lite/share/explore_lite/config
[0.295s] -- Up-to-date: /home/rpd/Nav2/install/explore_lite/share/explore_lite/config/params_costmap.yaml
[0.295s] -- Up-to-date: /home/rpd/Nav2/install/explore_lite/share/explore_lite/config/params.yaml
[0.295s] -- Up-to-date: /home/rpd/Nav2/install/explore_lite/share/explore_lite/launch
[0.296s] -- Up-to-date: /home/rpd/Nav2/install/explore_lite/share/explore_lite/launch/explore.launch.py
[0.299s] -- Up-to-date: /home/rpd/Nav2/install/explore_lite/lib/explore_lite/explore
[0.300s] -- Up-to-date: /home/rpd/Nav2/install/explore_lite/share/ament_index/resource_index/package_run_dependencies/explore_lite
[0.300s] -- Up-to-date: /home/rpd/Nav2/install/explore_lite/share/ament_index/resource_index/parent_prefix_path/explore_lite
[0.301s] -- Up-to-date: /home/rpd/Nav2/install/explore_lite/share/explore_lite/environment/ament_prefix_path.sh
[0.301s] -- Up-to-date: /home/rpd/Nav2/install/explore_lite/share/explore_lite/environment/ament_prefix_path.dsv
[0.301s] -- Up-to-date: /home/rpd/Nav2/install/explore_lite/share/explore_lite/environment/path.sh
[0.301s] -- Up-to-date: /home/rpd/Nav2/install/explore_lite/share/explore_lite/environment/path.dsv
[0.301s] -- Up-to-date: /home/rpd/Nav2/install/explore_lite/share/explore_lite/local_setup.bash
[0.301s] -- Up-to-date: /home/rpd/Nav2/install/explore_lite/share/explore_lite/local_setup.sh
[0.302s] -- Up-to-date: /home/rpd/Nav2/install/explore_lite/share/explore_lite/local_setup.zsh
[0.302s] -- Up-to-date: /home/rpd/Nav2/install/explore_lite/share/explore_lite/local_setup.dsv
[0.302s] -- Installing: /home/rpd/Nav2/install/explore_lite/share/explore_lite/package.dsv
[0.302s] -- Up-to-date: /home/rpd/Nav2/install/explore_lite/share/ament_index/resource_index/packages/explore_lite
[0.303s] -- Up-to-date: /home/rpd/Nav2/install/explore_lite/share/explore_lite/cmake/ament_cmake_export_dependencies-extras.cmake
[0.303s] -- Up-to-date: /home/rpd/Nav2/install/explore_lite/share/explore_lite/cmake/ament_cmake_export_include_directories-extras.cmake
[0.303s] -- Up-to-date: /home/rpd/Nav2/install/explore_lite/share/explore_lite/cmake/explore_liteConfig.cmake
[0.303s] -- Up-to-date: /home/rpd/Nav2/install/explore_lite/share/explore_lite/cmake/explore_liteConfig-version.cmake
[0.303s] -- Up-to-date: /home/rpd/Nav2/install/explore_lite/share/explore_lite/package.xml
[0.307s] Invoked command in '/home/rpd/Nav2/build/explore_lite' returned '0': AMENT_PREFIX_PATH=/home/rpd/Nav2/install/explore_lite_msgs:${AMENT_PREFIX_PATH} CMAKE_PREFIX_PATH=/home/rpd/Nav2/install/explore_lite_msgs:/opt/ros/jazzy/opt/gz_sim_vendor:/opt/ros/jazzy/opt/gz_sensors_vendor:/opt/ros/jazzy/opt/gz_physics_vendor:/opt/ros/jazzy/opt/sdformat_vendor:/opt/ros/jazzy/opt/gz_gui_vendor:/opt/ros/jazzy/opt/gz_transport_vendor:/opt/ros/jazzy/opt/gz_rendering_vendor:/opt/ros/jazzy/opt/gz_plugin_vendor:/opt/ros/jazzy/opt/gz_fuel_tools_vendor:/opt/ros/jazzy/opt/gz_msgs_vendor:/opt/ros/jazzy/opt/gz_common_vendor:/opt/ros/jazzy/opt/gz_math_vendor:/opt/ros/jazzy/opt/gz_utils_vendor:/opt/ros/jazzy/opt/gz_tools_vendor:/opt/ros/jazzy/opt/gz_ogre_next_vendor:/opt/ros/jazzy/opt/gz_dartsim_vendor:/opt/ros/jazzy/opt/gz_cmake_vendor:/opt/ros/jazzy LD_LIBRARY_PATH=/home/rpd/Nav2/install/explore_lite_msgs/lib:${LD_LIBRARY_PATH} PYTHONPATH=/home/rpd/Nav2/install/explore_lite_msgs/lib/python3.12/site-packages:${PYTHONPATH} /usr/bin/cmake --install /home/rpd/Nav2/build/explore_lite
