[0.206s] Invoking command in '/home/anirudh/Nav2/build/rplidar_ros': CMAKE_PREFIX_PATH=${CMAKE_PREFIX_PATH}:/home/anirudh/Nav2/install/nav2:/opt/ros/jazzy DEBUGINFOD_URLS=https://debuginfod.ubuntu.com /usr/bin/cmake --build /home/anirudh/Nav2/build/rplidar_ros -- -j20 -l20
[0.256s] [  5%] Built target rplidar_client
[0.261s] [ 94%] Built target rplidar_composition
[0.261s] [100%] Built target rplidar_node
[0.270s] Invoked command in '/home/anirudh/Nav2/build/rplidar_ros' returned '0': CMAKE_PREFIX_PATH=${CMAKE_PREFIX_PATH}:/home/anirudh/Nav2/install/nav2:/opt/ros/jazzy DEBUGINFOD_URLS=https://debuginfod.ubuntu.com /usr/bin/cmake --build /home/anirudh/Nav2/build/rplidar_ros -- -j20 -l20
[0.271s] Invoking command in '/home/anirudh/Nav2/build/rplidar_ros': CMAKE_PREFIX_PATH=${CMAKE_PREFIX_PATH}:/home/anirudh/Nav2/install/nav2:/opt/ros/jazzy DEBUGINFOD_URLS=https://debuginfod.ubuntu.com /usr/bin/cmake --install /home/anirudh/Nav2/build/rplidar_ros
[0.278s] -- Install configuration: ""
[0.278s] -- Up-to-date: /home/anirudh/Nav2/install/rplidar_ros/share/rplidar_ros/launch
[0.278s] -- Up-to-date: /home/anirudh/Nav2/install/rplidar_ros/share/rplidar_ros/launch/rplidar_s3_launch.py
[0.279s] -- Up-to-date: /home/anirudh/Nav2/install/rplidar_ros/share/rplidar_ros/launch/rplidar_s2e_launch.py
[0.279s] -- Up-to-date: /home/anirudh/Nav2/install/rplidar_ros/share/rplidar_ros/launch/rplidar_a2m8_launch.py
[0.279s] -- Up-to-date: /home/anirudh/Nav2/install/rplidar_ros/share/rplidar_ros/launch/view_rplidar_s1_tcp_launch.py
[0.279s] -- Up-to-date: /home/anirudh/Nav2/install/rplidar_ros/share/rplidar_ros/launch/rplidar_c1_launch.py
[0.279s] -- Up-to-date: /home/anirudh/Nav2/install/rplidar_ros/share/rplidar_ros/launch/rplidar_s2_launch.py
[0.279s] -- Up-to-date: /home/anirudh/Nav2/install/rplidar_ros/share/rplidar_ros/launch/rplidar_a1_launch.py
[0.279s] -- Up-to-date: /home/anirudh/Nav2/install/rplidar_ros/share/rplidar_ros/launch/view_rplidar_s3_launch.py
[0.279s] -- Up-to-date: /home/anirudh/Nav2/install/rplidar_ros/share/rplidar_ros/launch/rplidar_t1_launch.py
[0.280s] -- Up-to-date: /home/anirudh/Nav2/install/rplidar_ros/share/rplidar_ros/launch/rplidar_a2m7_launch.py
[0.280s] -- Up-to-date: /home/anirudh/Nav2/install/rplidar_ros/share/rplidar_ros/launch/view_rplidar_s1_launch.py
[0.280s] -- Up-to-date: /home/anirudh/Nav2/install/rplidar_ros/share/rplidar_ros/launch/view_rplidar_s2_launch.py
[0.280s] -- Up-to-date: /home/anirudh/Nav2/install/rplidar_ros/share/rplidar_ros/launch/view_rplidar_a1_launch.py
[0.280s] -- Up-to-date: /home/anirudh/Nav2/install/rplidar_ros/share/rplidar_ros/launch/rplidar_s1_launch.py
[0.280s] -- Up-to-date: /home/anirudh/Nav2/install/rplidar_ros/share/rplidar_ros/launch/view_rplidar_a3_launch.py
[0.280s] -- Up-to-date: /home/anirudh/Nav2/install/rplidar_ros/share/rplidar_ros/launch/view_rplidar_c1_launch.py
[0.280s] -- Up-to-date: /home/anirudh/Nav2/install/rplidar_ros/share/rplidar_ros/launch/rplidar_a2m12_launch.py
[0.280s] -- Up-to-date: /home/anirudh/Nav2/install/rplidar_ros/share/rplidar_ros/launch/view_rplidar_a2m8_launch.py
[0.280s] -- Up-to-date: /home/anirudh/Nav2/install/rplidar_ros/share/rplidar_ros/launch/view_rplidar_a2m7_launch.py
[0.280s] -- Up-to-date: /home/anirudh/Nav2/install/rplidar_ros/share/rplidar_ros/launch/view_rplidar_t1_launch.py
[0.280s] -- Up-to-date: /home/anirudh/Nav2/install/rplidar_ros/share/rplidar_ros/launch/rplidar_a3_launch.py
[0.280s] -- Up-to-date: /home/anirudh/Nav2/install/rplidar_ros/share/rplidar_ros/launch/rplidar_s1_tcp_launch.py
[0.280s] -- Up-to-date: /home/anirudh/Nav2/install/rplidar_ros/share/rplidar_ros/launch/view_rplidar_s2e_launch.py
[0.280s] -- Up-to-date: /home/anirudh/Nav2/install/rplidar_ros/share/rplidar_ros/launch/view_rplidar_a2m12_launch.py
[0.280s] -- Up-to-date: /home/anirudh/Nav2/install/rplidar_ros/share/rplidar_ros/rviz
[0.280s] -- Up-to-date: /home/anirudh/Nav2/install/rplidar_ros/share/rplidar_ros/rviz/rplidar_ros.rviz
[0.280s] -- Up-to-date: /home/anirudh/Nav2/install/rplidar_ros/lib/rplidar_ros/rplidar_node
[0.280s] -- Up-to-date: /home/anirudh/Nav2/install/rplidar_ros/lib/rplidar_ros/rplidar_composition
[0.280s] -- Up-to-date: /home/anirudh/Nav2/install/rplidar_ros/lib/rplidar_ros/rplidar_client
[0.280s] -- Up-to-date: /home/anirudh/Nav2/install/rplidar_ros/share/ament_index/resource_index/package_run_dependencies/rplidar_ros
[0.280s] -- Up-to-date: /home/anirudh/Nav2/install/rplidar_ros/share/ament_index/resource_index/parent_prefix_path/rplidar_ros
[0.280s] -- Up-to-date: /home/anirudh/Nav2/install/rplidar_ros/share/rplidar_ros/environment/ament_prefix_path.sh
[0.280s] -- Up-to-date: /home/anirudh/Nav2/install/rplidar_ros/share/rplidar_ros/environment/ament_prefix_path.dsv
[0.280s] -- Up-to-date: /home/anirudh/Nav2/install/rplidar_ros/share/rplidar_ros/environment/path.sh
[0.281s] -- Up-to-date: /home/anirudh/Nav2/install/rplidar_ros/share/rplidar_ros/environment/path.dsv
[0.281s] -- Up-to-date: /home/anirudh/Nav2/install/rplidar_ros/share/rplidar_ros/local_setup.bash
[0.281s] -- Up-to-date: /home/anirudh/Nav2/install/rplidar_ros/share/rplidar_ros/local_setup.sh
[0.281s] -- Up-to-date: /home/anirudh/Nav2/install/rplidar_ros/share/rplidar_ros/local_setup.zsh
[0.281s] -- Up-to-date: /home/anirudh/Nav2/install/rplidar_ros/share/rplidar_ros/local_setup.dsv
[0.281s] -- Installing: /home/anirudh/Nav2/install/rplidar_ros/share/rplidar_ros/package.dsv
[0.281s] -- Up-to-date: /home/anirudh/Nav2/install/rplidar_ros/share/ament_index/resource_index/packages/rplidar_ros
[0.281s] -- Up-to-date: /home/anirudh/Nav2/install/rplidar_ros/share/rplidar_ros/cmake/ament_cmake_export_dependencies-extras.cmake
[0.281s] -- Up-to-date: /home/anirudh/Nav2/install/rplidar_ros/share/rplidar_ros/cmake/ament_cmake_export_include_directories-extras.cmake
[0.281s] -- Up-to-date: /home/anirudh/Nav2/install/rplidar_ros/share/rplidar_ros/cmake/rplidar_rosConfig.cmake
[0.281s] -- Up-to-date: /home/anirudh/Nav2/install/rplidar_ros/share/rplidar_ros/cmake/rplidar_rosConfig-version.cmake
[0.281s] -- Up-to-date: /home/anirudh/Nav2/install/rplidar_ros/share/rplidar_ros/package.xml
[0.282s] Invoked command in '/home/anirudh/Nav2/build/rplidar_ros' returned '0': CMAKE_PREFIX_PATH=${CMAKE_PREFIX_PATH}:/home/anirudh/Nav2/install/nav2:/opt/ros/jazzy DEBUGINFOD_URLS=https://debuginfod.ubuntu.com /usr/bin/cmake --install /home/anirudh/Nav2/build/rplidar_ros
