/home/rpd/Nav2/install/nav2/lib/python3.12/site-packages/nav2/new_odom.py
/home/rpd/Nav2/install/nav2/lib/python3.12/site-packages/nav2/laser.py
/home/rpd/Nav2/install/nav2/lib/python3.12/site-packages/nav2/atob.py
/home/rpd/Nav2/install/nav2/lib/python3.12/site-packages/nav2/odom.py
/home/rpd/Nav2/install/nav2/lib/python3.12/site-packages/nav2/__init__.py
/home/rpd/Nav2/install/nav2/lib/python3.12/site-packages/nav2/__pycache__/new_odom.cpython-312.pyc
/home/rpd/Nav2/install/nav2/lib/python3.12/site-packages/nav2/__pycache__/laser.cpython-312.pyc
/home/rpd/Nav2/install/nav2/lib/python3.12/site-packages/nav2/__pycache__/atob.cpython-312.pyc
/home/rpd/Nav2/install/nav2/lib/python3.12/site-packages/nav2/__pycache__/odom.cpython-312.pyc
/home/rpd/Nav2/install/nav2/lib/python3.12/site-packages/nav2/__pycache__/__init__.cpython-312.pyc
/home/rpd/Nav2/install/nav2/share/ament_index/resource_index/packages/nav2
/home/rpd/Nav2/install/nav2/share/nav2/package.xml
/home/rpd/Nav2/install/nav2/share/nav2/launch/lidar_nav2.py
/home/rpd/Nav2/install/nav2/share/nav2/launch/slam.py
/home/rpd/Nav2/install/nav2/share/nav2/launch/nav2.py
/home/rpd/Nav2/install/nav2/lib/python3.12/site-packages/nav2-0.0.0-py3.12.egg-info/dependency_links.txt
/home/rpd/Nav2/install/nav2/lib/python3.12/site-packages/nav2-0.0.0-py3.12.egg-info/entry_points.txt
/home/rpd/Nav2/install/nav2/lib/python3.12/site-packages/nav2-0.0.0-py3.12.egg-info/SOURCES.txt
/home/rpd/Nav2/install/nav2/lib/python3.12/site-packages/nav2-0.0.0-py3.12.egg-info/zip-safe
/home/rpd/Nav2/install/nav2/lib/python3.12/site-packages/nav2-0.0.0-py3.12.egg-info/top_level.txt
/home/rpd/Nav2/install/nav2/lib/python3.12/site-packages/nav2-0.0.0-py3.12.egg-info/PKG-INFO
/home/rpd/Nav2/install/nav2/lib/python3.12/site-packages/nav2-0.0.0-py3.12.egg-info/requires.txt
/home/rpd/Nav2/install/nav2/lib/nav2/laser_node
/home/rpd/Nav2/install/nav2/lib/nav2/odom
