--2026-04-07 12:57:41--  https://raw.githubusercontent.com/hrnr/m-explore-extra/master/map_merge/hector_maps/map00.pgm
Resolving raw.githubusercontent.com (raw.githubusercontent.com)... 185.199.110.133, 185.199.108.133, 185.199.109.133, ...
Connecting to raw.githubusercontent.com (raw.githubusercontent.com)|185.199.110.133|:443... connected.
HTTP request sent, awaiting response... 200 OK
Length: 4194362 (4.0M) [application/octet-stream]
Saving to: ‘/home/anirudh/Nav2/build/multirobot_map_merge/map00.pgm’

     0K .......... .......... .......... .......... ..........  1% 4.65M 1s
    50K .......... .......... .......... .......... ..........  2% 4.30M 1s
   100K .......... .......... .......... .......... ..........  3% 24.1M 1s
   150K .......... .......... .......... .......... ..........  4% 4.68M 1s
   200K .......... .......... .......... .......... ..........  6% 14.0M 1s
   250K .......... .......... .......... .......... ..........  7% 10.4M 1s
   300K .......... .......... .......... .......... ..........  8% 14.8M 0s
   350K .......... .......... .......... .......... ..........  9% 5.51M 1s
   400K .......... .......... .......... .......... .......... 10% 14.2M 0s
   450K .......... .......... .......... .......... .......... 12% 9.04M 0s
   500K .......... .......... .......... .......... .......... 13% 8.08M 0s
   550K .......... .......... .......... .......... .......... 14% 3.17M 0s
   600K .......... .......... .......... .......... .......... 15% 15.0M 0s
   650K .......... .......... .......... .......... .......... 17% 12.1M 0s
   700K .......... .......... .......... .......... .......... 18% 6.65M 0s
   750K .......... .......... .......... .......... .......... 19% 10.7M 0s
   800K .......... .......... .......... .......... .......... 20% 9.81M 0s
   850K .......... .......... .......... .......... .......... 21% 4.98M 0s
   900K .......... .......... .......... .......... .......... 23% 8.85M 0s
   950K .......... .......... .......... .......... .......... 24% 12.3M 0s
  1000K .......... .......... .......... .......... .......... 25% 14.5M 0s
  1050K .......... .......... .......... .......... .......... 26% 10.8M 0s
  1100K .......... .......... .......... .......... .......... 28% 12.8M 0s
  1150K .......... .......... .......... .......... .......... 29% 7.56M 0s
  1200K .......... .......... .......... .......... .......... 30% 8.68M 0s
  1250K .......... .......... .......... .......... .......... 31% 9.92M 0s
  1300K .......... .......... .......... .......... .......... 32% 13.0M 0s
  1350K .......... .......... .......... .......... .......... 34% 11.7M 0s
  1400K .......... .......... .......... .......... .......... 35% 5.89M 0s
  1450K .......... .......... .......... .......... .......... 36% 9.49M 0s
  1500K .......... .......... .......... .......... .......... 37% 12.1M 0s
  1550K .......... .......... .......... .......... .......... 39% 11.7M 0s
  1600K .......... .......... .......... .......... .......... 40% 8.89M 0s
  1650K .......... .......... .......... .......... .......... 41% 9.06M 0s
  1700K .......... .......... .......... .......... .......... 42% 17.6M 0s
  1750K .......... .......... .......... .......... .......... 43% 12.3M 0s
  1800K .......... .......... .......... .......... .......... 45% 10.0M 0s
  1850K .......... .......... .......... .......... .......... 46% 1.48M 0s
  1900K .......... .......... .......... .......... .......... 47% 11.1M 0s
  1950K .......... .......... .......... .......... .......... 48% 13.6M 0s
  2000K .......... .......... .......... .......... .......... 50%  144M 0s
  2050K .......... .......... .......... .......... .......... 51%  233M 0s
  2100K .......... .......... .......... .......... .......... 52%  236M 0s
  2150K .......... .......... .......... .......... .......... 53%  231M 0s
  2200K .......... .......... .......... .......... .......... 54% 11.4M 0s
  2250K .......... .......... .......... .......... .......... 56% 10.6M 0s
  2300K .......... .......... .......... .......... .......... 57% 11.4M 0s
  2350K .......... .......... .......... .......... .......... 58% 11.7M 0s
  2400K .......... .......... .......... .......... .......... 59% 8.65M 0s
  2450K .......... .......... .......... .......... .......... 61% 12.4M 0s
  2500K .......... .......... .......... .......... .......... 62% 9.51M 0s
  2550K .......... .......... .......... .......... .......... 63% 7.57M 0s
  2600K .......... .......... .......... .......... .......... 64% 10.1M 0s
  2650K .......... .......... .......... .......... .......... 65% 10.7M 0s
  2700K .......... .......... .......... .......... .......... 67% 11.4M 0s
  2750K .......... .......... .......... .......... .......... 68% 9.45M 0s
  2800K .......... .......... .......... .......... .......... 69% 5.49M 0s
  2850K .......... .......... .......... .......... .......... 70% 2.07M 0s
  2900K .......... .......... .......... .......... .......... 72%  397M 0s
  2950K .......... .......... .......... .......... .......... 73% 9.07M 0s
  3000K .......... .......... .......... .......... .......... 74%  370M 0s
  3050K .......... .......... .......... .......... .......... 75% 3.58M 0s
  3100K .......... .......... .......... .......... .......... 76%  378M 0s
  3150K .......... .......... .......... .......... .......... 78% 14.7M 0s
  3200K .......... .......... .......... .......... .......... 79% 8.32M 0s
  3250K .......... .......... .......... .......... .......... 80% 6.00M 0s
  3300K .......... .......... .......... .......... .......... 81% 4.36M 0s
  3350K .......... .......... .......... .......... .......... 83% 13.9M 0s
  3400K .......... .......... .......... .......... .......... 84% 12.8M 0s
  3450K .......... .......... .......... .......... .......... 85% 11.4M 0s
  3500K .......... .......... .......... .......... .......... 86% 10.1M 0s
  3550K .......... .......... .......... .......... .......... 87% 12.2M 0s
  3600K .......... .......... .......... .......... .......... 89% 6.78M 0s
  3650K .......... .......... .......... .......... .......... 90% 15.3M 0s
  3700K .......... .......... .......... .......... .......... 91% 11.3M 0s
  3750K .......... .......... .......... .......... .......... 92% 12.0M 0s
  3800K .......... .......... .......... .......... .......... 93% 5.03M 0s
  3850K .......... .......... .......... .......... .......... 95% 30.2M 0s
  3900K .......... .......... .......... .......... .......... 96% 7.69M 0s
  3950K .......... .......... .......... .......... .......... 97% 10.2M 0s
  4000K .......... .......... .......... .......... .......... 98% 4.45M 0s
  4050K .......... .......... .......... .......... ......    100% 9.61M=0.5s

2026-04-07 12:57:41 (8.58 MB/s) - ‘/home/anirudh/Nav2/build/multirobot_map_merge/map00.pgm’ saved [4194362/4194362]

--2026-04-07 12:57:41--  https://raw.githubusercontent.com/hrnr/m-explore-extra/master/map_merge/hector_maps/map05.pgm
Resolving raw.githubusercontent.com (raw.githubusercontent.com)... 185.199.110.133, 185.199.108.133, 185.199.111.133, ...
Connecting to raw.githubusercontent.com (raw.githubusercontent.com)|185.199.110.133|:443... connected.
HTTP request sent, awaiting response... 200 OK
Length: 4194362 (4.0M) [application/octet-stream]
Saving to: ‘/home/anirudh/Nav2/build/multirobot_map_merge/map05.pgm’

     0K .......... .......... .......... .......... ..........  1% 2.52M 2s
    50K .......... .......... .......... .......... ..........  2% 11.5M 1s
   100K .......... .......... .......... .......... ..........  3% 4.43M 1s
   150K .......... .......... .......... .......... ..........  4% 9.08M 1s
   200K .......... .......... .......... .......... ..........  6% 3.31M 1s
   250K .......... .......... .......... .......... ..........  7% 11.1M 1s
   300K .......... .......... .......... .......... ..........  8% 4.89M 1s
   350K .......... .......... .......... .......... ..........  9% 2.13M 1s
   400K .......... .......... .......... .......... .......... 10%  337M 1s
   450K .......... .......... .......... .......... .......... 12% 8.59M 1s
   500K .......... .......... .......... .......... .......... 13%  422M 1s
   550K .......... .......... .......... .......... .......... 14% 4.83M 1s
   600K .......... .......... .......... .......... .......... 15% 23.4M 1s
   650K .......... .......... .......... .......... .......... 17% 5.53M 1s
   700K .......... .......... .......... .......... .......... 18% 8.62M 1s
   750K .......... .......... .......... .......... .......... 19% 3.78M 1s
   800K .......... .......... .......... .......... .......... 20% 9.08M 1s
   850K .......... .......... .......... .......... .......... 21% 10.6M 1s
   900K .......... .......... .......... .......... .......... 23% 10.9M 1s
   950K .......... .......... .......... .......... .......... 24% 12.6M 0s
  1000K .......... .......... .......... .......... .......... 25% 6.86M 0s
  1050K .......... .......... .......... .......... .......... 26% 8.95M 0s
  1100K .......... .......... .......... .......... .......... 28% 12.1M 0s
  1150K .......... .......... .......... .......... .......... 29% 7.85M 0s
  1200K .......... .......... .......... .......... .......... 30% 13.1M 0s
  1250K .......... .......... .......... .......... .......... 31% 8.19M 0s
  1300K .......... .......... .......... .......... .......... 32% 5.60M 0s
  1350K .......... .......... .......... .......... .......... 34% 7.27M 0s
  1400K .......... .......... .......... .......... .......... 35% 7.56M 0s
  1450K .......... .......... .......... .......... .......... 36% 7.00M 0s
  1500K .......... .......... .......... .......... .......... 37% 12.9M 0s
  1550K .......... .......... .......... .......... .......... 39% 5.15M 0s
  1600K .......... .......... .......... .......... .......... 40% 13.9M 0s
  1650K .......... .......... .......... .......... .......... 41% 6.48M 0s
  1700K .......... .......... .......... .......... .......... 42% 9.78M 0s
  1750K .......... .......... .......... .......... .......... 43% 9.81M 0s
  1800K .......... .......... .......... .......... .......... 45% 6.26M 0s
  1850K .......... .......... .......... .......... .......... 46% 12.3M 0s
  1900K .......... .......... .......... .......... .......... 47% 4.12M 0s
  1950K .......... .......... .......... .......... .......... 48% 8.24M 0s
  2000K .......... .......... .......... .......... .......... 50% 10.3M 0s
  2050K .......... .......... .......... .......... .......... 51% 9.81M 0s
  2100K .......... .......... .......... .......... .......... 52% 14.8M 0s
  2150K .......... .......... .......... .......... .......... 53% 9.87M 0s
  2200K .......... .......... .......... .......... .......... 54% 10.4M 0s
  2250K .......... .......... .......... .......... .......... 56% 13.5M 0s
  2300K .......... .......... .......... .......... .......... 57% 1.87M 0s
  2350K .......... .......... .......... .......... .......... 58%  413M 0s
  2400K .......... .......... .......... .......... .......... 59% 1.58M 0s
  2450K .......... .......... .......... .......... .......... 61% 6.09M 0s
  2500K .......... .......... .......... .......... .......... 62% 11.2M 0s
  2550K .......... .......... .......... .......... .......... 63% 12.4M 0s
  2600K .......... .......... .......... .......... .......... 64% 10.3M 0s
  2650K .......... .......... .......... .......... .......... 65% 9.35M 0s
  2700K .......... .......... .......... .......... .......... 67% 11.0M 0s
  2750K .......... .......... .......... .......... .......... 68% 8.80M 0s
  2800K .......... .......... .......... .......... .......... 69% 8.35M 0s
  2850K .......... .......... .......... .......... .......... 70% 6.27M 0s
  2900K .......... .......... .......... .......... .......... 72% 11.1M 0s
  2950K .......... .......... .......... .......... .......... 73% 8.41M 0s
  3000K .......... .......... .......... .......... .......... 74% 5.71M 0s
  3050K .......... .......... .......... .......... .......... 75% 8.54M 0s
  3100K .......... .......... .......... .......... .......... 76% 8.49M 0s
  3150K .......... .......... .......... .......... .......... 78% 6.15M 0s
  3200K .......... .......... .......... .......... .......... 79% 10.2M 0s
  3250K .......... .......... .......... .......... .......... 80% 14.0M 0s
  3300K .......... .......... .......... .......... .......... 81% 7.69M 0s
  3350K .......... .......... .......... .......... .......... 83% 8.29M 0s
  3400K .......... .......... .......... .......... .......... 84% 7.31M 0s
  3450K .......... .......... .......... .......... .......... 85% 6.93M 0s
  3500K .......... .......... .......... .......... .......... 86% 9.17M 0s
  3550K .......... .......... .......... .......... .......... 87% 4.64M 0s
  3600K .......... .......... .......... .......... .......... 89% 7.20M 0s
  3650K .......... .......... .......... .......... .......... 90% 7.06M 0s
  3700K .......... .......... .......... .......... .......... 91% 11.5M 0s
  3750K .......... .......... .......... .......... .......... 92% 6.77M 0s
  3800K .......... .......... .......... .......... .......... 93% 7.02M 0s
  3850K .......... .......... .......... .......... .......... 95% 9.49M 0s
  3900K .......... .......... .......... .......... .......... 96% 6.70M 0s
  3950K .......... .......... .......... .......... .......... 97% 6.58M 0s
  4000K .......... .......... .......... .......... .......... 98% 7.14M 0s
  4050K .......... .......... .......... .......... ......    100% 8.33M=0.6s

2026-04-07 12:57:42 (7.06 MB/s) - ‘/home/anirudh/Nav2/build/multirobot_map_merge/map05.pgm’ saved [4194362/4194362]

--2026-04-07 12:57:42--  https://raw.githubusercontent.com/hrnr/m-explore-extra/master/map_merge/gmapping_maps/2011-08-09-12-22-52.pgm
Resolving raw.githubusercontent.com (raw.githubusercontent.com)... 185.199.108.133, 185.199.111.133, 185.199.110.133, ...
Connecting to raw.githubusercontent.com (raw.githubusercontent.com)|185.199.108.133|:443... connected.
HTTP request sent, awaiting response... 200 OK
Length: 16000058 (15M) [application/octet-stream]
Saving to: ‘/home/anirudh/Nav2/build/multirobot_map_merge/2011-08-09-12-22-52.pgm’

     0K .......... .......... .......... .......... ..........  0% 2.62M 6s
    50K .......... .......... .......... .......... ..........  0% 8.28M 4s
   100K .......... .......... .......... .......... ..........  0% 5.95M 3s
   150K .......... .......... .......... .......... ..........  1% 9.57M 3s
   200K .......... .......... .......... .......... ..........  1% 10.1M 3s
   250K .......... .......... .......... .......... ..........  1% 10.5M 2s
   300K .......... .......... .......... .......... ..........  2% 16.2M 2s
   350K .......... .......... .......... .......... ..........  2% 9.86M 2s
   400K .......... .......... .......... .......... ..........  2% 8.14M 2s
   450K .......... .......... .......... .......... ..........  3% 11.0M 2s
   500K .......... .......... .......... .......... ..........  3% 12.4M 2s
   550K .......... .......... .......... .......... ..........  3% 12.6M 2s
   600K .......... .......... .......... .......... ..........  4% 11.6M 2s
   650K .......... .......... .......... .......... ..........  4% 8.75M 2s
   700K .......... .......... .......... .......... ..........  4% 11.5M 2s
   750K .......... .......... .......... .......... ..........  5% 13.6M 2s
   800K .......... .......... .......... .......... ..........  5% 8.52M 2s
   850K .......... .......... .......... .......... ..........  5% 12.7M 2s
   900K .......... .......... .......... .......... ..........  6% 10.2M 2s
   950K .......... .......... .......... .......... ..........  6% 9.62M 2s
  1000K .......... .......... .......... .......... ..........  6% 8.23M 2s
  1050K .......... .......... .......... .......... ..........  7% 9.60M 2s
  1100K .......... .......... .......... .......... ..........  7% 11.0M 2s
  1150K .......... .......... .......... .......... ..........  7% 12.6M 2s
  1200K .......... .......... .......... .......... ..........  7% 6.61M 2s
  1250K .......... .......... .......... .......... ..........  8% 8.74M 2s
  1300K .......... .......... .......... .......... ..........  8% 13.8M 2s
  1350K .......... .......... .......... .......... ..........  8% 9.47M 2s
  1400K .......... .......... .......... .......... ..........  9% 8.90M 2s
  1450K .......... .......... .......... .......... ..........  9% 11.4M 2s
  1500K .......... .......... .......... .......... ..........  9% 12.8M 2s
  1550K .......... .......... .......... .......... .......... 10% 8.37M 1s
  1600K .......... .......... .......... .......... .......... 10% 7.65M 2s
  1650K .......... .......... .......... .......... .......... 10% 10.2M 1s
  1700K .......... .......... .......... .......... .......... 11% 9.30M 1s
  1750K .......... .......... .......... .......... .......... 11% 2.00M 2s
  1800K .......... .......... .......... .......... .......... 11% 17.7M 2s
  1850K .......... .......... .......... .......... .......... 12% 12.3M 2s
  1900K .......... .......... .......... .......... .......... 12% 11.2M 2s
  1950K .......... .......... .......... .......... .......... 12% 9.59M 2s
  2000K .......... .......... .......... .......... .......... 13%  544M 2s
  2050K .......... .......... .......... .......... .......... 13% 20.8M 1s
  2100K .......... .......... .......... .......... .......... 13% 10.8M 1s
  2150K .......... .......... .......... .......... .......... 14% 10.4M 1s
  2200K .......... .......... .......... .......... .......... 14% 9.14M 1s
  2250K .......... .......... .......... .......... .......... 14% 8.12M 1s
  2300K .......... .......... .......... .......... .......... 15% 8.70M 1s
  2350K .......... .......... .......... .......... .......... 15% 11.2M 1s
  2400K .......... .......... .......... .......... .......... 15% 7.98M 1s
  2450K .......... .......... .......... .......... .......... 15% 11.0M 1s
  2500K .......... .......... .......... .......... .......... 16% 12.1M 1s
  2550K .......... .......... .......... .......... .......... 16% 11.4M 1s
  2600K .......... .......... .......... .......... .......... 16% 12.2M 1s
  2650K .......... .......... .......... .......... .......... 17% 10.9M 1s
  2700K .......... .......... .......... .......... .......... 17% 7.91M 1s
  2750K .......... .......... .......... .......... .......... 17% 19.4M 1s
  2800K .......... .......... .......... .......... .......... 18% 8.16M 1s
  2850K .......... .......... .......... .......... .......... 18% 10.3M 1s
  2900K .......... .......... .......... .......... .......... 18% 14.0M 1s
  2950K .......... .......... .......... .......... .......... 19% 8.63M 1s
  3000K .......... .......... .......... .......... .......... 19% 11.9M 1s
  3050K .......... .......... .......... .......... .......... 19% 16.0M 1s
  3100K .......... .......... .......... .......... .......... 20% 11.0M 1s
  3150K .......... .......... .......... .......... .......... 20% 10.4M 1s
  3200K .......... .......... .......... .......... .......... 20% 7.62M 1s
  3250K .......... .......... .......... .......... .......... 21% 10.6M 1s
  3300K .......... .......... .......... .......... .......... 21% 12.1M 1s
  3350K .......... .......... .......... .......... .......... 21% 11.5M 1s
  3400K .......... .......... .......... .......... .......... 22% 10.4M 1s
  3450K .......... .......... .......... .......... .......... 22% 12.5M 1s
  3500K .......... .......... .......... .......... .......... 22% 11.0M 1s
  3550K .......... .......... .......... .......... .......... 23% 12.6M 1s
  3600K .......... .......... .......... .......... .......... 23% 7.14M 1s
  3650K .......... .......... .......... .......... .......... 23% 9.31M 1s
  3700K .......... .......... .......... .......... .......... 23% 14.3M 1s
  3750K .......... .......... .......... .......... .......... 24% 12.5M 1s
  3800K .......... .......... .......... .......... .......... 24% 11.6M 1s
  3850K .......... .......... .......... .......... .......... 24% 10.6M 1s
  3900K .......... .......... .......... .......... .......... 25% 11.6M 1s
  3950K .......... .......... .......... .......... .......... 25% 11.1M 1s
  4000K .......... .......... .......... .......... .......... 25% 7.43M 1s
  4050K .......... .......... .......... .......... .......... 26% 13.5M 1s
  4100K .......... .......... .......... .......... .......... 26% 12.3M 1s
  4150K .......... .......... .......... .......... .......... 26% 9.71M 1s
  4200K .......... .......... .......... .......... .......... 27% 11.0M 1s
  4250K .......... .......... .......... .......... .......... 27% 13.2M 1s
  4300K .......... .......... .......... .......... .......... 27% 9.77M 1s
  4350K .......... .......... .......... .......... .......... 28% 15.3M 1s
  4400K .......... .......... .......... .......... .......... 28% 7.51M 1s
  4450K .......... .......... .......... .......... .......... 28% 10.9M 1s
  4500K .......... .......... .......... .......... .......... 29% 11.9M 1s
  4550K .......... .......... .......... .......... .......... 29% 12.0M 1s
  4600K .......... .......... .......... .......... .......... 29% 11.0M 1s
  4650K .......... .......... .......... .......... .......... 30% 10.5M 1s
  4700K .......... .......... .......... .......... .......... 30% 10.6M 1s
  4750K .......... .......... .......... .......... .......... 30% 13.6M 1s
  4800K .......... .......... .......... .......... .......... 31% 6.46M 1s
  4850K .......... .......... .......... .......... .......... 31% 11.4M 1s
  4900K .......... .......... .......... .......... .......... 31% 14.6M 1s
  4950K .......... .......... .......... .......... .......... 31% 8.55M 1s
  5000K .......... .......... .......... .......... .......... 32% 9.78M 1s
  5050K .......... .......... .......... .......... .......... 32% 14.7M 1s
  5100K .......... .......... .......... .......... .......... 32% 9.89M 1s
  5150K .......... .......... .......... .......... .......... 33% 18.2M 1s
  5200K .......... .......... .......... .......... .......... 33% 8.47M 1s
  5250K .......... .......... .......... .......... .......... 33% 8.59M 1s
  5300K .......... .......... .......... .......... .......... 34% 11.1M 1s
  5350K .......... .......... .......... .......... .......... 34% 14.3M 1s
  5400K .......... .......... .......... .......... .......... 34% 9.54M 1s
  5450K .......... .......... .......... .......... .......... 35% 10.9M 1s
  5500K .......... .......... .......... .......... .......... 35% 15.7M 1s
  5550K .......... .......... .......... .......... .......... 35% 10.4M 1s
  5600K .......... .......... .......... .......... .......... 36% 8.11M 1s
  5650K .......... .......... .......... .......... .......... 36% 11.5M 1s
  5700K .......... .......... .......... .......... .......... 36% 10.1M 1s
  5750K .......... .......... .......... .......... .......... 37% 9.61M 1s
  5800K .......... .......... .......... .......... .......... 37% 10.7M 1s
  5850K .......... .......... .......... .......... .......... 37% 13.1M 1s
  5900K .......... .......... .......... .......... .......... 38% 9.66M 1s
  5950K .......... .......... .......... .......... .......... 38% 9.84M 1s
  6000K .......... .......... .......... .......... .......... 38% 8.31M 1s
  6050K .......... .......... .......... .......... .......... 39% 8.62M 1s
  6100K .......... .......... .......... .......... .......... 39% 20.8M 1s
  6150K .......... .......... .......... .......... .......... 39% 11.6M 1s
  6200K .......... .......... .......... .......... .......... 39% 12.1M 1s
  6250K .......... .......... .......... .......... .......... 40% 9.54M 1s
  6300K .......... .......... .......... .......... .......... 40% 11.4M 1s
  6350K .......... .......... .......... .......... .......... 40% 12.5M 1s
  6400K .......... .......... .......... .......... .......... 41% 8.57M 1s
  6450K .......... .......... .......... .......... .......... 41% 8.94M 1s
  6500K .......... .......... .......... .......... .......... 41% 15.3M 1s
  6550K .......... .......... .......... .......... .......... 42% 10.3M 1s
  6600K .......... .......... .......... .......... .......... 42% 13.5M 1s
  6650K .......... .......... .......... .......... .......... 42% 9.63M 1s
  6700K .......... .......... .......... .......... .......... 43% 14.3M 1s
  6750K .......... .......... .......... .......... .......... 43% 8.98M 1s
  6800K .......... .......... .......... .......... .......... 43% 8.74M 1s
  6850K .......... .......... .......... .......... .......... 44% 13.1M 1s
  6900K .......... .......... .......... .......... .......... 44% 12.4M 1s
  6950K .......... .......... .......... .......... .......... 44% 10.3M 1s
  7000K .......... .......... .......... .......... .......... 45% 10.0M 1s
  7050K .......... .......... .......... .......... .......... 45% 11.3M 1s
  7100K .......... .......... .......... .......... .......... 45% 14.4M 1s
  7150K .......... .......... .......... .......... .......... 46% 8.33M 1s
  7200K .......... .......... .......... .......... .......... 46% 9.67M 1s
  7250K .......... .......... .......... .......... .......... 46% 9.79M 1s
  7300K .......... .......... .......... .......... .......... 47% 12.0M 1s
  7350K .......... .......... .......... .......... .......... 47% 13.7M 1s
  7400K .......... .......... .......... .......... .......... 47% 10.1M 1s
  7450K .......... .......... .......... .......... .......... 47% 13.6M 1s
  7500K .......... .......... .......... .......... .......... 48% 9.68M 1s
  7550K .......... .......... .......... .......... .......... 48% 9.50M 1s
  7600K .......... .......... .......... .......... .......... 48% 9.36M 1s
  7650K .......... .......... .......... .......... .......... 49% 11.9M 1s
  7700K .......... .......... .......... .......... .......... 49% 10.3M 1s
  7750K .......... .......... .......... .......... .......... 49% 13.6M 1s
  7800K .......... .......... .......... .......... .......... 50% 9.48M 1s
  7850K .......... .......... .......... .......... .......... 50% 13.1M 1s
  7900K .......... .......... .......... .......... .......... 50% 9.64M 1s
  7950K .......... .......... .......... .......... .......... 51% 12.7M 1s
  8000K .......... .......... .......... .......... .......... 51% 7.96M 1s
  8050K .......... .......... .......... .......... .......... 51% 11.8M 1s
  8100K .......... .......... .......... .......... .......... 52% 12.9M 1s
  8150K .......... .......... .......... .......... .......... 52% 8.38M 1s
  8200K .......... .......... .......... .......... .......... 52% 15.6M 1s
  8250K .......... .......... .......... .......... .......... 53% 11.0M 1s
  8300K .......... .......... .......... .......... .......... 53% 3.46M 1s
  8350K .......... .......... .......... .......... .......... 53%  350M 1s
  8400K .......... .......... .......... .......... .......... 54% 19.2M 1s
  8450K .......... .......... .......... .......... .......... 54% 11.8M 1s
  8500K .......... .......... .......... .......... .......... 54% 12.8M 1s
  8550K .......... .......... .......... .......... .......... 55% 12.9M 1s
  8600K .......... .......... .......... .......... .......... 55% 10.1M 1s
  8650K .......... .......... .......... .......... .......... 55% 9.63M 1s
  8700K .......... .......... .......... .......... .......... 55% 12.6M 1s
  8750K .......... .......... .......... .......... .......... 56% 11.9M 1s
  8800K .......... .......... .......... .......... .......... 56% 8.91M 1s
  8850K .......... .......... .......... .......... .......... 56% 10.8M 1s
  8900K .......... .......... .......... .......... .......... 57% 10.3M 1s
  8950K .......... .......... .......... .......... .......... 57% 10.3M 1s
  9000K .......... .......... .......... .......... .......... 57% 14.3M 1s
  9050K .......... .......... .......... .......... .......... 58% 9.49M 1s
  9100K .......... .......... .......... .......... .......... 58% 12.6M 1s
  9150K .......... .......... .......... .......... .......... 58% 10.2M 1s
  9200K .......... .......... .......... .......... .......... 59% 9.05M 1s
  9250K .......... .......... .......... .......... .......... 59% 11.1M 1s
  9300K .......... .......... .......... .......... .......... 59% 10.8M 1s
  9350K .......... .......... .......... .......... .......... 60% 10.8M 1s
  9400K .......... .......... .......... .......... .......... 60% 10.7M 1s
  9450K .......... .......... .......... .......... .......... 60% 6.76M 1s
  9500K .......... .......... .......... .......... .......... 61% 27.7M 1s
  9550K .......... .......... .......... .......... .......... 61% 13.6M 1s
  9600K .......... .......... .......... .......... .......... 61% 8.23M 1s
  9650K .......... .......... .......... .......... .......... 62% 11.7M 1s
  9700K .......... .......... .......... .......... .......... 62% 9.70M 1s
  9750K .......... .......... .......... .......... .......... 62% 9.41M 1s
  9800K .......... .......... .......... .......... .......... 63% 12.3M 1s
  9850K .......... .......... .......... .......... .......... 63% 10.2M 1s
  9900K .......... .......... .......... .......... .......... 63% 10.9M 1s
  9950K .......... .......... .......... .......... .......... 63% 10.3M 1s
 10000K .......... .......... .......... .......... .......... 64% 7.81M 1s
 10050K .......... .......... .......... .......... .......... 64% 11.2M 1s
 10100K .......... .......... .......... .......... .......... 64% 10.4M 1s
 10150K .......... .......... .......... .......... .......... 65% 10.9M 1s
 10200K .......... .......... .......... .......... .......... 65% 11.1M 1s
 10250K .......... .......... .......... .......... .......... 65% 15.0M 1s
 10300K .......... .......... .......... .......... .......... 66% 9.92M 1s
 10350K .......... .......... .......... .......... .......... 66% 11.6M 0s
 10400K .......... .......... .......... .......... .......... 66% 6.53M 0s
 10450K .......... .......... .......... .......... .......... 67% 9.29M 0s
 10500K .......... .......... .......... .......... .......... 67% 5.94M 0s
 10550K .......... .......... .......... .......... .......... 67% 40.5M 0s
 10600K .......... .......... .......... .......... .......... 68% 12.1M 0s
 10650K .......... .......... .......... .......... .......... 68% 8.40M 0s
 10700K .......... .......... .......... .......... .......... 68% 9.40M 0s
 10750K .......... .......... .......... .......... .......... 69% 9.83M 0s
 10800K .......... .......... .......... .......... .......... 69% 9.27M 0s
 10850K .......... .......... .......... .......... .......... 69% 10.6M 0s
 10900K .......... .......... .......... .......... .......... 70% 8.92M 0s
 10950K .......... .......... .......... .......... .......... 70% 10.6M 0s
 11000K .......... .......... .......... .......... .......... 70% 9.55M 0s
 11050K .......... .......... .......... .......... .......... 71% 13.1M 0s
 11100K .......... .......... .......... .......... .......... 71% 9.78M 0s
 11150K .......... .......... .......... .......... .......... 71% 9.58M 0s
 11200K .......... .......... .......... .......... .......... 71% 5.77M 0s
 11250K .......... .......... .......... .......... .......... 72% 11.0M 0s
 11300K .......... .......... .......... .......... .......... 72% 10.6M 0s
 11350K .......... .......... .......... .......... .......... 72% 9.56M 0s
 11400K .......... .......... .......... .......... .......... 73% 10.9M 0s
 11450K .......... .......... .......... .......... .......... 73% 8.16M 0s
 11500K .......... .......... .......... .......... .......... 73% 12.1M 0s
 11550K .......... .......... .......... .......... .......... 74% 8.11M 0s
 11600K .......... .......... .......... .......... .......... 74% 11.4M 0s
 11650K .......... .......... .......... .......... .......... 74% 9.06M 0s
 11700K .......... .......... .......... .......... .......... 75% 9.35M 0s
 11750K .......... .......... .......... .......... .......... 75% 14.1M 0s
 11800K .......... .......... .......... .......... .......... 75% 12.6M 0s
 11850K .......... .......... .......... .......... .......... 76% 10.4M 0s
 11900K .......... .......... .......... .......... .......... 76% 8.35M 0s
 11950K .......... .......... .......... .......... .......... 76% 13.8M 0s
 12000K .......... .......... .......... .......... .......... 77% 9.02M 0s
 12050K .......... .......... .......... .......... .......... 77% 8.71M 0s
 12100K .......... .......... .......... .......... .......... 77% 12.4M 0s
 12150K .......... .......... .......... .......... .......... 78% 12.5M 0s
 12200K .......... .......... .......... .......... .......... 78% 7.96M 0s
 12250K .......... .......... .......... .......... .......... 78% 2.56M 0s
 12300K .......... .......... .......... .......... .......... 79%  393M 0s
 12350K .......... .......... .......... .......... .......... 79%  402M 0s
 12400K .......... .......... .......... .......... .......... 79% 27.7M 0s
 12450K .......... .......... .......... .......... .......... 79% 7.13M 0s
 12500K .......... .......... .......... .......... .......... 80% 10.2M 0s
 12550K .......... .......... .......... .......... .......... 80% 8.77M 0s
 12600K .......... .......... .......... .......... .......... 80% 19.9M 0s
 12650K .......... .......... .......... .......... .......... 81% 11.4M 0s
 12700K .......... .......... .......... .......... .......... 81% 10.3M 0s
 12750K .......... .......... .......... .......... .......... 81% 13.2M 0s
 12800K .......... .......... .......... .......... .......... 82% 7.19M 0s
 12850K .......... .......... .......... .......... .......... 82% 11.8M 0s
 12900K .......... .......... .......... .......... .......... 82% 11.4M 0s
 12950K .......... .......... .......... .......... .......... 83% 11.0M 0s
 13000K .......... .......... .......... .......... .......... 83% 10.6M 0s
 13050K .......... .......... .......... .......... .......... 83% 10.1M 0s
 13100K .......... .......... .......... .......... .......... 84% 12.5M 0s
 13150K .......... .......... .......... .......... .......... 84% 9.80M 0s
 13200K .......... .......... .......... .......... .......... 84% 8.14M 0s
 13250K .......... .......... .......... .......... .......... 85% 10.2M 0s
 13300K .......... .......... .......... .......... .......... 85% 12.8M 0s
 13350K .......... .......... .......... .......... .......... 85% 10.3M 0s
 13400K .......... .......... .......... .......... .......... 86% 9.05M 0s
 13450K .......... .......... .......... .......... .......... 86% 14.7M 0s
 13500K .......... .......... .......... .......... .......... 86% 11.1M 0s
 13550K .......... .......... .......... .......... .......... 87% 12.7M 0s
 13600K .......... .......... .......... .......... .......... 87% 6.48M 0s
 13650K .......... .......... .......... .......... .......... 87% 8.59M 0s
 13700K .......... .......... .......... .......... .......... 87% 11.3M 0s
 13750K .......... .......... .......... .......... .......... 88% 12.5M 0s
 13800K .......... .......... .......... .......... .......... 88% 9.85M 0s
 13850K .......... .......... .......... .......... .......... 88% 10.1M 0s
 13900K .......... .......... .......... .......... .......... 89% 11.2M 0s
 13950K .......... .......... .......... .......... .......... 89% 13.1M 0s
 14000K .......... .......... .......... .......... .......... 89% 8.81M 0s
 14050K .......... .......... .......... .......... .......... 90% 8.79M 0s
 14100K .......... .......... .......... .......... .......... 90% 13.1M 0s
 14150K .......... .......... .......... .......... .......... 90% 13.1M 0s
 14200K .......... .......... .......... .......... .......... 91% 8.74M 0s
 14250K .......... .......... .......... .......... .......... 91% 7.94M 0s
 14300K .......... .......... .......... .......... .......... 91% 13.9M 0s
 14350K .......... .......... .......... .......... .......... 92% 10.5M 0s
 14400K .......... .......... .......... .......... .......... 92% 8.90M 0s
 14450K .......... .......... .......... .......... .......... 92% 9.97M 0s
 14500K .......... .......... .......... .......... .......... 93% 12.1M 0s
 14550K .......... .......... .......... .......... .......... 93% 8.51M 0s
 14600K .......... .......... .......... .......... .......... 93% 14.0M 0s
 14650K .......... .......... .......... .......... .......... 94% 9.32M 0s
 14700K .......... .......... .......... .......... .......... 94% 10.9M 0s
 14750K .......... .......... .......... .......... .......... 94% 8.22M 0s
 14800K .......... .......... .......... .......... .......... 95% 11.1M 0s
 14850K .......... .......... .......... .......... .......... 95% 9.41M 0s
 14900K .......... .......... .......... .......... .......... 95% 11.7M 0s
 14950K .......... .......... .......... .......... .......... 95% 12.4M 0s
 15000K .......... .......... .......... .......... .......... 96% 11.1M 0s
 15050K .......... .......... .......... .......... .......... 96% 9.86M 0s
 15100K .......... .......... .......... .......... .......... 96% 12.4M 0s
 15150K .......... .......... .......... .......... .......... 97% 9.76M 0s
 15200K .......... .......... .......... .......... .......... 97% 10.2M 0s
 15250K .......... .......... .......... .......... .......... 97% 10.2M 0s
 15300K .......... .......... .......... .......... .......... 98% 10.8M 0s
 15350K .......... .......... .......... .......... .......... 98% 11.4M 0s
 15400K .......... .......... .......... .......... .......... 98% 12.2M 0s
 15450K .......... .......... .......... .......... .......... 99% 10.2M 0s
 15500K .......... .......... .......... .......... .......... 99% 9.88M 0s
 15550K .......... .......... .......... .......... .......... 99% 12.2M 0s
 15600K .......... .......... .....                           100% 7.87M=1.5s

2026-04-07 12:57:44 (10.2 MB/s) - ‘/home/anirudh/Nav2/build/multirobot_map_merge/2011-08-09-12-22-52.pgm’ saved [16000058/16000058]

--2026-04-07 12:57:44--  https://raw.githubusercontent.com/hrnr/m-explore-extra/master/map_merge/gmapping_maps/2012-01-28-11-12-01.pgm
Resolving raw.githubusercontent.com (raw.githubusercontent.com)... 185.199.109.133, 185.199.110.133, 185.199.111.133, ...
Connecting to raw.githubusercontent.com (raw.githubusercontent.com)|185.199.109.133|:443... connected.
HTTP request sent, awaiting response... 200 OK
Length: 16000058 (15M) [application/octet-stream]
Saving to: ‘/home/anirudh/Nav2/build/multirobot_map_merge/2012-01-28-11-12-01.pgm’

     0K .......... .......... .......... .......... ..........  0% 5.06M 3s
    50K .......... .......... .......... .......... ..........  0% 11.3M 2s
   100K .......... .......... .......... .......... ..........  0% 10.7M 2s
   150K .......... .......... .......... .......... ..........  1% 10.4M 2s
   200K .......... .......... .......... .......... ..........  1% 13.1M 2s
   250K .......... .......... .......... .......... ..........  1% 5.48M 2s
   300K .......... .......... .......... .......... ..........  2% 30.0M 2s
   350K .......... .......... .......... .......... ..........  2% 8.69M 2s
   400K .......... .......... .......... .......... ..........  2% 5.04M 2s
   450K .......... .......... .......... .......... ..........  3% 6.31M 2s
   500K .......... .......... .......... .......... ..........  3% 11.9M 2s
   550K .......... .......... .......... .......... ..........  3% 19.6M 2s
   600K .......... .......... .......... .......... ..........  4% 13.0M 2s
   650K .......... .......... .......... .......... ..........  4% 10.6M 2s
   700K .......... .......... .......... .......... ..........  4% 10.7M 2s
   750K .......... .......... .......... .......... ..........  5% 10.7M 2s
   800K .......... .......... .......... .......... ..........  5% 12.0M 2s
   850K .......... .......... .......... .......... ..........  5% 12.6M 2s
   900K .......... .......... .......... .......... ..........  6% 10.8M 1s
   950K .......... .......... .......... .......... ..........  6% 11.1M 1s
  1000K .......... .......... .......... .......... ..........  6% 13.5M 1s
  1050K .......... .......... .......... .......... ..........  7% 8.48M 1s
  1100K .......... .......... .......... .......... ..........  7% 11.6M 1s
  1150K .......... .......... .......... .......... ..........  7% 9.62M 1s
  1200K .......... .......... .......... .......... ..........  7% 10.0M 1s
  1250K .......... .......... .......... .......... ..........  8% 10.8M 1s
  1300K .......... .......... .......... .......... ..........  8% 10.5M 1s
  1350K .......... .......... .......... .......... ..........  8% 9.76M 1s
  1400K .......... .......... .......... .......... ..........  9% 10.9M 1s
  1450K .......... .......... .......... .......... ..........  9% 8.95M 1s
  1500K .......... .......... .......... .......... ..........  9% 11.4M 1s
  1550K .......... .......... .......... .......... .......... 10% 8.51M 1s
  1600K .......... .......... .......... .......... .......... 10% 10.2M 1s
  1650K .......... .......... .......... .......... .......... 10% 6.85M 1s
  1700K .......... .......... .......... .......... .......... 11% 10.1M 1s
  1750K .......... .......... .......... .......... .......... 11% 10.7M 1s
  1800K .......... .......... .......... .......... .......... 11% 8.42M 1s
  1850K .......... .......... .......... .......... .......... 12% 11.6M 1s
  1900K .......... .......... .......... .......... .......... 12% 11.8M 1s
  1950K .......... .......... .......... .......... .......... 12% 10.9M 1s
  2000K .......... .......... .......... .......... .......... 13% 11.0M 1s
  2050K .......... .......... .......... .......... .......... 13% 10.5M 1s
  2100K .......... .......... .......... .......... .......... 13% 12.4M 1s
  2150K .......... .......... .......... .......... .......... 14% 12.5M 1s
  2200K .......... .......... .......... .......... .......... 14% 11.0M 1s
  2250K .......... .......... .......... .......... .......... 14% 11.5M 1s
  2300K .......... .......... .......... .......... .......... 15% 8.42M 1s
  2350K .......... .......... .......... .......... .......... 15% 9.75M 1s
  2400K .......... .......... .......... .......... .......... 15% 10.2M 1s
  2450K .......... .......... .......... .......... .......... 15% 9.41M 1s
  2500K .......... .......... .......... .......... .......... 16% 14.1M 1s
  2550K .......... .......... .......... .......... .......... 16% 9.50M 1s
  2600K .......... .......... .......... .......... .......... 16% 11.3M 1s
  2650K .......... .......... .......... .......... .......... 17% 7.34M 1s
  2700K .......... .......... .......... .......... .......... 17% 14.1M 1s
  2750K .......... .......... .......... .......... .......... 17% 9.09M 1s
  2800K .......... .......... .......... .......... .......... 18% 1.94M 1s
  2850K .......... .......... .......... .......... .......... 18%  319M 1s
  2900K .......... .......... .......... .......... .......... 18%  312M 1s
  2950K .......... .......... .......... .......... .......... 19%  312M 1s
  3000K .......... .......... .......... .......... .......... 19%  201M 1s
  3050K .......... .......... .......... .......... .......... 19% 10.9M 1s
  3100K .......... .......... .......... .......... .......... 20% 12.7M 1s
  3150K .......... .......... .......... .......... .......... 20% 10.1M 1s
  3200K .......... .......... .......... .......... .......... 20% 13.4M 1s
  3250K .......... .......... .......... .......... .......... 21% 6.99M 1s
  3300K .......... .......... .......... .......... .......... 21% 17.0M 1s
  3350K .......... .......... .......... .......... .......... 21% 11.7M 1s
  3400K .......... .......... .......... .......... .......... 22% 12.4M 1s
  3450K .......... .......... .......... .......... .......... 22% 11.6M 1s
  3500K .......... .......... .......... .......... .......... 22% 10.4M 1s
  3550K .......... .......... .......... .......... .......... 23% 11.5M 1s
  3600K .......... .......... .......... .......... .......... 23% 12.2M 1s
  3650K .......... .......... .......... .......... .......... 23% 7.54M 1s
  3700K .......... .......... .......... .......... .......... 23% 12.4M 1s
  3750K .......... .......... .......... .......... .......... 24% 8.22M 1s
  3800K .......... .......... .......... .......... .......... 24% 14.8M 1s
  3850K .......... .......... .......... .......... .......... 24% 17.1M 1s
  3900K .......... .......... .......... .......... .......... 25% 8.63M 1s
  3950K .......... .......... .......... .......... .......... 25% 7.78M 1s
  4000K .......... .......... .......... .......... .......... 25% 13.7M 1s
  4050K .......... .......... .......... .......... .......... 26% 9.81M 1s
  4100K .......... .......... .......... .......... .......... 26% 13.1M 1s
  4150K .......... .......... .......... .......... .......... 26% 9.83M 1s
  4200K .......... .......... .......... .......... .......... 27% 8.83M 1s
  4250K .......... .......... .......... .......... .......... 27% 2.52M 1s
  4300K .......... .......... .......... .......... .......... 27%  360M 1s
  4350K .......... .......... .......... .......... .......... 28%  301M 1s
  4400K .......... .......... .......... .......... .......... 28% 12.1M 1s
  4450K .......... .......... .......... .......... .......... 28% 3.82M 1s
  4500K .......... .......... .......... .......... .......... 29% 10.0M 1s
  4550K .......... .......... .......... .......... .......... 29%  374M 1s
  4600K .......... .......... .......... .......... .......... 29% 8.15M 1s
  4650K .......... .......... .......... .......... .......... 30% 10.4M 1s
  4700K .......... .......... .......... .......... .......... 30% 6.71M 1s
  4750K .......... .......... .......... .......... .......... 30% 9.23M 1s
  4800K .......... .......... .......... .......... .......... 31% 8.71M 1s
  4850K .......... .......... .......... .......... .......... 31% 7.44M 1s
  4900K .......... .......... .......... .......... .......... 31% 11.6M 1s
  4950K .......... .......... .......... .......... .......... 31% 9.21M 1s
  5000K .......... .......... .......... .......... .......... 32% 12.6M 1s
  5050K .......... .......... .......... .......... .......... 32% 10.7M 1s
  5100K .......... .......... .......... .......... .......... 32% 9.38M 1s
  5150K .......... .......... .......... .......... .......... 33% 11.3M 1s
  5200K .......... .......... .......... .......... .......... 33% 11.6M 1s
  5250K .......... .......... .......... .......... .......... 33% 13.0M 1s
  5300K .......... .......... .......... .......... .......... 34% 7.65M 1s
  5350K .......... .......... .......... .......... .......... 34% 10.6M 1s
  5400K .......... .......... .......... .......... .......... 34% 10.1M 1s
  5450K .......... .......... .......... .......... .......... 35% 10.1M 1s
  5500K .......... .......... .......... .......... .......... 35% 9.16M 1s
  5550K .......... .......... .......... .......... .......... 35% 7.51M 1s
  5600K .......... .......... .......... .......... .......... 36% 16.0M 1s
  5650K .......... .......... .......... .......... .......... 36% 8.28M 1s
  5700K .......... .......... .......... .......... .......... 36% 13.2M 1s
  5750K .......... .......... .......... .......... .......... 37% 7.97M 1s
  5800K .......... .......... .......... .......... .......... 37% 12.7M 1s
  5850K .......... .......... .......... .......... .......... 37% 11.1M 1s
  5900K .......... .......... .......... .......... .......... 38% 9.13M 1s
  5950K .......... .......... .......... .......... .......... 38% 7.43M 1s
  6000K .......... .......... .......... .......... .......... 38% 11.9M 1s
  6050K .......... .......... .......... .......... .......... 39% 9.46M 1s
  6100K .......... .......... .......... .......... .......... 39% 11.5M 1s
  6150K .......... .......... .......... .......... .......... 39% 10.9M 1s
  6200K .......... .......... .......... .......... .......... 39% 8.10M 1s
  6250K .......... .......... .......... .......... .......... 40% 8.03M 1s
  6300K .......... .......... .......... .......... .......... 40% 11.6M 1s
  6350K .......... .......... .......... .......... .......... 40% 11.1M 1s
  6400K .......... .......... .......... .......... .......... 41% 7.29M 1s
  6450K .......... .......... .......... .......... .......... 41% 21.6M 1s
  6500K .......... .......... .......... .......... .......... 41% 7.84M 1s
  6550K .......... .......... .......... .......... .......... 42% 14.3M 1s
  6600K .......... .......... .......... .......... .......... 42% 9.65M 1s
  6650K .......... .......... .......... .......... .......... 42% 7.60M 1s
  6700K .......... .......... .......... .......... .......... 43% 10.9M 1s
  6750K .......... .......... .......... .......... .......... 43% 10.6M 1s
  6800K .......... .......... .......... .......... .......... 43% 10.5M 1s
  6850K .......... .......... .......... .......... .......... 44% 10.2M 1s
  6900K .......... .......... .......... .......... .......... 44% 8.41M 1s
  6950K .......... .......... .......... .......... .......... 44% 11.8M 1s
  7000K .......... .......... .......... .......... .......... 45% 10.2M 1s
  7050K .......... .......... .......... .......... .......... 45% 11.0M 1s
  7100K .......... .......... .......... .......... .......... 45% 12.5M 1s
  7150K .......... .......... .......... .......... .......... 46% 10.4M 1s
  7200K .......... .......... .......... .......... .......... 46% 11.9M 1s
  7250K .......... .......... .......... .......... .......... 46% 8.52M 1s
  7300K .......... .......... .......... .......... .......... 47% 15.1M 1s
  7350K .......... .......... .......... .......... .......... 47% 10.0M 1s
  7400K .......... .......... .......... .......... .......... 47% 11.1M 1s
  7450K .......... .......... .......... .......... .......... 47% 11.3M 1s
  7500K .......... .......... .......... .......... .......... 48% 10.8M 1s
  7550K .......... .......... .......... .......... .......... 48% 10.7M 1s
  7600K .......... .......... .......... .......... .......... 48% 8.76M 1s
  7650K .......... .......... .......... .......... .......... 49% 10.5M 1s
  7700K .......... .......... .......... .......... .......... 49% 9.87M 1s
  7750K .......... .......... .......... .......... .......... 49% 8.44M 1s
  7800K .......... .......... .......... .......... .......... 50% 11.6M 1s
  7850K .......... .......... .......... .......... .......... 50% 13.5M 1s
  7900K .......... .......... .......... .......... .......... 50% 2.98M 1s
  7950K .......... .......... .......... .......... .......... 51%  582M 1s
  8000K .......... .......... .......... .......... .......... 51% 6.88M 1s
  8050K .......... .......... .......... .......... .......... 51% 11.6M 1s
  8100K .......... .......... .......... .......... .......... 52% 9.12M 1s
  8150K .......... .......... .......... .......... .......... 52% 15.8M 1s
  8200K .......... .......... .......... .......... .......... 52% 9.78M 1s
  8250K .......... .......... .......... .......... .......... 53% 7.78M 1s
  8300K .......... .......... .......... .......... .......... 53% 13.1M 1s
  8350K .......... .......... .......... .......... .......... 53% 13.0M 1s
  8400K .......... .......... .......... .......... .......... 54% 11.0M 1s
  8450K .......... .......... .......... .......... .......... 54% 9.28M 1s
  8500K .......... .......... .......... .......... .......... 54% 14.0M 1s
  8550K .......... .......... .......... .......... .......... 55% 5.85M 1s
  8600K .......... .......... .......... .......... .......... 55% 12.8M 1s
  8650K .......... .......... .......... .......... .......... 55% 11.5M 1s
  8700K .......... .......... .......... .......... .......... 55% 10.3M 1s
  8750K .......... .......... .......... .......... .......... 56% 9.89M 1s
  8800K .......... .......... .......... .......... .......... 56% 9.79M 1s
  8850K .......... .......... .......... .......... .......... 56% 10.9M 1s
  8900K .......... .......... .......... .......... .......... 57% 9.25M 1s
  8950K .......... .......... .......... .......... .......... 57% 7.17M 1s
  9000K .......... .......... .......... .......... .......... 57% 9.69M 1s
  9050K .......... .......... .......... .......... .......... 58% 8.00M 1s
  9100K .......... .......... .......... .......... .......... 58% 11.9M 1s
  9150K .......... .......... .......... .......... .......... 58% 3.24M 1s
  9200K .......... .......... .......... .......... .......... 59%  144M 1s
  9250K .......... .......... .......... .......... .......... 59% 19.0M 1s
  9300K .......... .......... .......... .......... .......... 59% 7.88M 1s
  9350K .......... .......... .......... .......... .......... 60% 10.7M 1s
  9400K .......... .......... .......... .......... .......... 60% 9.49M 1s
  9450K .......... .......... .......... .......... .......... 60% 9.74M 1s
  9500K .......... .......... .......... .......... .......... 61% 9.59M 1s
  9550K .......... .......... .......... .......... .......... 61% 8.65M 1s
  9600K .......... .......... .......... .......... .......... 61% 9.23M 1s
  9650K .......... .......... .......... .......... .......... 62% 9.96M 1s
  9700K .......... .......... .......... .......... .......... 62% 10.6M 1s
  9750K .......... .......... .......... .......... .......... 62% 8.22M 1s
  9800K .......... .......... .......... .......... .......... 63% 11.2M 1s
  9850K .......... .......... .......... .......... .......... 63% 8.55M 1s
  9900K .......... .......... .......... .......... .......... 63% 9.77M 1s
  9950K .......... .......... .......... .......... .......... 63% 9.55M 1s
 10000K .......... .......... .......... .......... .......... 64% 10.9M 1s
 10050K .......... .......... .......... .......... .......... 64% 10.1M 1s
 10100K .......... .......... .......... .......... .......... 64% 17.2M 1s
 10150K .......... .......... .......... .......... .......... 65% 8.41M 1s
 10200K .......... .......... .......... .......... .......... 65% 10.2M 1s
 10250K .......... .......... .......... .......... .......... 65% 9.05M 1s
 10300K .......... .......... .......... .......... .......... 66% 15.7M 1s
 10350K .......... .......... .......... .......... .......... 66% 11.5M 1s
 10400K .......... .......... .......... .......... .......... 66% 10.7M 1s
 10450K .......... .......... .......... .......... .......... 67% 12.7M 1s
 10500K .......... .......... .......... .......... .......... 67% 8.87M 1s
 10550K .......... .......... .......... .......... .......... 67% 8.09M 0s
 10600K .......... .......... .......... .......... .......... 68% 7.24M 0s
 10650K .......... .......... .......... .......... .......... 68% 11.0M 0s
 10700K .......... .......... .......... .......... .......... 68% 6.15M 0s
 10750K .......... .......... .......... .......... .......... 69% 8.18M 0s
 10800K .......... .......... .......... .......... .......... 69% 5.59M 0s
 10850K .......... .......... .......... .......... .......... 69% 7.04M 0s
 10900K .......... .......... .......... .......... .......... 70% 9.78M 0s
 10950K .......... .......... .......... .......... .......... 70% 12.3M 0s
 11000K .......... .......... .......... .......... .......... 70% 8.23M 0s
 11050K .......... .......... .......... .......... .......... 71% 8.86M 0s
 11100K .......... .......... .......... .......... .......... 71% 11.5M 0s
 11150K .......... .......... .......... .......... .......... 71% 8.43M 0s
 11200K .......... .......... .......... .......... .......... 71% 8.78M 0s
 11250K .......... .......... .......... .......... .......... 72% 7.24M 0s
 11300K .......... .......... .......... .......... .......... 72% 12.5M 0s
 11350K .......... .......... .......... .......... .......... 72% 9.43M 0s
 11400K .......... .......... .......... .......... .......... 73% 7.28M 0s
 11450K .......... .......... .......... .......... .......... 73% 7.12M 0s
 11500K .......... .......... .......... .......... .......... 73% 5.36M 0s
 11550K .......... .......... .......... .......... .......... 74% 9.13M 0s
 11600K .......... .......... .......... .......... .......... 74% 7.35M 0s
 11650K .......... .......... .......... .......... .......... 74% 6.03M 0s
 11700K .......... .......... .......... .......... .......... 75% 8.65M 0s
 11750K .......... .......... .......... .......... .......... 75% 9.39M 0s
 11800K .......... .......... .......... .......... .......... 75% 9.06M 0s
 11850K .......... .......... .......... .......... .......... 76% 8.93M 0s
 11900K .......... .......... .......... .......... .......... 76% 14.2M 0s
 11950K .......... .......... .......... .......... .......... 76% 6.43M 0s
 12000K .......... .......... .......... .......... .......... 77% 9.39M 0s
 12050K .......... .......... .......... .......... .......... 77% 6.27M 0s
 12100K .......... .......... .......... .......... .......... 77% 8.32M 0s
 12150K .......... .......... .......... .......... .......... 78% 12.0M 0s
 12200K .......... .......... .......... .......... .......... 78% 8.57M 0s
 12250K .......... .......... .......... .......... .......... 78% 13.5M 0s
 12300K .......... .......... .......... .......... .......... 79% 9.51M 0s
 12350K .......... .......... .......... .......... .......... 79% 10.0M 0s
 12400K .......... .......... .......... .......... .......... 79% 8.91M 0s
 12450K .......... .......... .......... .......... .......... 79% 7.04M 0s
 12500K .......... .......... .......... .......... .......... 80% 10.5M 0s
 12550K .......... .......... .......... .......... .......... 80% 8.10M 0s
 12600K .......... .......... .......... .......... .......... 80% 10.7M 0s
 12650K .......... .......... .......... .......... .......... 81% 11.1M 0s
 12700K .......... .......... .......... .......... .......... 81% 9.21M 0s
 12750K .......... .......... .......... .......... .......... 81% 9.78M 0s
 12800K .......... .......... .......... .......... .......... 82% 16.8M 0s
 12850K .......... .......... .......... .......... .......... 82% 7.92M 0s
 12900K .......... .......... .......... .......... .......... 82% 12.5M 0s
 12950K .......... .......... .......... .......... .......... 83% 12.6M 0s
 13000K .......... .......... .......... .......... .......... 83% 9.45M 0s
 13050K .......... .......... .......... .......... .......... 83% 6.18M 0s
 13100K .......... .......... .......... .......... .......... 84% 25.2M 0s
 13150K .......... .......... .......... .......... .......... 84% 6.99M 0s
 13200K .......... .......... .......... .......... .......... 84% 15.5M 0s
 13250K .......... .......... .......... .......... .......... 85% 10.8M 0s
 13300K .......... .......... .......... .......... .......... 85% 10.7M 0s
 13350K .......... .......... .......... .......... .......... 85% 11.2M 0s
 13400K .......... .......... .......... .......... .......... 86% 10.8M 0s
 13450K .......... .......... .......... .......... .......... 86% 12.7M 0s
 13500K .......... .......... .......... .......... .......... 86% 11.9M 0s
 13550K .......... .......... .......... .......... .......... 87% 9.17M 0s
 13600K .......... .......... .......... .......... .......... 87% 10.5M 0s
 13650K .......... .......... .......... .......... .......... 87% 10.4M 0s
 13700K .......... .......... .......... .......... .......... 87% 12.3M 0s
 13750K .......... .......... .......... .......... .......... 88% 11.7M 0s
 13800K .......... .......... .......... .......... .......... 88% 9.36M 0s
 13850K .......... .......... .......... .......... .......... 88% 8.51M 0s
 13900K .......... .......... .......... .......... .......... 89% 17.0M 0s
 13950K .......... .......... .......... .......... .......... 89% 9.19M 0s
 14000K .......... .......... .......... .......... .......... 89% 15.4M 0s
 14050K .......... .......... .......... .......... .......... 90% 9.64M 0s
 14100K .......... .......... .......... .......... .......... 90% 10.5M 0s
 14150K .......... .......... .......... .......... .......... 90% 12.0M 0s
 14200K .......... .......... .......... .......... .......... 91% 9.18M 0s
 14250K .......... .......... .......... .......... .......... 91% 12.5M 0s
 14300K .......... .......... .......... .......... .......... 91% 10.9M 0s
 14350K .......... .......... .......... .......... .......... 92% 10.9M 0s
 14400K .......... .......... .......... .......... .......... 92% 8.68M 0s
 14450K .......... .......... .......... .......... .......... 92% 9.41M 0s
 14500K .......... .......... .......... .......... .......... 93% 8.24M 0s
 14550K .......... .......... .......... .......... .......... 93% 10.4M 0s
 14600K .......... .......... .......... .......... .......... 93% 7.25M 0s
 14650K .......... .......... .......... .......... .......... 94% 9.47M 0s
 14700K .......... .......... .......... .......... .......... 94% 9.78M 0s
 14750K .......... .......... .......... .......... .......... 94% 8.74M 0s
 14800K .......... .......... .......... .......... .......... 95% 11.9M 0s
 14850K .......... .......... .......... .......... .......... 95% 10.1M 0s
 14900K .......... .......... .......... .......... .......... 95% 10.4M 0s
 14950K .......... .......... .......... .......... .......... 95% 11.7M 0s
 15000K .......... .......... .......... .......... .......... 96% 12.2M 0s
 15050K .......... .......... .......... .......... .......... 96% 11.1M 0s
 15100K .......... .......... .......... .......... .......... 96% 11.7M 0s
 15150K .......... .......... .......... .......... .......... 97% 7.08M 0s
 15200K .......... .......... .......... .......... .......... 97% 14.2M 0s
 15250K .......... .......... .......... .......... .......... 97% 10.1M 0s
 15300K .......... .......... .......... .......... .......... 98% 16.7M 0s
 15350K .......... .......... .......... .......... .......... 98% 10.5M 0s
 15400K .......... .......... .......... .......... .......... 98% 11.0M 0s
 15450K .......... .......... .......... .......... .......... 99% 8.79M 0s
 15500K .......... .......... .......... .......... .......... 99% 11.6M 0s
 15550K .......... .......... .......... .......... .......... 99% 13.4M 0s
 15600K .......... .......... .....                           100% 15.9M=1.6s

2026-04-07 12:57:45 (9.76 MB/s) - ‘/home/anirudh/Nav2/build/multirobot_map_merge/2012-01-28-11-12-01.pgm’ saved [16000058/16000058]

