[0.011s] Invoking command in '/home/anirudh/Nav2/build/multirobot_map_merge': CMAKE_PREFIX_PATH=${CMAKE_PREFIX_PATH}:/home/anirudh/omx_ws/install/open_manipulator_teleop:/home/anirudh/omx_ws/install/open_manipulator_bringup:/opt/ros/jazzy DEBUGINFOD_URLS=https://debuginfod.ubuntu.com /usr/bin/cmake /home/anirudh/Nav2/src/m-explore-ros2/map_merge -DCMAKE_INSTALL_PREFIX=/home/anirudh/Nav2/install/multirobot_map_merge
[0.106s] -- The C compiler identification is GNU 13.3.0
[0.176s] -- The CXX compiler identification is GNU 13.3.0
[0.192s] -- Detecting C compiler ABI info
[0.274s] -- Detecting C compiler ABI info - done
[0.281s] -- Check for working C compiler: /usr/bin/cc - skipped
[0.282s] -- Detecting C compile features
[0.282s] -- Detecting C compile features - done
[0.291s] -- Detecting CXX compiler ABI info
[0.372s] -- Detecting CXX compiler ABI info - done
[0.381s] -- Check for working CXX compiler: /usr/bin/c++ - skipped
[0.381s] -- Detecting CXX compile features
[0.381s] -- Detecting CXX compile features - done
[0.384s] -- Found ament_cmake: 2.5.4 (/opt/ros/jazzy/share/ament_cmake/cmake)
[0.509s] -- Found Python3: /usr/bin/python3 (found version "3.12.3") found components: Interpreter 
[0.622s] -- Found rclcpp: 28.1.13 (/opt/ros/jazzy/share/rclcpp/cmake)
[0.672s] -- Found rosidl_generator_c: 4.6.6 (/opt/ros/jazzy/share/rosidl_generator_c/cmake)
[0.687s] -- Found rosidl_generator_cpp: 4.6.6 (/opt/ros/jazzy/share/rosidl_generator_cpp/cmake)
[0.706s] -- Using all available rosidl_typesupport_c: rosidl_typesupport_fastrtps_c;rosidl_typesupport_introspection_c
[0.724s] -- Using all available rosidl_typesupport_cpp: rosidl_typesupport_fastrtps_cpp;rosidl_typesupport_introspection_cpp
[0.802s] -- Found rmw_implementation_cmake: 7.3.2 (/opt/ros/jazzy/share/rmw_implementation_cmake/cmake)
[0.807s] -- Found rmw_fastrtps_cpp: 8.4.3 (/opt/ros/jazzy/share/rmw_fastrtps_cpp/cmake)
[0.896s] -- Found OpenSSL: /usr/lib/x86_64-linux-gnu/libcrypto.so (found version "3.0.13")  
[0.919s] -- Found FastRTPS: /opt/ros/jazzy/include (Required is at least version "2.13") 
[0.940s] -- Using RMW implementation 'rmw_fastrtps_cpp' as default
[1.018s] -- Found geometry_msgs: 5.3.6 (/opt/ros/jazzy/share/geometry_msgs/cmake)
[1.050s] -- Found image_geometry: 4.1.0 (/opt/ros/jazzy/share/image_geometry/cmake)
[1.087s] -- Found map_msgs: 2.4.1 (/opt/ros/jazzy/share/map_msgs/cmake)
[1.143s] -- Found tf2_geometry_msgs: 0.36.16 (/opt/ros/jazzy/share/tf2_geometry_msgs/cmake)
[1.162s] -- Found eigen3_cmake_module: 0.3.0 (/opt/ros/jazzy/share/eigen3_cmake_module/cmake)
[1.164s] -- Found Eigen3: TRUE (found version "3.4.0") 
[1.164s] -- Ensuring Eigen3 include directory is part of orocos-kdl CMake target
[1.414s] -- Found Boost: /usr/lib/x86_64-linux-gnu/cmake/Boost-1.83.0/BoostConfig.cmake (found version "1.83.0") found components: thread 
[1.418s] -- Found OpenCV: /usr (found version "4.6.0") 
[1.433s] -- Found ament_lint_auto: 0.17.3 (/opt/ros/jazzy/share/ament_lint_auto/cmake)
[1.523s] -- Found ament_cmake_gtest: 2.5.4 (/opt/ros/jazzy/share/ament_cmake_gtest/cmake)
[1.528s] --2026-04-07 12:57:41--  https://raw.githubusercontent.com/hrnr/m-explore-extra/master/map_merge/hector_maps/map00.pgm
[1.546s] Resolving raw.githubusercontent.com (raw.githubusercontent.com)... 185.199.110.133, 185.199.108.133, 185.199.109.133, ...
[1.559s] Connecting to raw.githubusercontent.com (raw.githubusercontent.com)|185.199.110.133|:443... connected.
[1.575s] HTTP request sent, awaiting response... 200 OK
[1.575s] Length: 4194362 (4.0M) [application/octet-stream]
[1.575s] Saving to: ‘/home/anirudh/Nav2/build/multirobot_map_merge/map00.pgm’
[1.577s] 
[1.586s]      0K .......... .......... .......... .......... ..........  1% 4.65M 1s
[1.597s]     50K .......... .......... .......... .......... ..........  2% 4.30M 1s
[1.599s]    100K .......... .......... .......... .......... ..........  3% 24.1M 1s
[1.610s]    150K .......... .......... .......... .......... ..........  4% 4.68M 1s
[1.613s]    200K .......... .......... .......... .......... ..........  6% 14.0M 1s
[1.618s]    250K .......... .......... .......... .......... ..........  7% 10.4M 1s
[1.621s]    300K .......... .......... .......... .......... ..........  8% 14.8M 0s
[1.631s]    350K .......... .......... .......... .......... ..........  9% 5.51M 1s
[1.633s]    400K .......... .......... .......... .......... .......... 10% 14.2M 0s
[1.639s]    450K .......... .......... .......... .......... .......... 12% 9.04M 0s
[1.645s]    500K .......... .......... .......... .......... .......... 13% 8.08M 0s
[1.660s]    550K .......... .......... .......... .......... .......... 14% 3.17M 0s
[1.664s]    600K .......... .......... .......... .......... .......... 15% 15.0M 0s
[1.668s]    650K .......... .......... .......... .......... .......... 17% 12.1M 0s
[1.675s]    700K .......... .......... .......... .......... .......... 18% 6.65M 0s
[1.680s]    750K .......... .......... .......... .......... .......... 19% 10.7M 0s
[1.685s]    800K .......... .......... .......... .......... .......... 20% 9.81M 0s
[1.694s]    850K .......... .......... .......... .......... .......... 21% 4.98M 0s
[1.700s]    900K .......... .......... .......... .......... .......... 23% 8.85M 0s
[1.704s]    950K .......... .......... .......... .......... .......... 24% 12.3M 0s
[1.707s]   1000K .......... .......... .......... .......... .......... 25% 14.5M 0s
[1.712s]   1050K .......... .......... .......... .......... .......... 26% 10.8M 0s
[1.715s]   1100K .......... .......... .......... .......... .......... 28% 12.8M 0s
[1.724s]   1150K .......... .......... .......... .......... .......... 29% 7.56M 0s
[1.728s]   1200K .......... .......... .......... .......... .......... 30% 8.68M 0s
[1.732s]   1250K .......... .......... .......... .......... .......... 31% 9.92M 0s
[1.736s]   1300K .......... .......... .......... .......... .......... 32% 13.0M 0s
[1.740s]   1350K .......... .......... .......... .......... .......... 34% 11.7M 0s
[1.749s]   1400K .......... .......... .......... .......... .......... 35% 5.89M 0s
[1.754s]   1450K .......... .......... .......... .......... .......... 36% 9.49M 0s
[1.758s]   1500K .......... .......... .......... .......... .......... 37% 12.1M 0s
[1.763s]   1550K .......... .......... .......... .......... .......... 39% 11.7M 0s
[1.768s]   1600K .......... .......... .......... .......... .......... 40% 8.89M 0s
[1.773s]   1650K .......... .......... .......... .......... .......... 41% 9.06M 0s
[1.776s]   1700K .......... .......... .......... .......... .......... 42% 17.6M 0s
[1.780s]   1750K .......... .......... .......... .......... .......... 43% 12.3M 0s
[1.785s]   1800K .......... .......... .......... .......... .......... 45% 10.0M 0s
[1.818s]   1850K .......... .......... .......... .......... .......... 46% 1.48M 0s
[1.822s]   1900K .......... .......... .......... .......... .......... 47% 11.1M 0s
[1.826s]   1950K .......... .......... .......... .......... .......... 48% 13.6M 0s
[1.826s]   2000K .......... .......... .......... .......... .......... 50%  144M 0s
[1.826s]   2050K .......... .......... .......... .......... .......... 51%  233M 0s
[1.827s]   2100K .......... .......... .......... .......... .......... 52%  236M 0s
[1.827s]   2150K .......... .......... .......... .......... .......... 53%  231M 0s
[1.831s]   2200K .......... .......... .......... .......... .......... 54% 11.4M 0s
[1.836s]   2250K .......... .......... .......... .......... .......... 56% 10.6M 0s
[1.840s]   2300K .......... .......... .......... .......... .......... 57% 11.4M 0s
[1.846s]   2350K .......... .......... .......... .......... .......... 58% 11.7M 0s
[1.849s]   2400K .......... .......... .......... .......... .......... 59% 8.65M 0s
[1.853s]   2450K .......... .......... .......... .......... .......... 61% 12.4M 0s
[1.859s]   2500K .......... .......... .......... .......... .......... 62% 9.51M 0s
[1.865s]   2550K .......... .......... .......... .......... .......... 63% 7.57M 0s
[1.870s]   2600K .......... .......... .......... .......... .......... 64% 10.1M 0s
[1.874s]   2650K .......... .......... .......... .......... .......... 65% 10.7M 0s
[1.879s]   2700K .......... .......... .......... .......... .......... 67% 11.4M 0s
[1.885s]   2750K .......... .......... .......... .......... .......... 68% 9.45M 0s
[1.893s]   2800K .......... .......... .......... .......... .......... 69% 5.49M 0s
[1.916s]   2850K .......... .......... .......... .......... .......... 70% 2.07M 0s
[1.916s]   2900K .......... .......... .......... .......... .......... 72%  397M 0s
[1.922s]   2950K .......... .......... .......... .......... .......... 73% 9.07M 0s
[1.922s]   3000K .......... .......... .......... .......... .......... 74%  370M 0s
[1.936s]   3050K .......... .......... .......... .......... .......... 75% 3.58M 0s
[1.936s]   3100K .......... .......... .......... .......... .......... 76%  378M 0s
[1.942s]   3150K .......... .......... .......... .......... .......... 78% 14.7M 0s
[1.945s]   3200K .......... .......... .......... .......... .......... 79% 8.32M 0s
[1.953s]   3250K .......... .......... .......... .......... .......... 80% 6.00M 0s
[1.964s]   3300K .......... .......... .......... .......... .......... 81% 4.36M 0s
[1.968s]   3350K .......... .......... .......... .......... .......... 83% 13.9M 0s
[1.972s]   3400K .......... .......... .......... .......... .......... 84% 12.8M 0s
[1.976s]   3450K .......... .......... .......... .......... .......... 85% 11.4M 0s
[1.981s]   3500K .......... .......... .......... .......... .......... 86% 10.1M 0s
[1.986s]   3550K .......... .......... .......... .......... .......... 87% 12.2M 0s
[1.992s]   3600K .......... .......... .......... .......... .......... 89% 6.78M 0s
[1.995s]   3650K .......... .......... .......... .......... .......... 90% 15.3M 0s
[1.999s]   3700K .......... .......... .......... .......... .......... 91% 11.3M 0s
[2.003s]   3750K .......... .......... .......... .......... .......... 92% 12.0M 0s
[2.013s]   3800K .......... .......... .......... .......... .......... 93% 5.03M 0s
[2.015s]   3850K .......... .......... .......... .......... .......... 95% 30.2M 0s
[2.021s]   3900K .......... .......... .......... .......... .......... 96% 7.69M 0s
[2.027s]   3950K .......... .......... .......... .......... .......... 97% 10.2M 0s
[2.037s]   4000K .......... .......... .......... .......... .......... 98% 4.45M 0s
[2.042s]   4050K .......... .......... .......... .......... ......    100% 9.61M=0.5s
[2.042s] 
[2.042s] 2026-04-07 12:57:41 (8.58 MB/s) - ‘/home/anirudh/Nav2/build/multirobot_map_merge/map00.pgm’ saved [4194362/4194362]
[2.042s] 
[2.042s] Checking MD5 sum of /home/anirudh/Nav2/build/multirobot_map_merge/map00.pgm
[2.051s] /home/anirudh/Nav2/build/multirobot_map_merge/map00.pgm: OK
[2.057s] --2026-04-07 12:57:41--  https://raw.githubusercontent.com/hrnr/m-explore-extra/master/map_merge/hector_maps/map05.pgm
[2.076s] Resolving raw.githubusercontent.com (raw.githubusercontent.com)... 185.199.110.133, 185.199.108.133, 185.199.111.133, ...
[2.090s] Connecting to raw.githubusercontent.com (raw.githubusercontent.com)|185.199.110.133|:443... connected.
[2.108s] HTTP request sent, awaiting response... 200 OK
[2.108s] Length: 4194362 (4.0M) [application/octet-stream]
[2.109s] Saving to: ‘/home/anirudh/Nav2/build/multirobot_map_merge/map05.pgm’
[2.109s] 
[2.128s]      0K .......... .......... .......... .......... ..........  1% 2.52M 2s
[2.132s]     50K .......... .......... .......... .......... ..........  2% 11.5M 1s
[2.143s]    100K .......... .......... .......... .......... ..........  3% 4.43M 1s
[2.148s]    150K .......... .......... .......... .......... ..........  4% 9.08M 1s
[2.163s]    200K .......... .......... .......... .......... ..........  6% 3.31M 1s
[2.167s]    250K .......... .......... .......... .......... ..........  7% 11.1M 1s
[2.178s]    300K .......... .......... .......... .......... ..........  8% 4.89M 1s
[2.200s]    350K .......... .......... .......... .......... ..........  9% 2.13M 1s
[2.201s]    400K .......... .......... .......... .......... .......... 10%  337M 1s
[2.206s]    450K .......... .......... .......... .......... .......... 12% 8.59M 1s
[2.206s]    500K .......... .......... .......... .......... .......... 13%  422M 1s
[2.216s]    550K .......... .......... .......... .......... .......... 14% 4.83M 1s
[2.218s]    600K .......... .......... .......... .......... .......... 15% 23.4M 1s
[2.227s]    650K .......... .......... .......... .......... .......... 17% 5.53M 1s
[2.233s]    700K .......... .......... .......... .......... .......... 18% 8.62M 1s
[2.246s]    750K .......... .......... .......... .......... .......... 19% 3.78M 1s
[2.251s]    800K .......... .......... .......... .......... .......... 20% 9.08M 1s
[2.256s]    850K .......... .......... .......... .......... .......... 21% 10.6M 1s
[2.260s]    900K .......... .......... .......... .......... .......... 23% 10.9M 1s
[2.264s]    950K .......... .......... .......... .......... .......... 24% 12.6M 0s
[2.271s]   1000K .......... .......... .......... .......... .......... 25% 6.86M 0s
[2.277s]   1050K .......... .......... .......... .......... .......... 26% 8.95M 0s
[2.281s]   1100K .......... .......... .......... .......... .......... 28% 12.1M 0s
[2.287s]   1150K .......... .......... .......... .......... .......... 29% 7.85M 0s
[2.291s]   1200K .......... .......... .......... .......... .......... 30% 13.1M 0s
[2.297s]   1250K .......... .......... .......... .......... .......... 31% 8.19M 0s
[2.305s]   1300K .......... .......... .......... .......... .......... 32% 5.60M 0s
[2.312s]   1350K .......... .......... .......... .......... .......... 34% 7.27M 0s
[2.318s]   1400K .......... .......... .......... .......... .......... 35% 7.56M 0s
[2.326s]   1450K .......... .......... .......... .......... .......... 36% 7.00M 0s
[2.330s]   1500K .......... .......... .......... .......... .......... 37% 12.9M 0s
[2.339s]   1550K .......... .......... .......... .......... .......... 39% 5.15M 0s
[2.342s]   1600K .......... .......... .......... .......... .......... 40% 13.9M 0s
[2.350s]   1650K .......... .......... .......... .......... .......... 41% 6.48M 0s
[2.355s]   1700K .......... .......... .......... .......... .......... 42% 9.78M 0s
[2.360s]   1750K .......... .......... .......... .......... .......... 43% 9.81M 0s
[2.368s]   1800K .......... .......... .......... .......... .......... 45% 6.26M 0s
[2.371s]   1850K .......... .......... .......... .......... .......... 46% 12.3M 0s
[2.383s]   1900K .......... .......... .......... .......... .......... 47% 4.12M 0s
[2.389s]   1950K .......... .......... .......... .......... .......... 48% 8.24M 0s
[2.394s]   2000K .......... .......... .......... .......... .......... 50% 10.3M 0s
[2.399s]   2050K .......... .......... .......... .......... .......... 51% 9.81M 0s
[2.402s]   2100K .......... .......... .......... .......... .......... 52% 14.8M 0s
[2.408s]   2150K .......... .......... .......... .......... .......... 53% 9.87M 0s
[2.412s]   2200K .......... .......... .......... .......... .......... 54% 10.4M 0s
[2.416s]   2250K .......... .......... .......... .......... .......... 56% 13.5M 0s
[2.442s]   2300K .......... .......... .......... .......... .......... 57% 1.87M 0s
[2.442s]   2350K .......... .......... .......... .......... .......... 58%  413M 0s
[2.473s]   2400K .......... .......... .......... .......... .......... 59% 1.58M 0s
[2.481s]   2450K .......... .......... .......... .......... .......... 61% 6.09M 0s
[2.485s]   2500K .......... .......... .......... .......... .......... 62% 11.2M 0s
[2.489s]   2550K .......... .......... .......... .......... .......... 63% 12.4M 0s
[2.494s]   2600K .......... .......... .......... .......... .......... 64% 10.3M 0s
[2.499s]   2650K .......... .......... .......... .......... .......... 65% 9.35M 0s
[2.503s]   2700K .......... .......... .......... .......... .......... 67% 11.0M 0s
[2.509s]   2750K .......... .......... .......... .......... .......... 68% 8.80M 0s
[2.515s]   2800K .......... .......... .......... .......... .......... 69% 8.35M 0s
[2.523s]   2850K .......... .......... .......... .......... .......... 70% 6.27M 0s
[2.527s]   2900K .......... .......... .......... .......... .......... 72% 11.1M 0s
[2.533s]   2950K .......... .......... .......... .......... .......... 73% 8.41M 0s
[2.541s]   3000K .......... .......... .......... .......... .......... 74% 5.71M 0s
[2.547s]   3050K .......... .......... .......... .......... .......... 75% 8.54M 0s
[2.553s]   3100K .......... .......... .......... .......... .......... 76% 8.49M 0s
[2.561s]   3150K .......... .......... .......... .......... .......... 78% 6.15M 0s
[2.565s]   3200K .......... .......... .......... .......... .......... 79% 10.2M 0s
[2.569s]   3250K .......... .......... .......... .......... .......... 80% 14.0M 0s
[2.575s]   3300K .......... .......... .......... .......... .......... 81% 7.69M 0s
[2.581s]   3350K .......... .......... .......... .......... .......... 83% 8.29M 0s
[2.588s]   3400K .......... .......... .......... .......... .......... 84% 7.31M 0s
[2.595s]   3450K .......... .......... .......... .......... .......... 85% 6.93M 0s
[2.600s]   3500K .......... .......... .......... .......... .......... 86% 9.17M 0s
[2.611s]   3550K .......... .......... .......... .......... .......... 87% 4.64M 0s
[2.618s]   3600K .......... .......... .......... .......... .......... 89% 7.20M 0s
[2.624s]   3650K .......... .......... .......... .......... .......... 90% 7.06M 0s
[2.629s]   3700K .......... .......... .......... .......... .......... 91% 11.5M 0s
[2.636s]   3750K .......... .......... .......... .......... .......... 92% 6.77M 0s
[2.643s]   3800K .......... .......... .......... .......... .......... 93% 7.02M 0s
[2.648s]   3850K .......... .......... .......... .......... .......... 95% 9.49M 0s
[2.655s]   3900K .......... .......... .......... .......... .......... 96% 6.70M 0s
[2.663s]   3950K .......... .......... .......... .......... .......... 97% 6.58M 0s
[2.670s]   4000K .......... .......... .......... .......... .......... 98% 7.14M 0s
[2.675s]   4050K .......... .......... .......... .......... ......    100% 8.33M=0.6s
[2.675s] 
[2.675s] 2026-04-07 12:57:42 (7.06 MB/s) - ‘/home/anirudh/Nav2/build/multirobot_map_merge/map05.pgm’ saved [4194362/4194362]
[2.675s] 
[2.677s] Checking MD5 sum of /home/anirudh/Nav2/build/multirobot_map_merge/map05.pgm
[2.692s] /home/anirudh/Nav2/build/multirobot_map_merge/map05.pgm: OK
[2.698s] --2026-04-07 12:57:42--  https://raw.githubusercontent.com/hrnr/m-explore-extra/master/map_merge/gmapping_maps/2011-08-09-12-22-52.pgm
[2.717s] Resolving raw.githubusercontent.com (raw.githubusercontent.com)... 185.199.108.133, 185.199.111.133, 185.199.110.133, ...
[2.722s] Connecting to raw.githubusercontent.com (raw.githubusercontent.com)|185.199.108.133|:443... connected.
[2.740s] HTTP request sent, awaiting response... 200 OK
[2.740s] Length: 16000058 (15M) [application/octet-stream]
[2.740s] Saving to: ‘/home/anirudh/Nav2/build/multirobot_map_merge/2011-08-09-12-22-52.pgm’
[2.740s] 
[2.758s]      0K .......... .......... .......... .......... ..........  0% 2.62M 6s
[2.764s]     50K .......... .......... .......... .......... ..........  0% 8.28M 4s
[2.772s]    100K .......... .......... .......... .......... ..........  0% 5.95M 3s
[2.777s]    150K .......... .......... .......... .......... ..........  1% 9.57M 3s
[2.782s]    200K .......... .......... .......... .......... ..........  1% 10.1M 3s
[2.787s]    250K .......... .......... .......... .......... ..........  1% 10.5M 2s
[2.790s]    300K .......... .......... .......... .......... ..........  2% 16.2M 2s
[2.796s]    350K .......... .......... .......... .......... ..........  2% 9.86M 2s
[2.801s]    400K .......... .......... .......... .......... ..........  2% 8.14M 2s
[2.805s]    450K .......... .......... .......... .......... ..........  3% 11.0M 2s
[2.809s]    500K .......... .......... .......... .......... ..........  3% 12.4M 2s
[2.813s]    550K .......... .......... .......... .......... ..........  3% 12.6M 2s
[2.817s]    600K .......... .......... .......... .......... ..........  4% 11.6M 2s
[2.823s]    650K .......... .......... .......... .......... ..........  4% 8.75M 2s
[2.827s]    700K .......... .......... .......... .......... ..........  4% 11.5M 2s
[2.831s]    750K .......... .......... .......... .......... ..........  5% 13.6M 2s
[2.836s]    800K .......... .......... .......... .......... ..........  5% 8.52M 2s
[2.840s]    850K .......... .......... .......... .......... ..........  5% 12.7M 2s
[2.845s]    900K .......... .......... .......... .......... ..........  6% 10.2M 2s
[2.850s]    950K .......... .......... .......... .......... ..........  6% 9.62M 2s
[2.856s]   1000K .......... .......... .......... .......... ..........  6% 8.23M 2s
[2.861s]   1050K .......... .......... .......... .......... ..........  7% 9.60M 2s
[2.865s]   1100K .......... .......... .......... .......... ..........  7% 11.0M 2s
[2.871s]   1150K .......... .......... .......... .......... ..........  7% 12.6M 2s
[2.877s]   1200K .......... .......... .......... .......... ..........  7% 6.61M 2s
[2.882s]   1250K .......... .......... .......... .......... ..........  8% 8.74M 2s
[2.886s]   1300K .......... .......... .......... .......... ..........  8% 13.8M 2s
[2.891s]   1350K .......... .......... .......... .......... ..........  8% 9.47M 2s
[2.896s]   1400K .......... .......... .......... .......... ..........  9% 8.90M 2s
[2.901s]   1450K .......... .......... .......... .......... ..........  9% 11.4M 2s
[2.904s]   1500K .......... .......... .......... .......... ..........  9% 12.8M 2s
[2.912s]   1550K .......... .......... .......... .......... .......... 10% 8.37M 1s
[2.917s]   1600K .......... .......... .......... .......... .......... 10% 7.65M 2s
[2.922s]   1650K .......... .......... .......... .......... .......... 10% 10.2M 1s
[2.927s]   1700K .......... .......... .......... .......... .......... 11% 9.30M 1s
[2.951s]   1750K .......... .......... .......... .......... .......... 11% 2.00M 2s
[2.954s]   1800K .......... .......... .......... .......... .......... 11% 17.7M 2s
[2.958s]   1850K .......... .......... .......... .......... .......... 12% 12.3M 2s
[2.962s]   1900K .......... .......... .......... .......... .......... 12% 11.2M 2s
[2.967s]   1950K .......... .......... .......... .......... .......... 12% 9.59M 2s
[2.967s]   2000K .......... .......... .......... .......... .......... 13%  544M 2s
[2.970s]   2050K .......... .......... .......... .......... .......... 13% 20.8M 1s
[2.974s]   2100K .......... .......... .......... .......... .......... 13% 10.8M 1s
[2.979s]   2150K .......... .......... .......... .......... .......... 14% 10.4M 1s
[2.984s]   2200K .......... .......... .......... .......... .......... 14% 9.14M 1s
[2.991s]   2250K .......... .......... .......... .......... .......... 14% 8.12M 1s
[2.996s]   2300K .......... .......... .......... .......... .......... 15% 8.70M 1s
[3.002s]   2350K .......... .......... .......... .......... .......... 15% 11.2M 1s
[3.007s]   2400K .......... .......... .......... .......... .......... 15% 7.98M 1s
[3.011s]   2450K .......... .......... .......... .......... .......... 15% 11.0M 1s
[3.015s]   2500K .......... .......... .......... .......... .......... 16% 12.1M 1s
[3.019s]   2550K .......... .......... .......... .......... .......... 16% 11.4M 1s
[3.023s]   2600K .......... .......... .......... .......... .......... 16% 12.2M 1s
[3.028s]   2650K .......... .......... .......... .......... .......... 17% 10.9M 1s
[3.034s]   2700K .......... .......... .......... .......... .......... 17% 7.91M 1s
[3.038s]   2750K .......... .......... .......... .......... .......... 17% 19.4M 1s
[3.042s]   2800K .......... .......... .......... .......... .......... 18% 8.16M 1s
[3.047s]   2850K .......... .......... .......... .......... .......... 18% 10.3M 1s
[3.051s]   2900K .......... .......... .......... .......... .......... 18% 14.0M 1s
[3.056s]   2950K .......... .......... .......... .......... .......... 19% 8.63M 1s
[3.060s]   3000K .......... .......... .......... .......... .......... 19% 11.9M 1s
[3.063s]   3050K .......... .......... .......... .......... .......... 19% 16.0M 1s
[3.068s]   3100K .......... .......... .......... .......... .......... 20% 11.0M 1s
[3.075s]   3150K .......... .......... .......... .......... .......... 20% 10.4M 1s
[3.079s]   3200K .......... .......... .......... .......... .......... 20% 7.62M 1s
[3.084s]   3250K .......... .......... .......... .......... .......... 21% 10.6M 1s
[3.088s]   3300K .......... .......... .......... .......... .......... 21% 12.1M 1s
[3.092s]   3350K .......... .......... .......... .......... .......... 21% 11.5M 1s
[3.097s]   3400K .......... .......... .......... .......... .......... 22% 10.4M 1s
[3.101s]   3450K .......... .......... .......... .......... .......... 22% 12.5M 1s
[3.105s]   3500K .......... .......... .......... .......... .......... 22% 11.0M 1s
[3.111s]   3550K .......... .......... .......... .......... .......... 23% 12.6M 1s
[3.116s]   3600K .......... .......... .......... .......... .......... 23% 7.14M 1s
[3.121s]   3650K .......... .......... .......... .......... .......... 23% 9.31M 1s
[3.124s]   3700K .......... .......... .......... .......... .......... 23% 14.3M 1s
[3.128s]   3750K .......... .......... .......... .......... .......... 24% 12.5M 1s
[3.132s]   3800K .......... .......... .......... .......... .......... 24% 11.6M 1s
[3.137s]   3850K .......... .......... .......... .......... .......... 24% 10.6M 1s
[3.141s]   3900K .......... .......... .......... .......... .......... 25% 11.6M 1s
[3.148s]   3950K .......... .......... .......... .......... .......... 25% 11.1M 1s
[3.152s]   4000K .......... .......... .......... .......... .......... 25% 7.43M 1s
[3.156s]   4050K .......... .......... .......... .......... .......... 26% 13.5M 1s
[3.160s]   4100K .......... .......... .......... .......... .......... 26% 12.3M 1s
[3.165s]   4150K .......... .......... .......... .......... .......... 26% 9.71M 1s
[3.169s]   4200K .......... .......... .......... .......... .......... 27% 11.0M 1s
[3.173s]   4250K .......... .......... .......... .......... .......... 27% 13.2M 1s
[3.178s]   4300K .......... .......... .......... .......... .......... 27% 9.77M 1s
[3.183s]   4350K .......... .......... .......... .......... .......... 28% 15.3M 1s
[3.188s]   4400K .......... .......... .......... .......... .......... 28% 7.51M 1s
[3.192s]   4450K .......... .......... .......... .......... .......... 28% 10.9M 1s
[3.196s]   4500K .......... .......... .......... .......... .......... 29% 11.9M 1s
[3.200s]   4550K .......... .......... .......... .......... .......... 29% 12.0M 1s
[3.205s]   4600K .......... .......... .......... .......... .......... 29% 11.0M 1s
[3.209s]   4650K .......... .......... .......... .......... .......... 30% 10.5M 1s
[3.214s]   4700K .......... .......... .......... .......... .......... 30% 10.6M 1s
[3.220s]   4750K .......... .......... .......... .......... .......... 30% 13.6M 1s
[3.225s]   4800K .......... .......... .......... .......... .......... 31% 6.46M 1s
[3.230s]   4850K .......... .......... .......... .......... .......... 31% 11.4M 1s
[3.233s]   4900K .......... .......... .......... .......... .......... 31% 14.6M 1s
[3.239s]   4950K .......... .......... .......... .......... .......... 31% 8.55M 1s
[3.244s]   5000K .......... .......... .......... .......... .......... 32% 9.78M 1s
[3.247s]   5050K .......... .......... .......... .......... .......... 32% 14.7M 1s
[3.252s]   5100K .......... .......... .......... .......... .......... 32% 9.89M 1s
[3.257s]   5150K .......... .......... .......... .......... .......... 33% 18.2M 1s
[3.260s]   5200K .......... .......... .......... .......... .......... 33% 8.47M 1s
[3.266s]   5250K .......... .......... .......... .......... .......... 33% 8.59M 1s
[3.270s]   5300K .......... .......... .......... .......... .......... 34% 11.1M 1s
[3.274s]   5350K .......... .......... .......... .......... .......... 34% 14.3M 1s
[3.279s]   5400K .......... .......... .......... .......... .......... 34% 9.54M 1s
[3.283s]   5450K .......... .......... .......... .......... .......... 35% 10.9M 1s
[3.287s]   5500K .......... .......... .......... .......... .......... 35% 15.7M 1s
[3.294s]   5550K .......... .......... .......... .......... .......... 35% 10.4M 1s
[3.297s]   5600K .......... .......... .......... .......... .......... 36% 8.11M 1s
[3.302s]   5650K .......... .......... .......... .......... .......... 36% 11.5M 1s
[3.306s]   5700K .......... .......... .......... .......... .......... 36% 10.1M 1s
[3.312s]   5750K .......... .......... .......... .......... .......... 37% 9.61M 1s
[3.316s]   5800K .......... .......... .......... .......... .......... 37% 10.7M 1s
[3.320s]   5850K .......... .......... .......... .......... .......... 37% 13.1M 1s
[3.325s]   5900K .......... .......... .......... .......... .......... 38% 9.66M 1s
[3.330s]   5950K .......... .......... .......... .......... .......... 38% 9.84M 1s
[3.336s]   6000K .......... .......... .......... .......... .......... 38% 8.31M 1s
[3.341s]   6050K .......... .......... .......... .......... .......... 39% 8.62M 1s
[3.344s]   6100K .......... .......... .......... .......... .......... 39% 20.8M 1s
[3.348s]   6150K .......... .......... .......... .......... .......... 39% 11.6M 1s
[3.352s]   6200K .......... .......... .......... .......... .......... 39% 12.1M 1s
[3.357s]   6250K .......... .......... .......... .......... .......... 40% 9.54M 1s
[3.361s]   6300K .......... .......... .......... .......... .......... 40% 11.4M 1s
[3.368s]   6350K .......... .......... .......... .......... .......... 40% 12.5M 1s
[3.371s]   6400K .......... .......... .......... .......... .......... 41% 8.57M 1s
[3.376s]   6450K .......... .......... .......... .......... .......... 41% 8.94M 1s
[3.380s]   6500K .......... .......... .......... .......... .......... 41% 15.3M 1s
[3.384s]   6550K .......... .......... .......... .......... .......... 42% 10.3M 1s
[3.388s]   6600K .......... .......... .......... .......... .......... 42% 13.5M 1s
[3.393s]   6650K .......... .......... .......... .......... .......... 42% 9.63M 1s
[3.396s]   6700K .......... .......... .......... .......... .......... 43% 14.3M 1s
[3.402s]   6750K .......... .......... .......... .......... .......... 43% 8.98M 1s
[3.407s]   6800K .......... .......... .......... .......... .......... 43% 8.74M 1s
[3.411s]   6850K .......... .......... .......... .......... .......... 44% 13.1M 1s
[3.415s]   6900K .......... .......... .......... .......... .......... 44% 12.4M 1s
[3.420s]   6950K .......... .......... .......... .......... .......... 44% 10.3M 1s
[3.425s]   7000K .......... .......... .......... .......... .......... 45% 10.0M 1s
[3.429s]   7050K .......... .......... .......... .......... .......... 45% 11.3M 1s
[3.432s]   7100K .......... .......... .......... .......... .......... 45% 14.4M 1s
[3.439s]   7150K .......... .......... .......... .......... .......... 46% 8.33M 1s
[3.443s]   7200K .......... .......... .......... .......... .......... 46% 9.67M 1s
[3.448s]   7250K .......... .......... .......... .......... .......... 46% 9.79M 1s
[3.452s]   7300K .......... .......... .......... .......... .......... 47% 12.0M 1s
[3.456s]   7350K .......... .......... .......... .......... .......... 47% 13.7M 1s
[3.461s]   7400K .......... .......... .......... .......... .......... 47% 10.1M 1s
[3.464s]   7450K .......... .......... .......... .......... .......... 47% 13.6M 1s
[3.469s]   7500K .......... .......... .......... .......... .......... 48% 9.68M 1s
[3.475s]   7550K .......... .......... .......... .......... .......... 48% 9.50M 1s
[3.480s]   7600K .......... .......... .......... .......... .......... 48% 9.36M 1s
[3.484s]   7650K .......... .......... .......... .......... .......... 49% 11.9M 1s
[3.489s]   7700K .......... .......... .......... .......... .......... 49% 10.3M 1s
[3.492s]   7750K .......... .......... .......... .......... .......... 49% 13.6M 1s
[3.497s]   7800K .......... .......... .......... .......... .......... 50% 9.48M 1s
[3.501s]   7850K .......... .......... .......... .......... .......... 50% 13.1M 1s
[3.506s]   7900K .......... .......... .......... .......... .......... 50% 9.64M 1s
[3.512s]   7950K .......... .......... .......... .......... .......... 51% 12.7M 1s
[3.516s]   8000K .......... .......... .......... .......... .......... 51% 7.96M 1s
[3.520s]   8050K .......... .......... .......... .......... .......... 51% 11.8M 1s
[3.524s]   8100K .......... .......... .......... .......... .......... 52% 12.9M 1s
[3.530s]   8150K .......... .......... .......... .......... .......... 52% 8.38M 1s
[3.533s]   8200K .......... .......... .......... .......... .......... 52% 15.6M 1s
[3.537s]   8250K .......... .......... .......... .......... .......... 53% 11.0M 1s
[3.552s]   8300K .......... .......... .......... .......... .......... 53% 3.46M 1s
[3.554s]   8350K .......... .......... .......... .......... .......... 53%  350M 1s
[3.554s]   8400K .......... .......... .......... .......... .......... 54% 19.2M 1s
[3.559s]   8450K .......... .......... .......... .......... .......... 54% 11.8M 1s
[3.562s]   8500K .......... .......... .......... .......... .......... 54% 12.8M 1s
[3.566s]   8550K .......... .......... .......... .......... .......... 55% 12.9M 1s
[3.571s]   8600K .......... .......... .......... .......... .......... 55% 10.1M 1s
[3.576s]   8650K .......... .......... .......... .......... .......... 55% 9.63M 1s
[3.580s]   8700K .......... .......... .......... .......... .......... 55% 12.6M 1s
[3.586s]   8750K .......... .......... .......... .......... .......... 56% 11.9M 1s
[3.589s]   8800K .......... .......... .......... .......... .......... 56% 8.91M 1s
[3.594s]   8850K .......... .......... .......... .......... .......... 56% 10.8M 1s
[3.599s]   8900K .......... .......... .......... .......... .......... 57% 10.3M 1s
[3.603s]   8950K .......... .......... .......... .......... .......... 57% 10.3M 1s
[3.607s]   9000K .......... .......... .......... .......... .......... 57% 14.3M 1s
[3.612s]   9050K .......... .......... .......... .......... .......... 58% 9.49M 1s
[3.616s]   9100K .......... .......... .......... .......... .......... 58% 12.6M 1s
[3.621s]   9150K .......... .......... .......... .......... .......... 58% 10.2M 1s
[3.626s]   9200K .......... .......... .......... .......... .......... 59% 9.05M 1s
[3.630s]   9250K .......... .......... .......... .......... .......... 59% 11.1M 1s
[3.635s]   9300K .......... .......... .......... .......... .......... 59% 10.8M 1s
[3.639s]   9350K .......... .......... .......... .......... .......... 60% 10.8M 1s
[3.644s]   9400K .......... .......... .......... .......... .......... 60% 10.7M 1s
[3.651s]   9450K .......... .......... .......... .......... .......... 60% 6.76M 1s
[3.653s]   9500K .......... .......... .......... .......... .......... 61% 27.7M 1s
[3.658s]   9550K .......... .......... .......... .......... .......... 61% 13.6M 1s
[3.663s]   9600K .......... .......... .......... .......... .......... 61% 8.23M 1s
[3.667s]   9650K .......... .......... .......... .......... .......... 62% 11.7M 1s
[3.672s]   9700K .......... .......... .......... .......... .......... 62% 9.70M 1s
[3.677s]   9750K .......... .......... .......... .......... .......... 62% 9.41M 1s
[3.681s]   9800K .......... .......... .......... .......... .......... 63% 12.3M 1s
[3.686s]   9850K .......... .......... .......... .......... .......... 63% 10.2M 1s
[3.690s]   9900K .......... .......... .......... .......... .......... 63% 10.9M 1s
[3.696s]   9950K .......... .......... .......... .......... .......... 63% 10.3M 1s
[3.701s]  10000K .......... .......... .......... .......... .......... 64% 7.81M 1s
[3.706s]  10050K .......... .......... .......... .......... .......... 64% 11.2M 1s
[3.710s]  10100K .......... .......... .......... .......... .......... 64% 10.4M 1s
[3.715s]  10150K .......... .......... .......... .......... .......... 65% 10.9M 1s
[3.719s]  10200K .......... .......... .......... .......... .......... 65% 11.1M 1s
[3.722s]  10250K .......... .......... .......... .......... .......... 65% 15.0M 1s
[3.727s]  10300K .......... .......... .......... .......... .......... 66% 9.92M 1s
[3.733s]  10350K .......... .......... .......... .......... .......... 66% 11.6M 0s
[3.739s]  10400K .......... .......... .......... .......... .......... 66% 6.53M 0s
[3.744s]  10450K .......... .......... .......... .......... .......... 67% 9.29M 0s
[3.752s]  10500K .......... .......... .......... .......... .......... 67% 5.94M 0s
[3.754s]  10550K .......... .......... .......... .......... .......... 67% 40.5M 0s
[3.758s]  10600K .......... .......... .......... .......... .......... 68% 12.1M 0s
[3.764s]  10650K .......... .......... .......... .......... .......... 68% 8.40M 0s
[3.769s]  10700K .......... .......... .......... .......... .......... 68% 9.40M 0s
[3.775s]  10750K .......... .......... .......... .......... .......... 69% 9.83M 0s
[3.779s]  10800K .......... .......... .......... .......... .......... 69% 9.27M 0s
[3.783s]  10850K .......... .......... .......... .......... .......... 69% 10.6M 0s
[3.789s]  10900K .......... .......... .......... .......... .......... 70% 8.92M 0s
[3.793s]  10950K .......... .......... .......... .......... .......... 70% 10.6M 0s
[3.799s]  11000K .......... .......... .......... .......... .......... 70% 9.55M 0s
[3.802s]  11050K .......... .......... .......... .......... .......... 71% 13.1M 0s
[3.807s]  11100K .......... .......... .......... .......... .......... 71% 9.78M 0s
[3.813s]  11150K .......... .......... .......... .......... .......... 71% 9.58M 0s
[3.821s]  11200K .......... .......... .......... .......... .......... 71% 5.77M 0s
[3.825s]  11250K .......... .......... .......... .......... .......... 72% 11.0M 0s
[3.830s]  11300K .......... .......... .......... .......... .......... 72% 10.6M 0s
[3.835s]  11350K .......... .......... .......... .......... .......... 72% 9.56M 0s
[3.839s]  11400K .......... .......... .......... .......... .......... 73% 10.9M 0s
[3.845s]  11450K .......... .......... .......... .......... .......... 73% 8.16M 0s
[3.849s]  11500K .......... .......... .......... .......... .......... 73% 12.1M 0s
[3.857s]  11550K .......... .......... .......... .......... .......... 74% 8.11M 0s
[3.860s]  11600K .......... .......... .......... .......... .......... 74% 11.4M 0s
[3.865s]  11650K .......... .......... .......... .......... .......... 74% 9.06M 0s
[3.870s]  11700K .......... .......... .......... .......... .......... 75% 9.35M 0s
[3.874s]  11750K .......... .......... .......... .......... .......... 75% 14.1M 0s
[3.878s]  11800K .......... .......... .......... .......... .......... 75% 12.6M 0s
[3.882s]  11850K .......... .......... .......... .......... .......... 76% 10.4M 0s
[3.888s]  11900K .......... .......... .......... .......... .......... 76% 8.35M 0s
[3.893s]  11950K .......... .......... .......... .......... .......... 76% 13.8M 0s
[3.897s]  12000K .......... .......... .......... .......... .......... 77% 9.02M 0s
[3.903s]  12050K .......... .......... .......... .......... .......... 77% 8.71M 0s
[3.907s]  12100K .......... .......... .......... .......... .......... 77% 12.4M 0s
[3.911s]  12150K .......... .......... .......... .......... .......... 78% 12.5M 0s
[3.917s]  12200K .......... .......... .......... .......... .......... 78% 7.96M 0s
[3.936s]  12250K .......... .......... .......... .......... .......... 78% 2.56M 0s
[3.936s]  12300K .......... .......... .......... .......... .......... 79%  393M 0s
[3.936s]  12350K .......... .......... .......... .......... .......... 79%  402M 0s
[3.938s]  12400K .......... .......... .......... .......... .......... 79% 27.7M 0s
[3.945s]  12450K .......... .......... .......... .......... .......... 79% 7.13M 0s
[3.949s]  12500K .......... .......... .......... .......... .......... 80% 10.2M 0s
[3.955s]  12550K .......... .......... .......... .......... .......... 80% 8.77M 0s
[3.958s]  12600K .......... .......... .......... .......... .......... 80% 19.9M 0s
[3.962s]  12650K .......... .......... .......... .......... .......... 81% 11.4M 0s
[3.967s]  12700K .......... .......... .......... .......... .......... 81% 10.3M 0s
[3.972s]  12750K .......... .......... .......... .......... .......... 81% 13.2M 0s
[3.977s]  12800K .......... .......... .......... .......... .......... 82% 7.19M 0s
[3.981s]  12850K .......... .......... .......... .......... .......... 82% 11.8M 0s
[3.985s]  12900K .......... .......... .......... .......... .......... 82% 11.4M 0s
[3.990s]  12950K .......... .......... .......... .......... .......... 83% 11.0M 0s
[3.994s]  13000K .......... .......... .......... .......... .......... 83% 10.6M 0s
[3.999s]  13050K .......... .......... .......... .......... .......... 83% 10.1M 0s
[4.003s]  13100K .......... .......... .......... .......... .......... 84% 12.5M 0s
[4.009s]  13150K .......... .......... .......... .......... .......... 84% 9.80M 0s
[4.014s]  13200K .......... .......... .......... .......... .......... 84% 8.14M 0s
[4.019s]  13250K .......... .......... .......... .......... .......... 85% 10.2M 0s
[4.023s]  13300K .......... .......... .......... .......... .......... 85% 12.8M 0s
[4.028s]  13350K .......... .......... .......... .......... .......... 85% 10.3M 0s
[4.033s]  13400K .......... .......... .......... .......... .......... 86% 9.05M 0s
[4.036s]  13450K .......... .......... .......... .......... .......... 86% 14.7M 0s
[4.041s]  13500K .......... .......... .......... .......... .......... 86% 11.1M 0s
[4.047s]  13550K .......... .......... .......... .......... .......... 87% 12.7M 0s
[4.052s]  13600K .......... .......... .......... .......... .......... 87% 6.48M 0s
[4.058s]  13650K .......... .......... .......... .......... .......... 87% 8.59M 0s
[4.062s]  13700K .......... .......... .......... .......... .......... 87% 11.3M 0s
[4.066s]  13750K .......... .......... .......... .......... .......... 88% 12.5M 0s
[4.071s]  13800K .......... .......... .......... .......... .......... 88% 9.85M 0s
[4.076s]  13850K .......... .......... .......... .......... .......... 88% 10.1M 0s
[4.080s]  13900K .......... .......... .......... .......... .......... 89% 11.2M 0s
[4.085s]  13950K .......... .......... .......... .......... .......... 89% 13.1M 0s
[4.089s]  14000K .......... .......... .......... .......... .......... 89% 8.81M 0s
[4.095s]  14050K .......... .......... .......... .......... .......... 90% 8.79M 0s
[4.099s]  14100K .......... .......... .......... .......... .......... 90% 13.1M 0s
[4.103s]  14150K .......... .......... .......... .......... .......... 90% 13.1M 0s
[4.108s]  14200K .......... .......... .......... .......... .......... 91% 8.74M 0s
[4.114s]  14250K .......... .......... .......... .......... .......... 91% 7.94M 0s
[4.118s]  14300K .......... .......... .......... .......... .......... 91% 13.9M 0s
[4.123s]  14350K .......... .......... .......... .......... .......... 92% 10.5M 0s
[4.128s]  14400K .......... .......... .......... .......... .......... 92% 8.90M 0s
[4.133s]  14450K .......... .......... .......... .......... .......... 92% 9.97M 0s
[4.137s]  14500K .......... .......... .......... .......... .......... 93% 12.1M 0s
[4.142s]  14550K .......... .......... .......... .......... .......... 93% 8.51M 0s
[4.146s]  14600K .......... .......... .......... .......... .......... 93% 14.0M 0s
[4.151s]  14650K .......... .......... .......... .......... .......... 94% 9.32M 0s
[4.156s]  14700K .......... .......... .......... .......... .......... 94% 10.9M 0s
[4.163s]  14750K .......... .......... .......... .......... .......... 94% 8.22M 0s
[4.166s]  14800K .......... .......... .......... .......... .......... 95% 11.1M 0s
[4.171s]  14850K .......... .......... .......... .......... .......... 95% 9.41M 0s
[4.175s]  14900K .......... .......... .......... .......... .......... 95% 11.7M 0s
[4.180s]  14950K .......... .......... .......... .......... .......... 95% 12.4M 0s
[4.184s]  15000K .......... .......... .......... .......... .......... 96% 11.1M 0s
[4.189s]  15050K .......... .......... .......... .......... .......... 96% 9.86M 0s
[4.193s]  15100K .......... .......... .......... .......... .......... 96% 12.4M 0s
[4.199s]  15150K .......... .......... .......... .......... .......... 97% 9.76M 0s
[4.202s]  15200K .......... .......... .......... .......... .......... 97% 10.2M 0s
[4.207s]  15250K .......... .......... .......... .......... .......... 97% 10.2M 0s
[4.212s]  15300K .......... .......... .......... .......... .......... 98% 10.8M 0s
[4.216s]  15350K .......... .......... .......... .......... .......... 98% 11.4M 0s
[4.220s]  15400K .......... .......... .......... .......... .......... 98% 12.2M 0s
[4.225s]  15450K .......... .......... .......... .......... .......... 99% 10.2M 0s
[4.230s]  15500K .......... .......... .......... .......... .......... 99% 9.88M 0s
[4.235s]  15550K .......... .......... .......... .......... .......... 99% 12.2M 0s
[4.237s]  15600K .......... .......... .....                           100% 7.87M=1.5s
[4.237s] 
[4.237s] 2026-04-07 12:57:44 (10.2 MB/s) - ‘/home/anirudh/Nav2/build/multirobot_map_merge/2011-08-09-12-22-52.pgm’ saved [16000058/16000058]
[4.237s] 
[4.238s] Checking MD5 sum of /home/anirudh/Nav2/build/multirobot_map_merge/2011-08-09-12-22-52.pgm
[4.263s] /home/anirudh/Nav2/build/multirobot_map_merge/2011-08-09-12-22-52.pgm: OK
[4.268s] --2026-04-07 12:57:44--  https://raw.githubusercontent.com/hrnr/m-explore-extra/master/map_merge/gmapping_maps/2012-01-28-11-12-01.pgm
[4.287s] Resolving raw.githubusercontent.com (raw.githubusercontent.com)... 185.199.109.133, 185.199.110.133, 185.199.111.133, ...
[4.291s] Connecting to raw.githubusercontent.com (raw.githubusercontent.com)|185.199.109.133|:443... connected.
[4.305s] HTTP request sent, awaiting response... 200 OK
[4.305s] Length: 16000058 (15M) [application/octet-stream]
[4.305s] Saving to: ‘/home/anirudh/Nav2/build/multirobot_map_merge/2012-01-28-11-12-01.pgm’
[4.308s] 
[4.315s]      0K .......... .......... .......... .......... ..........  0% 5.06M 3s
[4.319s]     50K .......... .......... .......... .......... ..........  0% 11.3M 2s
[4.324s]    100K .......... .......... .......... .......... ..........  0% 10.7M 2s
[4.328s]    150K .......... .......... .......... .......... ..........  1% 10.4M 2s
[4.332s]    200K .......... .......... .......... .......... ..........  1% 13.1M 2s
[4.341s]    250K .......... .......... .......... .......... ..........  1% 5.48M 2s
[4.342s]    300K .......... .......... .......... .......... ..........  2% 30.0M 2s
[4.349s]    350K .......... .......... .......... .......... ..........  2% 8.69M 2s
[4.358s]    400K .......... .......... .......... .......... ..........  2% 5.04M 2s
[4.366s]    450K .......... .......... .......... .......... ..........  3% 6.31M 2s
[4.370s]    500K .......... .......... .......... .......... ..........  3% 11.9M 2s
[4.372s]    550K .......... .......... .......... .......... ..........  3% 19.6M 2s
[4.376s]    600K .......... .......... .......... .......... ..........  4% 13.0M 2s
[4.380s]    650K .......... .......... .......... .......... ..........  4% 10.6M 2s
[4.385s]    700K .......... .......... .......... .......... ..........  4% 10.7M 2s
[4.389s]    750K .......... .......... .......... .......... ..........  5% 10.7M 2s
[4.394s]    800K .......... .......... .......... .......... ..........  5% 12.0M 2s
[4.397s]    850K .......... .......... .......... .......... ..........  5% 12.6M 2s
[4.402s]    900K .......... .......... .......... .......... ..........  6% 10.8M 1s
[4.406s]    950K .......... .......... .......... .......... ..........  6% 11.1M 1s
[4.410s]   1000K .......... .......... .......... .......... ..........  6% 13.5M 1s
[4.415s]   1050K .......... .......... .......... .......... ..........  7% 8.48M 1s
[4.421s]   1100K .......... .......... .......... .......... ..........  7% 11.6M 1s
[4.425s]   1150K .......... .......... .......... .......... ..........  7% 9.62M 1s
[4.430s]   1200K .......... .......... .......... .......... ..........  7% 10.0M 1s
[4.434s]   1250K .......... .......... .......... .......... ..........  8% 10.8M 1s
[4.439s]   1300K .......... .......... .......... .......... ..........  8% 10.5M 1s
[4.444s]   1350K .......... .......... .......... .......... ..........  8% 9.76M 1s
[4.448s]   1400K .......... .......... .......... .......... ..........  9% 10.9M 1s
[4.454s]   1450K .......... .......... .......... .......... ..........  9% 8.95M 1s
[4.459s]   1500K .......... .......... .......... .......... ..........  9% 11.4M 1s
[4.464s]   1550K .......... .......... .......... .......... .......... 10% 8.51M 1s
[4.469s]   1600K .......... .......... .......... .......... .......... 10% 10.2M 1s
[4.476s]   1650K .......... .......... .......... .......... .......... 10% 6.85M 1s
[4.481s]   1700K .......... .......... .......... .......... .......... 11% 10.1M 1s
[4.485s]   1750K .......... .......... .......... .......... .......... 11% 10.7M 1s
[4.491s]   1800K .......... .......... .......... .......... .......... 11% 8.42M 1s
[4.495s]   1850K .......... .......... .......... .......... .......... 12% 11.6M 1s
[4.499s]   1900K .......... .......... .......... .......... .......... 12% 11.8M 1s
[4.504s]   1950K .......... .......... .......... .......... .......... 12% 10.9M 1s
[4.508s]   2000K .......... .......... .......... .......... .......... 13% 11.0M 1s
[4.513s]   2050K .......... .......... .......... .......... .......... 13% 10.5M 1s
[4.517s]   2100K .......... .......... .......... .......... .......... 13% 12.4M 1s
[4.521s]   2150K .......... .......... .......... .......... .......... 14% 12.5M 1s
[4.525s]   2200K .......... .......... .......... .......... .......... 14% 11.0M 1s
[4.529s]   2250K .......... .......... .......... .......... .......... 14% 11.5M 1s
[4.535s]   2300K .......... .......... .......... .......... .......... 15% 8.42M 1s
[4.540s]   2350K .......... .......... .......... .......... .......... 15% 9.75M 1s
[4.545s]   2400K .......... .......... .......... .......... .......... 15% 10.2M 1s
[4.550s]   2450K .......... .......... .......... .......... .......... 15% 9.41M 1s
[4.554s]   2500K .......... .......... .......... .......... .......... 16% 14.1M 1s
[4.559s]   2550K .......... .......... .......... .......... .......... 16% 9.50M 1s
[4.563s]   2600K .......... .......... .......... .......... .......... 16% 11.3M 1s
[4.570s]   2650K .......... .......... .......... .......... .......... 17% 7.34M 1s
[4.573s]   2700K .......... .......... .......... .......... .......... 17% 14.1M 1s
[4.579s]   2750K .......... .......... .......... .......... .......... 17% 9.09M 1s
[4.604s]   2800K .......... .......... .......... .......... .......... 18% 1.94M 1s
[4.604s]   2850K .......... .......... .......... .......... .......... 18%  319M 1s
[4.604s]   2900K .......... .......... .......... .......... .......... 18%  312M 1s
[4.604s]   2950K .......... .......... .......... .......... .......... 19%  312M 1s
[4.604s]   3000K .......... .......... .......... .......... .......... 19%  201M 1s
[4.609s]   3050K .......... .......... .......... .......... .......... 19% 10.9M 1s
[4.613s]   3100K .......... .......... .......... .......... .......... 20% 12.7M 1s
[4.618s]   3150K .......... .......... .......... .......... .......... 20% 10.1M 1s
[4.621s]   3200K .......... .......... .......... .......... .......... 20% 13.4M 1s
[4.628s]   3250K .......... .......... .......... .......... .......... 21% 6.99M 1s
[4.631s]   3300K .......... .......... .......... .......... .......... 21% 17.0M 1s
[4.635s]   3350K .......... .......... .......... .......... .......... 21% 11.7M 1s
[4.639s]   3400K .......... .......... .......... .......... .......... 22% 12.4M 1s
[4.644s]   3450K .......... .......... .......... .......... .......... 22% 11.6M 1s
[4.648s]   3500K .......... .......... .......... .......... .......... 22% 10.4M 1s
[4.652s]   3550K .......... .......... .......... .......... .......... 23% 11.5M 1s
[4.656s]   3600K .......... .......... .......... .......... .......... 23% 12.2M 1s
[4.663s]   3650K .......... .......... .......... .......... .......... 23% 7.54M 1s
[4.667s]   3700K .......... .......... .......... .......... .......... 23% 12.4M 1s
[4.673s]   3750K .......... .......... .......... .......... .......... 24% 8.22M 1s
[4.676s]   3800K .......... .......... .......... .......... .......... 24% 14.8M 1s
[4.679s]   3850K .......... .......... .......... .......... .......... 24% 17.1M 1s
[4.686s]   3900K .......... .......... .......... .......... .......... 25% 8.63M 1s
[4.691s]   3950K .......... .......... .......... .......... .......... 25% 7.78M 1s
[4.695s]   4000K .......... .......... .......... .......... .......... 25% 13.7M 1s
[4.699s]   4050K .......... .......... .......... .......... .......... 26% 9.81M 1s
[4.703s]   4100K .......... .......... .......... .......... .......... 26% 13.1M 1s
[4.708s]   4150K .......... .......... .......... .......... .......... 26% 9.83M 1s
[4.714s]   4200K .......... .......... .......... .......... .......... 27% 8.83M 1s
[4.733s]   4250K .......... .......... .......... .......... .......... 27% 2.52M 1s
[4.734s]   4300K .......... .......... .......... .......... .......... 27%  360M 1s
[4.734s]   4350K .......... .......... .......... .......... .......... 28%  301M 1s
[4.738s]   4400K .......... .......... .......... .......... .......... 28% 12.1M 1s
[4.750s]   4450K .......... .......... .......... .......... .......... 28% 3.82M 1s
[4.755s]   4500K .......... .......... .......... .......... .......... 29% 10.0M 1s
[4.755s]   4550K .......... .......... .......... .......... .......... 29%  374M 1s
[4.761s]   4600K .......... .......... .......... .......... .......... 29% 8.15M 1s
[4.766s]   4650K .......... .......... .......... .......... .......... 30% 10.4M 1s
[4.773s]   4700K .......... .......... .......... .......... .......... 30% 6.71M 1s
[4.778s]   4750K .......... .......... .......... .......... .......... 30% 9.23M 1s
[4.784s]   4800K .......... .......... .......... .......... .......... 31% 8.71M 1s
[4.791s]   4850K .......... .......... .......... .......... .......... 31% 7.44M 1s
[4.795s]   4900K .......... .......... .......... .......... .......... 31% 11.6M 1s
[4.800s]   4950K .......... .......... .......... .......... .......... 31% 9.21M 1s
[4.804s]   5000K .......... .......... .......... .......... .......... 32% 12.6M 1s
[4.809s]   5050K .......... .......... .......... .......... .......... 32% 10.7M 1s
[4.814s]   5100K .......... .......... .......... .......... .......... 32% 9.38M 1s
[4.818s]   5150K .......... .......... .......... .......... .......... 33% 11.3M 1s
[4.822s]   5200K .......... .......... .......... .......... .......... 33% 11.6M 1s
[4.828s]   5250K .......... .......... .......... .......... .......... 33% 13.0M 1s
[4.833s]   5300K .......... .......... .......... .......... .......... 34% 7.65M 1s
[4.837s]   5350K .......... .......... .......... .......... .......... 34% 10.6M 1s
[4.842s]   5400K .......... .......... .......... .......... .......... 34% 10.1M 1s
[4.847s]   5450K .......... .......... .......... .......... .......... 35% 10.1M 1s
[4.852s]   5500K .......... .......... .......... .......... .......... 35% 9.16M 1s
[4.859s]   5550K .......... .......... .......... .......... .......... 35% 7.51M 1s
[4.862s]   5600K .......... .......... .......... .......... .......... 36% 16.0M 1s
[4.868s]   5650K .......... .......... .......... .......... .......... 36% 8.28M 1s
[4.871s]   5700K .......... .......... .......... .......... .......... 36% 13.2M 1s
[4.877s]   5750K .......... .......... .......... .......... .......... 37% 7.97M 1s
[4.881s]   5800K .......... .......... .......... .......... .......... 37% 12.7M 1s
[4.886s]   5850K .......... .......... .......... .......... .......... 37% 11.1M 1s
[4.891s]   5900K .......... .......... .......... .......... .......... 38% 9.13M 1s
[4.898s]   5950K .......... .......... .......... .......... .......... 38% 7.43M 1s
[4.902s]   6000K .......... .......... .......... .......... .......... 38% 11.9M 1s
[4.907s]   6050K .......... .......... .......... .......... .......... 39% 9.46M 1s
[4.911s]   6100K .......... .......... .......... .......... .......... 39% 11.5M 1s
[4.916s]   6150K .......... .......... .......... .......... .......... 39% 10.9M 1s
[4.922s]   6200K .......... .......... .......... .......... .......... 39% 8.10M 1s
[4.928s]   6250K .......... .......... .......... .......... .......... 40% 8.03M 1s
[4.932s]   6300K .......... .......... .......... .......... .......... 40% 11.6M 1s
[4.936s]   6350K .......... .......... .......... .......... .......... 40% 11.1M 1s
[4.943s]   6400K .......... .......... .......... .......... .......... 41% 7.29M 1s
[4.945s]   6450K .......... .......... .......... .......... .......... 41% 21.6M 1s
[4.952s]   6500K .......... .......... .......... .......... .......... 41% 7.84M 1s
[4.955s]   6550K .......... .......... .......... .......... .......... 42% 14.3M 1s
[4.962s]   6600K .......... .......... .......... .......... .......... 42% 9.65M 1s
[4.967s]   6650K .......... .......... .......... .......... .......... 42% 7.60M 1s
[4.971s]   6700K .......... .......... .......... .......... .......... 43% 10.9M 1s
[4.975s]   6750K .......... .......... .......... .......... .......... 43% 10.6M 1s
[4.980s]   6800K .......... .......... .......... .......... .......... 43% 10.5M 1s
[4.985s]   6850K .......... .......... .......... .......... .......... 44% 10.2M 1s
[4.991s]   6900K .......... .......... .......... .......... .......... 44% 8.41M 1s
[4.995s]   6950K .......... .......... .......... .......... .......... 44% 11.8M 1s
[5.000s]   7000K .......... .......... .......... .......... .......... 45% 10.2M 1s
[5.004s]   7050K .......... .......... .......... .......... .......... 45% 11.0M 1s
[5.008s]   7100K .......... .......... .......... .......... .......... 45% 12.5M 1s
[5.013s]   7150K .......... .......... .......... .......... .......... 46% 10.4M 1s
[5.017s]   7200K .......... .......... .......... .......... .......... 46% 11.9M 1s
[5.023s]   7250K .......... .......... .......... .......... .......... 46% 8.52M 1s
[5.026s]   7300K .......... .......... .......... .......... .......... 47% 15.1M 1s
[5.031s]   7350K .......... .......... .......... .......... .......... 47% 10.0M 1s
[5.035s]   7400K .......... .......... .......... .......... .......... 47% 11.1M 1s
[5.039s]   7450K .......... .......... .......... .......... .......... 47% 11.3M 1s
[5.044s]   7500K .......... .......... .......... .......... .......... 48% 10.8M 1s
[5.050s]   7550K .......... .......... .......... .......... .......... 48% 10.7M 1s
[5.054s]   7600K .......... .......... .......... .......... .......... 48% 8.76M 1s
[5.059s]   7650K .......... .......... .......... .......... .......... 49% 10.5M 1s
[5.064s]   7700K .......... .......... .......... .......... .......... 49% 9.87M 1s
[5.069s]   7750K .......... .......... .......... .......... .......... 49% 8.44M 1s
[5.074s]   7800K .......... .......... .......... .......... .......... 50% 11.6M 1s
[5.077s]   7850K .......... .......... .......... .......... .......... 50% 13.5M 1s
[5.094s]   7900K .......... .......... .......... .......... .......... 50% 2.98M 1s
[5.094s]   7950K .......... .......... .......... .......... .......... 51%  582M 1s
[5.101s]   8000K .......... .......... .......... .......... .......... 51% 6.88M 1s
[5.105s]   8050K .......... .......... .......... .......... .......... 51% 11.6M 1s
[5.110s]   8100K .......... .......... .......... .......... .......... 52% 9.12M 1s
[5.113s]   8150K .......... .......... .......... .......... .......... 52% 15.8M 1s
[5.118s]   8200K .......... .......... .......... .......... .......... 52% 9.78M 1s
[5.125s]   8250K .......... .......... .......... .......... .......... 53% 7.78M 1s
[5.128s]   8300K .......... .......... .......... .......... .......... 53% 13.1M 1s
[5.132s]   8350K .......... .......... .......... .......... .......... 53% 13.0M 1s
[5.136s]   8400K .......... .......... .......... .......... .......... 54% 11.0M 1s
[5.142s]   8450K .......... .......... .......... .......... .......... 54% 9.28M 1s
[5.149s]   8500K .......... .......... .......... .......... .......... 54% 14.0M 1s
[5.153s]   8550K .......... .......... .......... .......... .......... 55% 5.85M 1s
[5.157s]   8600K .......... .......... .......... .......... .......... 55% 12.8M 1s
[5.162s]   8650K .......... .......... .......... .......... .......... 55% 11.5M 1s
[5.166s]   8700K .......... .......... .......... .......... .......... 55% 10.3M 1s
[5.171s]   8750K .......... .......... .......... .......... .......... 56% 9.89M 1s
[5.176s]   8800K .......... .......... .......... .......... .......... 56% 9.79M 1s
[5.181s]   8850K .......... .......... .......... .......... .......... 56% 10.9M 1s
[5.188s]   8900K .......... .......... .......... .......... .......... 57% 9.25M 1s
[5.193s]   8950K .......... .......... .......... .......... .......... 57% 7.17M 1s
[5.198s]   9000K .......... .......... .......... .......... .......... 57% 9.69M 1s
[5.204s]   9050K .......... .......... .......... .......... .......... 58% 8.00M 1s
[5.208s]   9100K .......... .......... .......... .......... .......... 58% 11.9M 1s
[5.223s]   9150K .......... .......... .......... .......... .......... 58% 3.24M 1s
[5.224s]   9200K .......... .......... .......... .......... .......... 59%  144M 1s
[5.226s]   9250K .......... .......... .......... .......... .......... 59% 19.0M 1s
[5.232s]   9300K .......... .......... .......... .......... .......... 59% 7.88M 1s
[5.237s]   9350K .......... .......... .......... .......... .......... 60% 10.7M 1s
[5.242s]   9400K .......... .......... .......... .......... .......... 60% 9.49M 1s
[5.247s]   9450K .......... .......... .......... .......... .......... 60% 9.74M 1s
[5.252s]   9500K .......... .......... .......... .......... .......... 61% 9.59M 1s
[5.258s]   9550K .......... .......... .......... .......... .......... 61% 8.65M 1s
[5.263s]   9600K .......... .......... .......... .......... .......... 61% 9.23M 1s
[5.268s]   9650K .......... .......... .......... .......... .......... 62% 9.96M 1s
[5.273s]   9700K .......... .......... .......... .......... .......... 62% 10.6M 1s
[5.279s]   9750K .......... .......... .......... .......... .......... 62% 8.22M 1s
[5.283s]   9800K .......... .......... .......... .......... .......... 63% 11.2M 1s
[5.291s]   9850K .......... .......... .......... .......... .......... 63% 8.55M 1s
[5.294s]   9900K .......... .......... .......... .......... .......... 63% 9.77M 1s
[5.299s]   9950K .......... .......... .......... .......... .......... 63% 9.55M 1s
[5.303s]  10000K .......... .......... .......... .......... .......... 64% 10.9M 1s
[5.308s]  10050K .......... .......... .......... .......... .......... 64% 10.1M 1s
[5.311s]  10100K .......... .......... .......... .......... .......... 64% 17.2M 1s
[5.317s]  10150K .......... .......... .......... .......... .......... 65% 8.41M 1s
[5.322s]  10200K .......... .......... .......... .......... .......... 65% 10.2M 1s
[5.327s]  10250K .......... .......... .......... .......... .......... 65% 9.05M 1s
[5.330s]  10300K .......... .......... .......... .......... .......... 66% 15.7M 1s
[5.334s]  10350K .......... .......... .......... .......... .......... 66% 11.5M 1s
[5.339s]  10400K .......... .......... .......... .......... .......... 66% 10.7M 1s
[5.343s]  10450K .......... .......... .......... .......... .......... 67% 12.7M 1s
[5.348s]  10500K .......... .......... .......... .......... .......... 67% 8.87M 1s
[5.354s]  10550K .......... .......... .......... .......... .......... 67% 8.09M 0s
[5.361s]  10600K .......... .......... .......... .......... .......... 68% 7.24M 0s
[5.365s]  10650K .......... .......... .......... .......... .......... 68% 11.0M 0s
[5.373s]  10700K .......... .......... .......... .......... .......... 68% 6.15M 0s
[5.379s]  10750K .......... .......... .......... .......... .......... 69% 8.18M 0s
[5.389s]  10800K .......... .......... .......... .......... .......... 69% 5.59M 0s
[5.395s]  10850K .......... .......... .......... .......... .......... 69% 7.04M 0s
[5.400s]  10900K .......... .......... .......... .......... .......... 70% 9.78M 0s
[5.404s]  10950K .......... .......... .......... .......... .......... 70% 12.3M 0s
[5.410s]  11000K .......... .......... .......... .......... .......... 70% 8.23M 0s
[5.415s]  11050K .......... .......... .......... .......... .......... 71% 8.86M 0s
[5.420s]  11100K .......... .......... .......... .......... .......... 71% 11.5M 0s
[5.425s]  11150K .......... .......... .......... .......... .......... 71% 8.43M 0s
[5.433s]  11200K .......... .......... .......... .......... .......... 71% 8.78M 0s
[5.438s]  11250K .......... .......... .......... .......... .......... 72% 7.24M 0s
[5.442s]  11300K .......... .......... .......... .......... .......... 72% 12.5M 0s
[5.447s]  11350K .......... .......... .......... .......... .......... 72% 9.43M 0s
[5.453s]  11400K .......... .......... .......... .......... .......... 73% 7.28M 0s
[5.460s]  11450K .......... .......... .......... .......... .......... 73% 7.12M 0s
[5.470s]  11500K .......... .......... .......... .......... .......... 73% 5.36M 0s
[5.475s]  11550K .......... .......... .......... .......... .......... 74% 9.13M 0s
[5.481s]  11600K .......... .......... .......... .......... .......... 74% 7.35M 0s
[5.490s]  11650K .......... .......... .......... .......... .......... 74% 6.03M 0s
[5.495s]  11700K .......... .......... .......... .......... .......... 75% 8.65M 0s
[5.500s]  11750K .......... .......... .......... .......... .......... 75% 9.39M 0s
[5.506s]  11800K .......... .......... .......... .......... .......... 75% 9.06M 0s
[5.511s]  11850K .......... .......... .......... .......... .......... 76% 8.93M 0s
[5.515s]  11900K .......... .......... .......... .......... .......... 76% 14.2M 0s
[5.522s]  11950K .......... .......... .......... .......... .......... 76% 6.43M 0s
[5.528s]  12000K .......... .......... .......... .......... .......... 77% 9.39M 0s
[5.535s]  12050K .......... .......... .......... .......... .......... 77% 6.27M 0s
[5.541s]  12100K .......... .......... .......... .......... .......... 77% 8.32M 0s
[5.547s]  12150K .......... .......... .......... .......... .......... 78% 12.0M 0s
[5.551s]  12200K .......... .......... .......... .......... .......... 78% 8.57M 0s
[5.555s]  12250K .......... .......... .......... .......... .......... 78% 13.5M 0s
[5.560s]  12300K .......... .......... .......... .......... .......... 79% 9.51M 0s
[5.565s]  12350K .......... .......... .......... .......... .......... 79% 10.0M 0s
[5.570s]  12400K .......... .......... .......... .......... .......... 79% 8.91M 0s
[5.577s]  12450K .......... .......... .......... .......... .......... 79% 7.04M 0s
[5.582s]  12500K .......... .......... .......... .......... .......... 80% 10.5M 0s
[5.588s]  12550K .......... .......... .......... .......... .......... 80% 8.10M 0s
[5.592s]  12600K .......... .......... .......... .......... .......... 80% 10.7M 0s
[5.597s]  12650K .......... .......... .......... .......... .......... 81% 11.1M 0s
[5.602s]  12700K .......... .......... .......... .......... .......... 81% 9.21M 0s
[5.607s]  12750K .......... .......... .......... .......... .......... 81% 9.78M 0s
[5.610s]  12800K .......... .......... .......... .......... .......... 82% 16.8M 0s
[5.616s]  12850K .......... .......... .......... .......... .......... 82% 7.92M 0s
[5.620s]  12900K .......... .......... .......... .......... .......... 82% 12.5M 0s
[5.624s]  12950K .......... .......... .......... .......... .......... 83% 12.6M 0s
[5.629s]  13000K .......... .......... .......... .......... .......... 83% 9.45M 0s
[5.637s]  13050K .......... .......... .......... .......... .......... 83% 6.18M 0s
[5.641s]  13100K .......... .......... .......... .......... .......... 84% 25.2M 0s
[5.646s]  13150K .......... .......... .......... .......... .......... 84% 6.99M 0s
[5.649s]  13200K .......... .......... .......... .......... .......... 84% 15.5M 0s
[5.653s]  13250K .......... .......... .......... .......... .......... 85% 10.8M 0s
[5.658s]  13300K .......... .......... .......... .......... .......... 85% 10.7M 0s
[5.662s]  13350K .......... .......... .......... .......... .......... 85% 11.2M 0s
[5.667s]  13400K .......... .......... .......... .......... .......... 86% 10.8M 0s
[5.671s]  13450K .......... .......... .......... .......... .......... 86% 12.7M 0s
[5.676s]  13500K .......... .......... .......... .......... .......... 86% 11.9M 0s
[5.680s]  13550K .......... .......... .......... .......... .......... 87% 9.17M 0s
[5.685s]  13600K .......... .......... .......... .......... .......... 87% 10.5M 0s
[5.689s]  13650K .......... .......... .......... .......... .......... 87% 10.4M 0s
[5.693s]  13700K .......... .......... .......... .......... .......... 87% 12.3M 0s
[5.697s]  13750K .......... .......... .......... .......... .......... 88% 11.7M 0s
[5.703s]  13800K .......... .......... .......... .......... .......... 88% 9.36M 0s
[5.708s]  13850K .......... .......... .......... .......... .......... 88% 8.51M 0s
[5.711s]  13900K .......... .......... .......... .......... .......... 89% 17.0M 0s
[5.717s]  13950K .......... .......... .......... .......... .......... 89% 9.19M 0s
[5.720s]  14000K .......... .......... .......... .......... .......... 89% 15.4M 0s
[5.725s]  14050K .......... .......... .......... .......... .......... 90% 9.64M 0s
[5.729s]  14100K .......... .......... .......... .......... .......... 90% 10.5M 0s
[5.734s]  14150K .......... .......... .......... .......... .......... 90% 12.0M 0s
[5.739s]  14200K .......... .......... .......... .......... .......... 91% 9.18M 0s
[5.743s]  14250K .......... .......... .......... .......... .......... 91% 12.5M 0s
[5.747s]  14300K .......... .......... .......... .......... .......... 91% 10.9M 0s
[5.752s]  14350K .......... .......... .......... .......... .......... 92% 10.9M 0s
[5.758s]  14400K .......... .......... .......... .......... .......... 92% 8.68M 0s
[5.763s]  14450K .......... .......... .......... .......... .......... 92% 9.41M 0s
[5.769s]  14500K .......... .......... .......... .......... .......... 93% 8.24M 0s
[5.773s]  14550K .......... .......... .......... .......... .......... 93% 10.4M 0s
[5.780s]  14600K .......... .......... .......... .......... .......... 93% 7.25M 0s
[5.785s]  14650K .......... .......... .......... .......... .......... 94% 9.47M 0s
[5.790s]  14700K .......... .......... .......... .......... .......... 94% 9.78M 0s
[5.796s]  14750K .......... .......... .......... .......... .......... 94% 8.74M 0s
[5.800s]  14800K .......... .......... .......... .......... .......... 95% 11.9M 0s
[5.805s]  14850K .......... .......... .......... .......... .......... 95% 10.1M 0s
[5.809s]  14900K .......... .......... .......... .......... .......... 95% 10.4M 0s
[5.814s]  14950K .......... .......... .......... .......... .......... 95% 11.7M 0s
[5.818s]  15000K .......... .......... .......... .......... .......... 96% 12.2M 0s
[5.822s]  15050K .......... .......... .......... .......... .......... 96% 11.1M 0s
[5.826s]  15100K .......... .......... .......... .......... .......... 96% 11.7M 0s
[5.833s]  15150K .......... .......... .......... .......... .......... 97% 7.08M 0s
[5.837s]  15200K .......... .......... .......... .......... .......... 97% 14.2M 0s
[5.841s]  15250K .......... .......... .......... .......... .......... 97% 10.1M 0s
[5.844s]  15300K .......... .......... .......... .......... .......... 98% 16.7M 0s
[5.849s]  15350K .......... .......... .......... .......... .......... 98% 10.5M 0s
[5.855s]  15400K .......... .......... .......... .......... .......... 98% 11.0M 0s
[5.859s]  15450K .......... .......... .......... .......... .......... 99% 8.79M 0s
[5.863s]  15500K .......... .......... .......... .......... .......... 99% 11.6M 0s
[5.867s]  15550K .......... .......... .......... .......... .......... 99% 13.4M 0s
[5.868s]  15600K .......... .......... .....                           100% 15.9M=1.6s
[5.868s] 
[5.868s] 2026-04-07 12:57:45 (9.76 MB/s) - ‘/home/anirudh/Nav2/build/multirobot_map_merge/2012-01-28-11-12-01.pgm’ saved [16000058/16000058]
[5.869s] 
[5.869s] Checking MD5 sum of /home/anirudh/Nav2/build/multirobot_map_merge/2012-01-28-11-12-01.pgm
[5.894s] /home/anirudh/Nav2/build/multirobot_map_merge/2012-01-28-11-12-01.pgm: OK
[5.897s] -- Found gtest sources under '/opt/ros/jazzy/src/gtest_vendor': C++ tests using 'Google Test' will be built
[5.901s] -- Found Threads: TRUE  
[5.905s] -- Added test 'cppcheck' to perform static code analysis on C / C++ code
[5.905s] -- Configured cppcheck include dirs: /home/anirudh/Nav2/src/m-explore-ros2/map_merge/include;$<BUILD_INTERFACE:/home/anirudh/Nav2/src/m-explore-ros2/map_merge/include>
[5.905s] -- Configured cppcheck exclude dirs and/or files: 
[5.906s] -- Added test 'flake8' to check Python code syntax and style conventions
[5.906s] -- Configured 'flake8' exclude dirs and/or files: 
[5.907s] -- Added test 'lint_cmake' to check CMake code style
[5.907s] -- Added test 'pep257' to check Python code against some of the docstring style conventions in PEP 257
[5.909s] -- Added test 'uncrustify' to check C / C++ code style
[5.909s] -- Configured uncrustify additional arguments: 
[5.910s] -- Added test 'xmllint' to check XML markup files
[5.912s] -- Configuring done (5.9s)
[5.975s] -- Generating done (0.0s)
[5.982s] -- Build files have been written to: /home/anirudh/Nav2/build/multirobot_map_merge
[5.992s] Invoked command in '/home/anirudh/Nav2/build/multirobot_map_merge' returned '0': CMAKE_PREFIX_PATH=${CMAKE_PREFIX_PATH}:/home/anirudh/omx_ws/install/open_manipulator_teleop:/home/anirudh/omx_ws/install/open_manipulator_bringup:/opt/ros/jazzy DEBUGINFOD_URLS=https://debuginfod.ubuntu.com /usr/bin/cmake /home/anirudh/Nav2/src/m-explore-ros2/map_merge -DCMAKE_INSTALL_PREFIX=/home/anirudh/Nav2/install/multirobot_map_merge
[5.993s] Invoking command in '/home/anirudh/Nav2/build/multirobot_map_merge': CMAKE_PREFIX_PATH=${CMAKE_PREFIX_PATH}:/home/anirudh/omx_ws/install/open_manipulator_teleop:/home/anirudh/omx_ws/install/open_manipulator_bringup:/opt/ros/jazzy DEBUGINFOD_URLS=https://debuginfod.ubuntu.com /usr/bin/cmake --build /home/anirudh/Nav2/build/multirobot_map_merge -- -j20 -l20
[6.045s] [  8%] [32mBuilding CXX object gtest/CMakeFiles/gtest.dir/src/gtest-all.cc.o[0m
[6.046s] [ 16%] [32mBuilding CXX object CMakeFiles/combine_grids.dir/src/combine_grids/merging_pipeline.cpp.o[0m
[6.048s] [ 25%] [32mBuilding CXX object CMakeFiles/combine_grids.dir/src/combine_grids/grid_warper.cpp.o[0m
[6.050s] [ 41%] [32mBuilding CXX object gtest/CMakeFiles/gtest_main.dir/src/gtest_main.cc.o[0m
[6.051s] [ 41%] [32mBuilding CXX object CMakeFiles/combine_grids.dir/src/combine_grids/grid_compositor.cpp.o[0m
[6.933s] [ 50%] [32m[1mLinking CXX static library libgtest_main.a[0m
[6.970s] [ 50%] Built target gtest_main
[8.771s] [ 58%] [32m[1mLinking CXX static library libcombine_grids.a[0m
[8.816s] [ 58%] Built target combine_grids
[8.840s] [ 66%] [32mBuilding CXX object CMakeFiles/map_merge.dir/src/map_merge.cpp.o[0m
[9.122s] [ 75%] [32m[1mLinking CXX static library libgtest.a[0m
[9.183s] [ 75%] Built target gtest
[9.208s] [ 83%] [32mBuilding CXX object CMakeFiles/test_merging_pipeline.dir/test/test_merging_pipeline.cpp.o[0m
[12.532s] [ 91%] [32m[1mLinking CXX executable test_merging_pipeline[0m
[13.051s] [ 91%] Built target test_merging_pipeline
[17.617s] [100%] [32m[1mLinking CXX executable map_merge[0m
[18.248s] [100%] Built target map_merge
[18.257s] Invoked command in '/home/anirudh/Nav2/build/multirobot_map_merge' returned '0': CMAKE_PREFIX_PATH=${CMAKE_PREFIX_PATH}:/home/anirudh/omx_ws/install/open_manipulator_teleop:/home/anirudh/omx_ws/install/open_manipulator_bringup:/opt/ros/jazzy DEBUGINFOD_URLS=https://debuginfod.ubuntu.com /usr/bin/cmake --build /home/anirudh/Nav2/build/multirobot_map_merge -- -j20 -l20
[18.259s] Invoking command in '/home/anirudh/Nav2/build/multirobot_map_merge': CMAKE_PREFIX_PATH=${CMAKE_PREFIX_PATH}:/home/anirudh/omx_ws/install/open_manipulator_teleop:/home/anirudh/omx_ws/install/open_manipulator_bringup:/opt/ros/jazzy DEBUGINFOD_URLS=https://debuginfod.ubuntu.com /usr/bin/cmake --install /home/anirudh/Nav2/build/multirobot_map_merge
[18.271s] -- Install configuration: ""
[18.272s] -- Installing: /home/anirudh/Nav2/install/multirobot_map_merge/include/map_merge/
[18.272s] -- Installing: /home/anirudh/Nav2/install/multirobot_map_merge/include/map_merge//ros1_names.hpp
[18.273s] -- Installing: /home/anirudh/Nav2/install/multirobot_map_merge/include/map_merge//map_merge.h
[18.273s] -- Installing: /home/anirudh/Nav2/install/multirobot_map_merge/share/multirobot_map_merge/launch
[18.273s] -- Installing: /home/anirudh/Nav2/install/multirobot_map_merge/share/multirobot_map_merge/launch/tb3_simulation
[18.274s] -- Installing: /home/anirudh/Nav2/install/multirobot_map_merge/share/multirobot_map_merge/launch/tb3_simulation/bringup_launch.py
[18.274s] -- Installing: /home/anirudh/Nav2/install/multirobot_map_merge/share/multirobot_map_merge/launch/tb3_simulation/tb3_simulation_launch.py
[18.274s] -- Installing: /home/anirudh/Nav2/install/multirobot_map_merge/share/multirobot_map_merge/launch/tb3_simulation/slam_toolbox.py
[18.274s] -- Installing: /home/anirudh/Nav2/install/multirobot_map_merge/share/multirobot_map_merge/launch/tb3_simulation/config
[18.275s] -- Installing: /home/anirudh/Nav2/install/multirobot_map_merge/share/multirobot_map_merge/launch/tb3_simulation/config/nav2_multirobot_params_2.yaml
[18.275s] -- Installing: /home/anirudh/Nav2/install/multirobot_map_merge/share/multirobot_map_merge/launch/tb3_simulation/config/nav2_multirobot_params_1.yaml
[18.275s] -- Installing: /home/anirudh/Nav2/install/multirobot_map_merge/share/multirobot_map_merge/launch/tb3_simulation/multi_tb3_simulation_launch.py
[18.275s] -- Installing: /home/anirudh/Nav2/install/multirobot_map_merge/share/multirobot_map_merge/launch/tb3_simulation/worlds
[18.276s] -- Installing: /home/anirudh/Nav2/install/multirobot_map_merge/share/multirobot_map_merge/launch/tb3_simulation/worlds/world_only.model
[18.276s] -- Installing: /home/anirudh/Nav2/install/multirobot_map_merge/share/multirobot_map_merge/launch/map_merge.rviz
[18.276s] -- Installing: /home/anirudh/Nav2/install/multirobot_map_merge/share/multirobot_map_merge/launch/map_merge.launch.py
[18.276s] -- Installing: /home/anirudh/Nav2/install/multirobot_map_merge/share/multirobot_map_merge/launch/from_map_server.launch.py
[18.276s] -- Installing: /home/anirudh/Nav2/install/multirobot_map_merge/share/multirobot_map_merge/config
[18.277s] -- Installing: /home/anirudh/Nav2/install/multirobot_map_merge/share/multirobot_map_merge/config/params.yaml
[18.277s] -- Installing: /home/anirudh/Nav2/install/multirobot_map_merge/lib/libcombine_grids.a
[18.277s] -- Installing: /home/anirudh/Nav2/install/multirobot_map_merge/lib/multirobot_map_merge/map_merge
[18.280s] -- Set non-toolchain portion of runtime path of "/home/anirudh/Nav2/install/multirobot_map_merge/lib/multirobot_map_merge/map_merge" to ""
[18.280s] -- Installing: /home/anirudh/Nav2/install/multirobot_map_merge/share/multirobot_map_merge/environment/library_path.sh
[18.280s] -- Installing: /home/anirudh/Nav2/install/multirobot_map_merge/share/multirobot_map_merge/environment/library_path.dsv
[18.281s] -- Installing: /home/anirudh/Nav2/install/multirobot_map_merge/share/ament_index/resource_index/package_run_dependencies/multirobot_map_merge
[18.281s] -- Installing: /home/anirudh/Nav2/install/multirobot_map_merge/share/ament_index/resource_index/parent_prefix_path/multirobot_map_merge
[18.281s] -- Installing: /home/anirudh/Nav2/install/multirobot_map_merge/share/multirobot_map_merge/environment/ament_prefix_path.sh
[18.281s] -- Installing: /home/anirudh/Nav2/install/multirobot_map_merge/share/multirobot_map_merge/environment/ament_prefix_path.dsv
[18.281s] -- Installing: /home/anirudh/Nav2/install/multirobot_map_merge/share/multirobot_map_merge/environment/path.sh
[18.281s] -- Installing: /home/anirudh/Nav2/install/multirobot_map_merge/share/multirobot_map_merge/environment/path.dsv
[18.281s] -- Installing: /home/anirudh/Nav2/install/multirobot_map_merge/share/multirobot_map_merge/local_setup.bash
[18.281s] -- Installing: /home/anirudh/Nav2/install/multirobot_map_merge/share/multirobot_map_merge/local_setup.sh
[18.281s] -- Installing: /home/anirudh/Nav2/install/multirobot_map_merge/share/multirobot_map_merge/local_setup.zsh
[18.281s] -- Installing: /home/anirudh/Nav2/install/multirobot_map_merge/share/multirobot_map_merge/local_setup.dsv
[18.281s] -- Installing: /home/anirudh/Nav2/install/multirobot_map_merge/share/multirobot_map_merge/package.dsv
[18.281s] -- Installing: /home/anirudh/Nav2/install/multirobot_map_merge/share/ament_index/resource_index/packages/multirobot_map_merge
[18.281s] -- Installing: /home/anirudh/Nav2/install/multirobot_map_merge/share/multirobot_map_merge/cmake/ament_cmake_export_include_directories-extras.cmake
[18.282s] -- Installing: /home/anirudh/Nav2/install/multirobot_map_merge/share/multirobot_map_merge/cmake/ament_cmake_export_libraries-extras.cmake
[18.282s] -- Installing: /home/anirudh/Nav2/install/multirobot_map_merge/share/multirobot_map_merge/cmake/multirobot_map_mergeConfig.cmake
[18.282s] -- Installing: /home/anirudh/Nav2/install/multirobot_map_merge/share/multirobot_map_merge/cmake/multirobot_map_mergeConfig-version.cmake
[18.282s] -- Installing: /home/anirudh/Nav2/install/multirobot_map_merge/share/multirobot_map_merge/package.xml
[18.284s] Invoked command in '/home/anirudh/Nav2/build/multirobot_map_merge' returned '0': CMAKE_PREFIX_PATH=${CMAKE_PREFIX_PATH}:/home/anirudh/omx_ws/install/open_manipulator_teleop:/home/anirudh/omx_ws/install/open_manipulator_bringup:/opt/ros/jazzy DEBUGINFOD_URLS=https://debuginfod.ubuntu.com /usr/bin/cmake --install /home/anirudh/Nav2/build/multirobot_map_merge
