[1.160s] Invoking command in '/home/rpd/Nav2/my_robot': PYTHONPATH=/home/rpd/Nav2/build/my_robot/prefix_override:/usr/lib/python3/dist-packages/colcon_core/task/python/colcon_distutils_commands:/home/rpd/Nav2/install/my_robot/lib/python3.12/site-packages:${PYTHONPATH} /usr/bin/python3 -W ignore:setup.py install is deprecated -W ignore:easy_install command is deprecated setup.py egg_info --egg-base ../build/my_robot build --build-base /home/rpd/Nav2/build/my_robot/build install --record /home/rpd/Nav2/build/my_robot/install.log --single-version-externally-managed install_data
[1.497s] running egg_info
[1.520s] writing ../build/my_robot/my_robot.egg-info/PKG-INFO
[1.520s] writing dependency_links to ../build/my_robot/my_robot.egg-info/dependency_links.txt
[1.521s] writing entry points to ../build/my_robot/my_robot.egg-info/entry_points.txt
[1.522s] writing requirements to ../build/my_robot/my_robot.egg-info/requires.txt
[1.522s] writing top-level names to ../build/my_robot/my_robot.egg-info/top_level.txt
[1.571s] reading manifest file '../build/my_robot/my_robot.egg-info/SOURCES.txt'
[1.572s] writing manifest file '../build/my_robot/my_robot.egg-info/SOURCES.txt'
[1.572s] running build
[1.572s] running build_py
[1.572s] copying my_robot/odom.py -> /home/rpd/Nav2/build/my_robot/build/lib/my_robot
[1.573s] copying my_robot/nav2.py -> /home/rpd/Nav2/build/my_robot/build/lib/my_robot
[1.573s] running install
[1.582s] running install_lib
[1.606s] copying /home/rpd/Nav2/build/my_robot/build/lib/my_robot/odom.py -> /home/rpd/Nav2/install/my_robot/lib/python3.12/site-packages/my_robot
[1.606s] copying /home/rpd/Nav2/build/my_robot/build/lib/my_robot/nav2.py -> /home/rpd/Nav2/install/my_robot/lib/python3.12/site-packages/my_robot
[1.607s] byte-compiling /home/rpd/Nav2/install/my_robot/lib/python3.12/site-packages/my_robot/odom.py to odom.cpython-312.pyc
[1.609s] byte-compiling /home/rpd/Nav2/install/my_robot/lib/python3.12/site-packages/my_robot/nav2.py to nav2.cpython-312.pyc
[1.610s] running install_data
[1.610s] running install_egg_info
[1.635s] removing '/home/rpd/Nav2/install/my_robot/lib/python3.12/site-packages/my_robot-0.0.0-py3.12.egg-info' (and everything under it)
[1.636s] Copying ../build/my_robot/my_robot.egg-info to /home/rpd/Nav2/install/my_robot/lib/python3.12/site-packages/my_robot-0.0.0-py3.12.egg-info
[1.637s] running install_scripts
[1.802s] Installing laser_node script to /home/rpd/Nav2/install/my_robot/lib/my_robot
[1.802s] Installing odom script to /home/rpd/Nav2/install/my_robot/lib/my_robot
[1.803s] writing list of installed files to '/home/rpd/Nav2/build/my_robot/install.log'
[1.888s] Invoked command in '/home/rpd/Nav2/my_robot' returned '0': PYTHONPATH=/home/rpd/Nav2/build/my_robot/prefix_override:/usr/lib/python3/dist-packages/colcon_core/task/python/colcon_distutils_commands:/home/rpd/Nav2/install/my_robot/lib/python3.12/site-packages:${PYTHONPATH} /usr/bin/python3 -W ignore:setup.py install is deprecated -W ignore:easy_install command is deprecated setup.py egg_info --egg-base ../build/my_robot build --build-base /home/rpd/Nav2/build/my_robot/build install --record /home/rpd/Nav2/build/my_robot/install.log --single-version-externally-managed install_data
