[1.499s] Invoking command in '/home/rpd/Nav2/my_robot': PYTHONPATH=/home/rpd/Nav2/build/my_robot/prefix_override:/usr/lib/python3/dist-packages/colcon_core/task/python/colcon_distutils_commands:/home/rpd/Nav2/install/my_robot/lib/python3.12/site-packages:${PYTHONPATH} /usr/bin/python3 -W ignore:setup.py install is deprecated -W ignore:easy_install command is deprecated setup.py egg_info --egg-base ../build/my_robot build --build-base /home/rpd/Nav2/build/my_robot/build install --record /home/rpd/Nav2/build/my_robot/install.log --single-version-externally-managed install_data
[1.841s] running egg_info
[1.841s] creating ../build/my_robot/my_robot.egg-info
[1.864s] writing ../build/my_robot/my_robot.egg-info/PKG-INFO
[1.864s] writing dependency_links to ../build/my_robot/my_robot.egg-info/dependency_links.txt
[1.864s] writing entry points to ../build/my_robot/my_robot.egg-info/entry_points.txt
[1.865s] writing requirements to ../build/my_robot/my_robot.egg-info/requires.txt
[1.865s] writing top-level names to ../build/my_robot/my_robot.egg-info/top_level.txt
[1.865s] writing manifest file '../build/my_robot/my_robot.egg-info/SOURCES.txt'
[1.913s] reading manifest file '../build/my_robot/my_robot.egg-info/SOURCES.txt'
[1.913s] writing manifest file '../build/my_robot/my_robot.egg-info/SOURCES.txt'
[1.913s] running build
[1.914s] running build_py
[1.914s] creating /home/rpd/Nav2/build/my_robot/build
[1.914s] creating /home/rpd/Nav2/build/my_robot/build/lib
[1.914s] creating /home/rpd/Nav2/build/my_robot/build/lib/my_robot
[1.914s] copying my_robot/laser.py -> /home/rpd/Nav2/build/my_robot/build/lib/my_robot
[1.914s] copying my_robot/odom.py -> /home/rpd/Nav2/build/my_robot/build/lib/my_robot
[1.914s] copying my_robot/__init__.py -> /home/rpd/Nav2/build/my_robot/build/lib/my_robot
[1.915s] running install
[1.924s] running install_lib
[1.948s] creating /home/rpd/Nav2/install/my_robot/lib/python3.12/site-packages/my_robot
[1.948s] copying /home/rpd/Nav2/build/my_robot/build/lib/my_robot/laser.py -> /home/rpd/Nav2/install/my_robot/lib/python3.12/site-packages/my_robot
[1.949s] copying /home/rpd/Nav2/build/my_robot/build/lib/my_robot/odom.py -> /home/rpd/Nav2/install/my_robot/lib/python3.12/site-packages/my_robot
[1.949s] copying /home/rpd/Nav2/build/my_robot/build/lib/my_robot/__init__.py -> /home/rpd/Nav2/install/my_robot/lib/python3.12/site-packages/my_robot
[1.949s] byte-compiling /home/rpd/Nav2/install/my_robot/lib/python3.12/site-packages/my_robot/laser.py to laser.cpython-312.pyc
[1.950s] byte-compiling /home/rpd/Nav2/install/my_robot/lib/python3.12/site-packages/my_robot/odom.py to odom.cpython-312.pyc
[1.952s] byte-compiling /home/rpd/Nav2/install/my_robot/lib/python3.12/site-packages/my_robot/__init__.py to __init__.cpython-312.pyc
[1.952s] running install_data
[1.953s] creating /home/rpd/Nav2/install/my_robot/share/ament_index
[1.953s] creating /home/rpd/Nav2/install/my_robot/share/ament_index/resource_index
[1.953s] creating /home/rpd/Nav2/install/my_robot/share/ament_index/resource_index/packages
[1.953s] copying resource/my_robot -> /home/rpd/Nav2/install/my_robot/share/ament_index/resource_index/packages
[1.953s] copying package.xml -> /home/rpd/Nav2/install/my_robot/share/my_robot
[1.953s] creating /home/rpd/Nav2/install/my_robot/share/my_robot/launch
[1.953s] running install_egg_info
[1.979s] Copying ../build/my_robot/my_robot.egg-info to /home/rpd/Nav2/install/my_robot/lib/python3.12/site-packages/my_robot-0.0.0-py3.12.egg-info
[1.980s] running install_scripts
[2.147s] Installing laser_node script to /home/rpd/Nav2/install/my_robot/lib/my_robot
[2.148s] Installing odom script to /home/rpd/Nav2/install/my_robot/lib/my_robot
[2.148s] writing list of installed files to '/home/rpd/Nav2/build/my_robot/install.log'
[2.232s] Invoked command in '/home/rpd/Nav2/my_robot' returned '0': PYTHONPATH=/home/rpd/Nav2/build/my_robot/prefix_override:/usr/lib/python3/dist-packages/colcon_core/task/python/colcon_distutils_commands:/home/rpd/Nav2/install/my_robot/lib/python3.12/site-packages:${PYTHONPATH} /usr/bin/python3 -W ignore:setup.py install is deprecated -W ignore:easy_install command is deprecated setup.py egg_info --egg-base ../build/my_robot build --build-base /home/rpd/Nav2/build/my_robot/build install --record /home/rpd/Nav2/build/my_robot/install.log --single-version-externally-managed install_data
