[1.152s] Invoking command in '/home/rpd/Nav2/my_robot': PYTHONPATH=/home/rpd/Nav2/build/my_robot/prefix_override:/usr/lib/python3/dist-packages/colcon_core/task/python/colcon_distutils_commands:/home/rpd/Nav2/install/my_robot/lib/python3.12/site-packages:${PYTHONPATH} /usr/bin/python3 -W ignore:setup.py install is deprecated -W ignore:easy_install command is deprecated setup.py egg_info --egg-base ../build/my_robot build --build-base /home/rpd/Nav2/build/my_robot/build install --record /home/rpd/Nav2/build/my_robot/install.log --single-version-externally-managed install_data
[1.491s] running egg_info
[1.514s] writing ../build/my_robot/my_robot.egg-info/PKG-INFO
[1.514s] writing dependency_links to ../build/my_robot/my_robot.egg-info/dependency_links.txt
[1.515s] writing entry points to ../build/my_robot/my_robot.egg-info/entry_points.txt
[1.516s] writing requirements to ../build/my_robot/my_robot.egg-info/requires.txt
[1.517s] writing top-level names to ../build/my_robot/my_robot.egg-info/top_level.txt
[1.565s] reading manifest file '../build/my_robot/my_robot.egg-info/SOURCES.txt'
[1.566s] writing manifest file '../build/my_robot/my_robot.egg-info/SOURCES.txt'
[1.567s] running build
[1.567s] running build_py
[1.567s] running install
[1.577s] running install_lib
[1.601s] running install_data
[1.601s] copying launch/nav.py -> /home/rpd/Nav2/install/my_robot/share/my_robot/launch
[1.602s] running install_egg_info
[1.627s] removing '/home/rpd/Nav2/install/my_robot/lib/python3.12/site-packages/my_robot-0.0.0-py3.12.egg-info' (and everything under it)
[1.627s] Copying ../build/my_robot/my_robot.egg-info to /home/rpd/Nav2/install/my_robot/lib/python3.12/site-packages/my_robot-0.0.0-py3.12.egg-info
[1.628s] running install_scripts
[1.792s] Installing laser_node script to /home/rpd/Nav2/install/my_robot/lib/my_robot
[1.792s] Installing odom script to /home/rpd/Nav2/install/my_robot/lib/my_robot
[1.793s] writing list of installed files to '/home/rpd/Nav2/build/my_robot/install.log'
[1.877s] Invoked command in '/home/rpd/Nav2/my_robot' returned '0': PYTHONPATH=/home/rpd/Nav2/build/my_robot/prefix_override:/usr/lib/python3/dist-packages/colcon_core/task/python/colcon_distutils_commands:/home/rpd/Nav2/install/my_robot/lib/python3.12/site-packages:${PYTHONPATH} /usr/bin/python3 -W ignore:setup.py install is deprecated -W ignore:easy_install command is deprecated setup.py egg_info --egg-base ../build/my_robot build --build-base /home/rpd/Nav2/build/my_robot/build install --record /home/rpd/Nav2/build/my_robot/install.log --single-version-externally-managed install_data
