[0.010s] Invoking command in '/home/anirudh/Nav2/build/explore_lite': AMENT_PREFIX_PATH=/home/anirudh/Nav2/install/explore_lite_msgs:${AMENT_PREFIX_PATH} CMAKE_PREFIX_PATH=/home/anirudh/Nav2/install/explore_lite_msgs:/home/anirudh/omx_ws/install/openmanipulator_x_moveit_config:/home/anirudh/omx_ws/install/open_manipulator:/home/anirudh/omx_ws/install/open_manipulator_playground:/home/anirudh/omx_ws/install/open_manipulator_moveit_config:/home/anirudh/omx_ws/install/open_manipulator_gui:/home/anirudh/omx_ws/install/open_manipulator_description:/home/anirudh/omx_ws/install/open_manipulator_collision:/home/anirudh/omx_ws/install/om_spring_actuator_controller:/home/anirudh/omx_ws/install/om_joint_trajectory_command_broadcaster:/home/anirudh/omx_ws/install/om_gravity_compensation_controller:/home/anirudh/robotics/cpp/install/omx_moveit_cpp_demo:/opt/ros/jazzy/opt/gz_sim_vendor:/opt/ros/jazzy/opt/gz_sensors_vendor:/opt/ros/jazzy/opt/gz_physics_vendor:/opt/ros/jazzy/opt/sdformat_vendor:/opt/ros/jazzy/opt/gz_gui_vendor:/opt/ros/jazzy/opt/gz_transport_vendor:/opt/ros/jazzy/opt/gz_rendering_vendor:/opt/ros/jazzy/opt/gz_plugin_vendor:/opt/ros/jazzy/opt/gz_fuel_tools_vendor:/opt/ros/jazzy/opt/gz_msgs_vendor:/opt/ros/jazzy/opt/gz_common_vendor:/opt/ros/jazzy/opt/gz_math_vendor:/opt/ros/jazzy/opt/gz_utils_vendor:/opt/ros/jazzy/opt/gz_tools_vendor:/opt/ros/jazzy/opt/gz_ogre_next_vendor:/opt/ros/jazzy/opt/gz_dartsim_vendor:/opt/ros/jazzy/opt/gz_cmake_vendor:/home/anirudh/omx_ws/install/open_manipulator_teleop:/home/anirudh/omx_ws/install/open_manipulator_bringup:/opt/ros/jazzy DEBUGINFOD_URLS=https://debuginfod.ubuntu.com LD_LIBRARY_PATH=/home/anirudh/Nav2/install/explore_lite_msgs/lib:${LD_LIBRARY_PATH} PYTHONPATH=/home/anirudh/Nav2/install/explore_lite_msgs/lib/python3.12/site-packages:${PYTHONPATH} /usr/bin/cmake --build /home/anirudh/Nav2/build/explore_lite -- -j20 -l20
[0.054s] [ 20%] Built target gtest
[0.058s] [ 40%] Built target gtest_main
[0.067s] [ 80%] Built target explore
[0.079s] [100%] Built target test_explore
[0.088s] Invoked command in '/home/anirudh/Nav2/build/explore_lite' returned '0': AMENT_PREFIX_PATH=/home/anirudh/Nav2/install/explore_lite_msgs:${AMENT_PREFIX_PATH} CMAKE_PREFIX_PATH=/home/anirudh/Nav2/install/explore_lite_msgs:/home/anirudh/omx_ws/install/openmanipulator_x_moveit_config:/home/anirudh/omx_ws/install/open_manipulator:/home/anirudh/omx_ws/install/open_manipulator_playground:/home/anirudh/omx_ws/install/open_manipulator_moveit_config:/home/anirudh/omx_ws/install/open_manipulator_gui:/home/anirudh/omx_ws/install/open_manipulator_description:/home/anirudh/omx_ws/install/open_manipulator_collision:/home/anirudh/omx_ws/install/om_spring_actuator_controller:/home/anirudh/omx_ws/install/om_joint_trajectory_command_broadcaster:/home/anirudh/omx_ws/install/om_gravity_compensation_controller:/home/anirudh/robotics/cpp/install/omx_moveit_cpp_demo:/opt/ros/jazzy/opt/gz_sim_vendor:/opt/ros/jazzy/opt/gz_sensors_vendor:/opt/ros/jazzy/opt/gz_physics_vendor:/opt/ros/jazzy/opt/sdformat_vendor:/opt/ros/jazzy/opt/gz_gui_vendor:/opt/ros/jazzy/opt/gz_transport_vendor:/opt/ros/jazzy/opt/gz_rendering_vendor:/opt/ros/jazzy/opt/gz_plugin_vendor:/opt/ros/jazzy/opt/gz_fuel_tools_vendor:/opt/ros/jazzy/opt/gz_msgs_vendor:/opt/ros/jazzy/opt/gz_common_vendor:/opt/ros/jazzy/opt/gz_math_vendor:/opt/ros/jazzy/opt/gz_utils_vendor:/opt/ros/jazzy/opt/gz_tools_vendor:/opt/ros/jazzy/opt/gz_ogre_next_vendor:/opt/ros/jazzy/opt/gz_dartsim_vendor:/opt/ros/jazzy/opt/gz_cmake_vendor:/home/anirudh/omx_ws/install/open_manipulator_teleop:/home/anirudh/omx_ws/install/open_manipulator_bringup:/opt/ros/jazzy DEBUGINFOD_URLS=https://debuginfod.ubuntu.com LD_LIBRARY_PATH=/home/anirudh/Nav2/install/explore_lite_msgs/lib:${LD_LIBRARY_PATH} PYTHONPATH=/home/anirudh/Nav2/install/explore_lite_msgs/lib/python3.12/site-packages:${PYTHONPATH} /usr/bin/cmake --build /home/anirudh/Nav2/build/explore_lite -- -j20 -l20
[0.089s] Invoking command in '/home/anirudh/Nav2/build/explore_lite': AMENT_PREFIX_PATH=/home/anirudh/Nav2/install/explore_lite_msgs:${AMENT_PREFIX_PATH} CMAKE_PREFIX_PATH=/home/anirudh/Nav2/install/explore_lite_msgs:/home/anirudh/omx_ws/install/openmanipulator_x_moveit_config:/home/anirudh/omx_ws/install/open_manipulator:/home/anirudh/omx_ws/install/open_manipulator_playground:/home/anirudh/omx_ws/install/open_manipulator_moveit_config:/home/anirudh/omx_ws/install/open_manipulator_gui:/home/anirudh/omx_ws/install/open_manipulator_description:/home/anirudh/omx_ws/install/open_manipulator_collision:/home/anirudh/omx_ws/install/om_spring_actuator_controller:/home/anirudh/omx_ws/install/om_joint_trajectory_command_broadcaster:/home/anirudh/omx_ws/install/om_gravity_compensation_controller:/home/anirudh/robotics/cpp/install/omx_moveit_cpp_demo:/opt/ros/jazzy/opt/gz_sim_vendor:/opt/ros/jazzy/opt/gz_sensors_vendor:/opt/ros/jazzy/opt/gz_physics_vendor:/opt/ros/jazzy/opt/sdformat_vendor:/opt/ros/jazzy/opt/gz_gui_vendor:/opt/ros/jazzy/opt/gz_transport_vendor:/opt/ros/jazzy/opt/gz_rendering_vendor:/opt/ros/jazzy/opt/gz_plugin_vendor:/opt/ros/jazzy/opt/gz_fuel_tools_vendor:/opt/ros/jazzy/opt/gz_msgs_vendor:/opt/ros/jazzy/opt/gz_common_vendor:/opt/ros/jazzy/opt/gz_math_vendor:/opt/ros/jazzy/opt/gz_utils_vendor:/opt/ros/jazzy/opt/gz_tools_vendor:/opt/ros/jazzy/opt/gz_ogre_next_vendor:/opt/ros/jazzy/opt/gz_dartsim_vendor:/opt/ros/jazzy/opt/gz_cmake_vendor:/home/anirudh/omx_ws/install/open_manipulator_teleop:/home/anirudh/omx_ws/install/open_manipulator_bringup:/opt/ros/jazzy DEBUGINFOD_URLS=https://debuginfod.ubuntu.com LD_LIBRARY_PATH=/home/anirudh/Nav2/install/explore_lite_msgs/lib:${LD_LIBRARY_PATH} PYTHONPATH=/home/anirudh/Nav2/install/explore_lite_msgs/lib/python3.12/site-packages:${PYTHONPATH} /usr/bin/cmake --install /home/anirudh/Nav2/build/explore_lite
[0.096s] -- Install configuration: ""
[0.096s] -- Up-to-date: /home/anirudh/Nav2/install/explore_lite/include/explore/
[0.096s] -- Up-to-date: /home/anirudh/Nav2/install/explore_lite/include/explore//explore.h
[0.096s] -- Up-to-date: /home/anirudh/Nav2/install/explore_lite/include/explore//costmap_client.h
[0.096s] -- Up-to-date: /home/anirudh/Nav2/install/explore_lite/include/explore//frontier_search.h
[0.096s] -- Up-to-date: /home/anirudh/Nav2/install/explore_lite/include/explore//costmap_tools.h
[0.096s] -- Up-to-date: /home/anirudh/Nav2/install/explore_lite/share/explore_lite/config
[0.096s] -- Up-to-date: /home/anirudh/Nav2/install/explore_lite/share/explore_lite/config/params_costmap.yaml
[0.096s] -- Up-to-date: /home/anirudh/Nav2/install/explore_lite/share/explore_lite/config/params.yaml
[0.096s] -- Up-to-date: /home/anirudh/Nav2/install/explore_lite/share/explore_lite/launch
[0.096s] -- Up-to-date: /home/anirudh/Nav2/install/explore_lite/share/explore_lite/launch/explore.launch.py
[0.097s] -- Up-to-date: /home/anirudh/Nav2/install/explore_lite/lib/explore_lite/explore
[0.097s] -- Up-to-date: /home/anirudh/Nav2/install/explore_lite/share/ament_index/resource_index/package_run_dependencies/explore_lite
[0.097s] -- Up-to-date: /home/anirudh/Nav2/install/explore_lite/share/ament_index/resource_index/parent_prefix_path/explore_lite
[0.097s] -- Up-to-date: /home/anirudh/Nav2/install/explore_lite/share/explore_lite/environment/ament_prefix_path.sh
[0.097s] -- Up-to-date: /home/anirudh/Nav2/install/explore_lite/share/explore_lite/environment/ament_prefix_path.dsv
[0.097s] -- Up-to-date: /home/anirudh/Nav2/install/explore_lite/share/explore_lite/environment/path.sh
[0.097s] -- Up-to-date: /home/anirudh/Nav2/install/explore_lite/share/explore_lite/environment/path.dsv
[0.097s] -- Up-to-date: /home/anirudh/Nav2/install/explore_lite/share/explore_lite/local_setup.bash
[0.097s] -- Up-to-date: /home/anirudh/Nav2/install/explore_lite/share/explore_lite/local_setup.sh
[0.097s] -- Up-to-date: /home/anirudh/Nav2/install/explore_lite/share/explore_lite/local_setup.zsh
[0.097s] -- Up-to-date: /home/anirudh/Nav2/install/explore_lite/share/explore_lite/local_setup.dsv
[0.097s] -- Installing: /home/anirudh/Nav2/install/explore_lite/share/explore_lite/package.dsv
[0.097s] -- Up-to-date: /home/anirudh/Nav2/install/explore_lite/share/ament_index/resource_index/packages/explore_lite
[0.097s] -- Up-to-date: /home/anirudh/Nav2/install/explore_lite/share/explore_lite/cmake/ament_cmake_export_dependencies-extras.cmake
[0.097s] -- Up-to-date: /home/anirudh/Nav2/install/explore_lite/share/explore_lite/cmake/ament_cmake_export_include_directories-extras.cmake
[0.097s] -- Up-to-date: /home/anirudh/Nav2/install/explore_lite/share/explore_lite/cmake/explore_liteConfig.cmake
[0.097s] -- Up-to-date: /home/anirudh/Nav2/install/explore_lite/share/explore_lite/cmake/explore_liteConfig-version.cmake
[0.097s] -- Up-to-date: /home/anirudh/Nav2/install/explore_lite/share/explore_lite/package.xml
[0.098s] Invoked command in '/home/anirudh/Nav2/build/explore_lite' returned '0': AMENT_PREFIX_PATH=/home/anirudh/Nav2/install/explore_lite_msgs:${AMENT_PREFIX_PATH} CMAKE_PREFIX_PATH=/home/anirudh/Nav2/install/explore_lite_msgs:/home/anirudh/omx_ws/install/openmanipulator_x_moveit_config:/home/anirudh/omx_ws/install/open_manipulator:/home/anirudh/omx_ws/install/open_manipulator_playground:/home/anirudh/omx_ws/install/open_manipulator_moveit_config:/home/anirudh/omx_ws/install/open_manipulator_gui:/home/anirudh/omx_ws/install/open_manipulator_description:/home/anirudh/omx_ws/install/open_manipulator_collision:/home/anirudh/omx_ws/install/om_spring_actuator_controller:/home/anirudh/omx_ws/install/om_joint_trajectory_command_broadcaster:/home/anirudh/omx_ws/install/om_gravity_compensation_controller:/home/anirudh/robotics/cpp/install/omx_moveit_cpp_demo:/opt/ros/jazzy/opt/gz_sim_vendor:/opt/ros/jazzy/opt/gz_sensors_vendor:/opt/ros/jazzy/opt/gz_physics_vendor:/opt/ros/jazzy/opt/sdformat_vendor:/opt/ros/jazzy/opt/gz_gui_vendor:/opt/ros/jazzy/opt/gz_transport_vendor:/opt/ros/jazzy/opt/gz_rendering_vendor:/opt/ros/jazzy/opt/gz_plugin_vendor:/opt/ros/jazzy/opt/gz_fuel_tools_vendor:/opt/ros/jazzy/opt/gz_msgs_vendor:/opt/ros/jazzy/opt/gz_common_vendor:/opt/ros/jazzy/opt/gz_math_vendor:/opt/ros/jazzy/opt/gz_utils_vendor:/opt/ros/jazzy/opt/gz_tools_vendor:/opt/ros/jazzy/opt/gz_ogre_next_vendor:/opt/ros/jazzy/opt/gz_dartsim_vendor:/opt/ros/jazzy/opt/gz_cmake_vendor:/home/anirudh/omx_ws/install/open_manipulator_teleop:/home/anirudh/omx_ws/install/open_manipulator_bringup:/opt/ros/jazzy DEBUGINFOD_URLS=https://debuginfod.ubuntu.com LD_LIBRARY_PATH=/home/anirudh/Nav2/install/explore_lite_msgs/lib:${LD_LIBRARY_PATH} PYTHONPATH=/home/anirudh/Nav2/install/explore_lite_msgs/lib/python3.12/site-packages:${PYTHONPATH} /usr/bin/cmake --install /home/anirudh/Nav2/build/explore_lite
