[0.008s] Invoking command in '/home/anirudh/Nav2/build/explore_lite': AMENT_PREFIX_PATH=/home/anirudh/Nav2/install/explore_lite_msgs:${AMENT_PREFIX_PATH} CMAKE_PREFIX_PATH=/home/anirudh/Nav2/install/explore_lite_msgs:/opt/ros/jazzy/opt/gz_sim_vendor:/opt/ros/jazzy/opt/gz_sensors_vendor:/opt/ros/jazzy/opt/gz_physics_vendor:/opt/ros/jazzy/opt/sdformat_vendor:/opt/ros/jazzy/opt/gz_gui_vendor:/opt/ros/jazzy/opt/gz_transport_vendor:/opt/ros/jazzy/opt/gz_rendering_vendor:/opt/ros/jazzy/opt/gz_plugin_vendor:/opt/ros/jazzy/opt/gz_fuel_tools_vendor:/opt/ros/jazzy/opt/gz_msgs_vendor:/opt/ros/jazzy/opt/gz_common_vendor:/opt/ros/jazzy/opt/gz_math_vendor:/opt/ros/jazzy/opt/gz_utils_vendor:/opt/ros/jazzy/opt/gz_tools_vendor:/opt/ros/jazzy/opt/gz_ogre_next_vendor:/opt/ros/jazzy/opt/gz_dartsim_vendor:/opt/ros/jazzy/opt/gz_cmake_vendor:/opt/ros/jazzy DEBUGINFOD_URLS=https://debuginfod.ubuntu.com LD_LIBRARY_PATH=/home/anirudh/Nav2/install/explore_lite_msgs/lib:${LD_LIBRARY_PATH} PYTHONPATH=/home/anirudh/Nav2/install/explore_lite_msgs/lib/python3.12/site-packages:${PYTHONPATH} /usr/bin/cmake /home/anirudh/Nav2/src/m-explore-ros2/explore -DCMAKE_INSTALL_PREFIX=/home/anirudh/Nav2/install/explore_lite
[0.057s] -- The C compiler identification is GNU 13.3.0
[0.101s] -- The CXX compiler identification is GNU 13.3.0
[0.115s] -- Detecting C compiler ABI info
[0.205s] -- Detecting C compiler ABI info - done
[0.211s] -- Check for working C compiler: /usr/bin/cc - skipped
[0.211s] -- Detecting C compile features
[0.212s] -- Detecting C compile features - done
[0.221s] -- Detecting CXX compiler ABI info
[0.314s] -- Detecting CXX compiler ABI info - done
[0.323s] -- Check for working CXX compiler: /usr/bin/c++ - skipped
[0.324s] -- Detecting CXX compile features
[0.324s] -- Detecting CXX compile features - done
[0.324s] -- BuilD for ROS2: jazzy
[0.327s] -- Found ament_cmake: 2.5.4 (/opt/ros/jazzy/share/ament_cmake/cmake)
[0.449s] -- Found Python3: /usr/bin/python3 (found version "3.12.3") found components: Interpreter 
[0.544s] -- Found rclcpp: 28.1.13 (/opt/ros/jazzy/share/rclcpp/cmake)
[0.585s] -- Found rosidl_generator_c: 4.6.6 (/opt/ros/jazzy/share/rosidl_generator_c/cmake)
[0.599s] -- Found rosidl_generator_cpp: 4.6.6 (/opt/ros/jazzy/share/rosidl_generator_cpp/cmake)
[0.614s] -- Using all available rosidl_typesupport_c: rosidl_typesupport_fastrtps_c;rosidl_typesupport_introspection_c
[0.630s] -- Using all available rosidl_typesupport_cpp: rosidl_typesupport_fastrtps_cpp;rosidl_typesupport_introspection_cpp
[0.700s] -- Found rmw_implementation_cmake: 7.3.2 (/opt/ros/jazzy/share/rmw_implementation_cmake/cmake)
[0.703s] -- Found rmw_fastrtps_cpp: 8.4.3 (/opt/ros/jazzy/share/rmw_fastrtps_cpp/cmake)
[0.783s] -- Found OpenSSL: /usr/lib/x86_64-linux-gnu/libcrypto.so (found version "3.0.13")  
[0.802s] -- Found FastRTPS: /opt/ros/jazzy/include (Required is at least version "2.13") 
[0.827s] -- Using RMW implementation 'rmw_fastrtps_cpp' as default
[0.894s] -- Found std_msgs: 5.3.6 (/opt/ros/jazzy/share/std_msgs/cmake)
[0.906s] -- Found sensor_msgs: 5.3.6 (/opt/ros/jazzy/share/sensor_msgs/cmake)
[0.941s] -- Found tf2_ros: 0.36.16 (/opt/ros/jazzy/share/tf2_ros/cmake)
[1.054s] -- Found tf2_geometry_msgs: 0.36.16 (/opt/ros/jazzy/share/tf2_geometry_msgs/cmake)
[1.069s] -- Found eigen3_cmake_module: 0.3.0 (/opt/ros/jazzy/share/eigen3_cmake_module/cmake)
[1.070s] -- Found Eigen3: TRUE (found version "3.4.0") 
[1.070s] -- Ensuring Eigen3 include directory is part of orocos-kdl CMake target
[1.076s] -- Found nav2_msgs: 1.3.10 (/opt/ros/jazzy/share/nav2_msgs/cmake)
[1.175s] -- Found map_msgs: 2.4.1 (/opt/ros/jazzy/share/map_msgs/cmake)
[1.201s] -- Found visualization_msgs: 5.3.6 (/opt/ros/jazzy/share/visualization_msgs/cmake)
[1.227s] -- Found nav2_costmap_2d: 1.3.10 (/opt/ros/jazzy/share/nav2_costmap_2d/cmake)
[1.360s] -- Found explore_lite_msgs: 1.0.0 (/home/anirudh/Nav2/install/explore_lite_msgs/share/explore_lite_msgs/cmake)
[1.369s] -- Found ament_lint_auto: 0.17.3 (/opt/ros/jazzy/share/ament_lint_auto/cmake)
[1.452s] -- Found ament_cmake_gtest: 2.5.4 (/opt/ros/jazzy/share/ament_cmake_gtest/cmake)
[1.456s] -- Found gtest sources under '/opt/ros/jazzy/src/gtest_vendor': C++ tests using 'Google Test' will be built
[1.459s] -- Performing Test CMAKE_HAVE_LIBC_PTHREAD
[1.536s] -- Performing Test CMAKE_HAVE_LIBC_PTHREAD - Success
[1.536s] -- Found Threads: TRUE  
[1.541s] -- Added test 'cppcheck' to perform static code analysis on C / C++ code
[1.541s] -- Configured cppcheck include dirs: /home/anirudh/Nav2/src/m-explore-ros2/explore/include;$<BUILD_INTERFACE:/home/anirudh/Nav2/src/m-explore-ros2/explore/include>
[1.541s] -- Configured cppcheck exclude dirs and/or files: 
[1.542s] -- Added test 'flake8' to check Python code syntax and style conventions
[1.542s] -- Configured 'flake8' exclude dirs and/or files: 
[1.543s] -- Added test 'lint_cmake' to check CMake code style
[1.543s] -- Added test 'pep257' to check Python code against some of the docstring style conventions in PEP 257
[1.545s] -- Added test 'uncrustify' to check C / C++ code style
[1.545s] -- Configured uncrustify additional arguments: 
[1.545s] -- Added test 'xmllint' to check XML markup files
[1.547s] -- Configuring done (1.5s)
[1.567s] -- Generating done (0.0s)
[1.572s] -- Build files have been written to: /home/anirudh/Nav2/build/explore_lite
[1.583s] Invoked command in '/home/anirudh/Nav2/build/explore_lite' returned '0': AMENT_PREFIX_PATH=/home/anirudh/Nav2/install/explore_lite_msgs:${AMENT_PREFIX_PATH} CMAKE_PREFIX_PATH=/home/anirudh/Nav2/install/explore_lite_msgs:/opt/ros/jazzy/opt/gz_sim_vendor:/opt/ros/jazzy/opt/gz_sensors_vendor:/opt/ros/jazzy/opt/gz_physics_vendor:/opt/ros/jazzy/opt/sdformat_vendor:/opt/ros/jazzy/opt/gz_gui_vendor:/opt/ros/jazzy/opt/gz_transport_vendor:/opt/ros/jazzy/opt/gz_rendering_vendor:/opt/ros/jazzy/opt/gz_plugin_vendor:/opt/ros/jazzy/opt/gz_fuel_tools_vendor:/opt/ros/jazzy/opt/gz_msgs_vendor:/opt/ros/jazzy/opt/gz_common_vendor:/opt/ros/jazzy/opt/gz_math_vendor:/opt/ros/jazzy/opt/gz_utils_vendor:/opt/ros/jazzy/opt/gz_tools_vendor:/opt/ros/jazzy/opt/gz_ogre_next_vendor:/opt/ros/jazzy/opt/gz_dartsim_vendor:/opt/ros/jazzy/opt/gz_cmake_vendor:/opt/ros/jazzy DEBUGINFOD_URLS=https://debuginfod.ubuntu.com LD_LIBRARY_PATH=/home/anirudh/Nav2/install/explore_lite_msgs/lib:${LD_LIBRARY_PATH} PYTHONPATH=/home/anirudh/Nav2/install/explore_lite_msgs/lib/python3.12/site-packages:${PYTHONPATH} /usr/bin/cmake /home/anirudh/Nav2/src/m-explore-ros2/explore -DCMAKE_INSTALL_PREFIX=/home/anirudh/Nav2/install/explore_lite
[1.584s] Invoking command in '/home/anirudh/Nav2/build/explore_lite': AMENT_PREFIX_PATH=/home/anirudh/Nav2/install/explore_lite_msgs:${AMENT_PREFIX_PATH} CMAKE_PREFIX_PATH=/home/anirudh/Nav2/install/explore_lite_msgs:/opt/ros/jazzy/opt/gz_sim_vendor:/opt/ros/jazzy/opt/gz_sensors_vendor:/opt/ros/jazzy/opt/gz_physics_vendor:/opt/ros/jazzy/opt/sdformat_vendor:/opt/ros/jazzy/opt/gz_gui_vendor:/opt/ros/jazzy/opt/gz_transport_vendor:/opt/ros/jazzy/opt/gz_rendering_vendor:/opt/ros/jazzy/opt/gz_plugin_vendor:/opt/ros/jazzy/opt/gz_fuel_tools_vendor:/opt/ros/jazzy/opt/gz_msgs_vendor:/opt/ros/jazzy/opt/gz_common_vendor:/opt/ros/jazzy/opt/gz_math_vendor:/opt/ros/jazzy/opt/gz_utils_vendor:/opt/ros/jazzy/opt/gz_tools_vendor:/opt/ros/jazzy/opt/gz_ogre_next_vendor:/opt/ros/jazzy/opt/gz_dartsim_vendor:/opt/ros/jazzy/opt/gz_cmake_vendor:/opt/ros/jazzy DEBUGINFOD_URLS=https://debuginfod.ubuntu.com LD_LIBRARY_PATH=/home/anirudh/Nav2/install/explore_lite_msgs/lib:${LD_LIBRARY_PATH} PYTHONPATH=/home/anirudh/Nav2/install/explore_lite_msgs/lib/python3.12/site-packages:${PYTHONPATH} /usr/bin/cmake --build /home/anirudh/Nav2/build/explore_lite -- -j20 -l20
[1.631s] [ 30%] [32mBuilding CXX object gtest/CMakeFiles/gtest_main.dir/src/gtest_main.cc.o[0m
[1.631s] [ 30%] [32mBuilding CXX object gtest/CMakeFiles/gtest.dir/src/gtest-all.cc.o[0m
[1.631s] [ 30%] [32mBuilding CXX object CMakeFiles/explore.dir/src/costmap_client.cpp.o[0m
[1.633s] [ 50%] [32mBuilding CXX object CMakeFiles/explore.dir/src/explore.cpp.o[0m
[1.633s] [ 50%] [32mBuilding CXX object CMakeFiles/explore.dir/src/frontier_search.cpp.o[0m
[2.079s] [ 60%] [32m[1mLinking CXX static library libgtest_main.a[0m
[2.120s] [ 60%] Built target gtest_main
[4.091s] [ 70%] [32m[1mLinking CXX static library libgtest.a[0m
[4.159s] [ 70%] Built target gtest
[4.184s] [ 80%] [32mBuilding CXX object CMakeFiles/test_explore.dir/test/test_explore.cpp.o[0m
[4.994s] [ 90%] [32m[1mLinking CXX executable test_explore[0m
[5.108s] [ 90%] Built target test_explore
[11.159s] [100%] [32m[1mLinking CXX executable explore[0m
[11.821s] [100%] Built target explore
[11.830s] Invoked command in '/home/anirudh/Nav2/build/explore_lite' returned '0': AMENT_PREFIX_PATH=/home/anirudh/Nav2/install/explore_lite_msgs:${AMENT_PREFIX_PATH} CMAKE_PREFIX_PATH=/home/anirudh/Nav2/install/explore_lite_msgs:/opt/ros/jazzy/opt/gz_sim_vendor:/opt/ros/jazzy/opt/gz_sensors_vendor:/opt/ros/jazzy/opt/gz_physics_vendor:/opt/ros/jazzy/opt/sdformat_vendor:/opt/ros/jazzy/opt/gz_gui_vendor:/opt/ros/jazzy/opt/gz_transport_vendor:/opt/ros/jazzy/opt/gz_rendering_vendor:/opt/ros/jazzy/opt/gz_plugin_vendor:/opt/ros/jazzy/opt/gz_fuel_tools_vendor:/opt/ros/jazzy/opt/gz_msgs_vendor:/opt/ros/jazzy/opt/gz_common_vendor:/opt/ros/jazzy/opt/gz_math_vendor:/opt/ros/jazzy/opt/gz_utils_vendor:/opt/ros/jazzy/opt/gz_tools_vendor:/opt/ros/jazzy/opt/gz_ogre_next_vendor:/opt/ros/jazzy/opt/gz_dartsim_vendor:/opt/ros/jazzy/opt/gz_cmake_vendor:/opt/ros/jazzy DEBUGINFOD_URLS=https://debuginfod.ubuntu.com LD_LIBRARY_PATH=/home/anirudh/Nav2/install/explore_lite_msgs/lib:${LD_LIBRARY_PATH} PYTHONPATH=/home/anirudh/Nav2/install/explore_lite_msgs/lib/python3.12/site-packages:${PYTHONPATH} /usr/bin/cmake --build /home/anirudh/Nav2/build/explore_lite -- -j20 -l20
[11.831s] Invoking command in '/home/anirudh/Nav2/build/explore_lite': AMENT_PREFIX_PATH=/home/anirudh/Nav2/install/explore_lite_msgs:${AMENT_PREFIX_PATH} CMAKE_PREFIX_PATH=/home/anirudh/Nav2/install/explore_lite_msgs:/opt/ros/jazzy/opt/gz_sim_vendor:/opt/ros/jazzy/opt/gz_sensors_vendor:/opt/ros/jazzy/opt/gz_physics_vendor:/opt/ros/jazzy/opt/sdformat_vendor:/opt/ros/jazzy/opt/gz_gui_vendor:/opt/ros/jazzy/opt/gz_transport_vendor:/opt/ros/jazzy/opt/gz_rendering_vendor:/opt/ros/jazzy/opt/gz_plugin_vendor:/opt/ros/jazzy/opt/gz_fuel_tools_vendor:/opt/ros/jazzy/opt/gz_msgs_vendor:/opt/ros/jazzy/opt/gz_common_vendor:/opt/ros/jazzy/opt/gz_math_vendor:/opt/ros/jazzy/opt/gz_utils_vendor:/opt/ros/jazzy/opt/gz_tools_vendor:/opt/ros/jazzy/opt/gz_ogre_next_vendor:/opt/ros/jazzy/opt/gz_dartsim_vendor:/opt/ros/jazzy/opt/gz_cmake_vendor:/opt/ros/jazzy DEBUGINFOD_URLS=https://debuginfod.ubuntu.com LD_LIBRARY_PATH=/home/anirudh/Nav2/install/explore_lite_msgs/lib:${LD_LIBRARY_PATH} PYTHONPATH=/home/anirudh/Nav2/install/explore_lite_msgs/lib/python3.12/site-packages:${PYTHONPATH} /usr/bin/cmake --install /home/anirudh/Nav2/build/explore_lite
[11.840s] -- Install configuration: ""
[11.840s] -- Installing: /home/anirudh/Nav2/install/explore_lite/include/explore/
[11.840s] -- Installing: /home/anirudh/Nav2/install/explore_lite/include/explore//explore.h
[11.841s] -- Installing: /home/anirudh/Nav2/install/explore_lite/include/explore//costmap_client.h
[11.841s] -- Installing: /home/anirudh/Nav2/install/explore_lite/include/explore//frontier_search.h
[11.841s] -- Installing: /home/anirudh/Nav2/install/explore_lite/include/explore//costmap_tools.h
[11.841s] -- Installing: /home/anirudh/Nav2/install/explore_lite/share/explore_lite/config
[11.841s] -- Installing: /home/anirudh/Nav2/install/explore_lite/share/explore_lite/config/params_costmap.yaml
[11.841s] -- Installing: /home/anirudh/Nav2/install/explore_lite/share/explore_lite/config/params.yaml
[11.841s] -- Installing: /home/anirudh/Nav2/install/explore_lite/share/explore_lite/launch
[11.841s] -- Installing: /home/anirudh/Nav2/install/explore_lite/share/explore_lite/launch/explore.launch.py
[11.842s] -- Installing: /home/anirudh/Nav2/install/explore_lite/lib/explore_lite/explore
[11.847s] -- Set non-toolchain portion of runtime path of "/home/anirudh/Nav2/install/explore_lite/lib/explore_lite/explore" to ""
[11.847s] -- Installing: /home/anirudh/Nav2/install/explore_lite/share/ament_index/resource_index/package_run_dependencies/explore_lite
[11.847s] -- Installing: /home/anirudh/Nav2/install/explore_lite/share/ament_index/resource_index/parent_prefix_path/explore_lite
[11.847s] -- Installing: /home/anirudh/Nav2/install/explore_lite/share/explore_lite/environment/ament_prefix_path.sh
[11.847s] -- Installing: /home/anirudh/Nav2/install/explore_lite/share/explore_lite/environment/ament_prefix_path.dsv
[11.848s] -- Installing: /home/anirudh/Nav2/install/explore_lite/share/explore_lite/environment/path.sh
[11.848s] -- Installing: /home/anirudh/Nav2/install/explore_lite/share/explore_lite/environment/path.dsv
[11.848s] -- Installing: /home/anirudh/Nav2/install/explore_lite/share/explore_lite/local_setup.bash
[11.848s] -- Installing: /home/anirudh/Nav2/install/explore_lite/share/explore_lite/local_setup.sh
[11.848s] -- Installing: /home/anirudh/Nav2/install/explore_lite/share/explore_lite/local_setup.zsh
[11.848s] -- Installing: /home/anirudh/Nav2/install/explore_lite/share/explore_lite/local_setup.dsv
[11.848s] -- Installing: /home/anirudh/Nav2/install/explore_lite/share/explore_lite/package.dsv
[11.848s] -- Installing: /home/anirudh/Nav2/install/explore_lite/share/ament_index/resource_index/packages/explore_lite
[11.848s] -- Installing: /home/anirudh/Nav2/install/explore_lite/share/explore_lite/cmake/ament_cmake_export_dependencies-extras.cmake
[11.848s] -- Installing: /home/anirudh/Nav2/install/explore_lite/share/explore_lite/cmake/ament_cmake_export_include_directories-extras.cmake
[11.848s] -- Installing: /home/anirudh/Nav2/install/explore_lite/share/explore_lite/cmake/explore_liteConfig.cmake
[11.848s] -- Installing: /home/anirudh/Nav2/install/explore_lite/share/explore_lite/cmake/explore_liteConfig-version.cmake
[11.848s] -- Installing: /home/anirudh/Nav2/install/explore_lite/share/explore_lite/package.xml
[11.850s] Invoked command in '/home/anirudh/Nav2/build/explore_lite' returned '0': AMENT_PREFIX_PATH=/home/anirudh/Nav2/install/explore_lite_msgs:${AMENT_PREFIX_PATH} CMAKE_PREFIX_PATH=/home/anirudh/Nav2/install/explore_lite_msgs:/opt/ros/jazzy/opt/gz_sim_vendor:/opt/ros/jazzy/opt/gz_sensors_vendor:/opt/ros/jazzy/opt/gz_physics_vendor:/opt/ros/jazzy/opt/sdformat_vendor:/opt/ros/jazzy/opt/gz_gui_vendor:/opt/ros/jazzy/opt/gz_transport_vendor:/opt/ros/jazzy/opt/gz_rendering_vendor:/opt/ros/jazzy/opt/gz_plugin_vendor:/opt/ros/jazzy/opt/gz_fuel_tools_vendor:/opt/ros/jazzy/opt/gz_msgs_vendor:/opt/ros/jazzy/opt/gz_common_vendor:/opt/ros/jazzy/opt/gz_math_vendor:/opt/ros/jazzy/opt/gz_utils_vendor:/opt/ros/jazzy/opt/gz_tools_vendor:/opt/ros/jazzy/opt/gz_ogre_next_vendor:/opt/ros/jazzy/opt/gz_dartsim_vendor:/opt/ros/jazzy/opt/gz_cmake_vendor:/opt/ros/jazzy DEBUGINFOD_URLS=https://debuginfod.ubuntu.com LD_LIBRARY_PATH=/home/anirudh/Nav2/install/explore_lite_msgs/lib:${LD_LIBRARY_PATH} PYTHONPATH=/home/anirudh/Nav2/install/explore_lite_msgs/lib/python3.12/site-packages:${PYTHONPATH} /usr/bin/cmake --install /home/anirudh/Nav2/build/explore_lite
