[0.071s] DEBUG:colcon:Command line arguments: ['/usr/bin/colcon', 'build']
[0.071s] DEBUG:colcon:Parsed command line arguments: Namespace(log_base=None, log_level=None, verb_name='build', build_base='build', install_base='install', merge_install=False, symlink_install=False, test_result_base=None, continue_on_error=False, executor='parallel', parallel_workers=20, event_handlers=None, ignore_user_meta=False, metas=['./colcon.meta'], base_paths=['.'], packages_ignore=None, packages_ignore_regex=None, paths=None, packages_up_to=None, packages_up_to_regex=None, packages_above=None, packages_above_and_dependencies=None, packages_above_depth=None, packages_select_by_dep=None, packages_skip_by_dep=None, packages_skip_up_to=None, packages_select_build_failed=False, packages_skip_build_finished=False, packages_select_test_failures=False, packages_skip_test_passed=False, packages_select=None, packages_skip=None, packages_select_regex=None, packages_skip_regex=None, packages_start=None, packages_end=None, allow_overriding=[], cmake_args=None, cmake_target=None, cmake_target_skip_unavailable=False, cmake_clean_cache=False, cmake_clean_first=False, cmake_force_configure=False, ament_cmake_args=None, catkin_cmake_args=None, catkin_skip_building_tests=False, mixin_files=None, mixin=None, verb_parser=<colcon_mixin.mixin.mixin_argument.MixinArgumentDecorator object at 0x7d622abb6210>, verb_extension=<colcon_core.verb.build.BuildVerb object at 0x7d622acd28d0>, main=<bound method BuildVerb.main of <colcon_core.verb.build.BuildVerb object at 0x7d622acd28d0>>, mixin_verb=('build',))
[0.096s] Level 1:colcon.colcon_core.package_discovery:discover_packages(colcon_meta) check parameters
[0.096s] Level 1:colcon.colcon_core.package_discovery:discover_packages(recursive) check parameters
[0.096s] Level 1:colcon.colcon_core.package_discovery:discover_packages(ignore) check parameters
[0.096s] Level 1:colcon.colcon_core.package_discovery:discover_packages(path) check parameters
[0.096s] Level 1:colcon.colcon_core.package_discovery:discover_packages(colcon_meta) discover
[0.096s] Level 1:colcon.colcon_core.package_discovery:discover_packages(recursive) discover
[0.096s] INFO:colcon.colcon_core.package_discovery:Crawling recursively for packages in '/home/anirudh/Nav2'
[0.096s] Level 1:colcon.colcon_core.package_identification:_identify(.) by extensions ['ignore', 'ignore_ament_install']
[0.096s] Level 1:colcon.colcon_core.package_identification:_identify(.) by extension 'ignore'
[0.096s] Level 1:colcon.colcon_core.package_identification:_identify(.) by extension 'ignore_ament_install'
[0.096s] Level 1:colcon.colcon_core.package_identification:_identify(.) by extensions ['colcon_pkg']
[0.096s] Level 1:colcon.colcon_core.package_identification:_identify(.) by extension 'colcon_pkg'
[0.096s] Level 1:colcon.colcon_core.package_identification:_identify(.) by extensions ['colcon_meta']
[0.096s] Level 1:colcon.colcon_core.package_identification:_identify(.) by extension 'colcon_meta'
[0.096s] Level 1:colcon.colcon_core.package_identification:_identify(.) by extensions ['ros']
[0.096s] Level 1:colcon.colcon_core.package_identification:_identify(.) by extension 'ros'
[0.114s] Level 1:colcon.colcon_core.package_identification:_identify(.) by extensions ['cmake', 'python']
[0.114s] Level 1:colcon.colcon_core.package_identification:_identify(.) by extension 'cmake'
[0.114s] Level 1:colcon.colcon_core.package_identification:_identify(.) by extension 'python'
[0.114s] Level 1:colcon.colcon_core.package_identification:_identify(.) by extensions ['python_setup_py']
[0.114s] Level 1:colcon.colcon_core.package_identification:_identify(.) by extension 'python_setup_py'
[0.115s] Level 1:colcon.colcon_core.package_identification:_identify(build) by extensions ['ignore', 'ignore_ament_install']
[0.115s] Level 1:colcon.colcon_core.package_identification:_identify(build) by extension 'ignore'
[0.115s] Level 1:colcon.colcon_core.package_identification:_identify(build) ignored
[0.115s] Level 1:colcon.colcon_core.package_identification:_identify(install) by extensions ['ignore', 'ignore_ament_install']
[0.115s] Level 1:colcon.colcon_core.package_identification:_identify(install) by extension 'ignore'
[0.115s] Level 1:colcon.colcon_core.package_identification:_identify(install) ignored
[0.115s] Level 1:colcon.colcon_core.package_identification:_identify(log) by extensions ['ignore', 'ignore_ament_install']
[0.115s] Level 1:colcon.colcon_core.package_identification:_identify(log) by extension 'ignore'
[0.115s] Level 1:colcon.colcon_core.package_identification:_identify(log) ignored
[0.115s] Level 1:colcon.colcon_core.package_identification:_identify(src) by extensions ['ignore', 'ignore_ament_install']
[0.115s] Level 1:colcon.colcon_core.package_identification:_identify(src) by extension 'ignore'
[0.115s] Level 1:colcon.colcon_core.package_identification:_identify(src) by extension 'ignore_ament_install'
[0.115s] Level 1:colcon.colcon_core.package_identification:_identify(src) by extensions ['colcon_pkg']
[0.115s] Level 1:colcon.colcon_core.package_identification:_identify(src) by extension 'colcon_pkg'
[0.115s] Level 1:colcon.colcon_core.package_identification:_identify(src) by extensions ['colcon_meta']
[0.115s] Level 1:colcon.colcon_core.package_identification:_identify(src) by extension 'colcon_meta'
[0.115s] Level 1:colcon.colcon_core.package_identification:_identify(src) by extensions ['ros']
[0.115s] Level 1:colcon.colcon_core.package_identification:_identify(src) by extension 'ros'
[0.115s] Level 1:colcon.colcon_core.package_identification:_identify(src) by extensions ['cmake', 'python']
[0.115s] Level 1:colcon.colcon_core.package_identification:_identify(src) by extension 'cmake'
[0.115s] Level 1:colcon.colcon_core.package_identification:_identify(src) by extension 'python'
[0.115s] Level 1:colcon.colcon_core.package_identification:_identify(src) by extensions ['python_setup_py']
[0.115s] Level 1:colcon.colcon_core.package_identification:_identify(src) by extension 'python_setup_py'
[0.115s] Level 1:colcon.colcon_core.package_identification:_identify(src/m-explore-ros2) by extensions ['ignore', 'ignore_ament_install']
[0.115s] Level 1:colcon.colcon_core.package_identification:_identify(src/m-explore-ros2) by extension 'ignore'
[0.115s] Level 1:colcon.colcon_core.package_identification:_identify(src/m-explore-ros2) by extension 'ignore_ament_install'
[0.115s] Level 1:colcon.colcon_core.package_identification:_identify(src/m-explore-ros2) by extensions ['colcon_pkg']
[0.115s] Level 1:colcon.colcon_core.package_identification:_identify(src/m-explore-ros2) by extension 'colcon_pkg'
[0.115s] Level 1:colcon.colcon_core.package_identification:_identify(src/m-explore-ros2) by extensions ['colcon_meta']
[0.115s] Level 1:colcon.colcon_core.package_identification:_identify(src/m-explore-ros2) by extension 'colcon_meta'
[0.115s] Level 1:colcon.colcon_core.package_identification:_identify(src/m-explore-ros2) by extensions ['ros']
[0.115s] Level 1:colcon.colcon_core.package_identification:_identify(src/m-explore-ros2) by extension 'ros'
[0.116s] Level 1:colcon.colcon_core.package_identification:_identify(src/m-explore-ros2) by extensions ['cmake', 'python']
[0.116s] Level 1:colcon.colcon_core.package_identification:_identify(src/m-explore-ros2) by extension 'cmake'
[0.116s] Level 1:colcon.colcon_core.package_identification:_identify(src/m-explore-ros2) by extension 'python'
[0.116s] Level 1:colcon.colcon_core.package_identification:_identify(src/m-explore-ros2) by extensions ['python_setup_py']
[0.116s] Level 1:colcon.colcon_core.package_identification:_identify(src/m-explore-ros2) by extension 'python_setup_py'
[0.116s] Level 1:colcon.colcon_core.package_identification:_identify(src/m-explore-ros2/explore) by extensions ['ignore', 'ignore_ament_install']
[0.116s] Level 1:colcon.colcon_core.package_identification:_identify(src/m-explore-ros2/explore) by extension 'ignore'
[0.116s] Level 1:colcon.colcon_core.package_identification:_identify(src/m-explore-ros2/explore) by extension 'ignore_ament_install'
[0.116s] Level 1:colcon.colcon_core.package_identification:_identify(src/m-explore-ros2/explore) by extensions ['colcon_pkg']
[0.116s] Level 1:colcon.colcon_core.package_identification:_identify(src/m-explore-ros2/explore) by extension 'colcon_pkg'
[0.116s] Level 1:colcon.colcon_core.package_identification:_identify(src/m-explore-ros2/explore) by extensions ['colcon_meta']
[0.116s] Level 1:colcon.colcon_core.package_identification:_identify(src/m-explore-ros2/explore) by extension 'colcon_meta'
[0.116s] Level 1:colcon.colcon_core.package_identification:_identify(src/m-explore-ros2/explore) by extensions ['ros']
[0.116s] Level 1:colcon.colcon_core.package_identification:_identify(src/m-explore-ros2/explore) by extension 'ros'
[0.118s] DEBUG:colcon.colcon_core.package_identification:Package 'src/m-explore-ros2/explore' with type 'ros.ament_cmake' and name 'explore_lite'
[0.118s] Level 1:colcon.colcon_core.package_identification:_identify(src/m-explore-ros2/explore_lite_msgs) by extensions ['ignore', 'ignore_ament_install']
[0.118s] Level 1:colcon.colcon_core.package_identification:_identify(src/m-explore-ros2/explore_lite_msgs) by extension 'ignore'
[0.118s] Level 1:colcon.colcon_core.package_identification:_identify(src/m-explore-ros2/explore_lite_msgs) by extension 'ignore_ament_install'
[0.118s] Level 1:colcon.colcon_core.package_identification:_identify(src/m-explore-ros2/explore_lite_msgs) by extensions ['colcon_pkg']
[0.118s] Level 1:colcon.colcon_core.package_identification:_identify(src/m-explore-ros2/explore_lite_msgs) by extension 'colcon_pkg'
[0.118s] Level 1:colcon.colcon_core.package_identification:_identify(src/m-explore-ros2/explore_lite_msgs) by extensions ['colcon_meta']
[0.118s] Level 1:colcon.colcon_core.package_identification:_identify(src/m-explore-ros2/explore_lite_msgs) by extension 'colcon_meta'
[0.118s] Level 1:colcon.colcon_core.package_identification:_identify(src/m-explore-ros2/explore_lite_msgs) by extensions ['ros']
[0.118s] Level 1:colcon.colcon_core.package_identification:_identify(src/m-explore-ros2/explore_lite_msgs) by extension 'ros'
[0.118s] DEBUG:colcon.colcon_core.package_identification:Package 'src/m-explore-ros2/explore_lite_msgs' with type 'ros.ament_cmake' and name 'explore_lite_msgs'
[0.118s] Level 1:colcon.colcon_core.package_identification:_identify(src/m-explore-ros2/map_merge) by extensions ['ignore', 'ignore_ament_install']
[0.119s] Level 1:colcon.colcon_core.package_identification:_identify(src/m-explore-ros2/map_merge) by extension 'ignore'
[0.119s] Level 1:colcon.colcon_core.package_identification:_identify(src/m-explore-ros2/map_merge) by extension 'ignore_ament_install'
[0.119s] Level 1:colcon.colcon_core.package_identification:_identify(src/m-explore-ros2/map_merge) by extensions ['colcon_pkg']
[0.119s] Level 1:colcon.colcon_core.package_identification:_identify(src/m-explore-ros2/map_merge) by extension 'colcon_pkg'
[0.119s] Level 1:colcon.colcon_core.package_identification:_identify(src/m-explore-ros2/map_merge) by extensions ['colcon_meta']
[0.119s] Level 1:colcon.colcon_core.package_identification:_identify(src/m-explore-ros2/map_merge) by extension 'colcon_meta'
[0.119s] Level 1:colcon.colcon_core.package_identification:_identify(src/m-explore-ros2/map_merge) by extensions ['ros']
[0.119s] Level 1:colcon.colcon_core.package_identification:_identify(src/m-explore-ros2/map_merge) by extension 'ros'
[0.119s] DEBUG:colcon.colcon_core.package_identification:Package 'src/m-explore-ros2/map_merge' with type 'ros.ament_cmake' and name 'multirobot_map_merge'
[0.119s] Level 1:colcon.colcon_core.package_identification:_identify(src/nav2) by extensions ['ignore', 'ignore_ament_install']
[0.119s] Level 1:colcon.colcon_core.package_identification:_identify(src/nav2) by extension 'ignore'
[0.120s] Level 1:colcon.colcon_core.package_identification:_identify(src/nav2) by extension 'ignore_ament_install'
[0.120s] Level 1:colcon.colcon_core.package_identification:_identify(src/nav2) by extensions ['colcon_pkg']
[0.120s] Level 1:colcon.colcon_core.package_identification:_identify(src/nav2) by extension 'colcon_pkg'
[0.120s] Level 1:colcon.colcon_core.package_identification:_identify(src/nav2) by extensions ['colcon_meta']
[0.120s] Level 1:colcon.colcon_core.package_identification:_identify(src/nav2) by extension 'colcon_meta'
[0.120s] Level 1:colcon.colcon_core.package_identification:_identify(src/nav2) by extensions ['ros']
[0.120s] Level 1:colcon.colcon_core.package_identification:_identify(src/nav2) by extension 'ros'
[0.120s] DEBUG:colcon.colcon_core.package_identification:Package 'src/nav2' with type 'ros.ament_python' and name 'nav2'
[0.120s] Level 1:colcon.colcon_core.package_discovery:discover_packages(recursive) using defaults
[0.120s] Level 1:colcon.colcon_core.package_discovery:discover_packages(ignore) discover
[0.120s] Level 1:colcon.colcon_core.package_discovery:discover_packages(ignore) using defaults
[0.120s] Level 1:colcon.colcon_core.package_discovery:discover_packages(path) discover
[0.120s] Level 1:colcon.colcon_core.package_discovery:discover_packages(path) using defaults
[0.133s] Level 1:colcon.colcon_core.package_discovery:discover_packages(prefix_path) check parameters
[0.133s] Level 1:colcon.colcon_core.package_discovery:discover_packages(prefix_path) discover
[0.134s] DEBUG:colcon.colcon_installed_package_information.package_discovery:Found 12 installed packages in /home/anirudh/omx_ws/install
[0.134s] DEBUG:colcon.colcon_installed_package_information.package_discovery:Found 1 installed packages in /home/anirudh/robotics/cpp/install
[0.136s] DEBUG:colcon.colcon_installed_package_information.package_discovery:Found 498 installed packages in /opt/ros/jazzy
[0.137s] Level 1:colcon.colcon_core.package_discovery:discover_packages(prefix_path) using defaults
[0.182s] Level 5:colcon.colcon_core.verb:set package 'explore_lite_msgs' build argument 'cmake_args' from command line to 'None'
[0.182s] Level 5:colcon.colcon_core.verb:set package 'explore_lite_msgs' build argument 'cmake_target' from command line to 'None'
[0.182s] Level 5:colcon.colcon_core.verb:set package 'explore_lite_msgs' build argument 'cmake_target_skip_unavailable' from command line to 'False'
[0.182s] Level 5:colcon.colcon_core.verb:set package 'explore_lite_msgs' build argument 'cmake_clean_cache' from command line to 'False'
[0.182s] Level 5:colcon.colcon_core.verb:set package 'explore_lite_msgs' build argument 'cmake_clean_first' from command line to 'False'
[0.182s] Level 5:colcon.colcon_core.verb:set package 'explore_lite_msgs' build argument 'cmake_force_configure' from command line to 'False'
[0.182s] Level 5:colcon.colcon_core.verb:set package 'explore_lite_msgs' build argument 'ament_cmake_args' from command line to 'None'
[0.182s] Level 5:colcon.colcon_core.verb:set package 'explore_lite_msgs' build argument 'catkin_cmake_args' from command line to 'None'
[0.182s] Level 5:colcon.colcon_core.verb:set package 'explore_lite_msgs' build argument 'catkin_skip_building_tests' from command line to 'False'
[0.182s] DEBUG:colcon.colcon_core.verb:Building package 'explore_lite_msgs' with the following arguments: {'ament_cmake_args': None, 'build_base': '/home/anirudh/Nav2/build/explore_lite_msgs', 'catkin_cmake_args': None, 'catkin_skip_building_tests': False, 'cmake_args': None, 'cmake_clean_cache': False, 'cmake_clean_first': False, 'cmake_force_configure': False, 'cmake_target': None, 'cmake_target_skip_unavailable': False, 'install_base': '/home/anirudh/Nav2/install/explore_lite_msgs', 'merge_install': False, 'path': '/home/anirudh/Nav2/src/m-explore-ros2/explore_lite_msgs', 'symlink_install': False, 'test_result_base': None}
[0.182s] Level 5:colcon.colcon_core.verb:set package 'multirobot_map_merge' build argument 'cmake_args' from command line to 'None'
[0.182s] Level 5:colcon.colcon_core.verb:set package 'multirobot_map_merge' build argument 'cmake_target' from command line to 'None'
[0.182s] Level 5:colcon.colcon_core.verb:set package 'multirobot_map_merge' build argument 'cmake_target_skip_unavailable' from command line to 'False'
[0.182s] Level 5:colcon.colcon_core.verb:set package 'multirobot_map_merge' build argument 'cmake_clean_cache' from command line to 'False'
[0.182s] Level 5:colcon.colcon_core.verb:set package 'multirobot_map_merge' build argument 'cmake_clean_first' from command line to 'False'
[0.182s] Level 5:colcon.colcon_core.verb:set package 'multirobot_map_merge' build argument 'cmake_force_configure' from command line to 'False'
[0.182s] Level 5:colcon.colcon_core.verb:set package 'multirobot_map_merge' build argument 'ament_cmake_args' from command line to 'None'
[0.182s] Level 5:colcon.colcon_core.verb:set package 'multirobot_map_merge' build argument 'catkin_cmake_args' from command line to 'None'
[0.182s] Level 5:colcon.colcon_core.verb:set package 'multirobot_map_merge' build argument 'catkin_skip_building_tests' from command line to 'False'
[0.182s] DEBUG:colcon.colcon_core.verb:Building package 'multirobot_map_merge' with the following arguments: {'ament_cmake_args': None, 'build_base': '/home/anirudh/Nav2/build/multirobot_map_merge', 'catkin_cmake_args': None, 'catkin_skip_building_tests': False, 'cmake_args': None, 'cmake_clean_cache': False, 'cmake_clean_first': False, 'cmake_force_configure': False, 'cmake_target': None, 'cmake_target_skip_unavailable': False, 'install_base': '/home/anirudh/Nav2/install/multirobot_map_merge', 'merge_install': False, 'path': '/home/anirudh/Nav2/src/m-explore-ros2/map_merge', 'symlink_install': False, 'test_result_base': None}
[0.182s] Level 5:colcon.colcon_core.verb:set package 'nav2' build argument 'cmake_args' from command line to 'None'
[0.182s] Level 5:colcon.colcon_core.verb:set package 'nav2' build argument 'cmake_target' from command line to 'None'
[0.182s] Level 5:colcon.colcon_core.verb:set package 'nav2' build argument 'cmake_target_skip_unavailable' from command line to 'False'
[0.182s] Level 5:colcon.colcon_core.verb:set package 'nav2' build argument 'cmake_clean_cache' from command line to 'False'
[0.182s] Level 5:colcon.colcon_core.verb:set package 'nav2' build argument 'cmake_clean_first' from command line to 'False'
[0.182s] Level 5:colcon.colcon_core.verb:set package 'nav2' build argument 'cmake_force_configure' from command line to 'False'
[0.182s] Level 5:colcon.colcon_core.verb:set package 'nav2' build argument 'ament_cmake_args' from command line to 'None'
[0.182s] Level 5:colcon.colcon_core.verb:set package 'nav2' build argument 'catkin_cmake_args' from command line to 'None'
[0.182s] Level 5:colcon.colcon_core.verb:set package 'nav2' build argument 'catkin_skip_building_tests' from command line to 'False'
[0.182s] DEBUG:colcon.colcon_core.verb:Building package 'nav2' with the following arguments: {'ament_cmake_args': None, 'build_base': '/home/anirudh/Nav2/build/nav2', 'catkin_cmake_args': None, 'catkin_skip_building_tests': False, 'cmake_args': None, 'cmake_clean_cache': False, 'cmake_clean_first': False, 'cmake_force_configure': False, 'cmake_target': None, 'cmake_target_skip_unavailable': False, 'install_base': '/home/anirudh/Nav2/install/nav2', 'merge_install': False, 'path': '/home/anirudh/Nav2/src/nav2', 'symlink_install': False, 'test_result_base': None}
[0.182s] Level 5:colcon.colcon_core.verb:set package 'explore_lite' build argument 'cmake_args' from command line to 'None'
[0.182s] Level 5:colcon.colcon_core.verb:set package 'explore_lite' build argument 'cmake_target' from command line to 'None'
[0.182s] Level 5:colcon.colcon_core.verb:set package 'explore_lite' build argument 'cmake_target_skip_unavailable' from command line to 'False'
[0.182s] Level 5:colcon.colcon_core.verb:set package 'explore_lite' build argument 'cmake_clean_cache' from command line to 'False'
[0.182s] Level 5:colcon.colcon_core.verb:set package 'explore_lite' build argument 'cmake_clean_first' from command line to 'False'
[0.182s] Level 5:colcon.colcon_core.verb:set package 'explore_lite' build argument 'cmake_force_configure' from command line to 'False'
[0.183s] Level 5:colcon.colcon_core.verb:set package 'explore_lite' build argument 'ament_cmake_args' from command line to 'None'
[0.183s] Level 5:colcon.colcon_core.verb:set package 'explore_lite' build argument 'catkin_cmake_args' from command line to 'None'
[0.183s] Level 5:colcon.colcon_core.verb:set package 'explore_lite' build argument 'catkin_skip_building_tests' from command line to 'False'
[0.183s] DEBUG:colcon.colcon_core.verb:Building package 'explore_lite' with the following arguments: {'ament_cmake_args': None, 'build_base': '/home/anirudh/Nav2/build/explore_lite', 'catkin_cmake_args': None, 'catkin_skip_building_tests': False, 'cmake_args': None, 'cmake_clean_cache': False, 'cmake_clean_first': False, 'cmake_force_configure': False, 'cmake_target': None, 'cmake_target_skip_unavailable': False, 'install_base': '/home/anirudh/Nav2/install/explore_lite', 'merge_install': False, 'path': '/home/anirudh/Nav2/src/m-explore-ros2/explore', 'symlink_install': False, 'test_result_base': None}
[0.183s] INFO:colcon.colcon_core.executor:Executing jobs using 'parallel' executor
[0.183s] DEBUG:colcon.colcon_parallel_executor.executor.parallel:run_until_complete
[0.183s] INFO:colcon.colcon_ros.task.ament_cmake.build:Building ROS package in '/home/anirudh/Nav2/src/m-explore-ros2/explore_lite_msgs' with build type 'ament_cmake'
[0.184s] INFO:colcon.colcon_cmake.task.cmake.build:Building CMake package in '/home/anirudh/Nav2/src/m-explore-ros2/explore_lite_msgs'
[0.185s] INFO:colcon.colcon_core.plugin_system:Skipping extension 'colcon_core.shell.bat': Not used on non-Windows systems
[0.185s] INFO:colcon.colcon_core.shell:Skip shell extension 'powershell' for command environment: Not usable outside of PowerShell
[0.185s] DEBUG:colcon.colcon_core.shell:Skip shell extension 'dsv' for command environment
[0.188s] INFO:colcon.colcon_ros.task.ament_cmake.build:Building ROS package in '/home/anirudh/Nav2/src/m-explore-ros2/map_merge' with build type 'ament_cmake'
[0.188s] INFO:colcon.colcon_cmake.task.cmake.build:Building CMake package in '/home/anirudh/Nav2/src/m-explore-ros2/map_merge'
[0.188s] INFO:colcon.colcon_core.shell:Skip shell extension 'powershell' for command environment: Not usable outside of PowerShell
[0.188s] DEBUG:colcon.colcon_core.shell:Skip shell extension 'dsv' for command environment
[0.191s] INFO:colcon.colcon_ros.task.ament_python.build:Building ROS package in '/home/anirudh/Nav2/src/nav2' with build type 'ament_python'
[0.191s] Level 1:colcon.colcon_core.shell:create_environment_hook('nav2', 'ament_prefix_path')
[0.191s] INFO:colcon.colcon_core.shell:Creating environment hook '/home/anirudh/Nav2/install/nav2/share/nav2/hook/ament_prefix_path.ps1'
[0.192s] INFO:colcon.colcon_core.shell:Creating environment descriptor '/home/anirudh/Nav2/install/nav2/share/nav2/hook/ament_prefix_path.dsv'
[0.192s] INFO:colcon.colcon_core.shell:Creating environment hook '/home/anirudh/Nav2/install/nav2/share/nav2/hook/ament_prefix_path.sh'
[0.193s] INFO:colcon.colcon_core.shell:Skip shell extension 'powershell' for command environment: Not usable outside of PowerShell
[0.193s] DEBUG:colcon.colcon_core.shell:Skip shell extension 'dsv' for command environment
[0.198s] DEBUG:colcon.colcon_core.event_handler.log_command:Invoking command in '/home/anirudh/Nav2/build/explore_lite_msgs': CMAKE_PREFIX_PATH=${CMAKE_PREFIX_PATH}:/home/anirudh/omx_ws/install/open_manipulator_teleop:/home/anirudh/omx_ws/install/open_manipulator_bringup:/opt/ros/jazzy DEBUGINFOD_URLS=https://debuginfod.ubuntu.com /usr/bin/cmake /home/anirudh/Nav2/src/m-explore-ros2/explore_lite_msgs -DCMAKE_INSTALL_PREFIX=/home/anirudh/Nav2/install/explore_lite_msgs
[0.199s] DEBUG:colcon.colcon_core.event_handler.log_command:Invoking command in '/home/anirudh/Nav2/build/multirobot_map_merge': CMAKE_PREFIX_PATH=${CMAKE_PREFIX_PATH}:/home/anirudh/omx_ws/install/open_manipulator_teleop:/home/anirudh/omx_ws/install/open_manipulator_bringup:/opt/ros/jazzy DEBUGINFOD_URLS=https://debuginfod.ubuntu.com /usr/bin/cmake /home/anirudh/Nav2/src/m-explore-ros2/map_merge -DCMAKE_INSTALL_PREFIX=/home/anirudh/Nav2/install/multirobot_map_merge
[0.346s] INFO:colcon.colcon_core.task.python.build:Building Python package in '/home/anirudh/Nav2/src/nav2'
[0.346s] INFO:colcon.colcon_core.shell:Skip shell extension 'powershell' for command environment: Not usable outside of PowerShell
[0.346s] DEBUG:colcon.colcon_core.shell:Skip shell extension 'dsv' for command environment
[0.746s] DEBUG:colcon.colcon_core.event_handler.log_command:Invoking command in '/home/anirudh/Nav2/src/nav2': DEBUGINFOD_URLS=https://debuginfod.ubuntu.com PYTHONPATH=/home/anirudh/Nav2/build/nav2/prefix_override:/usr/lib/python3/dist-packages/colcon_core/task/python/colcon_distutils_commands:/home/anirudh/Nav2/install/nav2/lib/python3.12/site-packages:${PYTHONPATH} /usr/bin/python3 -W ignore:setup.py install is deprecated -W ignore:easy_install command is deprecated setup.py egg_info --egg-base ../../build/nav2 build --build-base /home/anirudh/Nav2/build/nav2/build install --record /home/anirudh/Nav2/build/nav2/install.log --single-version-externally-managed install_data
[1.109s] DEBUG:colcon.colcon_core.event_handler.log_command:Invoked command in '/home/anirudh/Nav2/src/nav2' returned '0': DEBUGINFOD_URLS=https://debuginfod.ubuntu.com PYTHONPATH=/home/anirudh/Nav2/build/nav2/prefix_override:/usr/lib/python3/dist-packages/colcon_core/task/python/colcon_distutils_commands:/home/anirudh/Nav2/install/nav2/lib/python3.12/site-packages:${PYTHONPATH} /usr/bin/python3 -W ignore:setup.py install is deprecated -W ignore:easy_install command is deprecated setup.py egg_info --egg-base ../../build/nav2 build --build-base /home/anirudh/Nav2/build/nav2/build install --record /home/anirudh/Nav2/build/nav2/install.log --single-version-externally-managed install_data
[1.110s] Level 1:colcon.colcon_core.environment:checking '/home/anirudh/Nav2/install/nav2' for CMake module files
[1.111s] Level 1:colcon.colcon_core.environment:checking '/home/anirudh/Nav2/install/nav2' for CMake config files
[1.111s] Level 1:colcon.colcon_core.environment:checking '/home/anirudh/Nav2/install/nav2/lib'
[1.111s] Level 1:colcon.colcon_core.environment:checking '/home/anirudh/Nav2/install/nav2/bin'
[1.111s] Level 1:colcon.colcon_core.environment:checking '/home/anirudh/Nav2/install/nav2/lib/pkgconfig/nav2.pc'
[1.111s] Level 1:colcon.colcon_core.environment:checking '/home/anirudh/Nav2/install/nav2/lib/python3.12/site-packages'
[1.111s] Level 1:colcon.colcon_core.shell:create_environment_hook('nav2', 'pythonpath')
[1.111s] INFO:colcon.colcon_core.shell:Creating environment hook '/home/anirudh/Nav2/install/nav2/share/nav2/hook/pythonpath.ps1'
[1.112s] INFO:colcon.colcon_core.shell:Creating environment descriptor '/home/anirudh/Nav2/install/nav2/share/nav2/hook/pythonpath.dsv'
[1.112s] INFO:colcon.colcon_core.shell:Creating environment hook '/home/anirudh/Nav2/install/nav2/share/nav2/hook/pythonpath.sh'
[1.112s] Level 1:colcon.colcon_core.environment:checking '/home/anirudh/Nav2/install/nav2/bin'
[1.112s] Level 1:colcon.colcon_core.environment:create_environment_scripts_only(nav2)
[1.113s] INFO:colcon.colcon_core.shell:Creating package script '/home/anirudh/Nav2/install/nav2/share/nav2/package.ps1'
[1.113s] INFO:colcon.colcon_core.shell:Creating package descriptor '/home/anirudh/Nav2/install/nav2/share/nav2/package.dsv'
[1.113s] INFO:colcon.colcon_core.shell:Creating package script '/home/anirudh/Nav2/install/nav2/share/nav2/package.sh'
[1.114s] INFO:colcon.colcon_core.shell:Creating package script '/home/anirudh/Nav2/install/nav2/share/nav2/package.bash'
[1.114s] INFO:colcon.colcon_core.shell:Creating package script '/home/anirudh/Nav2/install/nav2/share/nav2/package.zsh'
[1.114s] Level 1:colcon.colcon_core.environment:create_file_with_runtime_dependencies(/home/anirudh/Nav2/install/nav2/share/colcon-core/packages/nav2)
[2.815s] DEBUG:colcon.colcon_core.event_handler.log_command:Invoked command in '/home/anirudh/Nav2/build/explore_lite_msgs' returned '0': CMAKE_PREFIX_PATH=${CMAKE_PREFIX_PATH}:/home/anirudh/omx_ws/install/open_manipulator_teleop:/home/anirudh/omx_ws/install/open_manipulator_bringup:/opt/ros/jazzy DEBUGINFOD_URLS=https://debuginfod.ubuntu.com /usr/bin/cmake /home/anirudh/Nav2/src/m-explore-ros2/explore_lite_msgs -DCMAKE_INSTALL_PREFIX=/home/anirudh/Nav2/install/explore_lite_msgs
[2.816s] DEBUG:colcon.colcon_core.event_handler.log_command:Invoking command in '/home/anirudh/Nav2/build/explore_lite_msgs': CMAKE_PREFIX_PATH=${CMAKE_PREFIX_PATH}:/home/anirudh/omx_ws/install/open_manipulator_teleop:/home/anirudh/omx_ws/install/open_manipulator_bringup:/opt/ros/jazzy DEBUGINFOD_URLS=https://debuginfod.ubuntu.com /usr/bin/cmake --build /home/anirudh/Nav2/build/explore_lite_msgs -- -j20 -l20
[4.450s] DEBUG:colcon.colcon_core.event_handler.log_command:Invoked command in '/home/anirudh/Nav2/build/explore_lite_msgs' returned '0': CMAKE_PREFIX_PATH=${CMAKE_PREFIX_PATH}:/home/anirudh/omx_ws/install/open_manipulator_teleop:/home/anirudh/omx_ws/install/open_manipulator_bringup:/opt/ros/jazzy DEBUGINFOD_URLS=https://debuginfod.ubuntu.com /usr/bin/cmake --build /home/anirudh/Nav2/build/explore_lite_msgs -- -j20 -l20
[4.458s] DEBUG:colcon.colcon_core.event_handler.log_command:Invoking command in '/home/anirudh/Nav2/build/explore_lite_msgs': CMAKE_PREFIX_PATH=${CMAKE_PREFIX_PATH}:/home/anirudh/omx_ws/install/open_manipulator_teleop:/home/anirudh/omx_ws/install/open_manipulator_bringup:/opt/ros/jazzy DEBUGINFOD_URLS=https://debuginfod.ubuntu.com /usr/bin/cmake --install /home/anirudh/Nav2/build/explore_lite_msgs
[4.505s] Level 1:colcon.colcon_core.environment:create_environment_scripts_only(explore_lite_msgs)
[4.505s] DEBUG:colcon.colcon_core.event_handler.log_command:Invoked command in '/home/anirudh/Nav2/build/explore_lite_msgs' returned '0': CMAKE_PREFIX_PATH=${CMAKE_PREFIX_PATH}:/home/anirudh/omx_ws/install/open_manipulator_teleop:/home/anirudh/omx_ws/install/open_manipulator_bringup:/opt/ros/jazzy DEBUGINFOD_URLS=https://debuginfod.ubuntu.com /usr/bin/cmake --install /home/anirudh/Nav2/build/explore_lite_msgs
[4.506s] Level 1:colcon.colcon_core.environment:checking '/home/anirudh/Nav2/install/explore_lite_msgs' for CMake module files
[4.506s] Level 1:colcon.colcon_core.environment:checking '/home/anirudh/Nav2/install/explore_lite_msgs' for CMake config files
[4.507s] Level 1:colcon.colcon_core.shell:create_environment_hook('explore_lite_msgs', 'cmake_prefix_path')
[4.507s] INFO:colcon.colcon_core.shell:Creating environment hook '/home/anirudh/Nav2/install/explore_lite_msgs/share/explore_lite_msgs/hook/cmake_prefix_path.ps1'
[4.508s] INFO:colcon.colcon_core.shell:Creating environment descriptor '/home/anirudh/Nav2/install/explore_lite_msgs/share/explore_lite_msgs/hook/cmake_prefix_path.dsv'
[4.508s] INFO:colcon.colcon_core.shell:Creating environment hook '/home/anirudh/Nav2/install/explore_lite_msgs/share/explore_lite_msgs/hook/cmake_prefix_path.sh'
[4.508s] Level 1:colcon.colcon_core.environment:checking '/home/anirudh/Nav2/install/explore_lite_msgs/lib'
[4.508s] Level 1:colcon.colcon_core.shell:create_environment_hook('explore_lite_msgs', 'ld_library_path_lib')
[4.509s] INFO:colcon.colcon_core.shell:Creating environment hook '/home/anirudh/Nav2/install/explore_lite_msgs/share/explore_lite_msgs/hook/ld_library_path_lib.ps1'
[4.509s] INFO:colcon.colcon_core.shell:Creating environment descriptor '/home/anirudh/Nav2/install/explore_lite_msgs/share/explore_lite_msgs/hook/ld_library_path_lib.dsv'
[4.509s] INFO:colcon.colcon_core.shell:Creating environment hook '/home/anirudh/Nav2/install/explore_lite_msgs/share/explore_lite_msgs/hook/ld_library_path_lib.sh'
[4.510s] Level 1:colcon.colcon_core.environment:checking '/home/anirudh/Nav2/install/explore_lite_msgs/bin'
[4.510s] Level 1:colcon.colcon_core.environment:checking '/home/anirudh/Nav2/install/explore_lite_msgs/lib/pkgconfig/explore_lite_msgs.pc'
[4.510s] Level 1:colcon.colcon_core.environment:checking '/home/anirudh/Nav2/install/explore_lite_msgs/lib/python3.12/site-packages'
[4.510s] Level 1:colcon.colcon_core.shell:create_environment_hook('explore_lite_msgs', 'pythonpath')
[4.510s] INFO:colcon.colcon_core.shell:Creating environment hook '/home/anirudh/Nav2/install/explore_lite_msgs/share/explore_lite_msgs/hook/pythonpath.ps1'
[4.510s] INFO:colcon.colcon_core.shell:Creating environment descriptor '/home/anirudh/Nav2/install/explore_lite_msgs/share/explore_lite_msgs/hook/pythonpath.dsv'
[4.511s] INFO:colcon.colcon_core.shell:Creating environment hook '/home/anirudh/Nav2/install/explore_lite_msgs/share/explore_lite_msgs/hook/pythonpath.sh'
[4.511s] Level 1:colcon.colcon_core.environment:checking '/home/anirudh/Nav2/install/explore_lite_msgs/bin'
[4.512s] INFO:colcon.colcon_core.shell:Creating package script '/home/anirudh/Nav2/install/explore_lite_msgs/share/explore_lite_msgs/package.ps1'
[4.512s] INFO:colcon.colcon_core.shell:Creating package descriptor '/home/anirudh/Nav2/install/explore_lite_msgs/share/explore_lite_msgs/package.dsv'
[4.513s] INFO:colcon.colcon_core.shell:Creating package script '/home/anirudh/Nav2/install/explore_lite_msgs/share/explore_lite_msgs/package.sh'
[4.513s] INFO:colcon.colcon_core.shell:Creating package script '/home/anirudh/Nav2/install/explore_lite_msgs/share/explore_lite_msgs/package.bash'
[4.513s] INFO:colcon.colcon_core.shell:Creating package script '/home/anirudh/Nav2/install/explore_lite_msgs/share/explore_lite_msgs/package.zsh'
[4.514s] Level 1:colcon.colcon_core.environment:create_file_with_runtime_dependencies(/home/anirudh/Nav2/install/explore_lite_msgs/share/colcon-core/packages/explore_lite_msgs)
[4.514s] Level 1:colcon.colcon_core.environment:create_environment_scripts_only(explore_lite_msgs)
[4.514s] Level 1:colcon.colcon_core.environment:checking '/home/anirudh/Nav2/install/explore_lite_msgs' for CMake module files
[4.515s] Level 1:colcon.colcon_core.environment:checking '/home/anirudh/Nav2/install/explore_lite_msgs' for CMake config files
[4.515s] Level 1:colcon.colcon_core.shell:create_environment_hook('explore_lite_msgs', 'cmake_prefix_path')
[4.516s] INFO:colcon.colcon_core.shell:Creating environment hook '/home/anirudh/Nav2/install/explore_lite_msgs/share/explore_lite_msgs/hook/cmake_prefix_path.ps1'
[4.516s] INFO:colcon.colcon_core.shell:Creating environment descriptor '/home/anirudh/Nav2/install/explore_lite_msgs/share/explore_lite_msgs/hook/cmake_prefix_path.dsv'
[4.516s] INFO:colcon.colcon_core.shell:Creating environment hook '/home/anirudh/Nav2/install/explore_lite_msgs/share/explore_lite_msgs/hook/cmake_prefix_path.sh'
[4.517s] Level 1:colcon.colcon_core.environment:checking '/home/anirudh/Nav2/install/explore_lite_msgs/lib'
[4.517s] Level 1:colcon.colcon_core.shell:create_environment_hook('explore_lite_msgs', 'ld_library_path_lib')
[4.517s] INFO:colcon.colcon_core.shell:Creating environment hook '/home/anirudh/Nav2/install/explore_lite_msgs/share/explore_lite_msgs/hook/ld_library_path_lib.ps1'
[4.518s] INFO:colcon.colcon_core.shell:Creating environment descriptor '/home/anirudh/Nav2/install/explore_lite_msgs/share/explore_lite_msgs/hook/ld_library_path_lib.dsv'
[4.518s] INFO:colcon.colcon_core.shell:Creating environment hook '/home/anirudh/Nav2/install/explore_lite_msgs/share/explore_lite_msgs/hook/ld_library_path_lib.sh'
[4.518s] Level 1:colcon.colcon_core.environment:checking '/home/anirudh/Nav2/install/explore_lite_msgs/bin'
[4.518s] Level 1:colcon.colcon_core.environment:checking '/home/anirudh/Nav2/install/explore_lite_msgs/lib/pkgconfig/explore_lite_msgs.pc'
[4.518s] Level 1:colcon.colcon_core.environment:checking '/home/anirudh/Nav2/install/explore_lite_msgs/lib/python3.12/site-packages'
[4.519s] Level 1:colcon.colcon_core.shell:create_environment_hook('explore_lite_msgs', 'pythonpath')
[4.519s] INFO:colcon.colcon_core.shell:Creating environment hook '/home/anirudh/Nav2/install/explore_lite_msgs/share/explore_lite_msgs/hook/pythonpath.ps1'
[4.519s] INFO:colcon.colcon_core.shell:Creating environment descriptor '/home/anirudh/Nav2/install/explore_lite_msgs/share/explore_lite_msgs/hook/pythonpath.dsv'
[4.519s] INFO:colcon.colcon_core.shell:Creating environment hook '/home/anirudh/Nav2/install/explore_lite_msgs/share/explore_lite_msgs/hook/pythonpath.sh'
[4.520s] Level 1:colcon.colcon_core.environment:checking '/home/anirudh/Nav2/install/explore_lite_msgs/bin'
[4.520s] INFO:colcon.colcon_core.shell:Creating package script '/home/anirudh/Nav2/install/explore_lite_msgs/share/explore_lite_msgs/package.ps1'
[4.521s] INFO:colcon.colcon_core.shell:Creating package descriptor '/home/anirudh/Nav2/install/explore_lite_msgs/share/explore_lite_msgs/package.dsv'
[4.521s] INFO:colcon.colcon_core.shell:Creating package script '/home/anirudh/Nav2/install/explore_lite_msgs/share/explore_lite_msgs/package.sh'
[4.522s] INFO:colcon.colcon_core.shell:Creating package script '/home/anirudh/Nav2/install/explore_lite_msgs/share/explore_lite_msgs/package.bash'
[4.522s] INFO:colcon.colcon_core.shell:Creating package script '/home/anirudh/Nav2/install/explore_lite_msgs/share/explore_lite_msgs/package.zsh'
[4.522s] Level 1:colcon.colcon_core.environment:create_file_with_runtime_dependencies(/home/anirudh/Nav2/install/explore_lite_msgs/share/colcon-core/packages/explore_lite_msgs)
[4.522s] INFO:colcon.colcon_ros.task.ament_cmake.build:Building ROS package in '/home/anirudh/Nav2/src/m-explore-ros2/explore' with build type 'ament_cmake'
[4.522s] INFO:colcon.colcon_cmake.task.cmake.build:Building CMake package in '/home/anirudh/Nav2/src/m-explore-ros2/explore'
[4.522s] INFO:colcon.colcon_core.shell:Skip shell extension 'powershell' for command environment: Not usable outside of PowerShell
[4.522s] DEBUG:colcon.colcon_core.shell:Skip shell extension 'dsv' for command environment
[4.536s] DEBUG:colcon.colcon_core.event_handler.log_command:Invoking command in '/home/anirudh/Nav2/build/explore_lite': AMENT_PREFIX_PATH=/home/anirudh/Nav2/install/explore_lite_msgs:${AMENT_PREFIX_PATH} CMAKE_PREFIX_PATH=/home/anirudh/Nav2/install/explore_lite_msgs:/home/anirudh/omx_ws/install/openmanipulator_x_moveit_config:/home/anirudh/omx_ws/install/open_manipulator:/home/anirudh/omx_ws/install/open_manipulator_playground:/home/anirudh/omx_ws/install/open_manipulator_moveit_config:/home/anirudh/omx_ws/install/open_manipulator_gui:/home/anirudh/omx_ws/install/open_manipulator_description:/home/anirudh/omx_ws/install/open_manipulator_collision:/home/anirudh/omx_ws/install/om_spring_actuator_controller:/home/anirudh/omx_ws/install/om_joint_trajectory_command_broadcaster:/home/anirudh/omx_ws/install/om_gravity_compensation_controller:/home/anirudh/robotics/cpp/install/omx_moveit_cpp_demo:/opt/ros/jazzy/opt/gz_sim_vendor:/opt/ros/jazzy/opt/gz_sensors_vendor:/opt/ros/jazzy/opt/gz_physics_vendor:/opt/ros/jazzy/opt/sdformat_vendor:/opt/ros/jazzy/opt/gz_gui_vendor:/opt/ros/jazzy/opt/gz_transport_vendor:/opt/ros/jazzy/opt/gz_rendering_vendor:/opt/ros/jazzy/opt/gz_plugin_vendor:/opt/ros/jazzy/opt/gz_fuel_tools_vendor:/opt/ros/jazzy/opt/gz_msgs_vendor:/opt/ros/jazzy/opt/gz_common_vendor:/opt/ros/jazzy/opt/gz_math_vendor:/opt/ros/jazzy/opt/gz_utils_vendor:/opt/ros/jazzy/opt/gz_tools_vendor:/opt/ros/jazzy/opt/gz_ogre_next_vendor:/opt/ros/jazzy/opt/gz_dartsim_vendor:/opt/ros/jazzy/opt/gz_cmake_vendor:/home/anirudh/omx_ws/install/open_manipulator_teleop:/home/anirudh/omx_ws/install/open_manipulator_bringup:/opt/ros/jazzy DEBUGINFOD_URLS=https://debuginfod.ubuntu.com LD_LIBRARY_PATH=/home/anirudh/Nav2/install/explore_lite_msgs/lib:${LD_LIBRARY_PATH} PYTHONPATH=/home/anirudh/Nav2/install/explore_lite_msgs/lib/python3.12/site-packages:${PYTHONPATH} /usr/bin/cmake /home/anirudh/Nav2/src/m-explore-ros2/explore -DCMAKE_INSTALL_PREFIX=/home/anirudh/Nav2/install/explore_lite
[6.180s] DEBUG:colcon.colcon_core.event_handler.log_command:Invoked command in '/home/anirudh/Nav2/build/multirobot_map_merge' returned '0': CMAKE_PREFIX_PATH=${CMAKE_PREFIX_PATH}:/home/anirudh/omx_ws/install/open_manipulator_teleop:/home/anirudh/omx_ws/install/open_manipulator_bringup:/opt/ros/jazzy DEBUGINFOD_URLS=https://debuginfod.ubuntu.com /usr/bin/cmake /home/anirudh/Nav2/src/m-explore-ros2/map_merge -DCMAKE_INSTALL_PREFIX=/home/anirudh/Nav2/install/multirobot_map_merge
[6.182s] DEBUG:colcon.colcon_core.event_handler.log_command:Invoking command in '/home/anirudh/Nav2/build/multirobot_map_merge': CMAKE_PREFIX_PATH=${CMAKE_PREFIX_PATH}:/home/anirudh/omx_ws/install/open_manipulator_teleop:/home/anirudh/omx_ws/install/open_manipulator_bringup:/opt/ros/jazzy DEBUGINFOD_URLS=https://debuginfod.ubuntu.com /usr/bin/cmake --build /home/anirudh/Nav2/build/multirobot_map_merge -- -j20 -l20
[6.299s] DEBUG:colcon.colcon_core.event_handler.log_command:Invoked command in '/home/anirudh/Nav2/build/explore_lite' returned '0': AMENT_PREFIX_PATH=/home/anirudh/Nav2/install/explore_lite_msgs:${AMENT_PREFIX_PATH} CMAKE_PREFIX_PATH=/home/anirudh/Nav2/install/explore_lite_msgs:/home/anirudh/omx_ws/install/openmanipulator_x_moveit_config:/home/anirudh/omx_ws/install/open_manipulator:/home/anirudh/omx_ws/install/open_manipulator_playground:/home/anirudh/omx_ws/install/open_manipulator_moveit_config:/home/anirudh/omx_ws/install/open_manipulator_gui:/home/anirudh/omx_ws/install/open_manipulator_description:/home/anirudh/omx_ws/install/open_manipulator_collision:/home/anirudh/omx_ws/install/om_spring_actuator_controller:/home/anirudh/omx_ws/install/om_joint_trajectory_command_broadcaster:/home/anirudh/omx_ws/install/om_gravity_compensation_controller:/home/anirudh/robotics/cpp/install/omx_moveit_cpp_demo:/opt/ros/jazzy/opt/gz_sim_vendor:/opt/ros/jazzy/opt/gz_sensors_vendor:/opt/ros/jazzy/opt/gz_physics_vendor:/opt/ros/jazzy/opt/sdformat_vendor:/opt/ros/jazzy/opt/gz_gui_vendor:/opt/ros/jazzy/opt/gz_transport_vendor:/opt/ros/jazzy/opt/gz_rendering_vendor:/opt/ros/jazzy/opt/gz_plugin_vendor:/opt/ros/jazzy/opt/gz_fuel_tools_vendor:/opt/ros/jazzy/opt/gz_msgs_vendor:/opt/ros/jazzy/opt/gz_common_vendor:/opt/ros/jazzy/opt/gz_math_vendor:/opt/ros/jazzy/opt/gz_utils_vendor:/opt/ros/jazzy/opt/gz_tools_vendor:/opt/ros/jazzy/opt/gz_ogre_next_vendor:/opt/ros/jazzy/opt/gz_dartsim_vendor:/opt/ros/jazzy/opt/gz_cmake_vendor:/home/anirudh/omx_ws/install/open_manipulator_teleop:/home/anirudh/omx_ws/install/open_manipulator_bringup:/opt/ros/jazzy DEBUGINFOD_URLS=https://debuginfod.ubuntu.com LD_LIBRARY_PATH=/home/anirudh/Nav2/install/explore_lite_msgs/lib:${LD_LIBRARY_PATH} PYTHONPATH=/home/anirudh/Nav2/install/explore_lite_msgs/lib/python3.12/site-packages:${PYTHONPATH} /usr/bin/cmake /home/anirudh/Nav2/src/m-explore-ros2/explore -DCMAKE_INSTALL_PREFIX=/home/anirudh/Nav2/install/explore_lite
[6.300s] DEBUG:colcon.colcon_core.event_handler.log_command:Invoking command in '/home/anirudh/Nav2/build/explore_lite': AMENT_PREFIX_PATH=/home/anirudh/Nav2/install/explore_lite_msgs:${AMENT_PREFIX_PATH} CMAKE_PREFIX_PATH=/home/anirudh/Nav2/install/explore_lite_msgs:/home/anirudh/omx_ws/install/openmanipulator_x_moveit_config:/home/anirudh/omx_ws/install/open_manipulator:/home/anirudh/omx_ws/install/open_manipulator_playground:/home/anirudh/omx_ws/install/open_manipulator_moveit_config:/home/anirudh/omx_ws/install/open_manipulator_gui:/home/anirudh/omx_ws/install/open_manipulator_description:/home/anirudh/omx_ws/install/open_manipulator_collision:/home/anirudh/omx_ws/install/om_spring_actuator_controller:/home/anirudh/omx_ws/install/om_joint_trajectory_command_broadcaster:/home/anirudh/omx_ws/install/om_gravity_compensation_controller:/home/anirudh/robotics/cpp/install/omx_moveit_cpp_demo:/opt/ros/jazzy/opt/gz_sim_vendor:/opt/ros/jazzy/opt/gz_sensors_vendor:/opt/ros/jazzy/opt/gz_physics_vendor:/opt/ros/jazzy/opt/sdformat_vendor:/opt/ros/jazzy/opt/gz_gui_vendor:/opt/ros/jazzy/opt/gz_transport_vendor:/opt/ros/jazzy/opt/gz_rendering_vendor:/opt/ros/jazzy/opt/gz_plugin_vendor:/opt/ros/jazzy/opt/gz_fuel_tools_vendor:/opt/ros/jazzy/opt/gz_msgs_vendor:/opt/ros/jazzy/opt/gz_common_vendor:/opt/ros/jazzy/opt/gz_math_vendor:/opt/ros/jazzy/opt/gz_utils_vendor:/opt/ros/jazzy/opt/gz_tools_vendor:/opt/ros/jazzy/opt/gz_ogre_next_vendor:/opt/ros/jazzy/opt/gz_dartsim_vendor:/opt/ros/jazzy/opt/gz_cmake_vendor:/home/anirudh/omx_ws/install/open_manipulator_teleop:/home/anirudh/omx_ws/install/open_manipulator_bringup:/opt/ros/jazzy DEBUGINFOD_URLS=https://debuginfod.ubuntu.com LD_LIBRARY_PATH=/home/anirudh/Nav2/install/explore_lite_msgs/lib:${LD_LIBRARY_PATH} PYTHONPATH=/home/anirudh/Nav2/install/explore_lite_msgs/lib/python3.12/site-packages:${PYTHONPATH} /usr/bin/cmake --build /home/anirudh/Nav2/build/explore_lite -- -j20 -l20
[16.610s] DEBUG:colcon.colcon_core.event_handler.log_command:Invoked command in '/home/anirudh/Nav2/build/explore_lite' returned '0': AMENT_PREFIX_PATH=/home/anirudh/Nav2/install/explore_lite_msgs:${AMENT_PREFIX_PATH} CMAKE_PREFIX_PATH=/home/anirudh/Nav2/install/explore_lite_msgs:/home/anirudh/omx_ws/install/openmanipulator_x_moveit_config:/home/anirudh/omx_ws/install/open_manipulator:/home/anirudh/omx_ws/install/open_manipulator_playground:/home/anirudh/omx_ws/install/open_manipulator_moveit_config:/home/anirudh/omx_ws/install/open_manipulator_gui:/home/anirudh/omx_ws/install/open_manipulator_description:/home/anirudh/omx_ws/install/open_manipulator_collision:/home/anirudh/omx_ws/install/om_spring_actuator_controller:/home/anirudh/omx_ws/install/om_joint_trajectory_command_broadcaster:/home/anirudh/omx_ws/install/om_gravity_compensation_controller:/home/anirudh/robotics/cpp/install/omx_moveit_cpp_demo:/opt/ros/jazzy/opt/gz_sim_vendor:/opt/ros/jazzy/opt/gz_sensors_vendor:/opt/ros/jazzy/opt/gz_physics_vendor:/opt/ros/jazzy/opt/sdformat_vendor:/opt/ros/jazzy/opt/gz_gui_vendor:/opt/ros/jazzy/opt/gz_transport_vendor:/opt/ros/jazzy/opt/gz_rendering_vendor:/opt/ros/jazzy/opt/gz_plugin_vendor:/opt/ros/jazzy/opt/gz_fuel_tools_vendor:/opt/ros/jazzy/opt/gz_msgs_vendor:/opt/ros/jazzy/opt/gz_common_vendor:/opt/ros/jazzy/opt/gz_math_vendor:/opt/ros/jazzy/opt/gz_utils_vendor:/opt/ros/jazzy/opt/gz_tools_vendor:/opt/ros/jazzy/opt/gz_ogre_next_vendor:/opt/ros/jazzy/opt/gz_dartsim_vendor:/opt/ros/jazzy/opt/gz_cmake_vendor:/home/anirudh/omx_ws/install/open_manipulator_teleop:/home/anirudh/omx_ws/install/open_manipulator_bringup:/opt/ros/jazzy DEBUGINFOD_URLS=https://debuginfod.ubuntu.com LD_LIBRARY_PATH=/home/anirudh/Nav2/install/explore_lite_msgs/lib:${LD_LIBRARY_PATH} PYTHONPATH=/home/anirudh/Nav2/install/explore_lite_msgs/lib/python3.12/site-packages:${PYTHONPATH} /usr/bin/cmake --build /home/anirudh/Nav2/build/explore_lite -- -j20 -l20
[16.611s] DEBUG:colcon.colcon_core.event_handler.log_command:Invoking command in '/home/anirudh/Nav2/build/explore_lite': AMENT_PREFIX_PATH=/home/anirudh/Nav2/install/explore_lite_msgs:${AMENT_PREFIX_PATH} CMAKE_PREFIX_PATH=/home/anirudh/Nav2/install/explore_lite_msgs:/home/anirudh/omx_ws/install/openmanipulator_x_moveit_config:/home/anirudh/omx_ws/install/open_manipulator:/home/anirudh/omx_ws/install/open_manipulator_playground:/home/anirudh/omx_ws/install/open_manipulator_moveit_config:/home/anirudh/omx_ws/install/open_manipulator_gui:/home/anirudh/omx_ws/install/open_manipulator_description:/home/anirudh/omx_ws/install/open_manipulator_collision:/home/anirudh/omx_ws/install/om_spring_actuator_controller:/home/anirudh/omx_ws/install/om_joint_trajectory_command_broadcaster:/home/anirudh/omx_ws/install/om_gravity_compensation_controller:/home/anirudh/robotics/cpp/install/omx_moveit_cpp_demo:/opt/ros/jazzy/opt/gz_sim_vendor:/opt/ros/jazzy/opt/gz_sensors_vendor:/opt/ros/jazzy/opt/gz_physics_vendor:/opt/ros/jazzy/opt/sdformat_vendor:/opt/ros/jazzy/opt/gz_gui_vendor:/opt/ros/jazzy/opt/gz_transport_vendor:/opt/ros/jazzy/opt/gz_rendering_vendor:/opt/ros/jazzy/opt/gz_plugin_vendor:/opt/ros/jazzy/opt/gz_fuel_tools_vendor:/opt/ros/jazzy/opt/gz_msgs_vendor:/opt/ros/jazzy/opt/gz_common_vendor:/opt/ros/jazzy/opt/gz_math_vendor:/opt/ros/jazzy/opt/gz_utils_vendor:/opt/ros/jazzy/opt/gz_tools_vendor:/opt/ros/jazzy/opt/gz_ogre_next_vendor:/opt/ros/jazzy/opt/gz_dartsim_vendor:/opt/ros/jazzy/opt/gz_cmake_vendor:/home/anirudh/omx_ws/install/open_manipulator_teleop:/home/anirudh/omx_ws/install/open_manipulator_bringup:/opt/ros/jazzy DEBUGINFOD_URLS=https://debuginfod.ubuntu.com LD_LIBRARY_PATH=/home/anirudh/Nav2/install/explore_lite_msgs/lib:${LD_LIBRARY_PATH} PYTHONPATH=/home/anirudh/Nav2/install/explore_lite_msgs/lib/python3.12/site-packages:${PYTHONPATH} /usr/bin/cmake --install /home/anirudh/Nav2/build/explore_lite
[16.624s] Level 1:colcon.colcon_core.environment:create_environment_scripts_only(explore_lite)
[16.625s] Level 1:colcon.colcon_core.environment:checking '/home/anirudh/Nav2/install/explore_lite' for CMake module files
[16.625s] DEBUG:colcon.colcon_core.event_handler.log_command:Invoked command in '/home/anirudh/Nav2/build/explore_lite' returned '0': AMENT_PREFIX_PATH=/home/anirudh/Nav2/install/explore_lite_msgs:${AMENT_PREFIX_PATH} CMAKE_PREFIX_PATH=/home/anirudh/Nav2/install/explore_lite_msgs:/home/anirudh/omx_ws/install/openmanipulator_x_moveit_config:/home/anirudh/omx_ws/install/open_manipulator:/home/anirudh/omx_ws/install/open_manipulator_playground:/home/anirudh/omx_ws/install/open_manipulator_moveit_config:/home/anirudh/omx_ws/install/open_manipulator_gui:/home/anirudh/omx_ws/install/open_manipulator_description:/home/anirudh/omx_ws/install/open_manipulator_collision:/home/anirudh/omx_ws/install/om_spring_actuator_controller:/home/anirudh/omx_ws/install/om_joint_trajectory_command_broadcaster:/home/anirudh/omx_ws/install/om_gravity_compensation_controller:/home/anirudh/robotics/cpp/install/omx_moveit_cpp_demo:/opt/ros/jazzy/opt/gz_sim_vendor:/opt/ros/jazzy/opt/gz_sensors_vendor:/opt/ros/jazzy/opt/gz_physics_vendor:/opt/ros/jazzy/opt/sdformat_vendor:/opt/ros/jazzy/opt/gz_gui_vendor:/opt/ros/jazzy/opt/gz_transport_vendor:/opt/ros/jazzy/opt/gz_rendering_vendor:/opt/ros/jazzy/opt/gz_plugin_vendor:/opt/ros/jazzy/opt/gz_fuel_tools_vendor:/opt/ros/jazzy/opt/gz_msgs_vendor:/opt/ros/jazzy/opt/gz_common_vendor:/opt/ros/jazzy/opt/gz_math_vendor:/opt/ros/jazzy/opt/gz_utils_vendor:/opt/ros/jazzy/opt/gz_tools_vendor:/opt/ros/jazzy/opt/gz_ogre_next_vendor:/opt/ros/jazzy/opt/gz_dartsim_vendor:/opt/ros/jazzy/opt/gz_cmake_vendor:/home/anirudh/omx_ws/install/open_manipulator_teleop:/home/anirudh/omx_ws/install/open_manipulator_bringup:/opt/ros/jazzy DEBUGINFOD_URLS=https://debuginfod.ubuntu.com LD_LIBRARY_PATH=/home/anirudh/Nav2/install/explore_lite_msgs/lib:${LD_LIBRARY_PATH} PYTHONPATH=/home/anirudh/Nav2/install/explore_lite_msgs/lib/python3.12/site-packages:${PYTHONPATH} /usr/bin/cmake --install /home/anirudh/Nav2/build/explore_lite
[16.626s] Level 1:colcon.colcon_core.environment:checking '/home/anirudh/Nav2/install/explore_lite' for CMake config files
[16.626s] Level 1:colcon.colcon_core.shell:create_environment_hook('explore_lite', 'cmake_prefix_path')
[16.626s] INFO:colcon.colcon_core.shell:Creating environment hook '/home/anirudh/Nav2/install/explore_lite/share/explore_lite/hook/cmake_prefix_path.ps1'
[16.626s] INFO:colcon.colcon_core.shell:Creating environment descriptor '/home/anirudh/Nav2/install/explore_lite/share/explore_lite/hook/cmake_prefix_path.dsv'
[16.627s] INFO:colcon.colcon_core.shell:Creating environment hook '/home/anirudh/Nav2/install/explore_lite/share/explore_lite/hook/cmake_prefix_path.sh'
[16.627s] Level 1:colcon.colcon_core.environment:checking '/home/anirudh/Nav2/install/explore_lite/lib'
[16.627s] Level 1:colcon.colcon_core.environment:checking '/home/anirudh/Nav2/install/explore_lite/bin'
[16.627s] Level 1:colcon.colcon_core.environment:checking '/home/anirudh/Nav2/install/explore_lite/lib/pkgconfig/explore_lite.pc'
[16.627s] Level 1:colcon.colcon_core.environment:checking '/home/anirudh/Nav2/install/explore_lite/lib/python3.12/site-packages'
[16.627s] Level 1:colcon.colcon_core.environment:checking '/home/anirudh/Nav2/install/explore_lite/bin'
[16.628s] INFO:colcon.colcon_core.shell:Creating package script '/home/anirudh/Nav2/install/explore_lite/share/explore_lite/package.ps1'
[16.628s] INFO:colcon.colcon_core.shell:Creating package descriptor '/home/anirudh/Nav2/install/explore_lite/share/explore_lite/package.dsv'
[16.628s] INFO:colcon.colcon_core.shell:Creating package script '/home/anirudh/Nav2/install/explore_lite/share/explore_lite/package.sh'
[16.628s] INFO:colcon.colcon_core.shell:Creating package script '/home/anirudh/Nav2/install/explore_lite/share/explore_lite/package.bash'
[16.629s] INFO:colcon.colcon_core.shell:Creating package script '/home/anirudh/Nav2/install/explore_lite/share/explore_lite/package.zsh'
[16.629s] Level 1:colcon.colcon_core.environment:create_file_with_runtime_dependencies(/home/anirudh/Nav2/install/explore_lite/share/colcon-core/packages/explore_lite)
[16.629s] Level 1:colcon.colcon_core.environment:create_environment_scripts_only(explore_lite)
[16.629s] Level 1:colcon.colcon_core.environment:checking '/home/anirudh/Nav2/install/explore_lite' for CMake module files
[16.629s] Level 1:colcon.colcon_core.environment:checking '/home/anirudh/Nav2/install/explore_lite' for CMake config files
[16.630s] Level 1:colcon.colcon_core.shell:create_environment_hook('explore_lite', 'cmake_prefix_path')
[16.630s] INFO:colcon.colcon_core.shell:Creating environment hook '/home/anirudh/Nav2/install/explore_lite/share/explore_lite/hook/cmake_prefix_path.ps1'
[16.630s] INFO:colcon.colcon_core.shell:Creating environment descriptor '/home/anirudh/Nav2/install/explore_lite/share/explore_lite/hook/cmake_prefix_path.dsv'
[16.630s] INFO:colcon.colcon_core.shell:Creating environment hook '/home/anirudh/Nav2/install/explore_lite/share/explore_lite/hook/cmake_prefix_path.sh'
[16.630s] Level 1:colcon.colcon_core.environment:checking '/home/anirudh/Nav2/install/explore_lite/lib'
[16.630s] Level 1:colcon.colcon_core.environment:checking '/home/anirudh/Nav2/install/explore_lite/bin'
[16.630s] Level 1:colcon.colcon_core.environment:checking '/home/anirudh/Nav2/install/explore_lite/lib/pkgconfig/explore_lite.pc'
[16.631s] Level 1:colcon.colcon_core.environment:checking '/home/anirudh/Nav2/install/explore_lite/lib/python3.12/site-packages'
[16.631s] Level 1:colcon.colcon_core.environment:checking '/home/anirudh/Nav2/install/explore_lite/bin'
[16.631s] INFO:colcon.colcon_core.shell:Creating package script '/home/anirudh/Nav2/install/explore_lite/share/explore_lite/package.ps1'
[16.631s] INFO:colcon.colcon_core.shell:Creating package descriptor '/home/anirudh/Nav2/install/explore_lite/share/explore_lite/package.dsv'
[16.631s] INFO:colcon.colcon_core.shell:Creating package script '/home/anirudh/Nav2/install/explore_lite/share/explore_lite/package.sh'
[16.632s] INFO:colcon.colcon_core.shell:Creating package script '/home/anirudh/Nav2/install/explore_lite/share/explore_lite/package.bash'
[16.632s] INFO:colcon.colcon_core.shell:Creating package script '/home/anirudh/Nav2/install/explore_lite/share/explore_lite/package.zsh'
[16.632s] Level 1:colcon.colcon_core.environment:create_file_with_runtime_dependencies(/home/anirudh/Nav2/install/explore_lite/share/colcon-core/packages/explore_lite)
[18.446s] DEBUG:colcon.colcon_core.event_handler.log_command:Invoked command in '/home/anirudh/Nav2/build/multirobot_map_merge' returned '0': CMAKE_PREFIX_PATH=${CMAKE_PREFIX_PATH}:/home/anirudh/omx_ws/install/open_manipulator_teleop:/home/anirudh/omx_ws/install/open_manipulator_bringup:/opt/ros/jazzy DEBUGINFOD_URLS=https://debuginfod.ubuntu.com /usr/bin/cmake --build /home/anirudh/Nav2/build/multirobot_map_merge -- -j20 -l20
[18.447s] DEBUG:colcon.colcon_core.event_handler.log_command:Invoking command in '/home/anirudh/Nav2/build/multirobot_map_merge': CMAKE_PREFIX_PATH=${CMAKE_PREFIX_PATH}:/home/anirudh/omx_ws/install/open_manipulator_teleop:/home/anirudh/omx_ws/install/open_manipulator_bringup:/opt/ros/jazzy DEBUGINFOD_URLS=https://debuginfod.ubuntu.com /usr/bin/cmake --install /home/anirudh/Nav2/build/multirobot_map_merge
[18.471s] Level 1:colcon.colcon_core.environment:create_environment_scripts_only(multirobot_map_merge)
[18.472s] Level 1:colcon.colcon_core.environment:checking '/home/anirudh/Nav2/install/multirobot_map_merge' for CMake module files
[18.472s] DEBUG:colcon.colcon_core.event_handler.log_command:Invoked command in '/home/anirudh/Nav2/build/multirobot_map_merge' returned '0': CMAKE_PREFIX_PATH=${CMAKE_PREFIX_PATH}:/home/anirudh/omx_ws/install/open_manipulator_teleop:/home/anirudh/omx_ws/install/open_manipulator_bringup:/opt/ros/jazzy DEBUGINFOD_URLS=https://debuginfod.ubuntu.com /usr/bin/cmake --install /home/anirudh/Nav2/build/multirobot_map_merge
[18.473s] Level 1:colcon.colcon_core.environment:checking '/home/anirudh/Nav2/install/multirobot_map_merge' for CMake config files
[18.473s] Level 1:colcon.colcon_core.shell:create_environment_hook('multirobot_map_merge', 'cmake_prefix_path')
[18.473s] INFO:colcon.colcon_core.shell:Creating environment hook '/home/anirudh/Nav2/install/multirobot_map_merge/share/multirobot_map_merge/hook/cmake_prefix_path.ps1'
[18.474s] INFO:colcon.colcon_core.shell:Creating environment descriptor '/home/anirudh/Nav2/install/multirobot_map_merge/share/multirobot_map_merge/hook/cmake_prefix_path.dsv'
[18.474s] INFO:colcon.colcon_core.shell:Creating environment hook '/home/anirudh/Nav2/install/multirobot_map_merge/share/multirobot_map_merge/hook/cmake_prefix_path.sh'
[18.475s] Level 1:colcon.colcon_core.environment:checking '/home/anirudh/Nav2/install/multirobot_map_merge/lib'
[18.475s] Level 1:colcon.colcon_core.environment:checking '/home/anirudh/Nav2/install/multirobot_map_merge/bin'
[18.475s] Level 1:colcon.colcon_core.environment:checking '/home/anirudh/Nav2/install/multirobot_map_merge/lib/pkgconfig/multirobot_map_merge.pc'
[18.475s] Level 1:colcon.colcon_core.environment:checking '/home/anirudh/Nav2/install/multirobot_map_merge/lib/python3.12/site-packages'
[18.476s] Level 1:colcon.colcon_core.environment:checking '/home/anirudh/Nav2/install/multirobot_map_merge/bin'
[18.476s] INFO:colcon.colcon_core.shell:Creating package script '/home/anirudh/Nav2/install/multirobot_map_merge/share/multirobot_map_merge/package.ps1'
[18.476s] INFO:colcon.colcon_core.shell:Creating package descriptor '/home/anirudh/Nav2/install/multirobot_map_merge/share/multirobot_map_merge/package.dsv'
[18.476s] INFO:colcon.colcon_core.shell:Creating package script '/home/anirudh/Nav2/install/multirobot_map_merge/share/multirobot_map_merge/package.sh'
[18.477s] INFO:colcon.colcon_core.shell:Creating package script '/home/anirudh/Nav2/install/multirobot_map_merge/share/multirobot_map_merge/package.bash'
[18.477s] INFO:colcon.colcon_core.shell:Creating package script '/home/anirudh/Nav2/install/multirobot_map_merge/share/multirobot_map_merge/package.zsh'
[18.477s] Level 1:colcon.colcon_core.environment:create_file_with_runtime_dependencies(/home/anirudh/Nav2/install/multirobot_map_merge/share/colcon-core/packages/multirobot_map_merge)
[18.477s] Level 1:colcon.colcon_core.environment:create_environment_scripts_only(multirobot_map_merge)
[18.478s] Level 1:colcon.colcon_core.environment:checking '/home/anirudh/Nav2/install/multirobot_map_merge' for CMake module files
[18.478s] Level 1:colcon.colcon_core.environment:checking '/home/anirudh/Nav2/install/multirobot_map_merge' for CMake config files
[18.478s] Level 1:colcon.colcon_core.shell:create_environment_hook('multirobot_map_merge', 'cmake_prefix_path')
[18.478s] INFO:colcon.colcon_core.shell:Creating environment hook '/home/anirudh/Nav2/install/multirobot_map_merge/share/multirobot_map_merge/hook/cmake_prefix_path.ps1'
[18.478s] INFO:colcon.colcon_core.shell:Creating environment descriptor '/home/anirudh/Nav2/install/multirobot_map_merge/share/multirobot_map_merge/hook/cmake_prefix_path.dsv'
[18.478s] INFO:colcon.colcon_core.shell:Creating environment hook '/home/anirudh/Nav2/install/multirobot_map_merge/share/multirobot_map_merge/hook/cmake_prefix_path.sh'
[18.479s] Level 1:colcon.colcon_core.environment:checking '/home/anirudh/Nav2/install/multirobot_map_merge/lib'
[18.479s] Level 1:colcon.colcon_core.environment:checking '/home/anirudh/Nav2/install/multirobot_map_merge/bin'
[18.479s] Level 1:colcon.colcon_core.environment:checking '/home/anirudh/Nav2/install/multirobot_map_merge/lib/pkgconfig/multirobot_map_merge.pc'
[18.479s] Level 1:colcon.colcon_core.environment:checking '/home/anirudh/Nav2/install/multirobot_map_merge/lib/python3.12/site-packages'
[18.479s] Level 1:colcon.colcon_core.environment:checking '/home/anirudh/Nav2/install/multirobot_map_merge/bin'
[18.479s] INFO:colcon.colcon_core.shell:Creating package script '/home/anirudh/Nav2/install/multirobot_map_merge/share/multirobot_map_merge/package.ps1'
[18.480s] INFO:colcon.colcon_core.shell:Creating package descriptor '/home/anirudh/Nav2/install/multirobot_map_merge/share/multirobot_map_merge/package.dsv'
[18.480s] INFO:colcon.colcon_core.shell:Creating package script '/home/anirudh/Nav2/install/multirobot_map_merge/share/multirobot_map_merge/package.sh'
[18.480s] INFO:colcon.colcon_core.shell:Creating package script '/home/anirudh/Nav2/install/multirobot_map_merge/share/multirobot_map_merge/package.bash'
[18.480s] INFO:colcon.colcon_core.shell:Creating package script '/home/anirudh/Nav2/install/multirobot_map_merge/share/multirobot_map_merge/package.zsh'
[18.481s] Level 1:colcon.colcon_core.environment:create_file_with_runtime_dependencies(/home/anirudh/Nav2/install/multirobot_map_merge/share/colcon-core/packages/multirobot_map_merge)
[18.481s] DEBUG:colcon.colcon_parallel_executor.executor.parallel:closing loop
[18.481s] DEBUG:colcon.colcon_parallel_executor.executor.parallel:loop closed
[18.481s] DEBUG:colcon.colcon_parallel_executor.executor.parallel:run_until_complete finished with '0'
[18.481s] DEBUG:colcon.colcon_core.event_reactor:joining thread
[18.485s] INFO:colcon.colcon_core.plugin_system:Skipping extension 'colcon_notification.desktop_notification.terminal_notifier': Not used on non-Darwin systems
[18.485s] INFO:colcon.colcon_core.plugin_system:Skipping extension 'colcon_notification.desktop_notification.win32': Not used on non-Windows systems
[18.485s] INFO:colcon.colcon_notification.desktop_notification:Sending desktop notification using 'notify2'
[18.494s] DEBUG:colcon.colcon_core.event_reactor:joined thread
[18.494s] INFO:colcon.colcon_core.shell:Creating prefix script '/home/anirudh/Nav2/install/local_setup.ps1'
[18.495s] INFO:colcon.colcon_core.shell:Creating prefix util module '/home/anirudh/Nav2/install/_local_setup_util_ps1.py'
[18.496s] INFO:colcon.colcon_core.shell:Creating prefix chain script '/home/anirudh/Nav2/install/setup.ps1'
[18.497s] INFO:colcon.colcon_core.shell:Creating prefix script '/home/anirudh/Nav2/install/local_setup.sh'
[18.498s] INFO:colcon.colcon_core.shell:Creating prefix util module '/home/anirudh/Nav2/install/_local_setup_util_sh.py'
[18.498s] INFO:colcon.colcon_core.shell:Creating prefix chain script '/home/anirudh/Nav2/install/setup.sh'
[18.499s] INFO:colcon.colcon_core.shell:Creating prefix script '/home/anirudh/Nav2/install/local_setup.bash'
[18.499s] INFO:colcon.colcon_core.shell:Creating prefix chain script '/home/anirudh/Nav2/install/setup.bash'
[18.500s] INFO:colcon.colcon_core.shell:Creating prefix script '/home/anirudh/Nav2/install/local_setup.zsh'
[18.500s] INFO:colcon.colcon_core.shell:Creating prefix chain script '/home/anirudh/Nav2/install/setup.zsh'
