[0.142s] DEBUG:colcon:Command line arguments: ['/usr/bin/colcon', 'build']
[0.142s] DEBUG:colcon:Parsed command line arguments: Namespace(log_base=None, log_level=None, verb_name='build', build_base='build', install_base='install', merge_install=False, symlink_install=False, test_result_base=None, continue_on_error=False, executor='parallel', parallel_workers=4, event_handlers=None, ignore_user_meta=False, metas=['./colcon.meta'], base_paths=['.'], packages_ignore=None, packages_ignore_regex=None, paths=None, packages_up_to=None, packages_up_to_regex=None, packages_above=None, packages_above_and_dependencies=None, packages_above_depth=None, packages_select_by_dep=None, packages_skip_by_dep=None, packages_skip_up_to=None, packages_select_build_failed=False, packages_skip_build_finished=False, packages_select_test_failures=False, packages_skip_test_passed=False, packages_select=None, packages_skip=None, packages_select_regex=None, packages_skip_regex=None, packages_start=None, packages_end=None, allow_overriding=[], cmake_args=None, cmake_target=None, cmake_target_skip_unavailable=False, cmake_clean_cache=False, cmake_clean_first=False, cmake_force_configure=False, ament_cmake_args=None, catkin_cmake_args=None, catkin_skip_building_tests=False, verb_parser=<colcon_defaults.argument_parser.defaults.DefaultArgumentsDecorator object at 0xffffaa7a4620>, verb_extension=<colcon_core.verb.build.BuildVerb object at 0xffffaa94cec0>, main=<bound method BuildVerb.main of <colcon_core.verb.build.BuildVerb object at 0xffffaa94cec0>>)
[0.199s] Level 1:colcon.colcon_core.package_discovery:discover_packages(colcon_meta) check parameters
[0.199s] Level 1:colcon.colcon_core.package_discovery:discover_packages(recursive) check parameters
[0.199s] Level 1:colcon.colcon_core.package_discovery:discover_packages(ignore) check parameters
[0.199s] Level 1:colcon.colcon_core.package_discovery:discover_packages(path) check parameters
[0.199s] Level 1:colcon.colcon_core.package_discovery:discover_packages(colcon_meta) discover
[0.199s] Level 1:colcon.colcon_core.package_discovery:discover_packages(recursive) discover
[0.199s] INFO:colcon.colcon_core.package_discovery:Crawling recursively for packages in '/home/rpd/Nav2'
[0.199s] Level 1:colcon.colcon_core.package_identification:_identify(.) by extensions ['ignore', 'ignore_ament_install']
[0.199s] Level 1:colcon.colcon_core.package_identification:_identify(.) by extension 'ignore'
[0.200s] Level 1:colcon.colcon_core.package_identification:_identify(.) by extension 'ignore_ament_install'
[0.200s] Level 1:colcon.colcon_core.package_identification:_identify(.) by extensions ['colcon_pkg']
[0.200s] Level 1:colcon.colcon_core.package_identification:_identify(.) by extension 'colcon_pkg'
[0.200s] Level 1:colcon.colcon_core.package_identification:_identify(.) by extensions ['colcon_meta']
[0.200s] Level 1:colcon.colcon_core.package_identification:_identify(.) by extension 'colcon_meta'
[0.200s] Level 1:colcon.colcon_core.package_identification:_identify(.) by extensions ['ros']
[0.200s] Level 1:colcon.colcon_core.package_identification:_identify(.) by extension 'ros'
[0.236s] Level 1:colcon.colcon_core.package_identification:_identify(.) by extensions ['cmake', 'python']
[0.236s] Level 1:colcon.colcon_core.package_identification:_identify(.) by extension 'cmake'
[0.236s] Level 1:colcon.colcon_core.package_identification:_identify(.) by extension 'python'
[0.236s] Level 1:colcon.colcon_core.package_identification:_identify(.) by extensions ['python_setup_py']
[0.236s] Level 1:colcon.colcon_core.package_identification:_identify(.) by extension 'python_setup_py'
[0.236s] Level 1:colcon.colcon_core.package_identification:_identify(build) by extensions ['ignore', 'ignore_ament_install']
[0.237s] Level 1:colcon.colcon_core.package_identification:_identify(build) by extension 'ignore'
[0.237s] Level 1:colcon.colcon_core.package_identification:_identify(build) ignored
[0.237s] Level 1:colcon.colcon_core.package_identification:_identify(install) by extensions ['ignore', 'ignore_ament_install']
[0.237s] Level 1:colcon.colcon_core.package_identification:_identify(install) by extension 'ignore'
[0.237s] Level 1:colcon.colcon_core.package_identification:_identify(install) ignored
[0.237s] Level 1:colcon.colcon_core.package_identification:_identify(log) by extensions ['ignore', 'ignore_ament_install']
[0.237s] Level 1:colcon.colcon_core.package_identification:_identify(log) by extension 'ignore'
[0.237s] Level 1:colcon.colcon_core.package_identification:_identify(log) ignored
[0.237s] Level 1:colcon.colcon_core.package_identification:_identify(src) by extensions ['ignore', 'ignore_ament_install']
[0.237s] Level 1:colcon.colcon_core.package_identification:_identify(src) by extension 'ignore'
[0.237s] Level 1:colcon.colcon_core.package_identification:_identify(src) by extension 'ignore_ament_install'
[0.237s] Level 1:colcon.colcon_core.package_identification:_identify(src) by extensions ['colcon_pkg']
[0.237s] Level 1:colcon.colcon_core.package_identification:_identify(src) by extension 'colcon_pkg'
[0.238s] Level 1:colcon.colcon_core.package_identification:_identify(src) by extensions ['colcon_meta']
[0.238s] Level 1:colcon.colcon_core.package_identification:_identify(src) by extension 'colcon_meta'
[0.238s] Level 1:colcon.colcon_core.package_identification:_identify(src) by extensions ['ros']
[0.238s] Level 1:colcon.colcon_core.package_identification:_identify(src) by extension 'ros'
[0.238s] Level 1:colcon.colcon_core.package_identification:_identify(src) by extensions ['cmake', 'python']
[0.238s] Level 1:colcon.colcon_core.package_identification:_identify(src) by extension 'cmake'
[0.238s] Level 1:colcon.colcon_core.package_identification:_identify(src) by extension 'python'
[0.238s] Level 1:colcon.colcon_core.package_identification:_identify(src) by extensions ['python_setup_py']
[0.238s] Level 1:colcon.colcon_core.package_identification:_identify(src) by extension 'python_setup_py'
[0.238s] Level 1:colcon.colcon_core.package_identification:_identify(src/m-explore-ros2) by extensions ['ignore', 'ignore_ament_install']
[0.238s] Level 1:colcon.colcon_core.package_identification:_identify(src/m-explore-ros2) by extension 'ignore'
[0.238s] Level 1:colcon.colcon_core.package_identification:_identify(src/m-explore-ros2) by extension 'ignore_ament_install'
[0.238s] Level 1:colcon.colcon_core.package_identification:_identify(src/m-explore-ros2) by extensions ['colcon_pkg']
[0.238s] Level 1:colcon.colcon_core.package_identification:_identify(src/m-explore-ros2) by extension 'colcon_pkg'
[0.238s] Level 1:colcon.colcon_core.package_identification:_identify(src/m-explore-ros2) by extensions ['colcon_meta']
[0.238s] Level 1:colcon.colcon_core.package_identification:_identify(src/m-explore-ros2) by extension 'colcon_meta'
[0.238s] Level 1:colcon.colcon_core.package_identification:_identify(src/m-explore-ros2) by extensions ['ros']
[0.238s] Level 1:colcon.colcon_core.package_identification:_identify(src/m-explore-ros2) by extension 'ros'
[0.238s] Level 1:colcon.colcon_core.package_identification:_identify(src/m-explore-ros2) by extensions ['cmake', 'python']
[0.238s] Level 1:colcon.colcon_core.package_identification:_identify(src/m-explore-ros2) by extension 'cmake'
[0.238s] Level 1:colcon.colcon_core.package_identification:_identify(src/m-explore-ros2) by extension 'python'
[0.239s] Level 1:colcon.colcon_core.package_identification:_identify(src/m-explore-ros2) by extensions ['python_setup_py']
[0.239s] Level 1:colcon.colcon_core.package_identification:_identify(src/m-explore-ros2) by extension 'python_setup_py'
[0.239s] Level 1:colcon.colcon_core.package_identification:_identify(src/m-explore-ros2/explore) by extensions ['ignore', 'ignore_ament_install']
[0.239s] Level 1:colcon.colcon_core.package_identification:_identify(src/m-explore-ros2/explore) by extension 'ignore'
[0.239s] Level 1:colcon.colcon_core.package_identification:_identify(src/m-explore-ros2/explore) by extension 'ignore_ament_install'
[0.239s] Level 1:colcon.colcon_core.package_identification:_identify(src/m-explore-ros2/explore) by extensions ['colcon_pkg']
[0.239s] Level 1:colcon.colcon_core.package_identification:_identify(src/m-explore-ros2/explore) by extension 'colcon_pkg'
[0.239s] Level 1:colcon.colcon_core.package_identification:_identify(src/m-explore-ros2/explore) by extensions ['colcon_meta']
[0.239s] Level 1:colcon.colcon_core.package_identification:_identify(src/m-explore-ros2/explore) by extension 'colcon_meta'
[0.239s] Level 1:colcon.colcon_core.package_identification:_identify(src/m-explore-ros2/explore) by extensions ['ros']
[0.239s] Level 1:colcon.colcon_core.package_identification:_identify(src/m-explore-ros2/explore) by extension 'ros'
[0.245s] DEBUG:colcon.colcon_core.package_identification:Package 'src/m-explore-ros2/explore' with type 'ros.ament_cmake' and name 'explore_lite'
[0.245s] Level 1:colcon.colcon_core.package_identification:_identify(src/m-explore-ros2/explore_lite_msgs) by extensions ['ignore', 'ignore_ament_install']
[0.245s] Level 1:colcon.colcon_core.package_identification:_identify(src/m-explore-ros2/explore_lite_msgs) by extension 'ignore'
[0.245s] Level 1:colcon.colcon_core.package_identification:_identify(src/m-explore-ros2/explore_lite_msgs) by extension 'ignore_ament_install'
[0.245s] Level 1:colcon.colcon_core.package_identification:_identify(src/m-explore-ros2/explore_lite_msgs) by extensions ['colcon_pkg']
[0.245s] Level 1:colcon.colcon_core.package_identification:_identify(src/m-explore-ros2/explore_lite_msgs) by extension 'colcon_pkg'
[0.245s] Level 1:colcon.colcon_core.package_identification:_identify(src/m-explore-ros2/explore_lite_msgs) by extensions ['colcon_meta']
[0.245s] Level 1:colcon.colcon_core.package_identification:_identify(src/m-explore-ros2/explore_lite_msgs) by extension 'colcon_meta'
[0.245s] Level 1:colcon.colcon_core.package_identification:_identify(src/m-explore-ros2/explore_lite_msgs) by extensions ['ros']
[0.245s] Level 1:colcon.colcon_core.package_identification:_identify(src/m-explore-ros2/explore_lite_msgs) by extension 'ros'
[0.246s] DEBUG:colcon.colcon_core.package_identification:Package 'src/m-explore-ros2/explore_lite_msgs' with type 'ros.ament_cmake' and name 'explore_lite_msgs'
[0.246s] Level 1:colcon.colcon_core.package_identification:_identify(src/m-explore-ros2/map_merge) by extensions ['ignore', 'ignore_ament_install']
[0.246s] Level 1:colcon.colcon_core.package_identification:_identify(src/m-explore-ros2/map_merge) by extension 'ignore'
[0.246s] Level 1:colcon.colcon_core.package_identification:_identify(src/m-explore-ros2/map_merge) by extension 'ignore_ament_install'
[0.246s] Level 1:colcon.colcon_core.package_identification:_identify(src/m-explore-ros2/map_merge) by extensions ['colcon_pkg']
[0.246s] Level 1:colcon.colcon_core.package_identification:_identify(src/m-explore-ros2/map_merge) by extension 'colcon_pkg'
[0.246s] Level 1:colcon.colcon_core.package_identification:_identify(src/m-explore-ros2/map_merge) by extensions ['colcon_meta']
[0.247s] Level 1:colcon.colcon_core.package_identification:_identify(src/m-explore-ros2/map_merge) by extension 'colcon_meta'
[0.247s] Level 1:colcon.colcon_core.package_identification:_identify(src/m-explore-ros2/map_merge) by extensions ['ros']
[0.247s] Level 1:colcon.colcon_core.package_identification:_identify(src/m-explore-ros2/map_merge) by extension 'ros'
[0.248s] DEBUG:colcon.colcon_core.package_identification:Package 'src/m-explore-ros2/map_merge' with type 'ros.ament_cmake' and name 'multirobot_map_merge'
[0.248s] Level 1:colcon.colcon_core.package_identification:_identify(src/nav2) by extensions ['ignore', 'ignore_ament_install']
[0.248s] Level 1:colcon.colcon_core.package_identification:_identify(src/nav2) by extension 'ignore'
[0.248s] Level 1:colcon.colcon_core.package_identification:_identify(src/nav2) by extension 'ignore_ament_install'
[0.248s] Level 1:colcon.colcon_core.package_identification:_identify(src/nav2) by extensions ['colcon_pkg']
[0.248s] Level 1:colcon.colcon_core.package_identification:_identify(src/nav2) by extension 'colcon_pkg'
[0.248s] Level 1:colcon.colcon_core.package_identification:_identify(src/nav2) by extensions ['colcon_meta']
[0.248s] Level 1:colcon.colcon_core.package_identification:_identify(src/nav2) by extension 'colcon_meta'
[0.248s] Level 1:colcon.colcon_core.package_identification:_identify(src/nav2) by extensions ['ros']
[0.248s] Level 1:colcon.colcon_core.package_identification:_identify(src/nav2) by extension 'ros'
[0.249s] DEBUG:colcon.colcon_core.package_identification:Package 'src/nav2' with type 'ros.ament_python' and name 'nav2'
[0.249s] Level 1:colcon.colcon_core.package_identification:_identify(src/rplidar_ros) by extensions ['ignore', 'ignore_ament_install']
[0.249s] Level 1:colcon.colcon_core.package_identification:_identify(src/rplidar_ros) by extension 'ignore'
[0.249s] Level 1:colcon.colcon_core.package_identification:_identify(src/rplidar_ros) by extension 'ignore_ament_install'
[0.249s] Level 1:colcon.colcon_core.package_identification:_identify(src/rplidar_ros) by extensions ['colcon_pkg']
[0.249s] Level 1:colcon.colcon_core.package_identification:_identify(src/rplidar_ros) by extension 'colcon_pkg'
[0.249s] Level 1:colcon.colcon_core.package_identification:_identify(src/rplidar_ros) by extensions ['colcon_meta']
[0.249s] Level 1:colcon.colcon_core.package_identification:_identify(src/rplidar_ros) by extension 'colcon_meta'
[0.249s] Level 1:colcon.colcon_core.package_identification:_identify(src/rplidar_ros) by extensions ['ros']
[0.249s] Level 1:colcon.colcon_core.package_identification:_identify(src/rplidar_ros) by extension 'ros'
[0.250s] DEBUG:colcon.colcon_core.package_identification:Package 'src/rplidar_ros' with type 'ros.ament_cmake' and name 'rplidar_ros'
[0.250s] Level 1:colcon.colcon_core.package_discovery:discover_packages(recursive) using defaults
[0.250s] Level 1:colcon.colcon_core.package_discovery:discover_packages(ignore) discover
[0.250s] Level 1:colcon.colcon_core.package_discovery:discover_packages(ignore) using defaults
[0.250s] Level 1:colcon.colcon_core.package_discovery:discover_packages(path) discover
[0.250s] Level 1:colcon.colcon_core.package_discovery:discover_packages(path) using defaults
[0.274s] Level 1:colcon.colcon_core.package_discovery:discover_packages(prefix_path) check parameters
[0.274s] Level 1:colcon.colcon_core.package_discovery:discover_packages(prefix_path) discover
[0.277s] DEBUG:colcon.colcon_installed_package_information.package_discovery:Found 5 installed packages in /home/rpd/Nav2/install
[0.279s] DEBUG:colcon.colcon_installed_package_information.package_discovery:Found 419 installed packages in /opt/ros/jazzy
[0.281s] Level 1:colcon.colcon_core.package_discovery:discover_packages(prefix_path) using defaults
[0.355s] Level 5:colcon.colcon_core.verb:set package 'explore_lite_msgs' build argument 'cmake_args' from command line to 'None'
[0.355s] Level 5:colcon.colcon_core.verb:set package 'explore_lite_msgs' build argument 'cmake_target' from command line to 'None'
[0.355s] Level 5:colcon.colcon_core.verb:set package 'explore_lite_msgs' build argument 'cmake_target_skip_unavailable' from command line to 'False'
[0.355s] Level 5:colcon.colcon_core.verb:set package 'explore_lite_msgs' build argument 'cmake_clean_cache' from command line to 'False'
[0.355s] Level 5:colcon.colcon_core.verb:set package 'explore_lite_msgs' build argument 'cmake_clean_first' from command line to 'False'
[0.355s] Level 5:colcon.colcon_core.verb:set package 'explore_lite_msgs' build argument 'cmake_force_configure' from command line to 'False'
[0.355s] Level 5:colcon.colcon_core.verb:set package 'explore_lite_msgs' build argument 'ament_cmake_args' from command line to 'None'
[0.355s] Level 5:colcon.colcon_core.verb:set package 'explore_lite_msgs' build argument 'catkin_cmake_args' from command line to 'None'
[0.355s] Level 5:colcon.colcon_core.verb:set package 'explore_lite_msgs' build argument 'catkin_skip_building_tests' from command line to 'False'
[0.355s] DEBUG:colcon.colcon_core.verb:Building package 'explore_lite_msgs' with the following arguments: {'ament_cmake_args': None, 'build_base': '/home/rpd/Nav2/build/explore_lite_msgs', 'catkin_cmake_args': None, 'catkin_skip_building_tests': False, 'cmake_args': None, 'cmake_clean_cache': False, 'cmake_clean_first': False, 'cmake_force_configure': False, 'cmake_target': None, 'cmake_target_skip_unavailable': False, 'install_base': '/home/rpd/Nav2/install/explore_lite_msgs', 'merge_install': False, 'path': '/home/rpd/Nav2/src/m-explore-ros2/explore_lite_msgs', 'symlink_install': False, 'test_result_base': None}
[0.356s] Level 5:colcon.colcon_core.verb:set package 'multirobot_map_merge' build argument 'cmake_args' from command line to 'None'
[0.356s] Level 5:colcon.colcon_core.verb:set package 'multirobot_map_merge' build argument 'cmake_target' from command line to 'None'
[0.356s] Level 5:colcon.colcon_core.verb:set package 'multirobot_map_merge' build argument 'cmake_target_skip_unavailable' from command line to 'False'
[0.356s] Level 5:colcon.colcon_core.verb:set package 'multirobot_map_merge' build argument 'cmake_clean_cache' from command line to 'False'
[0.356s] Level 5:colcon.colcon_core.verb:set package 'multirobot_map_merge' build argument 'cmake_clean_first' from command line to 'False'
[0.356s] Level 5:colcon.colcon_core.verb:set package 'multirobot_map_merge' build argument 'cmake_force_configure' from command line to 'False'
[0.356s] Level 5:colcon.colcon_core.verb:set package 'multirobot_map_merge' build argument 'ament_cmake_args' from command line to 'None'
[0.356s] Level 5:colcon.colcon_core.verb:set package 'multirobot_map_merge' build argument 'catkin_cmake_args' from command line to 'None'
[0.356s] Level 5:colcon.colcon_core.verb:set package 'multirobot_map_merge' build argument 'catkin_skip_building_tests' from command line to 'False'
[0.356s] DEBUG:colcon.colcon_core.verb:Building package 'multirobot_map_merge' with the following arguments: {'ament_cmake_args': None, 'build_base': '/home/rpd/Nav2/build/multirobot_map_merge', 'catkin_cmake_args': None, 'catkin_skip_building_tests': False, 'cmake_args': None, 'cmake_clean_cache': False, 'cmake_clean_first': False, 'cmake_force_configure': False, 'cmake_target': None, 'cmake_target_skip_unavailable': False, 'install_base': '/home/rpd/Nav2/install/multirobot_map_merge', 'merge_install': False, 'path': '/home/rpd/Nav2/src/m-explore-ros2/map_merge', 'symlink_install': False, 'test_result_base': None}
[0.356s] Level 5:colcon.colcon_core.verb:set package 'nav2' build argument 'cmake_args' from command line to 'None'
[0.356s] Level 5:colcon.colcon_core.verb:set package 'nav2' build argument 'cmake_target' from command line to 'None'
[0.356s] Level 5:colcon.colcon_core.verb:set package 'nav2' build argument 'cmake_target_skip_unavailable' from command line to 'False'
[0.356s] Level 5:colcon.colcon_core.verb:set package 'nav2' build argument 'cmake_clean_cache' from command line to 'False'
[0.356s] Level 5:colcon.colcon_core.verb:set package 'nav2' build argument 'cmake_clean_first' from command line to 'False'
[0.356s] Level 5:colcon.colcon_core.verb:set package 'nav2' build argument 'cmake_force_configure' from command line to 'False'
[0.356s] Level 5:colcon.colcon_core.verb:set package 'nav2' build argument 'ament_cmake_args' from command line to 'None'
[0.357s] Level 5:colcon.colcon_core.verb:set package 'nav2' build argument 'catkin_cmake_args' from command line to 'None'
[0.357s] Level 5:colcon.colcon_core.verb:set package 'nav2' build argument 'catkin_skip_building_tests' from command line to 'False'
[0.357s] DEBUG:colcon.colcon_core.verb:Building package 'nav2' with the following arguments: {'ament_cmake_args': None, 'build_base': '/home/rpd/Nav2/build/nav2', 'catkin_cmake_args': None, 'catkin_skip_building_tests': False, 'cmake_args': None, 'cmake_clean_cache': False, 'cmake_clean_first': False, 'cmake_force_configure': False, 'cmake_target': None, 'cmake_target_skip_unavailable': False, 'install_base': '/home/rpd/Nav2/install/nav2', 'merge_install': False, 'path': '/home/rpd/Nav2/src/nav2', 'symlink_install': False, 'test_result_base': None}
[0.357s] Level 5:colcon.colcon_core.verb:set package 'rplidar_ros' build argument 'cmake_args' from command line to 'None'
[0.357s] Level 5:colcon.colcon_core.verb:set package 'rplidar_ros' build argument 'cmake_target' from command line to 'None'
[0.357s] Level 5:colcon.colcon_core.verb:set package 'rplidar_ros' build argument 'cmake_target_skip_unavailable' from command line to 'False'
[0.357s] Level 5:colcon.colcon_core.verb:set package 'rplidar_ros' build argument 'cmake_clean_cache' from command line to 'False'
[0.357s] Level 5:colcon.colcon_core.verb:set package 'rplidar_ros' build argument 'cmake_clean_first' from command line to 'False'
[0.357s] Level 5:colcon.colcon_core.verb:set package 'rplidar_ros' build argument 'cmake_force_configure' from command line to 'False'
[0.357s] Level 5:colcon.colcon_core.verb:set package 'rplidar_ros' build argument 'ament_cmake_args' from command line to 'None'
[0.357s] Level 5:colcon.colcon_core.verb:set package 'rplidar_ros' build argument 'catkin_cmake_args' from command line to 'None'
[0.357s] Level 5:colcon.colcon_core.verb:set package 'rplidar_ros' build argument 'catkin_skip_building_tests' from command line to 'False'
[0.357s] DEBUG:colcon.colcon_core.verb:Building package 'rplidar_ros' with the following arguments: {'ament_cmake_args': None, 'build_base': '/home/rpd/Nav2/build/rplidar_ros', 'catkin_cmake_args': None, 'catkin_skip_building_tests': False, 'cmake_args': None, 'cmake_clean_cache': False, 'cmake_clean_first': False, 'cmake_force_configure': False, 'cmake_target': None, 'cmake_target_skip_unavailable': False, 'install_base': '/home/rpd/Nav2/install/rplidar_ros', 'merge_install': False, 'path': '/home/rpd/Nav2/src/rplidar_ros', 'symlink_install': False, 'test_result_base': None}
[0.357s] Level 5:colcon.colcon_core.verb:set package 'explore_lite' build argument 'cmake_args' from command line to 'None'
[0.357s] Level 5:colcon.colcon_core.verb:set package 'explore_lite' build argument 'cmake_target' from command line to 'None'
[0.358s] Level 5:colcon.colcon_core.verb:set package 'explore_lite' build argument 'cmake_target_skip_unavailable' from command line to 'False'
[0.358s] Level 5:colcon.colcon_core.verb:set package 'explore_lite' build argument 'cmake_clean_cache' from command line to 'False'
[0.358s] Level 5:colcon.colcon_core.verb:set package 'explore_lite' build argument 'cmake_clean_first' from command line to 'False'
[0.358s] Level 5:colcon.colcon_core.verb:set package 'explore_lite' build argument 'cmake_force_configure' from command line to 'False'
[0.358s] Level 5:colcon.colcon_core.verb:set package 'explore_lite' build argument 'ament_cmake_args' from command line to 'None'
[0.358s] Level 5:colcon.colcon_core.verb:set package 'explore_lite' build argument 'catkin_cmake_args' from command line to 'None'
[0.358s] Level 5:colcon.colcon_core.verb:set package 'explore_lite' build argument 'catkin_skip_building_tests' from command line to 'False'
[0.358s] DEBUG:colcon.colcon_core.verb:Building package 'explore_lite' with the following arguments: {'ament_cmake_args': None, 'build_base': '/home/rpd/Nav2/build/explore_lite', 'catkin_cmake_args': None, 'catkin_skip_building_tests': False, 'cmake_args': None, 'cmake_clean_cache': False, 'cmake_clean_first': False, 'cmake_force_configure': False, 'cmake_target': None, 'cmake_target_skip_unavailable': False, 'install_base': '/home/rpd/Nav2/install/explore_lite', 'merge_install': False, 'path': '/home/rpd/Nav2/src/m-explore-ros2/explore', 'symlink_install': False, 'test_result_base': None}
[0.358s] INFO:colcon.colcon_core.executor:Executing jobs using 'parallel' executor
[0.359s] DEBUG:colcon.colcon_parallel_executor.executor.parallel:run_until_complete
[0.360s] INFO:colcon.colcon_ros.task.ament_cmake.build:Building ROS package in '/home/rpd/Nav2/src/m-explore-ros2/explore_lite_msgs' with build type 'ament_cmake'
[0.360s] INFO:colcon.colcon_cmake.task.cmake.build:Building CMake package in '/home/rpd/Nav2/src/m-explore-ros2/explore_lite_msgs'
[0.362s] INFO:colcon.colcon_core.plugin_system:Skipping extension 'colcon_core.shell.bat': Not used on non-Windows systems
[0.362s] INFO:colcon.colcon_core.shell:Skip shell extension 'powershell' for command environment: Not usable outside of PowerShell
[0.362s] DEBUG:colcon.colcon_core.shell:Skip shell extension 'dsv' for command environment
[0.368s] INFO:colcon.colcon_ros.task.ament_cmake.build:Building ROS package in '/home/rpd/Nav2/src/m-explore-ros2/map_merge' with build type 'ament_cmake'
[0.368s] INFO:colcon.colcon_cmake.task.cmake.build:Building CMake package in '/home/rpd/Nav2/src/m-explore-ros2/map_merge'
[0.369s] INFO:colcon.colcon_core.shell:Skip shell extension 'powershell' for command environment: Not usable outside of PowerShell
[0.369s] DEBUG:colcon.colcon_core.shell:Skip shell extension 'dsv' for command environment
[0.374s] INFO:colcon.colcon_ros.task.ament_python.build:Building ROS package in '/home/rpd/Nav2/src/nav2' with build type 'ament_python'
[0.375s] Level 1:colcon.colcon_core.shell:create_environment_hook('nav2', 'ament_prefix_path')
[0.375s] INFO:colcon.colcon_core.shell:Creating environment hook '/home/rpd/Nav2/install/nav2/share/nav2/hook/ament_prefix_path.ps1'
[0.376s] INFO:colcon.colcon_core.shell:Creating environment descriptor '/home/rpd/Nav2/install/nav2/share/nav2/hook/ament_prefix_path.dsv'
[0.377s] INFO:colcon.colcon_core.shell:Creating environment hook '/home/rpd/Nav2/install/nav2/share/nav2/hook/ament_prefix_path.sh'
[0.378s] INFO:colcon.colcon_core.shell:Skip shell extension 'powershell' for command environment: Not usable outside of PowerShell
[0.378s] DEBUG:colcon.colcon_core.shell:Skip shell extension 'dsv' for command environment
[0.383s] INFO:colcon.colcon_ros.task.ament_cmake.build:Building ROS package in '/home/rpd/Nav2/src/rplidar_ros' with build type 'ament_cmake'
[0.383s] INFO:colcon.colcon_cmake.task.cmake.build:Building CMake package in '/home/rpd/Nav2/src/rplidar_ros'
[0.383s] INFO:colcon.colcon_core.shell:Skip shell extension 'powershell' for command environment: Not usable outside of PowerShell
[0.384s] DEBUG:colcon.colcon_core.shell:Skip shell extension 'dsv' for command environment
[0.396s] DEBUG:colcon.colcon_core.event_handler.log_command:Invoking command in '/home/rpd/Nav2/build/explore_lite_msgs': CMAKE_PREFIX_PATH=${CMAKE_PREFIX_PATH}:/home/rpd/Nav2/install/nav2:/opt/ros/jazzy /usr/bin/cmake --build /home/rpd/Nav2/build/explore_lite_msgs -- -j4 -l4
[0.401s] DEBUG:colcon.colcon_core.event_handler.log_command:Invoking command in '/home/rpd/Nav2/build/multirobot_map_merge': CMAKE_PREFIX_PATH=${CMAKE_PREFIX_PATH}:/home/rpd/Nav2/install/nav2:/opt/ros/jazzy /usr/bin/cmake --build /home/rpd/Nav2/build/multirobot_map_merge -- -j4 -l4
[1.022s] INFO:colcon.colcon_core.task.python.build:Building Python package in '/home/rpd/Nav2/src/nav2'
[1.022s] INFO:colcon.colcon_core.shell:Skip shell extension 'powershell' for command environment: Not usable outside of PowerShell
[1.022s] DEBUG:colcon.colcon_core.shell:Skip shell extension 'dsv' for command environment
[1.036s] DEBUG:colcon.colcon_core.event_handler.log_command:Invoked command in '/home/rpd/Nav2/build/multirobot_map_merge' returned '0': CMAKE_PREFIX_PATH=${CMAKE_PREFIX_PATH}:/home/rpd/Nav2/install/nav2:/opt/ros/jazzy /usr/bin/cmake --build /home/rpd/Nav2/build/multirobot_map_merge -- -j4 -l4
[1.063s] DEBUG:colcon.colcon_core.event_handler.log_command:Invoking command in '/home/rpd/Nav2/build/multirobot_map_merge': CMAKE_PREFIX_PATH=${CMAKE_PREFIX_PATH}:/home/rpd/Nav2/install/nav2:/opt/ros/jazzy /usr/bin/cmake --install /home/rpd/Nav2/build/multirobot_map_merge
[1.075s] DEBUG:colcon.colcon_core.event_handler.log_command:Invoking command in '/home/rpd/Nav2/build/rplidar_ros': CMAKE_PREFIX_PATH=${CMAKE_PREFIX_PATH}:/home/rpd/Nav2/install/nav2:/opt/ros/jazzy /usr/bin/cmake --build /home/rpd/Nav2/build/rplidar_ros -- -j4 -l4
[1.127s] Level 1:colcon.colcon_core.environment:create_environment_scripts_only(multirobot_map_merge)
[1.129s] DEBUG:colcon.colcon_core.event_handler.log_command:Invoked command in '/home/rpd/Nav2/build/multirobot_map_merge' returned '0': CMAKE_PREFIX_PATH=${CMAKE_PREFIX_PATH}:/home/rpd/Nav2/install/nav2:/opt/ros/jazzy /usr/bin/cmake --install /home/rpd/Nav2/build/multirobot_map_merge
[1.136s] Level 1:colcon.colcon_core.environment:checking '/home/rpd/Nav2/install/multirobot_map_merge' for CMake module files
[1.137s] Level 1:colcon.colcon_core.environment:checking '/home/rpd/Nav2/install/multirobot_map_merge' for CMake config files
[1.139s] Level 1:colcon.colcon_core.shell:create_environment_hook('multirobot_map_merge', 'cmake_prefix_path')
[1.140s] INFO:colcon.colcon_core.shell:Creating environment hook '/home/rpd/Nav2/install/multirobot_map_merge/share/multirobot_map_merge/hook/cmake_prefix_path.ps1'
[1.142s] INFO:colcon.colcon_core.shell:Creating environment descriptor '/home/rpd/Nav2/install/multirobot_map_merge/share/multirobot_map_merge/hook/cmake_prefix_path.dsv'
[1.143s] INFO:colcon.colcon_core.shell:Creating environment hook '/home/rpd/Nav2/install/multirobot_map_merge/share/multirobot_map_merge/hook/cmake_prefix_path.sh'
[1.145s] Level 1:colcon.colcon_core.environment:checking '/home/rpd/Nav2/install/multirobot_map_merge/lib'
[1.145s] Level 1:colcon.colcon_core.environment:checking '/home/rpd/Nav2/install/multirobot_map_merge/bin'
[1.145s] Level 1:colcon.colcon_core.environment:checking '/home/rpd/Nav2/install/multirobot_map_merge/lib/pkgconfig/multirobot_map_merge.pc'
[1.146s] Level 1:colcon.colcon_core.environment:checking '/home/rpd/Nav2/install/multirobot_map_merge/lib/python3.12/site-packages'
[1.147s] Level 1:colcon.colcon_core.environment:checking '/home/rpd/Nav2/install/multirobot_map_merge/bin'
[1.148s] INFO:colcon.colcon_core.shell:Creating package script '/home/rpd/Nav2/install/multirobot_map_merge/share/multirobot_map_merge/package.ps1'
[1.151s] INFO:colcon.colcon_core.shell:Creating package descriptor '/home/rpd/Nav2/install/multirobot_map_merge/share/multirobot_map_merge/package.dsv'
[1.153s] INFO:colcon.colcon_core.shell:Creating package script '/home/rpd/Nav2/install/multirobot_map_merge/share/multirobot_map_merge/package.sh'
[1.155s] INFO:colcon.colcon_core.shell:Creating package script '/home/rpd/Nav2/install/multirobot_map_merge/share/multirobot_map_merge/package.bash'
[1.156s] INFO:colcon.colcon_core.shell:Creating package script '/home/rpd/Nav2/install/multirobot_map_merge/share/multirobot_map_merge/package.zsh'
[1.158s] Level 1:colcon.colcon_core.environment:create_file_with_runtime_dependencies(/home/rpd/Nav2/install/multirobot_map_merge/share/colcon-core/packages/multirobot_map_merge)
[1.163s] Level 1:colcon.colcon_core.environment:create_environment_scripts_only(multirobot_map_merge)
[1.164s] Level 1:colcon.colcon_core.environment:checking '/home/rpd/Nav2/install/multirobot_map_merge' for CMake module files
[1.167s] Level 1:colcon.colcon_core.environment:checking '/home/rpd/Nav2/install/multirobot_map_merge' for CMake config files
[1.167s] Level 1:colcon.colcon_core.shell:create_environment_hook('multirobot_map_merge', 'cmake_prefix_path')
[1.168s] INFO:colcon.colcon_core.shell:Creating environment hook '/home/rpd/Nav2/install/multirobot_map_merge/share/multirobot_map_merge/hook/cmake_prefix_path.ps1'
[1.169s] INFO:colcon.colcon_core.shell:Creating environment descriptor '/home/rpd/Nav2/install/multirobot_map_merge/share/multirobot_map_merge/hook/cmake_prefix_path.dsv'
[1.170s] INFO:colcon.colcon_core.shell:Creating environment hook '/home/rpd/Nav2/install/multirobot_map_merge/share/multirobot_map_merge/hook/cmake_prefix_path.sh'
[1.171s] Level 1:colcon.colcon_core.environment:checking '/home/rpd/Nav2/install/multirobot_map_merge/lib'
[1.172s] Level 1:colcon.colcon_core.environment:checking '/home/rpd/Nav2/install/multirobot_map_merge/bin'
[1.172s] Level 1:colcon.colcon_core.environment:checking '/home/rpd/Nav2/install/multirobot_map_merge/lib/pkgconfig/multirobot_map_merge.pc'
[1.172s] Level 1:colcon.colcon_core.environment:checking '/home/rpd/Nav2/install/multirobot_map_merge/lib/python3.12/site-packages'
[1.173s] Level 1:colcon.colcon_core.environment:checking '/home/rpd/Nav2/install/multirobot_map_merge/bin'
[1.174s] INFO:colcon.colcon_core.shell:Creating package script '/home/rpd/Nav2/install/multirobot_map_merge/share/multirobot_map_merge/package.ps1'
[1.175s] INFO:colcon.colcon_core.shell:Creating package descriptor '/home/rpd/Nav2/install/multirobot_map_merge/share/multirobot_map_merge/package.dsv'
[1.177s] INFO:colcon.colcon_core.shell:Creating package script '/home/rpd/Nav2/install/multirobot_map_merge/share/multirobot_map_merge/package.sh'
[1.178s] INFO:colcon.colcon_core.shell:Creating package script '/home/rpd/Nav2/install/multirobot_map_merge/share/multirobot_map_merge/package.bash'
[1.179s] INFO:colcon.colcon_core.shell:Creating package script '/home/rpd/Nav2/install/multirobot_map_merge/share/multirobot_map_merge/package.zsh'
[1.180s] Level 1:colcon.colcon_core.environment:create_file_with_runtime_dependencies(/home/rpd/Nav2/install/multirobot_map_merge/share/colcon-core/packages/multirobot_map_merge)
[1.350s] DEBUG:colcon.colcon_core.event_handler.log_command:Invoked command in '/home/rpd/Nav2/build/rplidar_ros' returned '0': CMAKE_PREFIX_PATH=${CMAKE_PREFIX_PATH}:/home/rpd/Nav2/install/nav2:/opt/ros/jazzy /usr/bin/cmake --build /home/rpd/Nav2/build/rplidar_ros -- -j4 -l4
[1.352s] DEBUG:colcon.colcon_core.event_handler.log_command:Invoking command in '/home/rpd/Nav2/build/rplidar_ros': CMAKE_PREFIX_PATH=${CMAKE_PREFIX_PATH}:/home/rpd/Nav2/install/nav2:/opt/ros/jazzy /usr/bin/cmake --install /home/rpd/Nav2/build/rplidar_ros
[1.385s] Level 1:colcon.colcon_core.environment:create_environment_scripts_only(rplidar_ros)
[1.386s] Level 1:colcon.colcon_core.environment:checking '/home/rpd/Nav2/install/rplidar_ros' for CMake module files
[1.387s] DEBUG:colcon.colcon_core.event_handler.log_command:Invoked command in '/home/rpd/Nav2/build/rplidar_ros' returned '0': CMAKE_PREFIX_PATH=${CMAKE_PREFIX_PATH}:/home/rpd/Nav2/install/nav2:/opt/ros/jazzy /usr/bin/cmake --install /home/rpd/Nav2/build/rplidar_ros
[1.388s] Level 1:colcon.colcon_core.environment:checking '/home/rpd/Nav2/install/rplidar_ros' for CMake config files
[1.388s] Level 1:colcon.colcon_core.shell:create_environment_hook('rplidar_ros', 'cmake_prefix_path')
[1.389s] INFO:colcon.colcon_core.shell:Creating environment hook '/home/rpd/Nav2/install/rplidar_ros/share/rplidar_ros/hook/cmake_prefix_path.ps1'
[1.390s] INFO:colcon.colcon_core.shell:Creating environment descriptor '/home/rpd/Nav2/install/rplidar_ros/share/rplidar_ros/hook/cmake_prefix_path.dsv'
[1.393s] INFO:colcon.colcon_core.shell:Creating environment hook '/home/rpd/Nav2/install/rplidar_ros/share/rplidar_ros/hook/cmake_prefix_path.sh'
[1.395s] Level 1:colcon.colcon_core.environment:checking '/home/rpd/Nav2/install/rplidar_ros/lib'
[1.395s] Level 1:colcon.colcon_core.environment:checking '/home/rpd/Nav2/install/rplidar_ros/bin'
[1.395s] Level 1:colcon.colcon_core.environment:checking '/home/rpd/Nav2/install/rplidar_ros/lib/pkgconfig/rplidar_ros.pc'
[1.396s] Level 1:colcon.colcon_core.environment:checking '/home/rpd/Nav2/install/rplidar_ros/lib/python3.12/site-packages'
[1.397s] Level 1:colcon.colcon_core.environment:checking '/home/rpd/Nav2/install/rplidar_ros/bin'
[1.397s] INFO:colcon.colcon_core.shell:Creating package script '/home/rpd/Nav2/install/rplidar_ros/share/rplidar_ros/package.ps1'
[1.399s] INFO:colcon.colcon_core.shell:Creating package descriptor '/home/rpd/Nav2/install/rplidar_ros/share/rplidar_ros/package.dsv'
[1.400s] INFO:colcon.colcon_core.shell:Creating package script '/home/rpd/Nav2/install/rplidar_ros/share/rplidar_ros/package.sh'
[1.401s] INFO:colcon.colcon_core.shell:Creating package script '/home/rpd/Nav2/install/rplidar_ros/share/rplidar_ros/package.bash'
[1.401s] INFO:colcon.colcon_core.shell:Creating package script '/home/rpd/Nav2/install/rplidar_ros/share/rplidar_ros/package.zsh'
[1.402s] Level 1:colcon.colcon_core.environment:create_file_with_runtime_dependencies(/home/rpd/Nav2/install/rplidar_ros/share/colcon-core/packages/rplidar_ros)
[1.404s] Level 1:colcon.colcon_core.environment:create_environment_scripts_only(rplidar_ros)
[1.404s] Level 1:colcon.colcon_core.environment:checking '/home/rpd/Nav2/install/rplidar_ros' for CMake module files
[1.405s] Level 1:colcon.colcon_core.environment:checking '/home/rpd/Nav2/install/rplidar_ros' for CMake config files
[1.405s] Level 1:colcon.colcon_core.shell:create_environment_hook('rplidar_ros', 'cmake_prefix_path')
[1.406s] INFO:colcon.colcon_core.shell:Creating environment hook '/home/rpd/Nav2/install/rplidar_ros/share/rplidar_ros/hook/cmake_prefix_path.ps1'
[1.407s] INFO:colcon.colcon_core.shell:Creating environment descriptor '/home/rpd/Nav2/install/rplidar_ros/share/rplidar_ros/hook/cmake_prefix_path.dsv'
[1.407s] INFO:colcon.colcon_core.shell:Creating environment hook '/home/rpd/Nav2/install/rplidar_ros/share/rplidar_ros/hook/cmake_prefix_path.sh'
[1.408s] Level 1:colcon.colcon_core.environment:checking '/home/rpd/Nav2/install/rplidar_ros/lib'
[1.409s] Level 1:colcon.colcon_core.environment:checking '/home/rpd/Nav2/install/rplidar_ros/bin'
[1.409s] Level 1:colcon.colcon_core.environment:checking '/home/rpd/Nav2/install/rplidar_ros/lib/pkgconfig/rplidar_ros.pc'
[1.409s] Level 1:colcon.colcon_core.environment:checking '/home/rpd/Nav2/install/rplidar_ros/lib/python3.12/site-packages'
[1.410s] Level 1:colcon.colcon_core.environment:checking '/home/rpd/Nav2/install/rplidar_ros/bin'
[1.410s] INFO:colcon.colcon_core.shell:Creating package script '/home/rpd/Nav2/install/rplidar_ros/share/rplidar_ros/package.ps1'
[1.411s] INFO:colcon.colcon_core.shell:Creating package descriptor '/home/rpd/Nav2/install/rplidar_ros/share/rplidar_ros/package.dsv'
[1.412s] INFO:colcon.colcon_core.shell:Creating package script '/home/rpd/Nav2/install/rplidar_ros/share/rplidar_ros/package.sh'
[1.413s] INFO:colcon.colcon_core.shell:Creating package script '/home/rpd/Nav2/install/rplidar_ros/share/rplidar_ros/package.bash'
[1.413s] INFO:colcon.colcon_core.shell:Creating package script '/home/rpd/Nav2/install/rplidar_ros/share/rplidar_ros/package.zsh'
[1.416s] Level 1:colcon.colcon_core.environment:create_file_with_runtime_dependencies(/home/rpd/Nav2/install/rplidar_ros/share/colcon-core/packages/rplidar_ros)
[1.488s] DEBUG:colcon.colcon_core.event_handler.log_command:Invoked command in '/home/rpd/Nav2/build/explore_lite_msgs' returned '0': CMAKE_PREFIX_PATH=${CMAKE_PREFIX_PATH}:/home/rpd/Nav2/install/nav2:/opt/ros/jazzy /usr/bin/cmake --build /home/rpd/Nav2/build/explore_lite_msgs -- -j4 -l4
[1.490s] DEBUG:colcon.colcon_core.event_handler.log_command:Invoking command in '/home/rpd/Nav2/build/explore_lite_msgs': CMAKE_PREFIX_PATH=${CMAKE_PREFIX_PATH}:/home/rpd/Nav2/install/nav2:/opt/ros/jazzy /usr/bin/cmake --install /home/rpd/Nav2/build/explore_lite_msgs
[1.596s] Level 1:colcon.colcon_core.environment:create_environment_scripts_only(explore_lite_msgs)
[1.597s] Level 1:colcon.colcon_core.environment:checking '/home/rpd/Nav2/install/explore_lite_msgs' for CMake module files
[1.598s] DEBUG:colcon.colcon_core.event_handler.log_command:Invoked command in '/home/rpd/Nav2/build/explore_lite_msgs' returned '0': CMAKE_PREFIX_PATH=${CMAKE_PREFIX_PATH}:/home/rpd/Nav2/install/nav2:/opt/ros/jazzy /usr/bin/cmake --install /home/rpd/Nav2/build/explore_lite_msgs
[1.598s] Level 1:colcon.colcon_core.environment:checking '/home/rpd/Nav2/install/explore_lite_msgs' for CMake config files
[1.599s] Level 1:colcon.colcon_core.shell:create_environment_hook('explore_lite_msgs', 'cmake_prefix_path')
[1.599s] INFO:colcon.colcon_core.shell:Creating environment hook '/home/rpd/Nav2/install/explore_lite_msgs/share/explore_lite_msgs/hook/cmake_prefix_path.ps1'
[1.600s] INFO:colcon.colcon_core.shell:Creating environment descriptor '/home/rpd/Nav2/install/explore_lite_msgs/share/explore_lite_msgs/hook/cmake_prefix_path.dsv'
[1.601s] INFO:colcon.colcon_core.shell:Creating environment hook '/home/rpd/Nav2/install/explore_lite_msgs/share/explore_lite_msgs/hook/cmake_prefix_path.sh'
[1.602s] Level 1:colcon.colcon_core.environment:checking '/home/rpd/Nav2/install/explore_lite_msgs/lib'
[1.602s] Level 1:colcon.colcon_core.shell:create_environment_hook('explore_lite_msgs', 'ld_library_path_lib')
[1.602s] INFO:colcon.colcon_core.shell:Creating environment hook '/home/rpd/Nav2/install/explore_lite_msgs/share/explore_lite_msgs/hook/ld_library_path_lib.ps1'
[1.603s] INFO:colcon.colcon_core.shell:Creating environment descriptor '/home/rpd/Nav2/install/explore_lite_msgs/share/explore_lite_msgs/hook/ld_library_path_lib.dsv'
[1.604s] INFO:colcon.colcon_core.shell:Creating environment hook '/home/rpd/Nav2/install/explore_lite_msgs/share/explore_lite_msgs/hook/ld_library_path_lib.sh'
[1.604s] Level 1:colcon.colcon_core.environment:checking '/home/rpd/Nav2/install/explore_lite_msgs/bin'
[1.604s] Level 1:colcon.colcon_core.environment:checking '/home/rpd/Nav2/install/explore_lite_msgs/lib/pkgconfig/explore_lite_msgs.pc'
[1.605s] Level 1:colcon.colcon_core.environment:checking '/home/rpd/Nav2/install/explore_lite_msgs/lib/python3.12/site-packages'
[1.605s] Level 1:colcon.colcon_core.shell:create_environment_hook('explore_lite_msgs', 'pythonpath')
[1.605s] INFO:colcon.colcon_core.shell:Creating environment hook '/home/rpd/Nav2/install/explore_lite_msgs/share/explore_lite_msgs/hook/pythonpath.ps1'
[1.606s] INFO:colcon.colcon_core.shell:Creating environment descriptor '/home/rpd/Nav2/install/explore_lite_msgs/share/explore_lite_msgs/hook/pythonpath.dsv'
[1.607s] INFO:colcon.colcon_core.shell:Creating environment hook '/home/rpd/Nav2/install/explore_lite_msgs/share/explore_lite_msgs/hook/pythonpath.sh'
[1.608s] Level 1:colcon.colcon_core.environment:checking '/home/rpd/Nav2/install/explore_lite_msgs/bin'
[1.608s] INFO:colcon.colcon_core.shell:Creating package script '/home/rpd/Nav2/install/explore_lite_msgs/share/explore_lite_msgs/package.ps1'
[1.609s] INFO:colcon.colcon_core.shell:Creating package descriptor '/home/rpd/Nav2/install/explore_lite_msgs/share/explore_lite_msgs/package.dsv'
[1.610s] INFO:colcon.colcon_core.shell:Creating package script '/home/rpd/Nav2/install/explore_lite_msgs/share/explore_lite_msgs/package.sh'
[1.611s] INFO:colcon.colcon_core.shell:Creating package script '/home/rpd/Nav2/install/explore_lite_msgs/share/explore_lite_msgs/package.bash'
[1.612s] INFO:colcon.colcon_core.shell:Creating package script '/home/rpd/Nav2/install/explore_lite_msgs/share/explore_lite_msgs/package.zsh'
[1.612s] Level 1:colcon.colcon_core.environment:create_file_with_runtime_dependencies(/home/rpd/Nav2/install/explore_lite_msgs/share/colcon-core/packages/explore_lite_msgs)
[1.614s] Level 1:colcon.colcon_core.environment:create_environment_scripts_only(explore_lite_msgs)
[1.614s] Level 1:colcon.colcon_core.environment:checking '/home/rpd/Nav2/install/explore_lite_msgs' for CMake module files
[1.615s] Level 1:colcon.colcon_core.environment:checking '/home/rpd/Nav2/install/explore_lite_msgs' for CMake config files
[1.616s] Level 1:colcon.colcon_core.shell:create_environment_hook('explore_lite_msgs', 'cmake_prefix_path')
[1.616s] INFO:colcon.colcon_core.shell:Creating environment hook '/home/rpd/Nav2/install/explore_lite_msgs/share/explore_lite_msgs/hook/cmake_prefix_path.ps1'
[1.617s] INFO:colcon.colcon_core.shell:Creating environment descriptor '/home/rpd/Nav2/install/explore_lite_msgs/share/explore_lite_msgs/hook/cmake_prefix_path.dsv'
[1.617s] INFO:colcon.colcon_core.shell:Creating environment hook '/home/rpd/Nav2/install/explore_lite_msgs/share/explore_lite_msgs/hook/cmake_prefix_path.sh'
[1.618s] Level 1:colcon.colcon_core.environment:checking '/home/rpd/Nav2/install/explore_lite_msgs/lib'
[1.619s] Level 1:colcon.colcon_core.shell:create_environment_hook('explore_lite_msgs', 'ld_library_path_lib')
[1.619s] INFO:colcon.colcon_core.shell:Creating environment hook '/home/rpd/Nav2/install/explore_lite_msgs/share/explore_lite_msgs/hook/ld_library_path_lib.ps1'
[1.621s] INFO:colcon.colcon_core.shell:Creating environment descriptor '/home/rpd/Nav2/install/explore_lite_msgs/share/explore_lite_msgs/hook/ld_library_path_lib.dsv'
[1.621s] INFO:colcon.colcon_core.shell:Creating environment hook '/home/rpd/Nav2/install/explore_lite_msgs/share/explore_lite_msgs/hook/ld_library_path_lib.sh'
[1.622s] Level 1:colcon.colcon_core.environment:checking '/home/rpd/Nav2/install/explore_lite_msgs/bin'
[1.622s] Level 1:colcon.colcon_core.environment:checking '/home/rpd/Nav2/install/explore_lite_msgs/lib/pkgconfig/explore_lite_msgs.pc'
[1.622s] Level 1:colcon.colcon_core.environment:checking '/home/rpd/Nav2/install/explore_lite_msgs/lib/python3.12/site-packages'
[1.623s] Level 1:colcon.colcon_core.shell:create_environment_hook('explore_lite_msgs', 'pythonpath')
[1.623s] INFO:colcon.colcon_core.shell:Creating environment hook '/home/rpd/Nav2/install/explore_lite_msgs/share/explore_lite_msgs/hook/pythonpath.ps1'
[1.623s] INFO:colcon.colcon_core.shell:Creating environment descriptor '/home/rpd/Nav2/install/explore_lite_msgs/share/explore_lite_msgs/hook/pythonpath.dsv'
[1.624s] INFO:colcon.colcon_core.shell:Creating environment hook '/home/rpd/Nav2/install/explore_lite_msgs/share/explore_lite_msgs/hook/pythonpath.sh'
[1.625s] Level 1:colcon.colcon_core.environment:checking '/home/rpd/Nav2/install/explore_lite_msgs/bin'
[1.626s] INFO:colcon.colcon_core.shell:Creating package script '/home/rpd/Nav2/install/explore_lite_msgs/share/explore_lite_msgs/package.ps1'
[1.627s] INFO:colcon.colcon_core.shell:Creating package descriptor '/home/rpd/Nav2/install/explore_lite_msgs/share/explore_lite_msgs/package.dsv'
[1.627s] INFO:colcon.colcon_core.shell:Creating package script '/home/rpd/Nav2/install/explore_lite_msgs/share/explore_lite_msgs/package.sh'
[1.628s] INFO:colcon.colcon_core.shell:Creating package script '/home/rpd/Nav2/install/explore_lite_msgs/share/explore_lite_msgs/package.bash'
[1.629s] INFO:colcon.colcon_core.shell:Creating package script '/home/rpd/Nav2/install/explore_lite_msgs/share/explore_lite_msgs/package.zsh'
[1.630s] Level 1:colcon.colcon_core.environment:create_file_with_runtime_dependencies(/home/rpd/Nav2/install/explore_lite_msgs/share/colcon-core/packages/explore_lite_msgs)
[1.630s] INFO:colcon.colcon_ros.task.ament_cmake.build:Building ROS package in '/home/rpd/Nav2/src/m-explore-ros2/explore' with build type 'ament_cmake'
[1.631s] INFO:colcon.colcon_cmake.task.cmake.build:Building CMake package in '/home/rpd/Nav2/src/m-explore-ros2/explore'
[1.631s] INFO:colcon.colcon_core.shell:Skip shell extension 'powershell' for command environment: Not usable outside of PowerShell
[1.631s] DEBUG:colcon.colcon_core.shell:Skip shell extension 'dsv' for command environment
[1.648s] DEBUG:colcon.colcon_core.event_handler.log_command:Invoking command in '/home/rpd/Nav2/build/explore_lite': CMAKE_PREFIX_PATH=/home/rpd/Nav2/install/explore_lite_msgs:/home/rpd/Nav2/install/rplidar_ros:/home/rpd/Nav2/install/multirobot_map_merge:/home/rpd/Nav2/install/explore_lite:/opt/ros/jazzy/opt/gz_sim_vendor:/opt/ros/jazzy/opt/gz_sensors_vendor:/opt/ros/jazzy/opt/gz_physics_vendor:/opt/ros/jazzy/opt/sdformat_vendor:/opt/ros/jazzy/opt/gz_gui_vendor:/opt/ros/jazzy/opt/gz_transport_vendor:/opt/ros/jazzy/opt/gz_rendering_vendor:/opt/ros/jazzy/opt/gz_plugin_vendor:/opt/ros/jazzy/opt/gz_fuel_tools_vendor:/opt/ros/jazzy/opt/gz_msgs_vendor:/opt/ros/jazzy/opt/gz_common_vendor:/opt/ros/jazzy/opt/gz_math_vendor:/opt/ros/jazzy/opt/gz_utils_vendor:/opt/ros/jazzy/opt/gz_tools_vendor:/opt/ros/jazzy/opt/gz_ogre_next_vendor:/opt/ros/jazzy/opt/gz_dartsim_vendor:/opt/ros/jazzy/opt/gz_cmake_vendor:/home/rpd/Nav2/install/nav2:/opt/ros/jazzy LD_LIBRARY_PATH=/home/rpd/Nav2/install/explore_lite_msgs/lib:/home/rpd/Nav2/install/multirobot_map_merge/lib:/opt/ros/jazzy/opt/gz_sim_vendor/lib:/opt/ros/jazzy/opt/gz_sensors_vendor/lib:/opt/ros/jazzy/opt/gz_physics_vendor/lib:/opt/ros/jazzy/opt/sdformat_vendor/lib:/opt/ros/jazzy/opt/rviz_ogre_vendor/lib:/opt/ros/jazzy/lib/aarch64-linux-gnu:/opt/ros/jazzy/opt/gz_gui_vendor/lib:/opt/ros/jazzy/opt/gz_transport_vendor/lib:/opt/ros/jazzy/opt/gz_rendering_vendor/lib:/opt/ros/jazzy/opt/gz_plugin_vendor/lib:/opt/ros/jazzy/opt/gz_fuel_tools_vendor/lib:/opt/ros/jazzy/opt/gz_msgs_vendor/lib:/opt/ros/jazzy/opt/gz_common_vendor/lib:/opt/ros/jazzy/opt/gz_math_vendor/lib:/opt/ros/jazzy/opt/gz_utils_vendor/lib:/opt/ros/jazzy/opt/gz_tools_vendor/lib:/opt/ros/jazzy/opt/gz_ogre_next_vendor/lib:/opt/ros/jazzy/opt/gz_dartsim_vendor/lib:/opt/ros/jazzy/opt/gz_cmake_vendor/lib:/opt/ros/jazzy/lib PYTHONPATH=/home/rpd/Nav2/install/explore_lite_msgs/lib/python3.12/site-packages:/home/rpd/Nav2/install/nav2/lib/python3.12/site-packages:/opt/ros/jazzy/lib/python3.12/site-packages:/usr/local/lib:/usr/local/lib/python3/dist-packages:/usr/local/lib/python3.11/site-packages /usr/bin/cmake --build /home/rpd/Nav2/build/explore_lite -- -j4 -l4
[1.847s] DEBUG:colcon.colcon_core.event_handler.log_command:Invoked command in '/home/rpd/Nav2/build/explore_lite' returned '0': CMAKE_PREFIX_PATH=/home/rpd/Nav2/install/explore_lite_msgs:/home/rpd/Nav2/install/rplidar_ros:/home/rpd/Nav2/install/multirobot_map_merge:/home/rpd/Nav2/install/explore_lite:/opt/ros/jazzy/opt/gz_sim_vendor:/opt/ros/jazzy/opt/gz_sensors_vendor:/opt/ros/jazzy/opt/gz_physics_vendor:/opt/ros/jazzy/opt/sdformat_vendor:/opt/ros/jazzy/opt/gz_gui_vendor:/opt/ros/jazzy/opt/gz_transport_vendor:/opt/ros/jazzy/opt/gz_rendering_vendor:/opt/ros/jazzy/opt/gz_plugin_vendor:/opt/ros/jazzy/opt/gz_fuel_tools_vendor:/opt/ros/jazzy/opt/gz_msgs_vendor:/opt/ros/jazzy/opt/gz_common_vendor:/opt/ros/jazzy/opt/gz_math_vendor:/opt/ros/jazzy/opt/gz_utils_vendor:/opt/ros/jazzy/opt/gz_tools_vendor:/opt/ros/jazzy/opt/gz_ogre_next_vendor:/opt/ros/jazzy/opt/gz_dartsim_vendor:/opt/ros/jazzy/opt/gz_cmake_vendor:/home/rpd/Nav2/install/nav2:/opt/ros/jazzy LD_LIBRARY_PATH=/home/rpd/Nav2/install/explore_lite_msgs/lib:/home/rpd/Nav2/install/multirobot_map_merge/lib:/opt/ros/jazzy/opt/gz_sim_vendor/lib:/opt/ros/jazzy/opt/gz_sensors_vendor/lib:/opt/ros/jazzy/opt/gz_physics_vendor/lib:/opt/ros/jazzy/opt/sdformat_vendor/lib:/opt/ros/jazzy/opt/rviz_ogre_vendor/lib:/opt/ros/jazzy/lib/aarch64-linux-gnu:/opt/ros/jazzy/opt/gz_gui_vendor/lib:/opt/ros/jazzy/opt/gz_transport_vendor/lib:/opt/ros/jazzy/opt/gz_rendering_vendor/lib:/opt/ros/jazzy/opt/gz_plugin_vendor/lib:/opt/ros/jazzy/opt/gz_fuel_tools_vendor/lib:/opt/ros/jazzy/opt/gz_msgs_vendor/lib:/opt/ros/jazzy/opt/gz_common_vendor/lib:/opt/ros/jazzy/opt/gz_math_vendor/lib:/opt/ros/jazzy/opt/gz_utils_vendor/lib:/opt/ros/jazzy/opt/gz_tools_vendor/lib:/opt/ros/jazzy/opt/gz_ogre_next_vendor/lib:/opt/ros/jazzy/opt/gz_dartsim_vendor/lib:/opt/ros/jazzy/opt/gz_cmake_vendor/lib:/opt/ros/jazzy/lib PYTHONPATH=/home/rpd/Nav2/install/explore_lite_msgs/lib/python3.12/site-packages:/home/rpd/Nav2/install/nav2/lib/python3.12/site-packages:/opt/ros/jazzy/lib/python3.12/site-packages:/usr/local/lib:/usr/local/lib/python3/dist-packages:/usr/local/lib/python3.11/site-packages /usr/bin/cmake --build /home/rpd/Nav2/build/explore_lite -- -j4 -l4
[1.849s] DEBUG:colcon.colcon_core.event_handler.log_command:Invoking command in '/home/rpd/Nav2/build/explore_lite': CMAKE_PREFIX_PATH=/home/rpd/Nav2/install/explore_lite_msgs:/home/rpd/Nav2/install/rplidar_ros:/home/rpd/Nav2/install/multirobot_map_merge:/home/rpd/Nav2/install/explore_lite:/opt/ros/jazzy/opt/gz_sim_vendor:/opt/ros/jazzy/opt/gz_sensors_vendor:/opt/ros/jazzy/opt/gz_physics_vendor:/opt/ros/jazzy/opt/sdformat_vendor:/opt/ros/jazzy/opt/gz_gui_vendor:/opt/ros/jazzy/opt/gz_transport_vendor:/opt/ros/jazzy/opt/gz_rendering_vendor:/opt/ros/jazzy/opt/gz_plugin_vendor:/opt/ros/jazzy/opt/gz_fuel_tools_vendor:/opt/ros/jazzy/opt/gz_msgs_vendor:/opt/ros/jazzy/opt/gz_common_vendor:/opt/ros/jazzy/opt/gz_math_vendor:/opt/ros/jazzy/opt/gz_utils_vendor:/opt/ros/jazzy/opt/gz_tools_vendor:/opt/ros/jazzy/opt/gz_ogre_next_vendor:/opt/ros/jazzy/opt/gz_dartsim_vendor:/opt/ros/jazzy/opt/gz_cmake_vendor:/home/rpd/Nav2/install/nav2:/opt/ros/jazzy LD_LIBRARY_PATH=/home/rpd/Nav2/install/explore_lite_msgs/lib:/home/rpd/Nav2/install/multirobot_map_merge/lib:/opt/ros/jazzy/opt/gz_sim_vendor/lib:/opt/ros/jazzy/opt/gz_sensors_vendor/lib:/opt/ros/jazzy/opt/gz_physics_vendor/lib:/opt/ros/jazzy/opt/sdformat_vendor/lib:/opt/ros/jazzy/opt/rviz_ogre_vendor/lib:/opt/ros/jazzy/lib/aarch64-linux-gnu:/opt/ros/jazzy/opt/gz_gui_vendor/lib:/opt/ros/jazzy/opt/gz_transport_vendor/lib:/opt/ros/jazzy/opt/gz_rendering_vendor/lib:/opt/ros/jazzy/opt/gz_plugin_vendor/lib:/opt/ros/jazzy/opt/gz_fuel_tools_vendor/lib:/opt/ros/jazzy/opt/gz_msgs_vendor/lib:/opt/ros/jazzy/opt/gz_common_vendor/lib:/opt/ros/jazzy/opt/gz_math_vendor/lib:/opt/ros/jazzy/opt/gz_utils_vendor/lib:/opt/ros/jazzy/opt/gz_tools_vendor/lib:/opt/ros/jazzy/opt/gz_ogre_next_vendor/lib:/opt/ros/jazzy/opt/gz_dartsim_vendor/lib:/opt/ros/jazzy/opt/gz_cmake_vendor/lib:/opt/ros/jazzy/lib PYTHONPATH=/home/rpd/Nav2/install/explore_lite_msgs/lib/python3.12/site-packages:/home/rpd/Nav2/install/nav2/lib/python3.12/site-packages:/opt/ros/jazzy/lib/python3.12/site-packages:/usr/local/lib:/usr/local/lib/python3/dist-packages:/usr/local/lib/python3.11/site-packages /usr/bin/cmake --install /home/rpd/Nav2/build/explore_lite
[1.870s] Level 1:colcon.colcon_core.environment:create_environment_scripts_only(explore_lite)
[1.870s] Level 1:colcon.colcon_core.environment:checking '/home/rpd/Nav2/install/explore_lite' for CMake module files
[1.871s] DEBUG:colcon.colcon_core.event_handler.log_command:Invoked command in '/home/rpd/Nav2/build/explore_lite' returned '0': CMAKE_PREFIX_PATH=/home/rpd/Nav2/install/explore_lite_msgs:/home/rpd/Nav2/install/rplidar_ros:/home/rpd/Nav2/install/multirobot_map_merge:/home/rpd/Nav2/install/explore_lite:/opt/ros/jazzy/opt/gz_sim_vendor:/opt/ros/jazzy/opt/gz_sensors_vendor:/opt/ros/jazzy/opt/gz_physics_vendor:/opt/ros/jazzy/opt/sdformat_vendor:/opt/ros/jazzy/opt/gz_gui_vendor:/opt/ros/jazzy/opt/gz_transport_vendor:/opt/ros/jazzy/opt/gz_rendering_vendor:/opt/ros/jazzy/opt/gz_plugin_vendor:/opt/ros/jazzy/opt/gz_fuel_tools_vendor:/opt/ros/jazzy/opt/gz_msgs_vendor:/opt/ros/jazzy/opt/gz_common_vendor:/opt/ros/jazzy/opt/gz_math_vendor:/opt/ros/jazzy/opt/gz_utils_vendor:/opt/ros/jazzy/opt/gz_tools_vendor:/opt/ros/jazzy/opt/gz_ogre_next_vendor:/opt/ros/jazzy/opt/gz_dartsim_vendor:/opt/ros/jazzy/opt/gz_cmake_vendor:/home/rpd/Nav2/install/nav2:/opt/ros/jazzy LD_LIBRARY_PATH=/home/rpd/Nav2/install/explore_lite_msgs/lib:/home/rpd/Nav2/install/multirobot_map_merge/lib:/opt/ros/jazzy/opt/gz_sim_vendor/lib:/opt/ros/jazzy/opt/gz_sensors_vendor/lib:/opt/ros/jazzy/opt/gz_physics_vendor/lib:/opt/ros/jazzy/opt/sdformat_vendor/lib:/opt/ros/jazzy/opt/rviz_ogre_vendor/lib:/opt/ros/jazzy/lib/aarch64-linux-gnu:/opt/ros/jazzy/opt/gz_gui_vendor/lib:/opt/ros/jazzy/opt/gz_transport_vendor/lib:/opt/ros/jazzy/opt/gz_rendering_vendor/lib:/opt/ros/jazzy/opt/gz_plugin_vendor/lib:/opt/ros/jazzy/opt/gz_fuel_tools_vendor/lib:/opt/ros/jazzy/opt/gz_msgs_vendor/lib:/opt/ros/jazzy/opt/gz_common_vendor/lib:/opt/ros/jazzy/opt/gz_math_vendor/lib:/opt/ros/jazzy/opt/gz_utils_vendor/lib:/opt/ros/jazzy/opt/gz_tools_vendor/lib:/opt/ros/jazzy/opt/gz_ogre_next_vendor/lib:/opt/ros/jazzy/opt/gz_dartsim_vendor/lib:/opt/ros/jazzy/opt/gz_cmake_vendor/lib:/opt/ros/jazzy/lib PYTHONPATH=/home/rpd/Nav2/install/explore_lite_msgs/lib/python3.12/site-packages:/home/rpd/Nav2/install/nav2/lib/python3.12/site-packages:/opt/ros/jazzy/lib/python3.12/site-packages:/usr/local/lib:/usr/local/lib/python3/dist-packages:/usr/local/lib/python3.11/site-packages /usr/bin/cmake --install /home/rpd/Nav2/build/explore_lite
[1.871s] Level 1:colcon.colcon_core.environment:checking '/home/rpd/Nav2/install/explore_lite' for CMake config files
[1.872s] Level 1:colcon.colcon_core.shell:create_environment_hook('explore_lite', 'cmake_prefix_path')
[1.872s] INFO:colcon.colcon_core.shell:Creating environment hook '/home/rpd/Nav2/install/explore_lite/share/explore_lite/hook/cmake_prefix_path.ps1'
[1.873s] INFO:colcon.colcon_core.shell:Creating environment descriptor '/home/rpd/Nav2/install/explore_lite/share/explore_lite/hook/cmake_prefix_path.dsv'
[1.874s] INFO:colcon.colcon_core.shell:Creating environment hook '/home/rpd/Nav2/install/explore_lite/share/explore_lite/hook/cmake_prefix_path.sh'
[1.875s] Level 1:colcon.colcon_core.environment:checking '/home/rpd/Nav2/install/explore_lite/lib'
[1.875s] Level 1:colcon.colcon_core.environment:checking '/home/rpd/Nav2/install/explore_lite/bin'
[1.875s] Level 1:colcon.colcon_core.environment:checking '/home/rpd/Nav2/install/explore_lite/lib/pkgconfig/explore_lite.pc'
[1.875s] Level 1:colcon.colcon_core.environment:checking '/home/rpd/Nav2/install/explore_lite/lib/python3.12/site-packages'
[1.876s] Level 1:colcon.colcon_core.environment:checking '/home/rpd/Nav2/install/explore_lite/bin'
[1.876s] INFO:colcon.colcon_core.shell:Creating package script '/home/rpd/Nav2/install/explore_lite/share/explore_lite/package.ps1'
[1.877s] INFO:colcon.colcon_core.shell:Creating package descriptor '/home/rpd/Nav2/install/explore_lite/share/explore_lite/package.dsv'
[1.877s] INFO:colcon.colcon_core.shell:Creating package script '/home/rpd/Nav2/install/explore_lite/share/explore_lite/package.sh'
[1.878s] INFO:colcon.colcon_core.shell:Creating package script '/home/rpd/Nav2/install/explore_lite/share/explore_lite/package.bash'
[1.881s] INFO:colcon.colcon_core.shell:Creating package script '/home/rpd/Nav2/install/explore_lite/share/explore_lite/package.zsh'
[1.881s] Level 1:colcon.colcon_core.environment:create_file_with_runtime_dependencies(/home/rpd/Nav2/install/explore_lite/share/colcon-core/packages/explore_lite)
[1.883s] Level 1:colcon.colcon_core.environment:create_environment_scripts_only(explore_lite)
[1.883s] Level 1:colcon.colcon_core.environment:checking '/home/rpd/Nav2/install/explore_lite' for CMake module files
[1.884s] Level 1:colcon.colcon_core.environment:checking '/home/rpd/Nav2/install/explore_lite' for CMake config files
[1.884s] Level 1:colcon.colcon_core.shell:create_environment_hook('explore_lite', 'cmake_prefix_path')
[1.885s] INFO:colcon.colcon_core.shell:Creating environment hook '/home/rpd/Nav2/install/explore_lite/share/explore_lite/hook/cmake_prefix_path.ps1'
[1.885s] INFO:colcon.colcon_core.shell:Creating environment descriptor '/home/rpd/Nav2/install/explore_lite/share/explore_lite/hook/cmake_prefix_path.dsv'
[1.886s] INFO:colcon.colcon_core.shell:Creating environment hook '/home/rpd/Nav2/install/explore_lite/share/explore_lite/hook/cmake_prefix_path.sh'
[1.887s] Level 1:colcon.colcon_core.environment:checking '/home/rpd/Nav2/install/explore_lite/lib'
[1.887s] Level 1:colcon.colcon_core.environment:checking '/home/rpd/Nav2/install/explore_lite/bin'
[1.887s] Level 1:colcon.colcon_core.environment:checking '/home/rpd/Nav2/install/explore_lite/lib/pkgconfig/explore_lite.pc'
[1.888s] Level 1:colcon.colcon_core.environment:checking '/home/rpd/Nav2/install/explore_lite/lib/python3.12/site-packages'
[1.888s] Level 1:colcon.colcon_core.environment:checking '/home/rpd/Nav2/install/explore_lite/bin'
[1.888s] INFO:colcon.colcon_core.shell:Creating package script '/home/rpd/Nav2/install/explore_lite/share/explore_lite/package.ps1'
[1.889s] INFO:colcon.colcon_core.shell:Creating package descriptor '/home/rpd/Nav2/install/explore_lite/share/explore_lite/package.dsv'
[1.890s] INFO:colcon.colcon_core.shell:Creating package script '/home/rpd/Nav2/install/explore_lite/share/explore_lite/package.sh'
[1.891s] INFO:colcon.colcon_core.shell:Creating package script '/home/rpd/Nav2/install/explore_lite/share/explore_lite/package.bash'
[1.891s] INFO:colcon.colcon_core.shell:Creating package script '/home/rpd/Nav2/install/explore_lite/share/explore_lite/package.zsh'
[1.892s] Level 1:colcon.colcon_core.environment:create_file_with_runtime_dependencies(/home/rpd/Nav2/install/explore_lite/share/colcon-core/packages/explore_lite)
[2.147s] DEBUG:colcon.colcon_core.event_handler.log_command:Invoking command in '/home/rpd/Nav2/src/nav2': PYTHONPATH=/home/rpd/Nav2/build/nav2/prefix_override:/usr/lib/python3/dist-packages/colcon_core/task/python/colcon_distutils_commands:/home/rpd/Nav2/install/nav2/lib/python3.12/site-packages:${PYTHONPATH} /usr/bin/python3 -W ignore:setup.py install is deprecated -W ignore:easy_install command is deprecated setup.py egg_info --egg-base ../../build/nav2 build --build-base /home/rpd/Nav2/build/nav2/build install --record /home/rpd/Nav2/build/nav2/install.log --single-version-externally-managed install_data
[2.876s] Level 1:colcon.colcon_core.environment:checking '/home/rpd/Nav2/install/nav2' for CMake module files
[2.877s] DEBUG:colcon.colcon_core.event_handler.log_command:Invoked command in '/home/rpd/Nav2/src/nav2' returned '0': PYTHONPATH=/home/rpd/Nav2/build/nav2/prefix_override:/usr/lib/python3/dist-packages/colcon_core/task/python/colcon_distutils_commands:/home/rpd/Nav2/install/nav2/lib/python3.12/site-packages:${PYTHONPATH} /usr/bin/python3 -W ignore:setup.py install is deprecated -W ignore:easy_install command is deprecated setup.py egg_info --egg-base ../../build/nav2 build --build-base /home/rpd/Nav2/build/nav2/build install --record /home/rpd/Nav2/build/nav2/install.log --single-version-externally-managed install_data
[2.877s] Level 1:colcon.colcon_core.environment:checking '/home/rpd/Nav2/install/nav2' for CMake config files
[2.878s] Level 1:colcon.colcon_core.environment:checking '/home/rpd/Nav2/install/nav2/lib'
[2.878s] Level 1:colcon.colcon_core.environment:checking '/home/rpd/Nav2/install/nav2/bin'
[2.878s] Level 1:colcon.colcon_core.environment:checking '/home/rpd/Nav2/install/nav2/lib/pkgconfig/nav2.pc'
[2.878s] Level 1:colcon.colcon_core.environment:checking '/home/rpd/Nav2/install/nav2/lib/python3.12/site-packages'
[2.878s] Level 1:colcon.colcon_core.shell:create_environment_hook('nav2', 'pythonpath')
[2.879s] INFO:colcon.colcon_core.shell:Creating environment hook '/home/rpd/Nav2/install/nav2/share/nav2/hook/pythonpath.ps1'
[2.879s] INFO:colcon.colcon_core.shell:Creating environment descriptor '/home/rpd/Nav2/install/nav2/share/nav2/hook/pythonpath.dsv'
[2.880s] INFO:colcon.colcon_core.shell:Creating environment hook '/home/rpd/Nav2/install/nav2/share/nav2/hook/pythonpath.sh'
[2.883s] Level 1:colcon.colcon_core.environment:checking '/home/rpd/Nav2/install/nav2/bin'
[2.883s] Level 1:colcon.colcon_core.environment:create_environment_scripts_only(nav2)
[2.884s] INFO:colcon.colcon_core.shell:Creating package script '/home/rpd/Nav2/install/nav2/share/nav2/package.ps1'
[2.885s] INFO:colcon.colcon_core.shell:Creating package descriptor '/home/rpd/Nav2/install/nav2/share/nav2/package.dsv'
[2.886s] INFO:colcon.colcon_core.shell:Creating package script '/home/rpd/Nav2/install/nav2/share/nav2/package.sh'
[2.886s] INFO:colcon.colcon_core.shell:Creating package script '/home/rpd/Nav2/install/nav2/share/nav2/package.bash'
[2.887s] INFO:colcon.colcon_core.shell:Creating package script '/home/rpd/Nav2/install/nav2/share/nav2/package.zsh'
[2.888s] Level 1:colcon.colcon_core.environment:create_file_with_runtime_dependencies(/home/rpd/Nav2/install/nav2/share/colcon-core/packages/nav2)
[2.888s] DEBUG:colcon.colcon_parallel_executor.executor.parallel:closing loop
[2.888s] DEBUG:colcon.colcon_parallel_executor.executor.parallel:loop closed
[2.889s] DEBUG:colcon.colcon_parallel_executor.executor.parallel:run_until_complete finished with '0'
[2.889s] DEBUG:colcon.colcon_core.event_reactor:joining thread
[2.890s] DEBUG:colcon.colcon_core.event_reactor:joined thread
[2.890s] INFO:colcon.colcon_core.shell:Creating prefix script '/home/rpd/Nav2/install/local_setup.ps1'
[2.891s] INFO:colcon.colcon_core.shell:Creating prefix util module '/home/rpd/Nav2/install/_local_setup_util_ps1.py'
[2.893s] INFO:colcon.colcon_core.shell:Creating prefix chain script '/home/rpd/Nav2/install/setup.ps1'
[2.894s] INFO:colcon.colcon_core.shell:Creating prefix script '/home/rpd/Nav2/install/local_setup.sh'
[2.895s] INFO:colcon.colcon_core.shell:Creating prefix util module '/home/rpd/Nav2/install/_local_setup_util_sh.py'
[2.896s] INFO:colcon.colcon_core.shell:Creating prefix chain script '/home/rpd/Nav2/install/setup.sh'
[2.897s] INFO:colcon.colcon_core.shell:Creating prefix script '/home/rpd/Nav2/install/local_setup.bash'
[2.898s] INFO:colcon.colcon_core.shell:Creating prefix chain script '/home/rpd/Nav2/install/setup.bash'
[2.900s] INFO:colcon.colcon_core.shell:Creating prefix script '/home/rpd/Nav2/install/local_setup.zsh'
[2.900s] INFO:colcon.colcon_core.shell:Creating prefix chain script '/home/rpd/Nav2/install/setup.zsh'
