[0.657s] Invoking command in '/home/rpd/Nav2/build/rplidar_ros': CMAKE_PREFIX_PATH=${CMAKE_PREFIX_PATH}:/home/rpd/Nav2/install/nav2:/opt/ros/jazzy /usr/bin/cmake --build /home/rpd/Nav2/build/rplidar_ros -- -j4 -l4
[0.913s] [  5%] Built target rplidar_client
[0.923s] [ 52%] Built target rplidar_composition
[0.928s] [100%] Built target rplidar_node
[0.956s] Invoked command in '/home/rpd/Nav2/build/rplidar_ros' returned '0': CMAKE_PREFIX_PATH=${CMAKE_PREFIX_PATH}:/home/rpd/Nav2/install/nav2:/opt/ros/jazzy /usr/bin/cmake --build /home/rpd/Nav2/build/rplidar_ros -- -j4 -l4
[0.958s] Invoking command in '/home/rpd/Nav2/build/rplidar_ros': CMAKE_PREFIX_PATH=${CMAKE_PREFIX_PATH}:/home/rpd/Nav2/install/nav2:/opt/ros/jazzy /usr/bin/cmake --install /home/rpd/Nav2/build/rplidar_ros
[0.975s] -- Install configuration: ""
[0.975s] -- Up-to-date: /home/rpd/Nav2/install/rplidar_ros/share/rplidar_ros/launch
[0.976s] -- Up-to-date: /home/rpd/Nav2/install/rplidar_ros/share/rplidar_ros/launch/view_rplidar_s2e_launch.py
[0.976s] -- Up-to-date: /home/rpd/Nav2/install/rplidar_ros/share/rplidar_ros/launch/view_rplidar_s3_launch.py
[0.976s] -- Up-to-date: /home/rpd/Nav2/install/rplidar_ros/share/rplidar_ros/launch/rplidar_s2e_launch.py
[0.976s] -- Up-to-date: /home/rpd/Nav2/install/rplidar_ros/share/rplidar_ros/launch/rplidar_a3_launch.py
[0.976s] -- Up-to-date: /home/rpd/Nav2/install/rplidar_ros/share/rplidar_ros/launch/view_rplidar_a1_launch.py
[0.976s] -- Up-to-date: /home/rpd/Nav2/install/rplidar_ros/share/rplidar_ros/launch/view_rplidar_a2m8_launch.py
[0.976s] -- Up-to-date: /home/rpd/Nav2/install/rplidar_ros/share/rplidar_ros/launch/view_rplidar_s1_launch.py
[0.976s] -- Up-to-date: /home/rpd/Nav2/install/rplidar_ros/share/rplidar_ros/launch/view_rplidar_t1_launch.py
[0.976s] -- Up-to-date: /home/rpd/Nav2/install/rplidar_ros/share/rplidar_ros/launch/rplidar_c1_launch.py
[0.977s] -- Up-to-date: /home/rpd/Nav2/install/rplidar_ros/share/rplidar_ros/launch/rplidar_a2m7_launch.py
[0.977s] -- Up-to-date: /home/rpd/Nav2/install/rplidar_ros/share/rplidar_ros/launch/view_rplidar_a2m12_launch.py
[0.977s] -- Up-to-date: /home/rpd/Nav2/install/rplidar_ros/share/rplidar_ros/launch/rplidar_a1_launch.py
[0.977s] -- Up-to-date: /home/rpd/Nav2/install/rplidar_ros/share/rplidar_ros/launch/view_rplidar_s2_launch.py
[0.977s] -- Up-to-date: /home/rpd/Nav2/install/rplidar_ros/share/rplidar_ros/launch/rplidar_a2m8_launch.py
[0.977s] -- Up-to-date: /home/rpd/Nav2/install/rplidar_ros/share/rplidar_ros/launch/view_rplidar_a2m7_launch.py
[0.977s] -- Up-to-date: /home/rpd/Nav2/install/rplidar_ros/share/rplidar_ros/launch/rplidar_t1_launch.py
[0.977s] -- Up-to-date: /home/rpd/Nav2/install/rplidar_ros/share/rplidar_ros/launch/rplidar_a2m12_launch.py
[0.978s] -- Up-to-date: /home/rpd/Nav2/install/rplidar_ros/share/rplidar_ros/launch/view_rplidar_s1_tcp_launch.py
[0.978s] -- Up-to-date: /home/rpd/Nav2/install/rplidar_ros/share/rplidar_ros/launch/view_rplidar_c1_launch.py
[0.978s] -- Up-to-date: /home/rpd/Nav2/install/rplidar_ros/share/rplidar_ros/launch/view_rplidar_a3_launch.py
[0.978s] -- Up-to-date: /home/rpd/Nav2/install/rplidar_ros/share/rplidar_ros/launch/rplidar_s2_launch.py
[0.978s] -- Up-to-date: /home/rpd/Nav2/install/rplidar_ros/share/rplidar_ros/launch/rplidar_s1_launch.py
[0.979s] -- Up-to-date: /home/rpd/Nav2/install/rplidar_ros/share/rplidar_ros/launch/rplidar_s3_launch.py
[0.979s] -- Up-to-date: /home/rpd/Nav2/install/rplidar_ros/share/rplidar_ros/launch/rplidar_s1_tcp_launch.py
[0.979s] -- Up-to-date: /home/rpd/Nav2/install/rplidar_ros/share/rplidar_ros/rviz
[0.979s] -- Up-to-date: /home/rpd/Nav2/install/rplidar_ros/share/rplidar_ros/rviz/rplidar_ros.rviz
[0.979s] -- Up-to-date: /home/rpd/Nav2/install/rplidar_ros/lib/rplidar_ros/rplidar_node
[0.979s] -- Up-to-date: /home/rpd/Nav2/install/rplidar_ros/lib/rplidar_ros/rplidar_composition
[0.979s] -- Up-to-date: /home/rpd/Nav2/install/rplidar_ros/lib/rplidar_ros/rplidar_client
[0.980s] -- Up-to-date: /home/rpd/Nav2/install/rplidar_ros/share/ament_index/resource_index/package_run_dependencies/rplidar_ros
[0.980s] -- Up-to-date: /home/rpd/Nav2/install/rplidar_ros/share/ament_index/resource_index/parent_prefix_path/rplidar_ros
[0.980s] -- Up-to-date: /home/rpd/Nav2/install/rplidar_ros/share/rplidar_ros/environment/ament_prefix_path.sh
[0.980s] -- Up-to-date: /home/rpd/Nav2/install/rplidar_ros/share/rplidar_ros/environment/ament_prefix_path.dsv
[0.980s] -- Up-to-date: /home/rpd/Nav2/install/rplidar_ros/share/rplidar_ros/environment/path.sh
[0.980s] -- Up-to-date: /home/rpd/Nav2/install/rplidar_ros/share/rplidar_ros/environment/path.dsv
[0.980s] -- Up-to-date: /home/rpd/Nav2/install/rplidar_ros/share/rplidar_ros/local_setup.bash
[0.980s] -- Up-to-date: /home/rpd/Nav2/install/rplidar_ros/share/rplidar_ros/local_setup.sh
[0.980s] -- Up-to-date: /home/rpd/Nav2/install/rplidar_ros/share/rplidar_ros/local_setup.zsh
[0.980s] -- Up-to-date: /home/rpd/Nav2/install/rplidar_ros/share/rplidar_ros/local_setup.dsv
[0.981s] -- Installing: /home/rpd/Nav2/install/rplidar_ros/share/rplidar_ros/package.dsv
[0.981s] -- Up-to-date: /home/rpd/Nav2/install/rplidar_ros/share/ament_index/resource_index/packages/rplidar_ros
[0.981s] -- Up-to-date: /home/rpd/Nav2/install/rplidar_ros/share/rplidar_ros/cmake/ament_cmake_export_dependencies-extras.cmake
[0.981s] -- Up-to-date: /home/rpd/Nav2/install/rplidar_ros/share/rplidar_ros/cmake/ament_cmake_export_include_directories-extras.cmake
[0.981s] -- Up-to-date: /home/rpd/Nav2/install/rplidar_ros/share/rplidar_ros/cmake/rplidar_rosConfig.cmake
[0.981s] -- Up-to-date: /home/rpd/Nav2/install/rplidar_ros/share/rplidar_ros/cmake/rplidar_rosConfig-version.cmake
[0.981s] -- Up-to-date: /home/rpd/Nav2/install/rplidar_ros/share/rplidar_ros/package.xml
[0.982s] Invoked command in '/home/rpd/Nav2/build/rplidar_ros' returned '0': CMAKE_PREFIX_PATH=${CMAKE_PREFIX_PATH}:/home/rpd/Nav2/install/nav2:/opt/ros/jazzy /usr/bin/cmake --install /home/rpd/Nav2/build/rplidar_ros
