/home/rpd/Nav2/install/my_robot/lib/python3.12/site-packages/my_robot/laser.py
/home/rpd/Nav2/install/my_robot/lib/python3.12/site-packages/my_robot/odom.py
/home/rpd/Nav2/install/my_robot/lib/python3.12/site-packages/my_robot/__init__.py
/home/rpd/Nav2/install/my_robot/lib/python3.12/site-packages/my_robot/nav2.py
/home/rpd/Nav2/install/my_robot/lib/python3.12/site-packages/my_robot/__pycache__/laser.cpython-312.pyc
/home/rpd/Nav2/install/my_robot/lib/python3.12/site-packages/my_robot/__pycache__/odom.cpython-312.pyc
/home/rpd/Nav2/install/my_robot/lib/python3.12/site-packages/my_robot/__pycache__/__init__.cpython-312.pyc
/home/rpd/Nav2/install/my_robot/lib/python3.12/site-packages/my_robot/__pycache__/nav2.cpython-312.pyc
/home/rpd/Nav2/install/my_robot/share/ament_index/resource_index/packages/my_robot
/home/rpd/Nav2/install/my_robot/share/my_robot/package.xml
/home/rpd/Nav2/install/my_robot/share/my_robot/launch
/home/rpd/Nav2/install/my_robot/lib/python3.12/site-packages/my_robot-0.0.0-py3.12.egg-info/dependency_links.txt
/home/rpd/Nav2/install/my_robot/lib/python3.12/site-packages/my_robot-0.0.0-py3.12.egg-info/entry_points.txt
/home/rpd/Nav2/install/my_robot/lib/python3.12/site-packages/my_robot-0.0.0-py3.12.egg-info/SOURCES.txt
/home/rpd/Nav2/install/my_robot/lib/python3.12/site-packages/my_robot-0.0.0-py3.12.egg-info/zip-safe
/home/rpd/Nav2/install/my_robot/lib/python3.12/site-packages/my_robot-0.0.0-py3.12.egg-info/top_level.txt
/home/rpd/Nav2/install/my_robot/lib/python3.12/site-packages/my_robot-0.0.0-py3.12.egg-info/PKG-INFO
/home/rpd/Nav2/install/my_robot/lib/python3.12/site-packages/my_robot-0.0.0-py3.12.egg-info/requires.txt
/home/rpd/Nav2/install/my_robot/lib/my_robot/laser_node
/home/rpd/Nav2/install/my_robot/lib/my_robot/odom
