[0.531s] Invoking command in '/home/rpd/Nav2/build/rplidar_ros': CMAKE_PREFIX_PATH=${CMAKE_PREFIX_PATH}:/home/rpd/Nav2/install/nav2:/opt/ros/jazzy /usr/bin/cmake --build /home/rpd/Nav2/build/rplidar_ros -- -j4 -l4
[0.949s] [  5%] Built target rplidar_client
[0.970s] [ 52%] Built target rplidar_node
[0.977s] [100%] Built target rplidar_composition
[1.025s] Invoked command in '/home/rpd/Nav2/build/rplidar_ros' returned '0': CMAKE_PREFIX_PATH=${CMAKE_PREFIX_PATH}:/home/rpd/Nav2/install/nav2:/opt/ros/jazzy /usr/bin/cmake --build /home/rpd/Nav2/build/rplidar_ros -- -j4 -l4
[1.060s] Invoking command in '/home/rpd/Nav2/build/rplidar_ros': CMAKE_PREFIX_PATH=${CMAKE_PREFIX_PATH}:/home/rpd/Nav2/install/nav2:/opt/ros/jazzy /usr/bin/cmake --install /home/rpd/Nav2/build/rplidar_ros
[1.088s] -- Install configuration: ""
[1.088s] -- Up-to-date: /home/rpd/Nav2/install/rplidar_ros/share/rplidar_ros/launch
[1.089s] -- Up-to-date: /home/rpd/Nav2/install/rplidar_ros/share/rplidar_ros/launch/view_rplidar_s2e_launch.py
[1.089s] -- Up-to-date: /home/rpd/Nav2/install/rplidar_ros/share/rplidar_ros/launch/view_rplidar_s3_launch.py
[1.089s] -- Up-to-date: /home/rpd/Nav2/install/rplidar_ros/share/rplidar_ros/launch/rplidar_s2e_launch.py
[1.090s] -- Up-to-date: /home/rpd/Nav2/install/rplidar_ros/share/rplidar_ros/launch/rplidar_a3_launch.py
[1.090s] -- Up-to-date: /home/rpd/Nav2/install/rplidar_ros/share/rplidar_ros/launch/view_rplidar_a1_launch.py
[1.092s] -- Up-to-date: /home/rpd/Nav2/install/rplidar_ros/share/rplidar_ros/launch/view_rplidar_a2m8_launch.py
[1.093s] -- Up-to-date: /home/rpd/Nav2/install/rplidar_ros/share/rplidar_ros/launch/view_rplidar_s1_launch.py
[1.093s] -- Up-to-date: /home/rpd/Nav2/install/rplidar_ros/share/rplidar_ros/launch/view_rplidar_t1_launch.py
[1.093s] -- Up-to-date: /home/rpd/Nav2/install/rplidar_ros/share/rplidar_ros/launch/rplidar_c1_launch.py
[1.093s] -- Up-to-date: /home/rpd/Nav2/install/rplidar_ros/share/rplidar_ros/launch/rplidar_a2m7_launch.py
[1.093s] -- Up-to-date: /home/rpd/Nav2/install/rplidar_ros/share/rplidar_ros/launch/view_rplidar_a2m12_launch.py
[1.094s] -- Up-to-date: /home/rpd/Nav2/install/rplidar_ros/share/rplidar_ros/launch/rplidar_a1_launch.py
[1.094s] -- Up-to-date: /home/rpd/Nav2/install/rplidar_ros/share/rplidar_ros/launch/view_rplidar_s2_launch.py
[1.094s] -- Up-to-date: /home/rpd/Nav2/install/rplidar_ros/share/rplidar_ros/launch/rplidar_a2m8_launch.py
[1.094s] -- Up-to-date: /home/rpd/Nav2/install/rplidar_ros/share/rplidar_ros/launch/view_rplidar_a2m7_launch.py
[1.094s] -- Up-to-date: /home/rpd/Nav2/install/rplidar_ros/share/rplidar_ros/launch/rplidar_t1_launch.py
[1.094s] -- Up-to-date: /home/rpd/Nav2/install/rplidar_ros/share/rplidar_ros/launch/rplidar_a2m12_launch.py
[1.094s] -- Up-to-date: /home/rpd/Nav2/install/rplidar_ros/share/rplidar_ros/launch/view_rplidar_s1_tcp_launch.py
[1.094s] -- Up-to-date: /home/rpd/Nav2/install/rplidar_ros/share/rplidar_ros/launch/view_rplidar_c1_launch.py
[1.094s] -- Up-to-date: /home/rpd/Nav2/install/rplidar_ros/share/rplidar_ros/launch/view_rplidar_a3_launch.py
[1.094s] -- Up-to-date: /home/rpd/Nav2/install/rplidar_ros/share/rplidar_ros/launch/rplidar_s2_launch.py
[1.095s] -- Up-to-date: /home/rpd/Nav2/install/rplidar_ros/share/rplidar_ros/launch/rplidar_s1_launch.py
[1.095s] -- Up-to-date: /home/rpd/Nav2/install/rplidar_ros/share/rplidar_ros/launch/rplidar_s3_launch.py
[1.095s] -- Up-to-date: /home/rpd/Nav2/install/rplidar_ros/share/rplidar_ros/launch/rplidar_s1_tcp_launch.py
[1.097s] -- Up-to-date: /home/rpd/Nav2/install/rplidar_ros/share/rplidar_ros/rviz
[1.097s] -- Up-to-date: /home/rpd/Nav2/install/rplidar_ros/share/rplidar_ros/rviz/rplidar_ros.rviz
[1.098s] -- Up-to-date: /home/rpd/Nav2/install/rplidar_ros/lib/rplidar_ros/rplidar_node
[1.098s] -- Up-to-date: /home/rpd/Nav2/install/rplidar_ros/lib/rplidar_ros/rplidar_composition
[1.104s] -- Up-to-date: /home/rpd/Nav2/install/rplidar_ros/lib/rplidar_ros/rplidar_client
[1.107s] -- Up-to-date: /home/rpd/Nav2/install/rplidar_ros/share/ament_index/resource_index/package_run_dependencies/rplidar_ros
[1.107s] -- Up-to-date: /home/rpd/Nav2/install/rplidar_ros/share/ament_index/resource_index/parent_prefix_path/rplidar_ros
[1.108s] -- Up-to-date: /home/rpd/Nav2/install/rplidar_ros/share/rplidar_ros/environment/ament_prefix_path.sh
[1.108s] -- Up-to-date: /home/rpd/Nav2/install/rplidar_ros/share/rplidar_ros/environment/ament_prefix_path.dsv
[1.108s] -- Up-to-date: /home/rpd/Nav2/install/rplidar_ros/share/rplidar_ros/environment/path.sh
[1.108s] -- Up-to-date: /home/rpd/Nav2/install/rplidar_ros/share/rplidar_ros/environment/path.dsv
[1.108s] -- Up-to-date: /home/rpd/Nav2/install/rplidar_ros/share/rplidar_ros/local_setup.bash
[1.108s] -- Up-to-date: /home/rpd/Nav2/install/rplidar_ros/share/rplidar_ros/local_setup.sh
[1.108s] -- Up-to-date: /home/rpd/Nav2/install/rplidar_ros/share/rplidar_ros/local_setup.zsh
[1.109s] -- Up-to-date: /home/rpd/Nav2/install/rplidar_ros/share/rplidar_ros/local_setup.dsv
[1.109s] -- Installing: /home/rpd/Nav2/install/rplidar_ros/share/rplidar_ros/package.dsv
[1.109s] -- Up-to-date: /home/rpd/Nav2/install/rplidar_ros/share/ament_index/resource_index/packages/rplidar_ros
[1.109s] -- Up-to-date: /home/rpd/Nav2/install/rplidar_ros/share/rplidar_ros/cmake/ament_cmake_export_dependencies-extras.cmake
[1.109s] -- Up-to-date: /home/rpd/Nav2/install/rplidar_ros/share/rplidar_ros/cmake/ament_cmake_export_include_directories-extras.cmake
[1.109s] -- Up-to-date: /home/rpd/Nav2/install/rplidar_ros/share/rplidar_ros/cmake/rplidar_rosConfig.cmake
[1.109s] -- Up-to-date: /home/rpd/Nav2/install/rplidar_ros/share/rplidar_ros/cmake/rplidar_rosConfig-version.cmake
[1.109s] -- Up-to-date: /home/rpd/Nav2/install/rplidar_ros/share/rplidar_ros/package.xml
[1.125s] Invoked command in '/home/rpd/Nav2/build/rplidar_ros' returned '0': CMAKE_PREFIX_PATH=${CMAKE_PREFIX_PATH}:/home/rpd/Nav2/install/nav2:/opt/ros/jazzy /usr/bin/cmake --install /home/rpd/Nav2/build/rplidar_ros
