[0.014s] Invoking command in '/home/anirudh/Nav2/build/explore_lite_msgs': CMAKE_PREFIX_PATH=${CMAKE_PREFIX_PATH}:/home/anirudh/omx_ws/install/open_manipulator_teleop:/home/anirudh/omx_ws/install/open_manipulator_bringup:/opt/ros/jazzy DEBUGINFOD_URLS=https://debuginfod.ubuntu.com /usr/bin/cmake /home/anirudh/Nav2/src/m-explore-ros2/explore_lite_msgs -DCMAKE_INSTALL_PREFIX=/home/anirudh/Nav2/install/explore_lite_msgs
[0.111s] -- The C compiler identification is GNU 13.3.0
[0.180s] -- The CXX compiler identification is GNU 13.3.0
[0.197s] -- Detecting C compiler ABI info
[0.279s] -- Detecting C compiler ABI info - done
[0.287s] -- Check for working C compiler: /usr/bin/cc - skipped
[0.287s] -- Detecting C compile features
[0.287s] -- Detecting C compile features - done
[0.295s] -- Detecting CXX compiler ABI info
[0.375s] -- Detecting CXX compiler ABI info - done
[0.382s] -- Check for working CXX compiler: /usr/bin/c++ - skipped
[0.382s] -- Detecting CXX compile features
[0.382s] -- Detecting CXX compile features - done
[0.389s] -- Found ament_cmake: 2.5.4 (/opt/ros/jazzy/share/ament_cmake/cmake)
[0.509s] -- Found Python3: /usr/bin/python3 (found version "3.12.3") found components: Interpreter 
[0.625s] -- Found rosidl_default_generators: 1.6.0 (/opt/ros/jazzy/share/rosidl_default_generators/cmake)
[0.634s] -- Using all available rosidl_typesupport_c: rosidl_typesupport_fastrtps_c;rosidl_typesupport_introspection_c
[0.691s] -- Using all available rosidl_typesupport_cpp: rosidl_typesupport_fastrtps_cpp;rosidl_typesupport_introspection_cpp
[0.737s] -- Found rosidl_adapter: 4.6.6 (/opt/ros/jazzy/share/rosidl_adapter/cmake)
[1.176s] -- Found ament_cmake_ros: 0.12.0 (/opt/ros/jazzy/share/ament_cmake_ros/cmake)
[1.529s] -- Using all available rosidl_typesupport_c: rosidl_typesupport_fastrtps_c;rosidl_typesupport_introspection_c
[2.012s] -- Using all available rosidl_typesupport_cpp: rosidl_typesupport_fastrtps_cpp;rosidl_typesupport_introspection_cpp
[2.018s] -- Found python_cmake_module: 0.11.1 (/opt/ros/jazzy/share/python_cmake_module/cmake)
[2.142s] -- Found PythonExtra: /usr/bin/python3  
[2.566s] -- Found Python3: /usr/bin/python3 (found version "3.12.3") found components: Interpreter Development NumPy Development.Module Development.Embed 
[2.599s] -- Configuring done (2.6s)
[2.618s] -- Generating done (0.0s)
[2.625s] -- Build files have been written to: /home/anirudh/Nav2/build/explore_lite_msgs
[2.631s] Invoked command in '/home/anirudh/Nav2/build/explore_lite_msgs' returned '0': CMAKE_PREFIX_PATH=${CMAKE_PREFIX_PATH}:/home/anirudh/omx_ws/install/open_manipulator_teleop:/home/anirudh/omx_ws/install/open_manipulator_bringup:/opt/ros/jazzy DEBUGINFOD_URLS=https://debuginfod.ubuntu.com /usr/bin/cmake /home/anirudh/Nav2/src/m-explore-ros2/explore_lite_msgs -DCMAKE_INSTALL_PREFIX=/home/anirudh/Nav2/install/explore_lite_msgs
[2.632s] Invoking command in '/home/anirudh/Nav2/build/explore_lite_msgs': CMAKE_PREFIX_PATH=${CMAKE_PREFIX_PATH}:/home/anirudh/omx_ws/install/open_manipulator_teleop:/home/anirudh/omx_ws/install/open_manipulator_bringup:/opt/ros/jazzy DEBUGINFOD_URLS=https://debuginfod.ubuntu.com /usr/bin/cmake --build /home/anirudh/Nav2/build/explore_lite_msgs -- -j20 -l20
[2.692s] [  2%] [34m[1mGenerating type hashes for ROS interfaces[0m
[2.704s] [  2%] Built target ament_cmake_python_copy_explore_lite_msgs
[2.850s] [  2%] Built target explore_lite_msgs__rosidl_generator_type_description
[2.856s] running egg_info
[2.857s] creating explore_lite_msgs.egg-info
[2.859s] [  5%] [34m[1mGenerating C code for ROS interfaces[0m
[2.867s] [  8%] [34m[1mGenerating C++ code for ROS interfaces[0m
[2.870s] writing explore_lite_msgs.egg-info/PKG-INFO
[2.870s] writing dependency_links to explore_lite_msgs.egg-info/dependency_links.txt
[2.870s] writing top-level names to explore_lite_msgs.egg-info/top_level.txt
[2.870s] writing manifest file 'explore_lite_msgs.egg-info/SOURCES.txt'
[2.908s] reading manifest file 'explore_lite_msgs.egg-info/SOURCES.txt'
[2.909s] writing manifest file 'explore_lite_msgs.egg-info/SOURCES.txt'
[2.930s] [  8%] Built target ament_cmake_python_build_explore_lite_msgs_egg
[3.048s] [  8%] Built target explore_lite_msgs__cpp
[3.061s] [ 14%] [32mBuilding C object CMakeFiles/explore_lite_msgs__rosidl_generator_c.dir/rosidl_generator_c/explore_lite_msgs/msg/detail/explore_status__functions.c.o[0m
[3.061s] [ 14%] [32mBuilding C object CMakeFiles/explore_lite_msgs__rosidl_generator_c.dir/rosidl_generator_c/explore_lite_msgs/msg/detail/explore_status__description.c.o[0m
[3.061s] [ 17%] [32mBuilding C object CMakeFiles/explore_lite_msgs__rosidl_generator_c.dir/rosidl_generator_c/explore_lite_msgs/msg/detail/explore_status__type_support.c.o[0m
[3.102s] [ 20%] [32m[1mLinking C shared library libexplore_lite_msgs__rosidl_generator_c.so[0m
[3.138s] [ 20%] Built target explore_lite_msgs__rosidl_generator_c
[3.148s] [ 23%] [34m[1mGenerating C++ type support for eProsima Fast-RTPS[0m
[3.148s] [ 26%] [34m[1mGenerating C type support dispatch for ROS interfaces[0m
[3.148s] [ 29%] [34m[1mGenerating C++ introspection for ROS interfaces[0m
[3.149s] [ 32%] [34m[1mGenerating C++ type support dispatch for ROS interfaces[0m
[3.149s] [ 35%] [34m[1mGenerating C type support for eProsima Fast-RTPS[0m
[3.152s] [ 38%] [34m[1mGenerating C introspection for ROS interfaces[0m
[3.328s] [ 44%] [32mBuilding CXX object CMakeFiles/explore_lite_msgs__rosidl_typesupport_cpp.dir/rosidl_typesupport_cpp/explore_lite_msgs/msg/explore_status__type_support.cpp.o[0m
[3.328s] [ 44%] [32mBuilding CXX object CMakeFiles/explore_lite_msgs__rosidl_typesupport_c.dir/rosidl_typesupport_c/explore_lite_msgs/msg/explore_status__type_support.cpp.o[0m
[3.337s] [ 47%] [32mBuilding CXX object CMakeFiles/explore_lite_msgs__rosidl_typesupport_introspection_cpp.dir/rosidl_typesupport_introspection_cpp/explore_lite_msgs/msg/detail/explore_status__type_support.cpp.o[0m
[3.339s] [ 50%] [32mBuilding C object CMakeFiles/explore_lite_msgs__rosidl_typesupport_introspection_c.dir/rosidl_typesupport_introspection_c/explore_lite_msgs/msg/detail/explore_status__type_support.c.o[0m
[3.349s] [ 52%] [32mBuilding CXX object CMakeFiles/explore_lite_msgs__rosidl_typesupport_fastrtps_c.dir/rosidl_typesupport_fastrtps_c/explore_lite_msgs/msg/detail/explore_status__type_support_c.cpp.o[0m
[3.352s] [ 55%] [32mBuilding CXX object CMakeFiles/explore_lite_msgs__rosidl_typesupport_fastrtps_cpp.dir/rosidl_typesupport_fastrtps_cpp/explore_lite_msgs/msg/detail/dds_fastrtps/explore_status__type_support.cpp.o[0m
[3.365s] [ 58%] [32m[1mLinking CXX shared library libexplore_lite_msgs__rosidl_typesupport_c.so[0m
[3.373s] [ 61%] [32m[1mLinking C shared library libexplore_lite_msgs__rosidl_typesupport_introspection_c.so[0m
[3.397s] [ 61%] Built target explore_lite_msgs__rosidl_typesupport_c
[3.399s] [ 61%] Built target explore_lite_msgs__rosidl_typesupport_introspection_c
[3.533s] [ 64%] [32m[1mLinking CXX shared library libexplore_lite_msgs__rosidl_typesupport_cpp.so[0m
[3.543s] [ 67%] [32m[1mLinking CXX shared library libexplore_lite_msgs__rosidl_typesupport_introspection_cpp.so[0m
[3.568s] [ 67%] Built target explore_lite_msgs__rosidl_typesupport_cpp
[3.596s] [ 67%] Built target explore_lite_msgs__rosidl_typesupport_introspection_cpp
[3.640s] [ 70%] [32m[1mLinking CXX shared library libexplore_lite_msgs__rosidl_typesupport_fastrtps_c.so[0m
[3.641s] [ 73%] [32m[1mLinking CXX shared library libexplore_lite_msgs__rosidl_typesupport_fastrtps_cpp.so[0m
[3.703s] [ 73%] Built target explore_lite_msgs__rosidl_typesupport_fastrtps_c
[3.705s] [ 73%] Built target explore_lite_msgs__rosidl_typesupport_fastrtps_cpp
[3.727s] [ 73%] Built target explore_lite_msgs
[3.757s] [ 76%] [34m[1mGenerating Python code for ROS interfaces[0m
[3.987s] [ 76%] Built target explore_lite_msgs__py
[4.006s] [ 79%] [32mBuilding C object CMakeFiles/explore_lite_msgs__rosidl_generator_py.dir/rosidl_generator_py/explore_lite_msgs/msg/_explore_status_s.c.o[0m
[4.101s] [ 82%] [32m[1mLinking C shared library libexplore_lite_msgs__rosidl_generator_py.so[0m
[4.144s] [ 82%] Built target explore_lite_msgs__rosidl_generator_py
[4.164s] [ 91%] [32mBuilding C object CMakeFiles/explore_lite_msgs_s__rosidl_typesupport_c.dir/rosidl_generator_py/explore_lite_msgs/_explore_lite_msgs_s.ep.rosidl_typesupport_c.c.o[0m
[4.165s] [ 91%] [32mBuilding C object CMakeFiles/explore_lite_msgs_s__rosidl_typesupport_fastrtps_c.dir/rosidl_generator_py/explore_lite_msgs/_explore_lite_msgs_s.ep.rosidl_typesupport_fastrtps_c.c.o[0m
[4.165s] [ 91%] [32mBuilding C object CMakeFiles/explore_lite_msgs_s__rosidl_typesupport_introspection_c.dir/rosidl_generator_py/explore_lite_msgs/_explore_lite_msgs_s.ep.rosidl_typesupport_introspection_c.c.o[0m
[4.228s] [ 94%] [32m[1mLinking C shared module rosidl_generator_py/explore_lite_msgs/explore_lite_msgs_s__rosidl_typesupport_c.so[0m
[4.231s] [ 97%] [32m[1mLinking C shared module rosidl_generator_py/explore_lite_msgs/explore_lite_msgs_s__rosidl_typesupport_introspection_c.so[0m
[4.235s] [100%] [32m[1mLinking C shared module rosidl_generator_py/explore_lite_msgs/explore_lite_msgs_s__rosidl_typesupport_fastrtps_c.so[0m
[4.253s] [100%] Built target explore_lite_msgs_s__rosidl_typesupport_c
[4.255s] [100%] Built target explore_lite_msgs_s__rosidl_typesupport_introspection_c
[4.258s] [100%] Built target explore_lite_msgs_s__rosidl_typesupport_fastrtps_c
[4.266s] Invoked command in '/home/anirudh/Nav2/build/explore_lite_msgs' returned '0': CMAKE_PREFIX_PATH=${CMAKE_PREFIX_PATH}:/home/anirudh/omx_ws/install/open_manipulator_teleop:/home/anirudh/omx_ws/install/open_manipulator_bringup:/opt/ros/jazzy DEBUGINFOD_URLS=https://debuginfod.ubuntu.com /usr/bin/cmake --build /home/anirudh/Nav2/build/explore_lite_msgs -- -j20 -l20
[4.274s] Invoking command in '/home/anirudh/Nav2/build/explore_lite_msgs': CMAKE_PREFIX_PATH=${CMAKE_PREFIX_PATH}:/home/anirudh/omx_ws/install/open_manipulator_teleop:/home/anirudh/omx_ws/install/open_manipulator_bringup:/opt/ros/jazzy DEBUGINFOD_URLS=https://debuginfod.ubuntu.com /usr/bin/cmake --install /home/anirudh/Nav2/build/explore_lite_msgs
[4.281s] -- Install configuration: ""
[4.281s] -- Installing: /home/anirudh/Nav2/install/explore_lite_msgs/share/ament_index/resource_index/rosidl_interfaces/explore_lite_msgs
[4.282s] -- Installing: /home/anirudh/Nav2/install/explore_lite_msgs/share/explore_lite_msgs/msg/ExploreStatus.json
[4.282s] -- Installing: /home/anirudh/Nav2/install/explore_lite_msgs/include/explore_lite_msgs/explore_lite_msgs
[4.282s] -- Installing: /home/anirudh/Nav2/install/explore_lite_msgs/include/explore_lite_msgs/explore_lite_msgs/msg
[4.282s] -- Installing: /home/anirudh/Nav2/install/explore_lite_msgs/include/explore_lite_msgs/explore_lite_msgs/msg/detail
[4.282s] -- Installing: /home/anirudh/Nav2/install/explore_lite_msgs/include/explore_lite_msgs/explore_lite_msgs/msg/detail/explore_status__functions.c
[4.282s] -- Installing: /home/anirudh/Nav2/install/explore_lite_msgs/include/explore_lite_msgs/explore_lite_msgs/msg/detail/explore_status__description.c
[4.282s] -- Installing: /home/anirudh/Nav2/install/explore_lite_msgs/include/explore_lite_msgs/explore_lite_msgs/msg/detail/explore_status__type_support.h
[4.282s] -- Installing: /home/anirudh/Nav2/install/explore_lite_msgs/include/explore_lite_msgs/explore_lite_msgs/msg/detail/explore_status__type_support.c
[4.282s] -- Installing: /home/anirudh/Nav2/install/explore_lite_msgs/include/explore_lite_msgs/explore_lite_msgs/msg/detail/explore_status__struct.h
[4.282s] -- Installing: /home/anirudh/Nav2/install/explore_lite_msgs/include/explore_lite_msgs/explore_lite_msgs/msg/detail/explore_status__functions.h
[4.283s] -- Installing: /home/anirudh/Nav2/install/explore_lite_msgs/include/explore_lite_msgs/explore_lite_msgs/msg/explore_status.h
[4.283s] -- Installing: /home/anirudh/Nav2/install/explore_lite_msgs/include/explore_lite_msgs/explore_lite_msgs/msg/rosidl_generator_c__visibility_control.h
[4.283s] -- Installing: /home/anirudh/Nav2/install/explore_lite_msgs/share/explore_lite_msgs/environment/library_path.sh
[4.283s] -- Installing: /home/anirudh/Nav2/install/explore_lite_msgs/share/explore_lite_msgs/environment/library_path.dsv
[4.283s] -- Installing: /home/anirudh/Nav2/install/explore_lite_msgs/lib/libexplore_lite_msgs__rosidl_generator_c.so
[4.283s] -- Set non-toolchain portion of runtime path of "/home/anirudh/Nav2/install/explore_lite_msgs/lib/libexplore_lite_msgs__rosidl_generator_c.so" to ""
[4.283s] -- Up-to-date: /home/anirudh/Nav2/install/explore_lite_msgs/include/explore_lite_msgs/explore_lite_msgs
[4.283s] -- Up-to-date: /home/anirudh/Nav2/install/explore_lite_msgs/include/explore_lite_msgs/explore_lite_msgs/msg
[4.283s] -- Up-to-date: /home/anirudh/Nav2/install/explore_lite_msgs/include/explore_lite_msgs/explore_lite_msgs/msg/detail
[4.283s] -- Installing: /home/anirudh/Nav2/install/explore_lite_msgs/include/explore_lite_msgs/explore_lite_msgs/msg/detail/explore_status__rosidl_typesupport_fastrtps_c.h
[4.283s] -- Installing: /home/anirudh/Nav2/install/explore_lite_msgs/include/explore_lite_msgs/explore_lite_msgs/msg/rosidl_typesupport_fastrtps_c__visibility_control.h
[4.284s] -- Installing: /home/anirudh/Nav2/install/explore_lite_msgs/lib/libexplore_lite_msgs__rosidl_typesupport_fastrtps_c.so
[4.284s] -- Set non-toolchain portion of runtime path of "/home/anirudh/Nav2/install/explore_lite_msgs/lib/libexplore_lite_msgs__rosidl_typesupport_fastrtps_c.so" to ""
[4.284s] -- Up-to-date: /home/anirudh/Nav2/install/explore_lite_msgs/include/explore_lite_msgs/explore_lite_msgs
[4.284s] -- Up-to-date: /home/anirudh/Nav2/install/explore_lite_msgs/include/explore_lite_msgs/explore_lite_msgs/msg
[4.284s] -- Installing: /home/anirudh/Nav2/install/explore_lite_msgs/include/explore_lite_msgs/explore_lite_msgs/msg/rosidl_typesupport_introspection_c__visibility_control.h
[4.284s] -- Up-to-date: /home/anirudh/Nav2/install/explore_lite_msgs/include/explore_lite_msgs/explore_lite_msgs/msg/detail
[4.284s] -- Installing: /home/anirudh/Nav2/install/explore_lite_msgs/include/explore_lite_msgs/explore_lite_msgs/msg/detail/explore_status__type_support.c
[4.284s] -- Installing: /home/anirudh/Nav2/install/explore_lite_msgs/include/explore_lite_msgs/explore_lite_msgs/msg/detail/explore_status__rosidl_typesupport_introspection_c.h
[4.284s] -- Installing: /home/anirudh/Nav2/install/explore_lite_msgs/lib/libexplore_lite_msgs__rosidl_typesupport_introspection_c.so
[4.284s] -- Set non-toolchain portion of runtime path of "/home/anirudh/Nav2/install/explore_lite_msgs/lib/libexplore_lite_msgs__rosidl_typesupport_introspection_c.so" to ""
[4.284s] -- Installing: /home/anirudh/Nav2/install/explore_lite_msgs/lib/libexplore_lite_msgs__rosidl_typesupport_c.so
[4.284s] -- Set non-toolchain portion of runtime path of "/home/anirudh/Nav2/install/explore_lite_msgs/lib/libexplore_lite_msgs__rosidl_typesupport_c.so" to ""
[4.284s] -- Up-to-date: /home/anirudh/Nav2/install/explore_lite_msgs/include/explore_lite_msgs/explore_lite_msgs
[4.284s] -- Up-to-date: /home/anirudh/Nav2/install/explore_lite_msgs/include/explore_lite_msgs/explore_lite_msgs/msg
[4.284s] -- Up-to-date: /home/anirudh/Nav2/install/explore_lite_msgs/include/explore_lite_msgs/explore_lite_msgs/msg/detail
[4.284s] -- Installing: /home/anirudh/Nav2/install/explore_lite_msgs/include/explore_lite_msgs/explore_lite_msgs/msg/detail/explore_status__builder.hpp
[4.284s] -- Installing: /home/anirudh/Nav2/install/explore_lite_msgs/include/explore_lite_msgs/explore_lite_msgs/msg/detail/explore_status__struct.hpp
[4.284s] -- Installing: /home/anirudh/Nav2/install/explore_lite_msgs/include/explore_lite_msgs/explore_lite_msgs/msg/detail/explore_status__type_support.hpp
[4.285s] -- Installing: /home/anirudh/Nav2/install/explore_lite_msgs/include/explore_lite_msgs/explore_lite_msgs/msg/detail/explore_status__traits.hpp
[4.285s] -- Installing: /home/anirudh/Nav2/install/explore_lite_msgs/include/explore_lite_msgs/explore_lite_msgs/msg/rosidl_generator_cpp__visibility_control.hpp
[4.285s] -- Installing: /home/anirudh/Nav2/install/explore_lite_msgs/include/explore_lite_msgs/explore_lite_msgs/msg/explore_status.hpp
[4.285s] -- Up-to-date: /home/anirudh/Nav2/install/explore_lite_msgs/include/explore_lite_msgs/explore_lite_msgs
[4.285s] -- Up-to-date: /home/anirudh/Nav2/install/explore_lite_msgs/include/explore_lite_msgs/explore_lite_msgs/msg
[4.285s] -- Up-to-date: /home/anirudh/Nav2/install/explore_lite_msgs/include/explore_lite_msgs/explore_lite_msgs/msg/detail
[4.285s] -- Installing: /home/anirudh/Nav2/install/explore_lite_msgs/include/explore_lite_msgs/explore_lite_msgs/msg/detail/dds_fastrtps
[4.285s] -- Installing: /home/anirudh/Nav2/install/explore_lite_msgs/include/explore_lite_msgs/explore_lite_msgs/msg/detail/explore_status__rosidl_typesupport_fastrtps_cpp.hpp
[4.285s] -- Installing: /home/anirudh/Nav2/install/explore_lite_msgs/include/explore_lite_msgs/explore_lite_msgs/msg/rosidl_typesupport_fastrtps_cpp__visibility_control.h
[4.285s] -- Installing: /home/anirudh/Nav2/install/explore_lite_msgs/lib/libexplore_lite_msgs__rosidl_typesupport_fastrtps_cpp.so
[4.285s] -- Set non-toolchain portion of runtime path of "/home/anirudh/Nav2/install/explore_lite_msgs/lib/libexplore_lite_msgs__rosidl_typesupport_fastrtps_cpp.so" to ""
[4.285s] -- Up-to-date: /home/anirudh/Nav2/install/explore_lite_msgs/include/explore_lite_msgs/explore_lite_msgs
[4.285s] -- Up-to-date: /home/anirudh/Nav2/install/explore_lite_msgs/include/explore_lite_msgs/explore_lite_msgs/msg
[4.285s] -- Up-to-date: /home/anirudh/Nav2/install/explore_lite_msgs/include/explore_lite_msgs/explore_lite_msgs/msg/detail
[4.285s] -- Installing: /home/anirudh/Nav2/install/explore_lite_msgs/include/explore_lite_msgs/explore_lite_msgs/msg/detail/explore_status__rosidl_typesupport_introspection_cpp.hpp
[4.285s] -- Installing: /home/anirudh/Nav2/install/explore_lite_msgs/include/explore_lite_msgs/explore_lite_msgs/msg/detail/explore_status__type_support.cpp
[4.285s] -- Installing: /home/anirudh/Nav2/install/explore_lite_msgs/lib/libexplore_lite_msgs__rosidl_typesupport_introspection_cpp.so
[4.285s] -- Set non-toolchain portion of runtime path of "/home/anirudh/Nav2/install/explore_lite_msgs/lib/libexplore_lite_msgs__rosidl_typesupport_introspection_cpp.so" to ""
[4.285s] -- Installing: /home/anirudh/Nav2/install/explore_lite_msgs/lib/libexplore_lite_msgs__rosidl_typesupport_cpp.so
[4.285s] -- Set non-toolchain portion of runtime path of "/home/anirudh/Nav2/install/explore_lite_msgs/lib/libexplore_lite_msgs__rosidl_typesupport_cpp.so" to ""
[4.285s] -- Installing: /home/anirudh/Nav2/install/explore_lite_msgs/share/explore_lite_msgs/environment/pythonpath.sh
[4.285s] -- Installing: /home/anirudh/Nav2/install/explore_lite_msgs/share/explore_lite_msgs/environment/pythonpath.dsv
[4.285s] -- Installing: /home/anirudh/Nav2/install/explore_lite_msgs/lib/python3.12/site-packages/explore_lite_msgs-1.0.0-py3.12.egg-info
[4.285s] -- Installing: /home/anirudh/Nav2/install/explore_lite_msgs/lib/python3.12/site-packages/explore_lite_msgs-1.0.0-py3.12.egg-info/PKG-INFO
[4.285s] -- Installing: /home/anirudh/Nav2/install/explore_lite_msgs/lib/python3.12/site-packages/explore_lite_msgs-1.0.0-py3.12.egg-info/top_level.txt
[4.285s] -- Installing: /home/anirudh/Nav2/install/explore_lite_msgs/lib/python3.12/site-packages/explore_lite_msgs-1.0.0-py3.12.egg-info/SOURCES.txt
[4.285s] -- Installing: /home/anirudh/Nav2/install/explore_lite_msgs/lib/python3.12/site-packages/explore_lite_msgs-1.0.0-py3.12.egg-info/dependency_links.txt
[4.285s] -- Installing: /home/anirudh/Nav2/install/explore_lite_msgs/lib/python3.12/site-packages/explore_lite_msgs
[4.286s] -- Installing: /home/anirudh/Nav2/install/explore_lite_msgs/lib/python3.12/site-packages/explore_lite_msgs/_explore_lite_msgs_s.ep.rosidl_typesupport_c.c
[4.286s] -- Installing: /home/anirudh/Nav2/install/explore_lite_msgs/lib/python3.12/site-packages/explore_lite_msgs/_explore_lite_msgs_s.ep.rosidl_typesupport_introspection_c.c
[4.286s] -- Installing: /home/anirudh/Nav2/install/explore_lite_msgs/lib/python3.12/site-packages/explore_lite_msgs/__init__.py
[4.286s] -- Installing: /home/anirudh/Nav2/install/explore_lite_msgs/lib/python3.12/site-packages/explore_lite_msgs/explore_lite_msgs_s__rosidl_typesupport_introspection_c.so
[4.286s] -- Installing: /home/anirudh/Nav2/install/explore_lite_msgs/lib/python3.12/site-packages/explore_lite_msgs/_explore_lite_msgs_s.ep.rosidl_typesupport_fastrtps_c.c
[4.286s] -- Installing: /home/anirudh/Nav2/install/explore_lite_msgs/lib/python3.12/site-packages/explore_lite_msgs/msg
[4.286s] -- Installing: /home/anirudh/Nav2/install/explore_lite_msgs/lib/python3.12/site-packages/explore_lite_msgs/msg/__init__.py
[4.286s] -- Installing: /home/anirudh/Nav2/install/explore_lite_msgs/lib/python3.12/site-packages/explore_lite_msgs/msg/_explore_status.py
[4.286s] -- Installing: /home/anirudh/Nav2/install/explore_lite_msgs/lib/python3.12/site-packages/explore_lite_msgs/msg/_explore_status_s.c
[4.286s] -- Installing: /home/anirudh/Nav2/install/explore_lite_msgs/lib/python3.12/site-packages/explore_lite_msgs/explore_lite_msgs_s__rosidl_typesupport_c.so
[4.286s] -- Installing: /home/anirudh/Nav2/install/explore_lite_msgs/lib/python3.12/site-packages/explore_lite_msgs/explore_lite_msgs_s__rosidl_typesupport_fastrtps_c.so
[4.313s] Listing '/home/anirudh/Nav2/install/explore_lite_msgs/lib/python3.12/site-packages/explore_lite_msgs'...
[4.313s] Compiling '/home/anirudh/Nav2/install/explore_lite_msgs/lib/python3.12/site-packages/explore_lite_msgs/__init__.py'...
[4.313s] Listing '/home/anirudh/Nav2/install/explore_lite_msgs/lib/python3.12/site-packages/explore_lite_msgs/msg'...
[4.313s] Compiling '/home/anirudh/Nav2/install/explore_lite_msgs/lib/python3.12/site-packages/explore_lite_msgs/msg/__init__.py'...
[4.313s] Compiling '/home/anirudh/Nav2/install/explore_lite_msgs/lib/python3.12/site-packages/explore_lite_msgs/msg/_explore_status.py'...
[4.317s] -- Installing: /home/anirudh/Nav2/install/explore_lite_msgs/lib/python3.12/site-packages/explore_lite_msgs/explore_lite_msgs_s__rosidl_typesupport_fastrtps_c.so
[4.317s] -- Set non-toolchain portion of runtime path of "/home/anirudh/Nav2/install/explore_lite_msgs/lib/python3.12/site-packages/explore_lite_msgs/explore_lite_msgs_s__rosidl_typesupport_fastrtps_c.so" to ""
[4.317s] -- Installing: /home/anirudh/Nav2/install/explore_lite_msgs/lib/python3.12/site-packages/explore_lite_msgs/explore_lite_msgs_s__rosidl_typesupport_introspection_c.so
[4.317s] -- Set non-toolchain portion of runtime path of "/home/anirudh/Nav2/install/explore_lite_msgs/lib/python3.12/site-packages/explore_lite_msgs/explore_lite_msgs_s__rosidl_typesupport_introspection_c.so" to ""
[4.318s] -- Installing: /home/anirudh/Nav2/install/explore_lite_msgs/lib/python3.12/site-packages/explore_lite_msgs/explore_lite_msgs_s__rosidl_typesupport_c.so
[4.318s] -- Set non-toolchain portion of runtime path of "/home/anirudh/Nav2/install/explore_lite_msgs/lib/python3.12/site-packages/explore_lite_msgs/explore_lite_msgs_s__rosidl_typesupport_c.so" to ""
[4.318s] -- Installing: /home/anirudh/Nav2/install/explore_lite_msgs/lib/libexplore_lite_msgs__rosidl_generator_py.so
[4.318s] -- Set non-toolchain portion of runtime path of "/home/anirudh/Nav2/install/explore_lite_msgs/lib/libexplore_lite_msgs__rosidl_generator_py.so" to ""
[4.318s] -- Installing: /home/anirudh/Nav2/install/explore_lite_msgs/share/explore_lite_msgs/msg/ExploreStatus.idl
[4.318s] -- Installing: /home/anirudh/Nav2/install/explore_lite_msgs/share/explore_lite_msgs/msg/ExploreStatus.msg
[4.318s] -- Installing: /home/anirudh/Nav2/install/explore_lite_msgs/share/ament_index/resource_index/package_run_dependencies/explore_lite_msgs
[4.318s] -- Installing: /home/anirudh/Nav2/install/explore_lite_msgs/share/ament_index/resource_index/parent_prefix_path/explore_lite_msgs
[4.318s] -- Installing: /home/anirudh/Nav2/install/explore_lite_msgs/share/explore_lite_msgs/environment/ament_prefix_path.sh
[4.318s] -- Installing: /home/anirudh/Nav2/install/explore_lite_msgs/share/explore_lite_msgs/environment/ament_prefix_path.dsv
[4.318s] -- Installing: /home/anirudh/Nav2/install/explore_lite_msgs/share/explore_lite_msgs/environment/path.sh
[4.318s] -- Installing: /home/anirudh/Nav2/install/explore_lite_msgs/share/explore_lite_msgs/environment/path.dsv
[4.318s] -- Installing: /home/anirudh/Nav2/install/explore_lite_msgs/share/explore_lite_msgs/local_setup.bash
[4.318s] -- Installing: /home/anirudh/Nav2/install/explore_lite_msgs/share/explore_lite_msgs/local_setup.sh
[4.318s] -- Installing: /home/anirudh/Nav2/install/explore_lite_msgs/share/explore_lite_msgs/local_setup.zsh
[4.318s] -- Installing: /home/anirudh/Nav2/install/explore_lite_msgs/share/explore_lite_msgs/local_setup.dsv
[4.319s] -- Installing: /home/anirudh/Nav2/install/explore_lite_msgs/share/explore_lite_msgs/package.dsv
[4.319s] -- Installing: /home/anirudh/Nav2/install/explore_lite_msgs/share/ament_index/resource_index/packages/explore_lite_msgs
[4.319s] -- Installing: /home/anirudh/Nav2/install/explore_lite_msgs/share/explore_lite_msgs/cmake/export_explore_lite_msgs__rosidl_generator_cExport.cmake
[4.319s] -- Installing: /home/anirudh/Nav2/install/explore_lite_msgs/share/explore_lite_msgs/cmake/export_explore_lite_msgs__rosidl_generator_cExport-noconfig.cmake
[4.319s] -- Installing: /home/anirudh/Nav2/install/explore_lite_msgs/share/explore_lite_msgs/cmake/export_explore_lite_msgs__rosidl_typesupport_fastrtps_cExport.cmake
[4.319s] -- Installing: /home/anirudh/Nav2/install/explore_lite_msgs/share/explore_lite_msgs/cmake/export_explore_lite_msgs__rosidl_typesupport_fastrtps_cExport-noconfig.cmake
[4.319s] -- Installing: /home/anirudh/Nav2/install/explore_lite_msgs/share/explore_lite_msgs/cmake/explore_lite_msgs__rosidl_typesupport_introspection_cExport.cmake
[4.319s] -- Installing: /home/anirudh/Nav2/install/explore_lite_msgs/share/explore_lite_msgs/cmake/explore_lite_msgs__rosidl_typesupport_introspection_cExport-noconfig.cmake
[4.319s] -- Installing: /home/anirudh/Nav2/install/explore_lite_msgs/share/explore_lite_msgs/cmake/explore_lite_msgs__rosidl_typesupport_cExport.cmake
[4.319s] -- Installing: /home/anirudh/Nav2/install/explore_lite_msgs/share/explore_lite_msgs/cmake/explore_lite_msgs__rosidl_typesupport_cExport-noconfig.cmake
[4.319s] -- Installing: /home/anirudh/Nav2/install/explore_lite_msgs/share/explore_lite_msgs/cmake/export_explore_lite_msgs__rosidl_generator_cppExport.cmake
[4.319s] -- Installing: /home/anirudh/Nav2/install/explore_lite_msgs/share/explore_lite_msgs/cmake/export_explore_lite_msgs__rosidl_typesupport_fastrtps_cppExport.cmake
[4.319s] -- Installing: /home/anirudh/Nav2/install/explore_lite_msgs/share/explore_lite_msgs/cmake/export_explore_lite_msgs__rosidl_typesupport_fastrtps_cppExport-noconfig.cmake
[4.319s] -- Installing: /home/anirudh/Nav2/install/explore_lite_msgs/share/explore_lite_msgs/cmake/explore_lite_msgs__rosidl_typesupport_introspection_cppExport.cmake
[4.319s] -- Installing: /home/anirudh/Nav2/install/explore_lite_msgs/share/explore_lite_msgs/cmake/explore_lite_msgs__rosidl_typesupport_introspection_cppExport-noconfig.cmake
[4.319s] -- Installing: /home/anirudh/Nav2/install/explore_lite_msgs/share/explore_lite_msgs/cmake/explore_lite_msgs__rosidl_typesupport_cppExport.cmake
[4.320s] -- Installing: /home/anirudh/Nav2/install/explore_lite_msgs/share/explore_lite_msgs/cmake/explore_lite_msgs__rosidl_typesupport_cppExport-noconfig.cmake
[4.320s] -- Installing: /home/anirudh/Nav2/install/explore_lite_msgs/share/explore_lite_msgs/cmake/export_explore_lite_msgs__rosidl_generator_pyExport.cmake
[4.320s] -- Installing: /home/anirudh/Nav2/install/explore_lite_msgs/share/explore_lite_msgs/cmake/export_explore_lite_msgs__rosidl_generator_pyExport-noconfig.cmake
[4.320s] -- Installing: /home/anirudh/Nav2/install/explore_lite_msgs/share/explore_lite_msgs/cmake/rosidl_cmake-extras.cmake
[4.320s] -- Installing: /home/anirudh/Nav2/install/explore_lite_msgs/share/explore_lite_msgs/cmake/ament_cmake_export_include_directories-extras.cmake
[4.320s] -- Installing: /home/anirudh/Nav2/install/explore_lite_msgs/share/explore_lite_msgs/cmake/ament_cmake_export_libraries-extras.cmake
[4.320s] -- Installing: /home/anirudh/Nav2/install/explore_lite_msgs/share/explore_lite_msgs/cmake/ament_cmake_export_targets-extras.cmake
[4.320s] -- Installing: /home/anirudh/Nav2/install/explore_lite_msgs/share/explore_lite_msgs/cmake/rosidl_cmake_export_typesupport_targets-extras.cmake
[4.320s] -- Installing: /home/anirudh/Nav2/install/explore_lite_msgs/share/explore_lite_msgs/cmake/ament_cmake_export_dependencies-extras.cmake
[4.320s] -- Installing: /home/anirudh/Nav2/install/explore_lite_msgs/share/explore_lite_msgs/cmake/rosidl_cmake_export_typesupport_libraries-extras.cmake
[4.320s] -- Installing: /home/anirudh/Nav2/install/explore_lite_msgs/share/explore_lite_msgs/cmake/explore_lite_msgsConfig.cmake
[4.320s] -- Installing: /home/anirudh/Nav2/install/explore_lite_msgs/share/explore_lite_msgs/cmake/explore_lite_msgsConfig-version.cmake
[4.320s] -- Installing: /home/anirudh/Nav2/install/explore_lite_msgs/share/explore_lite_msgs/package.xml
[4.321s] Invoked command in '/home/anirudh/Nav2/build/explore_lite_msgs' returned '0': CMAKE_PREFIX_PATH=${CMAKE_PREFIX_PATH}:/home/anirudh/omx_ws/install/open_manipulator_teleop:/home/anirudh/omx_ws/install/open_manipulator_bringup:/opt/ros/jazzy DEBUGINFOD_URLS=https://debuginfod.ubuntu.com /usr/bin/cmake --install /home/anirudh/Nav2/build/explore_lite_msgs
