[0.047s] Invoking command in '/home/rpd/Nav2/build/multirobot_map_merge': CMAKE_PREFIX_PATH=${CMAKE_PREFIX_PATH}:/opt/ros/jazzy /usr/bin/cmake --build /home/rpd/Nav2/build/multirobot_map_merge -- -j4 -l4
[0.731s] [ 16%] Built target gtest_main
[0.739s] [ 33%] Built target gtest
[0.781s] [ 66%] Built target combine_grids
[0.976s] [ 83%] Built target test_merging_pipeline
[1.210s] [100%] Built target map_merge
[1.236s] Invoked command in '/home/rpd/Nav2/build/multirobot_map_merge' returned '0': CMAKE_PREFIX_PATH=${CMAKE_PREFIX_PATH}:/opt/ros/jazzy /usr/bin/cmake --build /home/rpd/Nav2/build/multirobot_map_merge -- -j4 -l4
[1.243s] Invoking command in '/home/rpd/Nav2/build/multirobot_map_merge': CMAKE_PREFIX_PATH=${CMAKE_PREFIX_PATH}:/opt/ros/jazzy /usr/bin/cmake --install /home/rpd/Nav2/build/multirobot_map_merge
[1.264s] -- Install configuration: ""
[1.268s] -- Up-to-date: /home/rpd/Nav2/install/multirobot_map_merge/include/map_merge/
[1.270s] -- Up-to-date: /home/rpd/Nav2/install/multirobot_map_merge/include/map_merge//ros1_names.hpp
[1.270s] -- Up-to-date: /home/rpd/Nav2/install/multirobot_map_merge/include/map_merge//map_merge.h
[1.273s] -- Up-to-date: /home/rpd/Nav2/install/multirobot_map_merge/share/multirobot_map_merge/launch
[1.282s] -- Up-to-date: /home/rpd/Nav2/install/multirobot_map_merge/share/multirobot_map_merge/launch/map_merge.launch.py
[1.282s] -- Up-to-date: /home/rpd/Nav2/install/multirobot_map_merge/share/multirobot_map_merge/launch/from_map_server.launch.py
[1.282s] -- Up-to-date: /home/rpd/Nav2/install/multirobot_map_merge/share/multirobot_map_merge/launch/tb3_simulation
[1.283s] -- Up-to-date: /home/rpd/Nav2/install/multirobot_map_merge/share/multirobot_map_merge/launch/tb3_simulation/bringup_launch.py
[1.283s] -- Up-to-date: /home/rpd/Nav2/install/multirobot_map_merge/share/multirobot_map_merge/launch/tb3_simulation/worlds
[1.284s] -- Up-to-date: /home/rpd/Nav2/install/multirobot_map_merge/share/multirobot_map_merge/launch/tb3_simulation/worlds/world_only.model
[1.284s] -- Up-to-date: /home/rpd/Nav2/install/multirobot_map_merge/share/multirobot_map_merge/launch/tb3_simulation/multi_tb3_simulation_launch.py
[1.284s] -- Up-to-date: /home/rpd/Nav2/install/multirobot_map_merge/share/multirobot_map_merge/launch/tb3_simulation/config
[1.289s] -- Up-to-date: /home/rpd/Nav2/install/multirobot_map_merge/share/multirobot_map_merge/launch/tb3_simulation/config/nav2_multirobot_params_1.yaml
[1.289s] -- Up-to-date: /home/rpd/Nav2/install/multirobot_map_merge/share/multirobot_map_merge/launch/tb3_simulation/config/nav2_multirobot_params_2.yaml
[1.290s] -- Up-to-date: /home/rpd/Nav2/install/multirobot_map_merge/share/multirobot_map_merge/launch/tb3_simulation/tb3_simulation_launch.py
[1.290s] -- Up-to-date: /home/rpd/Nav2/install/multirobot_map_merge/share/multirobot_map_merge/launch/tb3_simulation/slam_toolbox.py
[1.290s] -- Up-to-date: /home/rpd/Nav2/install/multirobot_map_merge/share/multirobot_map_merge/launch/map_merge.rviz
[1.292s] -- Up-to-date: /home/rpd/Nav2/install/multirobot_map_merge/share/multirobot_map_merge/config
[1.292s] -- Up-to-date: /home/rpd/Nav2/install/multirobot_map_merge/share/multirobot_map_merge/config/params.yaml
[1.292s] -- Up-to-date: /home/rpd/Nav2/install/multirobot_map_merge/lib/libcombine_grids.a
[1.297s] -- Up-to-date: /home/rpd/Nav2/install/multirobot_map_merge/lib/multirobot_map_merge/map_merge
[1.298s] -- Up-to-date: /home/rpd/Nav2/install/multirobot_map_merge/share/multirobot_map_merge/environment/library_path.sh
[1.299s] -- Up-to-date: /home/rpd/Nav2/install/multirobot_map_merge/share/multirobot_map_merge/environment/library_path.dsv
[1.305s] -- Up-to-date: /home/rpd/Nav2/install/multirobot_map_merge/share/ament_index/resource_index/package_run_dependencies/multirobot_map_merge
[1.305s] -- Up-to-date: /home/rpd/Nav2/install/multirobot_map_merge/share/ament_index/resource_index/parent_prefix_path/multirobot_map_merge
[1.306s] -- Up-to-date: /home/rpd/Nav2/install/multirobot_map_merge/share/multirobot_map_merge/environment/ament_prefix_path.sh
[1.306s] -- Up-to-date: /home/rpd/Nav2/install/multirobot_map_merge/share/multirobot_map_merge/environment/ament_prefix_path.dsv
[1.306s] -- Up-to-date: /home/rpd/Nav2/install/multirobot_map_merge/share/multirobot_map_merge/environment/path.sh
[1.306s] -- Up-to-date: /home/rpd/Nav2/install/multirobot_map_merge/share/multirobot_map_merge/environment/path.dsv
[1.307s] -- Up-to-date: /home/rpd/Nav2/install/multirobot_map_merge/share/multirobot_map_merge/local_setup.bash
[1.308s] -- Up-to-date: /home/rpd/Nav2/install/multirobot_map_merge/share/multirobot_map_merge/local_setup.sh
[1.308s] -- Up-to-date: /home/rpd/Nav2/install/multirobot_map_merge/share/multirobot_map_merge/local_setup.zsh
[1.308s] -- Up-to-date: /home/rpd/Nav2/install/multirobot_map_merge/share/multirobot_map_merge/local_setup.dsv
[1.308s] -- Installing: /home/rpd/Nav2/install/multirobot_map_merge/share/multirobot_map_merge/package.dsv
[1.310s] -- Up-to-date: /home/rpd/Nav2/install/multirobot_map_merge/share/ament_index/resource_index/packages/multirobot_map_merge
[1.310s] -- Up-to-date: /home/rpd/Nav2/install/multirobot_map_merge/share/multirobot_map_merge/cmake/ament_cmake_export_include_directories-extras.cmake
[1.310s] -- Up-to-date: /home/rpd/Nav2/install/multirobot_map_merge/share/multirobot_map_merge/cmake/ament_cmake_export_libraries-extras.cmake
[1.312s] -- Up-to-date: /home/rpd/Nav2/install/multirobot_map_merge/share/multirobot_map_merge/cmake/multirobot_map_mergeConfig.cmake
[1.313s] -- Up-to-date: /home/rpd/Nav2/install/multirobot_map_merge/share/multirobot_map_merge/cmake/multirobot_map_mergeConfig-version.cmake
[1.313s] -- Up-to-date: /home/rpd/Nav2/install/multirobot_map_merge/share/multirobot_map_merge/package.xml
[1.319s] Invoked command in '/home/rpd/Nav2/build/multirobot_map_merge' returned '0': CMAKE_PREFIX_PATH=${CMAKE_PREFIX_PATH}:/opt/ros/jazzy /usr/bin/cmake --install /home/rpd/Nav2/build/multirobot_map_merge
