[0.008s] Invoking command in '/home/anirudh/Nav2/build/explore_lite': AMENT_PREFIX_PATH=/home/anirudh/Nav2/install/explore_lite_msgs:${AMENT_PREFIX_PATH} CMAKE_PREFIX_PATH=/home/anirudh/Nav2/install/explore_lite_msgs:/opt/ros/jazzy/opt/gz_sim_vendor:/opt/ros/jazzy/opt/gz_sensors_vendor:/opt/ros/jazzy/opt/gz_physics_vendor:/opt/ros/jazzy/opt/sdformat_vendor:/opt/ros/jazzy/opt/gz_gui_vendor:/opt/ros/jazzy/opt/gz_transport_vendor:/opt/ros/jazzy/opt/gz_rendering_vendor:/opt/ros/jazzy/opt/gz_plugin_vendor:/opt/ros/jazzy/opt/gz_fuel_tools_vendor:/opt/ros/jazzy/opt/gz_msgs_vendor:/opt/ros/jazzy/opt/gz_common_vendor:/opt/ros/jazzy/opt/gz_math_vendor:/opt/ros/jazzy/opt/gz_utils_vendor:/opt/ros/jazzy/opt/gz_tools_vendor:/opt/ros/jazzy/opt/gz_ogre_next_vendor:/opt/ros/jazzy/opt/gz_dartsim_vendor:/opt/ros/jazzy/opt/gz_cmake_vendor:/opt/ros/jazzy DEBUGINFOD_URLS=https://debuginfod.ubuntu.com LD_LIBRARY_PATH=/home/anirudh/Nav2/install/explore_lite_msgs/lib:${LD_LIBRARY_PATH} PYTHONPATH=/home/anirudh/Nav2/install/explore_lite_msgs/lib/python3.12/site-packages:${PYTHONPATH} /usr/bin/cmake --build /home/anirudh/Nav2/build/explore_lite -- -j20 -l20
[0.056s] [ 20%] Built target gtest
[0.056s] [ 40%] Built target gtest_main
[0.073s] [ 80%] Built target explore
[0.078s] [100%] Built target test_explore
[0.089s] Invoked command in '/home/anirudh/Nav2/build/explore_lite' returned '0': AMENT_PREFIX_PATH=/home/anirudh/Nav2/install/explore_lite_msgs:${AMENT_PREFIX_PATH} CMAKE_PREFIX_PATH=/home/anirudh/Nav2/install/explore_lite_msgs:/opt/ros/jazzy/opt/gz_sim_vendor:/opt/ros/jazzy/opt/gz_sensors_vendor:/opt/ros/jazzy/opt/gz_physics_vendor:/opt/ros/jazzy/opt/sdformat_vendor:/opt/ros/jazzy/opt/gz_gui_vendor:/opt/ros/jazzy/opt/gz_transport_vendor:/opt/ros/jazzy/opt/gz_rendering_vendor:/opt/ros/jazzy/opt/gz_plugin_vendor:/opt/ros/jazzy/opt/gz_fuel_tools_vendor:/opt/ros/jazzy/opt/gz_msgs_vendor:/opt/ros/jazzy/opt/gz_common_vendor:/opt/ros/jazzy/opt/gz_math_vendor:/opt/ros/jazzy/opt/gz_utils_vendor:/opt/ros/jazzy/opt/gz_tools_vendor:/opt/ros/jazzy/opt/gz_ogre_next_vendor:/opt/ros/jazzy/opt/gz_dartsim_vendor:/opt/ros/jazzy/opt/gz_cmake_vendor:/opt/ros/jazzy DEBUGINFOD_URLS=https://debuginfod.ubuntu.com LD_LIBRARY_PATH=/home/anirudh/Nav2/install/explore_lite_msgs/lib:${LD_LIBRARY_PATH} PYTHONPATH=/home/anirudh/Nav2/install/explore_lite_msgs/lib/python3.12/site-packages:${PYTHONPATH} /usr/bin/cmake --build /home/anirudh/Nav2/build/explore_lite -- -j20 -l20
[0.090s] Invoking command in '/home/anirudh/Nav2/build/explore_lite': AMENT_PREFIX_PATH=/home/anirudh/Nav2/install/explore_lite_msgs:${AMENT_PREFIX_PATH} CMAKE_PREFIX_PATH=/home/anirudh/Nav2/install/explore_lite_msgs:/opt/ros/jazzy/opt/gz_sim_vendor:/opt/ros/jazzy/opt/gz_sensors_vendor:/opt/ros/jazzy/opt/gz_physics_vendor:/opt/ros/jazzy/opt/sdformat_vendor:/opt/ros/jazzy/opt/gz_gui_vendor:/opt/ros/jazzy/opt/gz_transport_vendor:/opt/ros/jazzy/opt/gz_rendering_vendor:/opt/ros/jazzy/opt/gz_plugin_vendor:/opt/ros/jazzy/opt/gz_fuel_tools_vendor:/opt/ros/jazzy/opt/gz_msgs_vendor:/opt/ros/jazzy/opt/gz_common_vendor:/opt/ros/jazzy/opt/gz_math_vendor:/opt/ros/jazzy/opt/gz_utils_vendor:/opt/ros/jazzy/opt/gz_tools_vendor:/opt/ros/jazzy/opt/gz_ogre_next_vendor:/opt/ros/jazzy/opt/gz_dartsim_vendor:/opt/ros/jazzy/opt/gz_cmake_vendor:/opt/ros/jazzy DEBUGINFOD_URLS=https://debuginfod.ubuntu.com LD_LIBRARY_PATH=/home/anirudh/Nav2/install/explore_lite_msgs/lib:${LD_LIBRARY_PATH} PYTHONPATH=/home/anirudh/Nav2/install/explore_lite_msgs/lib/python3.12/site-packages:${PYTHONPATH} /usr/bin/cmake --install /home/anirudh/Nav2/build/explore_lite
[0.099s] -- Install configuration: ""
[0.099s] -- Up-to-date: /home/anirudh/Nav2/install/explore_lite/include/explore/
[0.099s] -- Up-to-date: /home/anirudh/Nav2/install/explore_lite/include/explore//explore.h
[0.100s] -- Up-to-date: /home/anirudh/Nav2/install/explore_lite/include/explore//costmap_client.h
[0.100s] -- Up-to-date: /home/anirudh/Nav2/install/explore_lite/include/explore//frontier_search.h
[0.100s] -- Up-to-date: /home/anirudh/Nav2/install/explore_lite/include/explore//costmap_tools.h
[0.100s] -- Up-to-date: /home/anirudh/Nav2/install/explore_lite/share/explore_lite/config
[0.100s] -- Up-to-date: /home/anirudh/Nav2/install/explore_lite/share/explore_lite/config/params_costmap.yaml
[0.100s] -- Up-to-date: /home/anirudh/Nav2/install/explore_lite/share/explore_lite/config/params.yaml
[0.100s] -- Up-to-date: /home/anirudh/Nav2/install/explore_lite/share/explore_lite/launch
[0.100s] -- Up-to-date: /home/anirudh/Nav2/install/explore_lite/share/explore_lite/launch/explore.launch.py
[0.100s] -- Up-to-date: /home/anirudh/Nav2/install/explore_lite/lib/explore_lite/explore
[0.100s] -- Up-to-date: /home/anirudh/Nav2/install/explore_lite/share/ament_index/resource_index/package_run_dependencies/explore_lite
[0.101s] -- Up-to-date: /home/anirudh/Nav2/install/explore_lite/share/ament_index/resource_index/parent_prefix_path/explore_lite
[0.101s] -- Up-to-date: /home/anirudh/Nav2/install/explore_lite/share/explore_lite/environment/ament_prefix_path.sh
[0.101s] -- Up-to-date: /home/anirudh/Nav2/install/explore_lite/share/explore_lite/environment/ament_prefix_path.dsv
[0.102s] -- Up-to-date: /home/anirudh/Nav2/install/explore_lite/share/explore_lite/environment/path.sh
[0.102s] -- Up-to-date: /home/anirudh/Nav2/install/explore_lite/share/explore_lite/environment/path.dsv
[0.102s] -- Up-to-date: /home/anirudh/Nav2/install/explore_lite/share/explore_lite/local_setup.bash
[0.102s] -- Up-to-date: /home/anirudh/Nav2/install/explore_lite/share/explore_lite/local_setup.sh
[0.102s] -- Up-to-date: /home/anirudh/Nav2/install/explore_lite/share/explore_lite/local_setup.zsh
[0.103s] -- Up-to-date: /home/anirudh/Nav2/install/explore_lite/share/explore_lite/local_setup.dsv
[0.103s] -- Installing: /home/anirudh/Nav2/install/explore_lite/share/explore_lite/package.dsv
[0.103s] -- Up-to-date: /home/anirudh/Nav2/install/explore_lite/share/ament_index/resource_index/packages/explore_lite
[0.103s] -- Up-to-date: /home/anirudh/Nav2/install/explore_lite/share/explore_lite/cmake/ament_cmake_export_dependencies-extras.cmake
[0.103s] -- Up-to-date: /home/anirudh/Nav2/install/explore_lite/share/explore_lite/cmake/ament_cmake_export_include_directories-extras.cmake
[0.103s] -- Up-to-date: /home/anirudh/Nav2/install/explore_lite/share/explore_lite/cmake/explore_liteConfig.cmake
[0.103s] -- Up-to-date: /home/anirudh/Nav2/install/explore_lite/share/explore_lite/cmake/explore_liteConfig-version.cmake
[0.103s] -- Up-to-date: /home/anirudh/Nav2/install/explore_lite/share/explore_lite/package.xml
[0.103s] Invoked command in '/home/anirudh/Nav2/build/explore_lite' returned '0': AMENT_PREFIX_PATH=/home/anirudh/Nav2/install/explore_lite_msgs:${AMENT_PREFIX_PATH} CMAKE_PREFIX_PATH=/home/anirudh/Nav2/install/explore_lite_msgs:/opt/ros/jazzy/opt/gz_sim_vendor:/opt/ros/jazzy/opt/gz_sensors_vendor:/opt/ros/jazzy/opt/gz_physics_vendor:/opt/ros/jazzy/opt/sdformat_vendor:/opt/ros/jazzy/opt/gz_gui_vendor:/opt/ros/jazzy/opt/gz_transport_vendor:/opt/ros/jazzy/opt/gz_rendering_vendor:/opt/ros/jazzy/opt/gz_plugin_vendor:/opt/ros/jazzy/opt/gz_fuel_tools_vendor:/opt/ros/jazzy/opt/gz_msgs_vendor:/opt/ros/jazzy/opt/gz_common_vendor:/opt/ros/jazzy/opt/gz_math_vendor:/opt/ros/jazzy/opt/gz_utils_vendor:/opt/ros/jazzy/opt/gz_tools_vendor:/opt/ros/jazzy/opt/gz_ogre_next_vendor:/opt/ros/jazzy/opt/gz_dartsim_vendor:/opt/ros/jazzy/opt/gz_cmake_vendor:/opt/ros/jazzy DEBUGINFOD_URLS=https://debuginfod.ubuntu.com LD_LIBRARY_PATH=/home/anirudh/Nav2/install/explore_lite_msgs/lib:${LD_LIBRARY_PATH} PYTHONPATH=/home/anirudh/Nav2/install/explore_lite_msgs/lib/python3.12/site-packages:${PYTHONPATH} /usr/bin/cmake --install /home/anirudh/Nav2/build/explore_lite
