[0.016s] Invoking command in '/home/anirudh/Nav2/build/explore_lite_msgs': CMAKE_PREFIX_PATH=${CMAKE_PREFIX_PATH}:/opt/ros/jazzy DEBUGINFOD_URLS=https://debuginfod.ubuntu.com /usr/bin/cmake /home/anirudh/Nav2/src/m-explore-ros2/explore_lite_msgs -DCMAKE_INSTALL_PREFIX=/home/anirudh/Nav2/install/explore_lite_msgs
[0.171s] -- The C compiler identification is GNU 13.3.0
[0.171s] -- The CXX compiler identification is GNU 13.3.0
[0.171s] -- Detecting C compiler ABI info
[0.192s] -- Detecting C compiler ABI info - done
[0.198s] -- Check for working C compiler: /usr/bin/cc - skipped
[0.198s] -- Detecting C compile features
[0.198s] -- Detecting C compile features - done
[0.206s] -- Detecting CXX compiler ABI info
[0.300s] -- Detecting CXX compiler ABI info - done
[0.310s] -- Check for working CXX compiler: /usr/bin/c++ - skipped
[0.310s] -- Detecting CXX compile features
[0.310s] -- Detecting CXX compile features - done
[0.313s] -- Found ament_cmake: 2.5.4 (/opt/ros/jazzy/share/ament_cmake/cmake)
[0.442s] -- Found Python3: /usr/bin/python3 (found version "3.12.3") found components: Interpreter 
[0.547s] -- Found rosidl_default_generators: 1.6.0 (/opt/ros/jazzy/share/rosidl_default_generators/cmake)
[0.554s] -- Using all available rosidl_typesupport_c: rosidl_typesupport_fastrtps_c;rosidl_typesupport_introspection_c
[0.607s] -- Using all available rosidl_typesupport_cpp: rosidl_typesupport_fastrtps_cpp;rosidl_typesupport_introspection_cpp
[0.650s] -- Found rosidl_adapter: 4.6.6 (/opt/ros/jazzy/share/rosidl_adapter/cmake)
[1.126s] -- Found ament_cmake_ros: 0.12.0 (/opt/ros/jazzy/share/ament_cmake_ros/cmake)
[1.547s] -- Using all available rosidl_typesupport_c: rosidl_typesupport_fastrtps_c;rosidl_typesupport_introspection_c
[2.333s] -- Using all available rosidl_typesupport_cpp: rosidl_typesupport_fastrtps_cpp;rosidl_typesupport_introspection_cpp
[2.338s] -- Found python_cmake_module: 0.11.1 (/opt/ros/jazzy/share/python_cmake_module/cmake)
[2.483s] -- Found PythonExtra: /usr/bin/python3  
[2.904s] -- Found Python3: /usr/bin/python3 (found version "3.12.3") found components: Interpreter Development NumPy Development.Module Development.Embed 
[2.940s] -- Configuring done (2.9s)
[2.959s] -- Generating done (0.0s)
[2.966s] -- Build files have been written to: /home/anirudh/Nav2/build/explore_lite_msgs
[2.972s] Invoked command in '/home/anirudh/Nav2/build/explore_lite_msgs' returned '0': CMAKE_PREFIX_PATH=${CMAKE_PREFIX_PATH}:/opt/ros/jazzy DEBUGINFOD_URLS=https://debuginfod.ubuntu.com /usr/bin/cmake /home/anirudh/Nav2/src/m-explore-ros2/explore_lite_msgs -DCMAKE_INSTALL_PREFIX=/home/anirudh/Nav2/install/explore_lite_msgs
[2.973s] Invoking command in '/home/anirudh/Nav2/build/explore_lite_msgs': CMAKE_PREFIX_PATH=${CMAKE_PREFIX_PATH}:/opt/ros/jazzy DEBUGINFOD_URLS=https://debuginfod.ubuntu.com /usr/bin/cmake --build /home/anirudh/Nav2/build/explore_lite_msgs -- -j20 -l20
[3.027s] [  2%] [34m[1mGenerating type hashes for ROS interfaces[0m
[3.035s] [  2%] Built target ament_cmake_python_copy_explore_lite_msgs
[3.193s] running egg_info
[3.194s] creating explore_lite_msgs.egg-info
[3.205s] [  2%] Built target explore_lite_msgs__rosidl_generator_type_description
[3.207s] writing explore_lite_msgs.egg-info/PKG-INFO
[3.207s] writing dependency_links to explore_lite_msgs.egg-info/dependency_links.txt
[3.207s] writing top-level names to explore_lite_msgs.egg-info/top_level.txt
[3.208s] writing manifest file 'explore_lite_msgs.egg-info/SOURCES.txt'
[3.217s] [  5%] [34m[1mGenerating C code for ROS interfaces[0m
[3.229s] [  8%] [34m[1mGenerating C++ code for ROS interfaces[0m
[3.248s] reading manifest file 'explore_lite_msgs.egg-info/SOURCES.txt'
[3.248s] writing manifest file 'explore_lite_msgs.egg-info/SOURCES.txt'
[3.272s] [  8%] Built target ament_cmake_python_build_explore_lite_msgs_egg
[3.434s] [ 11%] [32mBuilding C object CMakeFiles/explore_lite_msgs__rosidl_generator_c.dir/rosidl_generator_c/explore_lite_msgs/msg/detail/explore_status__type_support.c.o[0m
[3.435s] [ 17%] [32mBuilding C object CMakeFiles/explore_lite_msgs__rosidl_generator_c.dir/rosidl_generator_c/explore_lite_msgs/msg/detail/explore_status__functions.c.o[0m
[3.435s] [ 17%] [32mBuilding C object CMakeFiles/explore_lite_msgs__rosidl_generator_c.dir/rosidl_generator_c/explore_lite_msgs/msg/detail/explore_status__description.c.o[0m
[3.444s] [ 17%] Built target explore_lite_msgs__cpp
[3.474s] [ 20%] [32m[1mLinking C shared library libexplore_lite_msgs__rosidl_generator_c.so[0m
[3.513s] [ 20%] Built target explore_lite_msgs__rosidl_generator_c
[3.522s] [ 29%] [34m[1mGenerating C introspection for ROS interfaces[0m
[3.522s] [ 29%] [34m[1mGenerating C type support dispatch for ROS interfaces[0m
[3.522s] [ 29%] [34m[1mGenerating C type support for eProsima Fast-RTPS[0m
[3.524s] [ 38%] [34m[1mGenerating C++ type support dispatch for ROS interfaces[0m
[3.525s] [ 38%] [34m[1mGenerating C++ type support for eProsima Fast-RTPS[0m
[3.525s] [ 38%] [34m[1mGenerating C++ introspection for ROS interfaces[0m
[3.716s] [ 41%] [32mBuilding C object CMakeFiles/explore_lite_msgs__rosidl_typesupport_introspection_c.dir/rosidl_typesupport_introspection_c/explore_lite_msgs/msg/detail/explore_status__type_support.c.o[0m
[3.734s] [ 44%] [32mBuilding CXX object CMakeFiles/explore_lite_msgs__rosidl_typesupport_cpp.dir/rosidl_typesupport_cpp/explore_lite_msgs/msg/explore_status__type_support.cpp.o[0m
[3.746s] [ 47%] [32mBuilding CXX object CMakeFiles/explore_lite_msgs__rosidl_typesupport_c.dir/rosidl_typesupport_c/explore_lite_msgs/msg/explore_status__type_support.cpp.o[0m
[3.753s] [ 50%] [32m[1mLinking C shared library libexplore_lite_msgs__rosidl_typesupport_introspection_c.so[0m
[3.757s] [ 52%] [32mBuilding CXX object CMakeFiles/explore_lite_msgs__rosidl_typesupport_fastrtps_c.dir/rosidl_typesupport_fastrtps_c/explore_lite_msgs/msg/detail/explore_status__type_support_c.cpp.o[0m
[3.778s] [ 52%] Built target explore_lite_msgs__rosidl_typesupport_introspection_c
[3.789s] [ 55%] [32m[1mLinking CXX shared library libexplore_lite_msgs__rosidl_typesupport_c.so[0m
[3.791s] [ 58%] [32mBuilding CXX object CMakeFiles/explore_lite_msgs__rosidl_typesupport_fastrtps_cpp.dir/rosidl_typesupport_fastrtps_cpp/explore_lite_msgs/msg/detail/dds_fastrtps/explore_status__type_support.cpp.o[0m
[3.822s] [ 61%] [32mBuilding CXX object CMakeFiles/explore_lite_msgs__rosidl_typesupport_introspection_cpp.dir/rosidl_typesupport_introspection_cpp/explore_lite_msgs/msg/detail/explore_status__type_support.cpp.o[0m
[3.833s] [ 61%] Built target explore_lite_msgs__rosidl_typesupport_c
[3.929s] [ 64%] [32m[1mLinking CXX shared library libexplore_lite_msgs__rosidl_typesupport_cpp.so[0m
[3.972s] [ 64%] Built target explore_lite_msgs__rosidl_typesupport_cpp
[4.055s] [ 67%] [32m[1mLinking CXX shared library libexplore_lite_msgs__rosidl_typesupport_introspection_cpp.so[0m
[4.056s] [ 70%] [32m[1mLinking CXX shared library libexplore_lite_msgs__rosidl_typesupport_fastrtps_c.so[0m
[4.086s] [ 73%] [32m[1mLinking CXX shared library libexplore_lite_msgs__rosidl_typesupport_fastrtps_cpp.so[0m
[4.108s] [ 73%] Built target explore_lite_msgs__rosidl_typesupport_introspection_cpp
[4.132s] [ 73%] Built target explore_lite_msgs__rosidl_typesupport_fastrtps_c
[4.149s] [ 73%] Built target explore_lite_msgs__rosidl_typesupport_fastrtps_cpp
[4.171s] [ 73%] Built target explore_lite_msgs
[4.191s] [ 76%] [34m[1mGenerating Python code for ROS interfaces[0m
[4.421s] [ 76%] Built target explore_lite_msgs__py
[4.443s] [ 79%] [32mBuilding C object CMakeFiles/explore_lite_msgs__rosidl_generator_py.dir/rosidl_generator_py/explore_lite_msgs/msg/_explore_status_s.c.o[0m
[4.538s] [ 82%] [32m[1mLinking C shared library libexplore_lite_msgs__rosidl_generator_py.so[0m
[4.577s] [ 82%] Built target explore_lite_msgs__rosidl_generator_py
[4.597s] [ 85%] [32mBuilding C object CMakeFiles/explore_lite_msgs_s__rosidl_typesupport_c.dir/rosidl_generator_py/explore_lite_msgs/_explore_lite_msgs_s.ep.rosidl_typesupport_c.c.o[0m
[4.598s] [ 88%] [32mBuilding C object CMakeFiles/explore_lite_msgs_s__rosidl_typesupport_introspection_c.dir/rosidl_generator_py/explore_lite_msgs/_explore_lite_msgs_s.ep.rosidl_typesupport_introspection_c.c.o[0m
[4.598s] [ 91%] [32mBuilding C object CMakeFiles/explore_lite_msgs_s__rosidl_typesupport_fastrtps_c.dir/rosidl_generator_py/explore_lite_msgs/_explore_lite_msgs_s.ep.rosidl_typesupport_fastrtps_c.c.o[0m
[4.666s] [ 97%] [32m[1mLinking C shared module rosidl_generator_py/explore_lite_msgs/explore_lite_msgs_s__rosidl_typesupport_introspection_c.so[0m
[4.666s] [ 97%] [32m[1mLinking C shared module rosidl_generator_py/explore_lite_msgs/explore_lite_msgs_s__rosidl_typesupport_c.so[0m
[4.696s] [ 97%] Built target explore_lite_msgs_s__rosidl_typesupport_introspection_c
[4.696s] [ 97%] Built target explore_lite_msgs_s__rosidl_typesupport_c
[4.702s] [100%] [32m[1mLinking C shared module rosidl_generator_py/explore_lite_msgs/explore_lite_msgs_s__rosidl_typesupport_fastrtps_c.so[0m
[4.732s] [100%] Built target explore_lite_msgs_s__rosidl_typesupport_fastrtps_c
[4.743s] Invoked command in '/home/anirudh/Nav2/build/explore_lite_msgs' returned '0': CMAKE_PREFIX_PATH=${CMAKE_PREFIX_PATH}:/opt/ros/jazzy DEBUGINFOD_URLS=https://debuginfod.ubuntu.com /usr/bin/cmake --build /home/anirudh/Nav2/build/explore_lite_msgs -- -j20 -l20
[4.755s] Invoking command in '/home/anirudh/Nav2/build/explore_lite_msgs': CMAKE_PREFIX_PATH=${CMAKE_PREFIX_PATH}:/opt/ros/jazzy DEBUGINFOD_URLS=https://debuginfod.ubuntu.com /usr/bin/cmake --install /home/anirudh/Nav2/build/explore_lite_msgs
[4.764s] -- Install configuration: ""
[4.764s] -- Installing: /home/anirudh/Nav2/install/explore_lite_msgs/share/ament_index/resource_index/rosidl_interfaces/explore_lite_msgs
[4.764s] -- Installing: /home/anirudh/Nav2/install/explore_lite_msgs/share/explore_lite_msgs/msg/ExploreStatus.json
[4.764s] -- Installing: /home/anirudh/Nav2/install/explore_lite_msgs/include/explore_lite_msgs/explore_lite_msgs
[4.764s] -- Installing: /home/anirudh/Nav2/install/explore_lite_msgs/include/explore_lite_msgs/explore_lite_msgs/msg
[4.764s] -- Installing: /home/anirudh/Nav2/install/explore_lite_msgs/include/explore_lite_msgs/explore_lite_msgs/msg/detail
[4.765s] -- Installing: /home/anirudh/Nav2/install/explore_lite_msgs/include/explore_lite_msgs/explore_lite_msgs/msg/detail/explore_status__functions.c
[4.765s] -- Installing: /home/anirudh/Nav2/install/explore_lite_msgs/include/explore_lite_msgs/explore_lite_msgs/msg/detail/explore_status__description.c
[4.765s] -- Installing: /home/anirudh/Nav2/install/explore_lite_msgs/include/explore_lite_msgs/explore_lite_msgs/msg/detail/explore_status__type_support.h
[4.765s] -- Installing: /home/anirudh/Nav2/install/explore_lite_msgs/include/explore_lite_msgs/explore_lite_msgs/msg/detail/explore_status__type_support.c
[4.765s] -- Installing: /home/anirudh/Nav2/install/explore_lite_msgs/include/explore_lite_msgs/explore_lite_msgs/msg/detail/explore_status__struct.h
[4.765s] -- Installing: /home/anirudh/Nav2/install/explore_lite_msgs/include/explore_lite_msgs/explore_lite_msgs/msg/detail/explore_status__functions.h
[4.765s] -- Installing: /home/anirudh/Nav2/install/explore_lite_msgs/include/explore_lite_msgs/explore_lite_msgs/msg/explore_status.h
[4.765s] -- Installing: /home/anirudh/Nav2/install/explore_lite_msgs/include/explore_lite_msgs/explore_lite_msgs/msg/rosidl_generator_c__visibility_control.h
[4.765s] -- Installing: /home/anirudh/Nav2/install/explore_lite_msgs/share/explore_lite_msgs/environment/library_path.sh
[4.766s] -- Installing: /home/anirudh/Nav2/install/explore_lite_msgs/share/explore_lite_msgs/environment/library_path.dsv
[4.766s] -- Installing: /home/anirudh/Nav2/install/explore_lite_msgs/lib/libexplore_lite_msgs__rosidl_generator_c.so
[4.766s] -- Set non-toolchain portion of runtime path of "/home/anirudh/Nav2/install/explore_lite_msgs/lib/libexplore_lite_msgs__rosidl_generator_c.so" to ""
[4.766s] -- Up-to-date: /home/anirudh/Nav2/install/explore_lite_msgs/include/explore_lite_msgs/explore_lite_msgs
[4.766s] -- Up-to-date: /home/anirudh/Nav2/install/explore_lite_msgs/include/explore_lite_msgs/explore_lite_msgs/msg
[4.766s] -- Up-to-date: /home/anirudh/Nav2/install/explore_lite_msgs/include/explore_lite_msgs/explore_lite_msgs/msg/detail
[4.766s] -- Installing: /home/anirudh/Nav2/install/explore_lite_msgs/include/explore_lite_msgs/explore_lite_msgs/msg/detail/explore_status__rosidl_typesupport_fastrtps_c.h
[4.766s] -- Installing: /home/anirudh/Nav2/install/explore_lite_msgs/include/explore_lite_msgs/explore_lite_msgs/msg/rosidl_typesupport_fastrtps_c__visibility_control.h
[4.766s] -- Installing: /home/anirudh/Nav2/install/explore_lite_msgs/lib/libexplore_lite_msgs__rosidl_typesupport_fastrtps_c.so
[4.767s] -- Set non-toolchain portion of runtime path of "/home/anirudh/Nav2/install/explore_lite_msgs/lib/libexplore_lite_msgs__rosidl_typesupport_fastrtps_c.so" to ""
[4.767s] -- Up-to-date: /home/anirudh/Nav2/install/explore_lite_msgs/include/explore_lite_msgs/explore_lite_msgs
[4.767s] -- Up-to-date: /home/anirudh/Nav2/install/explore_lite_msgs/include/explore_lite_msgs/explore_lite_msgs/msg
[4.767s] -- Installing: /home/anirudh/Nav2/install/explore_lite_msgs/include/explore_lite_msgs/explore_lite_msgs/msg/rosidl_typesupport_introspection_c__visibility_control.h
[4.767s] -- Up-to-date: /home/anirudh/Nav2/install/explore_lite_msgs/include/explore_lite_msgs/explore_lite_msgs/msg/detail
[4.767s] -- Installing: /home/anirudh/Nav2/install/explore_lite_msgs/include/explore_lite_msgs/explore_lite_msgs/msg/detail/explore_status__type_support.c
[4.767s] -- Installing: /home/anirudh/Nav2/install/explore_lite_msgs/include/explore_lite_msgs/explore_lite_msgs/msg/detail/explore_status__rosidl_typesupport_introspection_c.h
[4.767s] -- Installing: /home/anirudh/Nav2/install/explore_lite_msgs/lib/libexplore_lite_msgs__rosidl_typesupport_introspection_c.so
[4.767s] -- Set non-toolchain portion of runtime path of "/home/anirudh/Nav2/install/explore_lite_msgs/lib/libexplore_lite_msgs__rosidl_typesupport_introspection_c.so" to ""
[4.767s] -- Installing: /home/anirudh/Nav2/install/explore_lite_msgs/lib/libexplore_lite_msgs__rosidl_typesupport_c.so
[4.768s] -- Set non-toolchain portion of runtime path of "/home/anirudh/Nav2/install/explore_lite_msgs/lib/libexplore_lite_msgs__rosidl_typesupport_c.so" to ""
[4.768s] -- Up-to-date: /home/anirudh/Nav2/install/explore_lite_msgs/include/explore_lite_msgs/explore_lite_msgs
[4.768s] -- Up-to-date: /home/anirudh/Nav2/install/explore_lite_msgs/include/explore_lite_msgs/explore_lite_msgs/msg
[4.768s] -- Up-to-date: /home/anirudh/Nav2/install/explore_lite_msgs/include/explore_lite_msgs/explore_lite_msgs/msg/detail
[4.768s] -- Installing: /home/anirudh/Nav2/install/explore_lite_msgs/include/explore_lite_msgs/explore_lite_msgs/msg/detail/explore_status__builder.hpp
[4.768s] -- Installing: /home/anirudh/Nav2/install/explore_lite_msgs/include/explore_lite_msgs/explore_lite_msgs/msg/detail/explore_status__struct.hpp
[4.768s] -- Installing: /home/anirudh/Nav2/install/explore_lite_msgs/include/explore_lite_msgs/explore_lite_msgs/msg/detail/explore_status__type_support.hpp
[4.768s] -- Installing: /home/anirudh/Nav2/install/explore_lite_msgs/include/explore_lite_msgs/explore_lite_msgs/msg/detail/explore_status__traits.hpp
[4.768s] -- Installing: /home/anirudh/Nav2/install/explore_lite_msgs/include/explore_lite_msgs/explore_lite_msgs/msg/rosidl_generator_cpp__visibility_control.hpp
[4.768s] -- Installing: /home/anirudh/Nav2/install/explore_lite_msgs/include/explore_lite_msgs/explore_lite_msgs/msg/explore_status.hpp
[4.768s] -- Up-to-date: /home/anirudh/Nav2/install/explore_lite_msgs/include/explore_lite_msgs/explore_lite_msgs
[4.768s] -- Up-to-date: /home/anirudh/Nav2/install/explore_lite_msgs/include/explore_lite_msgs/explore_lite_msgs/msg
[4.768s] -- Up-to-date: /home/anirudh/Nav2/install/explore_lite_msgs/include/explore_lite_msgs/explore_lite_msgs/msg/detail
[4.769s] -- Installing: /home/anirudh/Nav2/install/explore_lite_msgs/include/explore_lite_msgs/explore_lite_msgs/msg/detail/dds_fastrtps
[4.769s] -- Installing: /home/anirudh/Nav2/install/explore_lite_msgs/include/explore_lite_msgs/explore_lite_msgs/msg/detail/explore_status__rosidl_typesupport_fastrtps_cpp.hpp
[4.769s] -- Installing: /home/anirudh/Nav2/install/explore_lite_msgs/include/explore_lite_msgs/explore_lite_msgs/msg/rosidl_typesupport_fastrtps_cpp__visibility_control.h
[4.769s] -- Installing: /home/anirudh/Nav2/install/explore_lite_msgs/lib/libexplore_lite_msgs__rosidl_typesupport_fastrtps_cpp.so
[4.769s] -- Set non-toolchain portion of runtime path of "/home/anirudh/Nav2/install/explore_lite_msgs/lib/libexplore_lite_msgs__rosidl_typesupport_fastrtps_cpp.so" to ""
[4.769s] -- Up-to-date: /home/anirudh/Nav2/install/explore_lite_msgs/include/explore_lite_msgs/explore_lite_msgs
[4.769s] -- Up-to-date: /home/anirudh/Nav2/install/explore_lite_msgs/include/explore_lite_msgs/explore_lite_msgs/msg
[4.769s] -- Up-to-date: /home/anirudh/Nav2/install/explore_lite_msgs/include/explore_lite_msgs/explore_lite_msgs/msg/detail
[4.769s] -- Installing: /home/anirudh/Nav2/install/explore_lite_msgs/include/explore_lite_msgs/explore_lite_msgs/msg/detail/explore_status__rosidl_typesupport_introspection_cpp.hpp
[4.769s] -- Installing: /home/anirudh/Nav2/install/explore_lite_msgs/include/explore_lite_msgs/explore_lite_msgs/msg/detail/explore_status__type_support.cpp
[4.769s] -- Installing: /home/anirudh/Nav2/install/explore_lite_msgs/lib/libexplore_lite_msgs__rosidl_typesupport_introspection_cpp.so
[4.769s] -- Set non-toolchain portion of runtime path of "/home/anirudh/Nav2/install/explore_lite_msgs/lib/libexplore_lite_msgs__rosidl_typesupport_introspection_cpp.so" to ""
[4.769s] -- Installing: /home/anirudh/Nav2/install/explore_lite_msgs/lib/libexplore_lite_msgs__rosidl_typesupport_cpp.so
[4.770s] -- Set non-toolchain portion of runtime path of "/home/anirudh/Nav2/install/explore_lite_msgs/lib/libexplore_lite_msgs__rosidl_typesupport_cpp.so" to ""
[4.770s] -- Installing: /home/anirudh/Nav2/install/explore_lite_msgs/share/explore_lite_msgs/environment/pythonpath.sh
[4.770s] -- Installing: /home/anirudh/Nav2/install/explore_lite_msgs/share/explore_lite_msgs/environment/pythonpath.dsv
[4.770s] -- Installing: /home/anirudh/Nav2/install/explore_lite_msgs/lib/python3.12/site-packages/explore_lite_msgs-1.0.0-py3.12.egg-info
[4.770s] -- Installing: /home/anirudh/Nav2/install/explore_lite_msgs/lib/python3.12/site-packages/explore_lite_msgs-1.0.0-py3.12.egg-info/PKG-INFO
[4.770s] -- Installing: /home/anirudh/Nav2/install/explore_lite_msgs/lib/python3.12/site-packages/explore_lite_msgs-1.0.0-py3.12.egg-info/top_level.txt
[4.770s] -- Installing: /home/anirudh/Nav2/install/explore_lite_msgs/lib/python3.12/site-packages/explore_lite_msgs-1.0.0-py3.12.egg-info/SOURCES.txt
[4.770s] -- Installing: /home/anirudh/Nav2/install/explore_lite_msgs/lib/python3.12/site-packages/explore_lite_msgs-1.0.0-py3.12.egg-info/dependency_links.txt
[4.770s] -- Installing: /home/anirudh/Nav2/install/explore_lite_msgs/lib/python3.12/site-packages/explore_lite_msgs
[4.770s] -- Installing: /home/anirudh/Nav2/install/explore_lite_msgs/lib/python3.12/site-packages/explore_lite_msgs/_explore_lite_msgs_s.ep.rosidl_typesupport_c.c
[4.770s] -- Installing: /home/anirudh/Nav2/install/explore_lite_msgs/lib/python3.12/site-packages/explore_lite_msgs/_explore_lite_msgs_s.ep.rosidl_typesupport_introspection_c.c
[4.770s] -- Installing: /home/anirudh/Nav2/install/explore_lite_msgs/lib/python3.12/site-packages/explore_lite_msgs/__init__.py
[4.770s] -- Installing: /home/anirudh/Nav2/install/explore_lite_msgs/lib/python3.12/site-packages/explore_lite_msgs/explore_lite_msgs_s__rosidl_typesupport_introspection_c.so
[4.770s] -- Installing: /home/anirudh/Nav2/install/explore_lite_msgs/lib/python3.12/site-packages/explore_lite_msgs/_explore_lite_msgs_s.ep.rosidl_typesupport_fastrtps_c.c
[4.771s] -- Installing: /home/anirudh/Nav2/install/explore_lite_msgs/lib/python3.12/site-packages/explore_lite_msgs/msg
[4.771s] -- Installing: /home/anirudh/Nav2/install/explore_lite_msgs/lib/python3.12/site-packages/explore_lite_msgs/msg/__init__.py
[4.771s] -- Installing: /home/anirudh/Nav2/install/explore_lite_msgs/lib/python3.12/site-packages/explore_lite_msgs/msg/_explore_status.py
[4.771s] -- Installing: /home/anirudh/Nav2/install/explore_lite_msgs/lib/python3.12/site-packages/explore_lite_msgs/msg/_explore_status_s.c
[4.771s] -- Installing: /home/anirudh/Nav2/install/explore_lite_msgs/lib/python3.12/site-packages/explore_lite_msgs/explore_lite_msgs_s__rosidl_typesupport_c.so
[4.771s] -- Installing: /home/anirudh/Nav2/install/explore_lite_msgs/lib/python3.12/site-packages/explore_lite_msgs/explore_lite_msgs_s__rosidl_typesupport_fastrtps_c.so
[4.797s] Listing '/home/anirudh/Nav2/install/explore_lite_msgs/lib/python3.12/site-packages/explore_lite_msgs'...
[4.797s] Compiling '/home/anirudh/Nav2/install/explore_lite_msgs/lib/python3.12/site-packages/explore_lite_msgs/__init__.py'...
[4.797s] Listing '/home/anirudh/Nav2/install/explore_lite_msgs/lib/python3.12/site-packages/explore_lite_msgs/msg'...
[4.797s] Compiling '/home/anirudh/Nav2/install/explore_lite_msgs/lib/python3.12/site-packages/explore_lite_msgs/msg/__init__.py'...
[4.797s] Compiling '/home/anirudh/Nav2/install/explore_lite_msgs/lib/python3.12/site-packages/explore_lite_msgs/msg/_explore_status.py'...
[4.801s] -- Installing: /home/anirudh/Nav2/install/explore_lite_msgs/lib/python3.12/site-packages/explore_lite_msgs/explore_lite_msgs_s__rosidl_typesupport_fastrtps_c.so
[4.801s] -- Set non-toolchain portion of runtime path of "/home/anirudh/Nav2/install/explore_lite_msgs/lib/python3.12/site-packages/explore_lite_msgs/explore_lite_msgs_s__rosidl_typesupport_fastrtps_c.so" to ""
[4.801s] -- Installing: /home/anirudh/Nav2/install/explore_lite_msgs/lib/python3.12/site-packages/explore_lite_msgs/explore_lite_msgs_s__rosidl_typesupport_introspection_c.so
[4.802s] -- Set non-toolchain portion of runtime path of "/home/anirudh/Nav2/install/explore_lite_msgs/lib/python3.12/site-packages/explore_lite_msgs/explore_lite_msgs_s__rosidl_typesupport_introspection_c.so" to ""
[4.802s] -- Installing: /home/anirudh/Nav2/install/explore_lite_msgs/lib/python3.12/site-packages/explore_lite_msgs/explore_lite_msgs_s__rosidl_typesupport_c.so
[4.802s] -- Set non-toolchain portion of runtime path of "/home/anirudh/Nav2/install/explore_lite_msgs/lib/python3.12/site-packages/explore_lite_msgs/explore_lite_msgs_s__rosidl_typesupport_c.so" to ""
[4.802s] -- Installing: /home/anirudh/Nav2/install/explore_lite_msgs/lib/libexplore_lite_msgs__rosidl_generator_py.so
[4.802s] -- Set non-toolchain portion of runtime path of "/home/anirudh/Nav2/install/explore_lite_msgs/lib/libexplore_lite_msgs__rosidl_generator_py.so" to ""
[4.802s] -- Installing: /home/anirudh/Nav2/install/explore_lite_msgs/share/explore_lite_msgs/msg/ExploreStatus.idl
[4.802s] -- Installing: /home/anirudh/Nav2/install/explore_lite_msgs/share/explore_lite_msgs/msg/ExploreStatus.msg
[4.802s] -- Installing: /home/anirudh/Nav2/install/explore_lite_msgs/share/ament_index/resource_index/package_run_dependencies/explore_lite_msgs
[4.802s] -- Installing: /home/anirudh/Nav2/install/explore_lite_msgs/share/ament_index/resource_index/parent_prefix_path/explore_lite_msgs
[4.802s] -- Installing: /home/anirudh/Nav2/install/explore_lite_msgs/share/explore_lite_msgs/environment/ament_prefix_path.sh
[4.803s] -- Installing: /home/anirudh/Nav2/install/explore_lite_msgs/share/explore_lite_msgs/environment/ament_prefix_path.dsv
[4.803s] -- Installing: /home/anirudh/Nav2/install/explore_lite_msgs/share/explore_lite_msgs/environment/path.sh
[4.803s] -- Installing: /home/anirudh/Nav2/install/explore_lite_msgs/share/explore_lite_msgs/environment/path.dsv
[4.803s] -- Installing: /home/anirudh/Nav2/install/explore_lite_msgs/share/explore_lite_msgs/local_setup.bash
[4.803s] -- Installing: /home/anirudh/Nav2/install/explore_lite_msgs/share/explore_lite_msgs/local_setup.sh
[4.803s] -- Installing: /home/anirudh/Nav2/install/explore_lite_msgs/share/explore_lite_msgs/local_setup.zsh
[4.803s] -- Installing: /home/anirudh/Nav2/install/explore_lite_msgs/share/explore_lite_msgs/local_setup.dsv
[4.803s] -- Installing: /home/anirudh/Nav2/install/explore_lite_msgs/share/explore_lite_msgs/package.dsv
[4.803s] -- Installing: /home/anirudh/Nav2/install/explore_lite_msgs/share/ament_index/resource_index/packages/explore_lite_msgs
[4.803s] -- Installing: /home/anirudh/Nav2/install/explore_lite_msgs/share/explore_lite_msgs/cmake/export_explore_lite_msgs__rosidl_generator_cExport.cmake
[4.803s] -- Installing: /home/anirudh/Nav2/install/explore_lite_msgs/share/explore_lite_msgs/cmake/export_explore_lite_msgs__rosidl_generator_cExport-noconfig.cmake
[4.803s] -- Installing: /home/anirudh/Nav2/install/explore_lite_msgs/share/explore_lite_msgs/cmake/export_explore_lite_msgs__rosidl_typesupport_fastrtps_cExport.cmake
[4.803s] -- Installing: /home/anirudh/Nav2/install/explore_lite_msgs/share/explore_lite_msgs/cmake/export_explore_lite_msgs__rosidl_typesupport_fastrtps_cExport-noconfig.cmake
[4.804s] -- Installing: /home/anirudh/Nav2/install/explore_lite_msgs/share/explore_lite_msgs/cmake/explore_lite_msgs__rosidl_typesupport_introspection_cExport.cmake
[4.804s] -- Installing: /home/anirudh/Nav2/install/explore_lite_msgs/share/explore_lite_msgs/cmake/explore_lite_msgs__rosidl_typesupport_introspection_cExport-noconfig.cmake
[4.804s] -- Installing: /home/anirudh/Nav2/install/explore_lite_msgs/share/explore_lite_msgs/cmake/explore_lite_msgs__rosidl_typesupport_cExport.cmake
[4.804s] -- Installing: /home/anirudh/Nav2/install/explore_lite_msgs/share/explore_lite_msgs/cmake/explore_lite_msgs__rosidl_typesupport_cExport-noconfig.cmake
[4.804s] -- Installing: /home/anirudh/Nav2/install/explore_lite_msgs/share/explore_lite_msgs/cmake/export_explore_lite_msgs__rosidl_generator_cppExport.cmake
[4.804s] -- Installing: /home/anirudh/Nav2/install/explore_lite_msgs/share/explore_lite_msgs/cmake/export_explore_lite_msgs__rosidl_typesupport_fastrtps_cppExport.cmake
[4.804s] -- Installing: /home/anirudh/Nav2/install/explore_lite_msgs/share/explore_lite_msgs/cmake/export_explore_lite_msgs__rosidl_typesupport_fastrtps_cppExport-noconfig.cmake
[4.804s] -- Installing: /home/anirudh/Nav2/install/explore_lite_msgs/share/explore_lite_msgs/cmake/explore_lite_msgs__rosidl_typesupport_introspection_cppExport.cmake
[4.804s] -- Installing: /home/anirudh/Nav2/install/explore_lite_msgs/share/explore_lite_msgs/cmake/explore_lite_msgs__rosidl_typesupport_introspection_cppExport-noconfig.cmake
[4.804s] -- Installing: /home/anirudh/Nav2/install/explore_lite_msgs/share/explore_lite_msgs/cmake/explore_lite_msgs__rosidl_typesupport_cppExport.cmake
[4.804s] -- Installing: /home/anirudh/Nav2/install/explore_lite_msgs/share/explore_lite_msgs/cmake/explore_lite_msgs__rosidl_typesupport_cppExport-noconfig.cmake
[4.804s] -- Installing: /home/anirudh/Nav2/install/explore_lite_msgs/share/explore_lite_msgs/cmake/export_explore_lite_msgs__rosidl_generator_pyExport.cmake
[4.804s] -- Installing: /home/anirudh/Nav2/install/explore_lite_msgs/share/explore_lite_msgs/cmake/export_explore_lite_msgs__rosidl_generator_pyExport-noconfig.cmake
[4.804s] -- Installing: /home/anirudh/Nav2/install/explore_lite_msgs/share/explore_lite_msgs/cmake/rosidl_cmake-extras.cmake
[4.804s] -- Installing: /home/anirudh/Nav2/install/explore_lite_msgs/share/explore_lite_msgs/cmake/ament_cmake_export_include_directories-extras.cmake
[4.804s] -- Installing: /home/anirudh/Nav2/install/explore_lite_msgs/share/explore_lite_msgs/cmake/ament_cmake_export_libraries-extras.cmake
[4.804s] -- Installing: /home/anirudh/Nav2/install/explore_lite_msgs/share/explore_lite_msgs/cmake/ament_cmake_export_targets-extras.cmake
[4.804s] -- Installing: /home/anirudh/Nav2/install/explore_lite_msgs/share/explore_lite_msgs/cmake/rosidl_cmake_export_typesupport_targets-extras.cmake
[4.804s] -- Installing: /home/anirudh/Nav2/install/explore_lite_msgs/share/explore_lite_msgs/cmake/ament_cmake_export_dependencies-extras.cmake
[4.804s] -- Installing: /home/anirudh/Nav2/install/explore_lite_msgs/share/explore_lite_msgs/cmake/rosidl_cmake_export_typesupport_libraries-extras.cmake
[4.804s] -- Installing: /home/anirudh/Nav2/install/explore_lite_msgs/share/explore_lite_msgs/cmake/explore_lite_msgsConfig.cmake
[4.804s] -- Installing: /home/anirudh/Nav2/install/explore_lite_msgs/share/explore_lite_msgs/cmake/explore_lite_msgsConfig-version.cmake
[4.804s] -- Installing: /home/anirudh/Nav2/install/explore_lite_msgs/share/explore_lite_msgs/package.xml
[4.806s] Invoked command in '/home/anirudh/Nav2/build/explore_lite_msgs' returned '0': CMAKE_PREFIX_PATH=${CMAKE_PREFIX_PATH}:/opt/ros/jazzy DEBUGINFOD_URLS=https://debuginfod.ubuntu.com /usr/bin/cmake --install /home/anirudh/Nav2/build/explore_lite_msgs
