[0.623s] Invoking command in '/home/anirudh/Nav2/src/nav2': DEBUGINFOD_URLS=https://debuginfod.ubuntu.com PYTHONPATH=/home/anirudh/Nav2/build/nav2/prefix_override:/usr/lib/python3/dist-packages/colcon_core/task/python/colcon_distutils_commands:/home/anirudh/Nav2/install/nav2/lib/python3.12/site-packages:${PYTHONPATH} /usr/bin/python3 -W ignore:setup.py install is deprecated -W ignore:easy_install command is deprecated setup.py egg_info --egg-base ../../build/nav2 build --build-base /home/anirudh/Nav2/build/nav2/build install --record /home/anirudh/Nav2/build/nav2/install.log --single-version-externally-managed install_data
[0.887s] running egg_info
[0.946s] writing ../../build/nav2/nav2.egg-info/PKG-INFO
[0.946s] writing dependency_links to ../../build/nav2/nav2.egg-info/dependency_links.txt
[0.946s] writing entry points to ../../build/nav2/nav2.egg-info/entry_points.txt
[0.947s] writing requirements to ../../build/nav2/nav2.egg-info/requires.txt
[0.947s] writing top-level names to ../../build/nav2/nav2.egg-info/top_level.txt
[1.084s] reading manifest file '../../build/nav2/nav2.egg-info/SOURCES.txt'
[1.088s] writing manifest file '../../build/nav2/nav2.egg-info/SOURCES.txt'
[1.090s] running build
[1.090s] running build_py
[1.090s] running install
[1.110s] running install_lib
[1.144s] running install_data
[1.144s] running install_egg_info
[1.174s] removing '/home/anirudh/Nav2/install/nav2/lib/python3.12/site-packages/nav2-0.0.0-py3.12.egg-info' (and everything under it)
[1.174s] Copying ../../build/nav2/nav2.egg-info to /home/anirudh/Nav2/install/nav2/lib/python3.12/site-packages/nav2-0.0.0-py3.12.egg-info
[1.175s] running install_scripts
[1.370s] Installing laser_node script to /home/anirudh/Nav2/install/nav2/lib/nav2
[1.370s] Installing odom script to /home/anirudh/Nav2/install/nav2/lib/nav2
[1.370s] writing list of installed files to '/home/anirudh/Nav2/build/nav2/install.log'
[1.422s] Invoked command in '/home/anirudh/Nav2/src/nav2' returned '0': DEBUGINFOD_URLS=https://debuginfod.ubuntu.com PYTHONPATH=/home/anirudh/Nav2/build/nav2/prefix_override:/usr/lib/python3/dist-packages/colcon_core/task/python/colcon_distutils_commands:/home/anirudh/Nav2/install/nav2/lib/python3.12/site-packages:${PYTHONPATH} /usr/bin/python3 -W ignore:setup.py install is deprecated -W ignore:easy_install command is deprecated setup.py egg_info --egg-base ../../build/nav2 build --build-base /home/anirudh/Nav2/build/nav2/build install --record /home/anirudh/Nav2/build/nav2/install.log --single-version-externally-managed install_data
