[1.623s] Invoking command in '/home/rpd/Nav2/my_robot': PYTHONPATH=/home/rpd/Nav2/build/my_robot/prefix_override:/usr/lib/python3/dist-packages/colcon_core/task/python/colcon_distutils_commands:/home/rpd/Nav2/install/my_robot/lib/python3.12/site-packages:${PYTHONPATH} /usr/bin/python3 -W ignore:setup.py install is deprecated -W ignore:easy_install command is deprecated setup.py egg_info --egg-base ../build/my_robot build --build-base /home/rpd/Nav2/build/my_robot/build install --record /home/rpd/Nav2/build/my_robot/install.log --single-version-externally-managed install_data
[1.958s] running egg_info
[1.980s] writing ../build/my_robot/my_robot.egg-info/PKG-INFO
[1.981s] writing dependency_links to ../build/my_robot/my_robot.egg-info/dependency_links.txt
[1.982s] writing entry points to ../build/my_robot/my_robot.egg-info/entry_points.txt
[1.983s] writing requirements to ../build/my_robot/my_robot.egg-info/requires.txt
[1.984s] writing top-level names to ../build/my_robot/my_robot.egg-info/top_level.txt
[2.032s] reading manifest file '../build/my_robot/my_robot.egg-info/SOURCES.txt'
[2.034s] writing manifest file '../build/my_robot/my_robot.egg-info/SOURCES.txt'
[2.034s] running build
[2.034s] running build_py
[2.036s] copying my_robot/new_laser.py -> /home/rpd/Nav2/build/my_robot/build/lib/my_robot
[2.037s] copying my_robot/laser.py -> /home/rpd/Nav2/build/my_robot/build/lib/my_robot
[2.037s] copying my_robot/odom.py -> /home/rpd/Nav2/build/my_robot/build/lib/my_robot
[2.037s] copying my_robot/nav.py -> /home/rpd/Nav2/build/my_robot/build/lib/my_robot
[2.038s] copying my_robot/nav2_launch.py -> /home/rpd/Nav2/build/my_robot/build/lib/my_robot
[2.039s] running install
[2.049s] running install_lib
[2.073s] copying /home/rpd/Nav2/build/my_robot/build/lib/my_robot/new_laser.py -> /home/rpd/Nav2/install/my_robot/lib/python3.12/site-packages/my_robot
[2.073s] copying /home/rpd/Nav2/build/my_robot/build/lib/my_robot/laser.py -> /home/rpd/Nav2/install/my_robot/lib/python3.12/site-packages/my_robot
[2.074s] copying /home/rpd/Nav2/build/my_robot/build/lib/my_robot/odom.py -> /home/rpd/Nav2/install/my_robot/lib/python3.12/site-packages/my_robot
[2.074s] copying /home/rpd/Nav2/build/my_robot/build/lib/my_robot/nav.py -> /home/rpd/Nav2/install/my_robot/lib/python3.12/site-packages/my_robot
[2.074s] copying /home/rpd/Nav2/build/my_robot/build/lib/my_robot/nav2_launch.py -> /home/rpd/Nav2/install/my_robot/lib/python3.12/site-packages/my_robot
[2.075s] byte-compiling /home/rpd/Nav2/install/my_robot/lib/python3.12/site-packages/my_robot/new_laser.py to new_laser.cpython-312.pyc
[2.076s] byte-compiling /home/rpd/Nav2/install/my_robot/lib/python3.12/site-packages/my_robot/laser.py to laser.cpython-312.pyc
[2.076s] byte-compiling /home/rpd/Nav2/install/my_robot/lib/python3.12/site-packages/my_robot/odom.py to odom.cpython-312.pyc
[2.079s] byte-compiling /home/rpd/Nav2/install/my_robot/lib/python3.12/site-packages/my_robot/nav.py to nav.cpython-312.pyc
[2.079s] byte-compiling /home/rpd/Nav2/install/my_robot/lib/python3.12/site-packages/my_robot/nav2_launch.py to nav2_launch.cpython-312.pyc
[2.080s] running install_data
[2.081s] running install_egg_info
[2.107s] removing '/home/rpd/Nav2/install/my_robot/lib/python3.12/site-packages/my_robot-0.0.0-py3.12.egg-info' (and everything under it)
[2.107s] Copying ../build/my_robot/my_robot.egg-info to /home/rpd/Nav2/install/my_robot/lib/python3.12/site-packages/my_robot-0.0.0-py3.12.egg-info
[2.109s] running install_scripts
[2.273s] Installing laser_node script to /home/rpd/Nav2/install/my_robot/lib/my_robot
[2.274s] Installing nav script to /home/rpd/Nav2/install/my_robot/lib/my_robot
[2.274s] Installing odom script to /home/rpd/Nav2/install/my_robot/lib/my_robot
[2.277s] writing list of installed files to '/home/rpd/Nav2/build/my_robot/install.log'
[2.361s] Invoked command in '/home/rpd/Nav2/my_robot' returned '0': PYTHONPATH=/home/rpd/Nav2/build/my_robot/prefix_override:/usr/lib/python3/dist-packages/colcon_core/task/python/colcon_distutils_commands:/home/rpd/Nav2/install/my_robot/lib/python3.12/site-packages:${PYTHONPATH} /usr/bin/python3 -W ignore:setup.py install is deprecated -W ignore:easy_install command is deprecated setup.py egg_info --egg-base ../build/my_robot build --build-base /home/rpd/Nav2/build/my_robot/build install --record /home/rpd/Nav2/build/my_robot/install.log --single-version-externally-managed install_data
