[0.548s] Invoking command in '/home/anirudh/Nav2/src/nav2': DEBUGINFOD_URLS=https://debuginfod.ubuntu.com PYTHONPATH=/home/anirudh/Nav2/build/nav2/prefix_override:/usr/lib/python3/dist-packages/colcon_core/task/python/colcon_distutils_commands:/home/anirudh/Nav2/install/nav2/lib/python3.12/site-packages:${PYTHONPATH} /usr/bin/python3 -W ignore:setup.py install is deprecated -W ignore:easy_install command is deprecated setup.py egg_info --egg-base ../../build/nav2 build --build-base /home/anirudh/Nav2/build/nav2/build install --record /home/anirudh/Nav2/build/nav2/install.log --single-version-externally-managed install_data
[0.729s] running egg_info
[0.729s] creating ../../build/nav2/nav2.egg-info
[0.742s] writing ../../build/nav2/nav2.egg-info/PKG-INFO
[0.742s] writing dependency_links to ../../build/nav2/nav2.egg-info/dependency_links.txt
[0.742s] writing entry points to ../../build/nav2/nav2.egg-info/entry_points.txt
[0.742s] writing requirements to ../../build/nav2/nav2.egg-info/requires.txt
[0.742s] writing top-level names to ../../build/nav2/nav2.egg-info/top_level.txt
[0.742s] writing manifest file '../../build/nav2/nav2.egg-info/SOURCES.txt'
[0.767s] reading manifest file '../../build/nav2/nav2.egg-info/SOURCES.txt'
[0.768s] writing manifest file '../../build/nav2/nav2.egg-info/SOURCES.txt'
[0.768s] running build
[0.768s] running build_py
[0.768s] creating /home/anirudh/Nav2/build/nav2/build
[0.768s] creating /home/anirudh/Nav2/build/nav2/build/lib
[0.768s] creating /home/anirudh/Nav2/build/nav2/build/lib/nav2
[0.768s] copying nav2/odom.py -> /home/anirudh/Nav2/build/nav2/build/lib/nav2
[0.768s] copying nav2/__init__.py -> /home/anirudh/Nav2/build/nav2/build/lib/nav2
[0.768s] copying nav2/laser.py -> /home/anirudh/Nav2/build/nav2/build/lib/nav2
[0.768s] running install
[0.772s] running install_lib
[0.785s] creating /home/anirudh/Nav2/install/nav2/lib/python3.12/site-packages/nav2
[0.785s] copying /home/anirudh/Nav2/build/nav2/build/lib/nav2/odom.py -> /home/anirudh/Nav2/install/nav2/lib/python3.12/site-packages/nav2
[0.785s] copying /home/anirudh/Nav2/build/nav2/build/lib/nav2/__init__.py -> /home/anirudh/Nav2/install/nav2/lib/python3.12/site-packages/nav2
[0.785s] copying /home/anirudh/Nav2/build/nav2/build/lib/nav2/laser.py -> /home/anirudh/Nav2/install/nav2/lib/python3.12/site-packages/nav2
[0.785s] byte-compiling /home/anirudh/Nav2/install/nav2/lib/python3.12/site-packages/nav2/odom.py to odom.cpython-312.pyc
[0.787s] byte-compiling /home/anirudh/Nav2/install/nav2/lib/python3.12/site-packages/nav2/__init__.py to __init__.cpython-312.pyc
[0.787s] byte-compiling /home/anirudh/Nav2/install/nav2/lib/python3.12/site-packages/nav2/laser.py to laser.cpython-312.pyc
[0.787s] running install_data
[0.787s] creating /home/anirudh/Nav2/install/nav2/share/ament_index
[0.787s] creating /home/anirudh/Nav2/install/nav2/share/ament_index/resource_index
[0.787s] creating /home/anirudh/Nav2/install/nav2/share/ament_index/resource_index/packages
[0.787s] copying resource/nav2 -> /home/anirudh/Nav2/install/nav2/share/ament_index/resource_index/packages
[0.787s] copying package.xml -> /home/anirudh/Nav2/install/nav2/share/nav2
[0.787s] creating /home/anirudh/Nav2/install/nav2/share/nav2/launch
[0.787s] copying nav2/launch/nav2.py -> /home/anirudh/Nav2/install/nav2/share/nav2/launch
[0.787s] running install_egg_info
[0.801s] Copying ../../build/nav2/nav2.egg-info to /home/anirudh/Nav2/install/nav2/lib/python3.12/site-packages/nav2-0.0.0-py3.12.egg-info
[0.801s] running install_scripts
[0.887s] Installing laser_node script to /home/anirudh/Nav2/install/nav2/lib/nav2
[0.887s] Installing odom script to /home/anirudh/Nav2/install/nav2/lib/nav2
[0.887s] writing list of installed files to '/home/anirudh/Nav2/build/nav2/install.log'
[0.906s] Invoked command in '/home/anirudh/Nav2/src/nav2' returned '0': DEBUGINFOD_URLS=https://debuginfod.ubuntu.com PYTHONPATH=/home/anirudh/Nav2/build/nav2/prefix_override:/usr/lib/python3/dist-packages/colcon_core/task/python/colcon_distutils_commands:/home/anirudh/Nav2/install/nav2/lib/python3.12/site-packages:${PYTHONPATH} /usr/bin/python3 -W ignore:setup.py install is deprecated -W ignore:easy_install command is deprecated setup.py egg_info --egg-base ../../build/nav2 build --build-base /home/anirudh/Nav2/build/nav2/build install --record /home/anirudh/Nav2/build/nav2/install.log --single-version-externally-managed install_data
