running egg_info
creating ../../build/st3215/st3215.egg-info
writing ../../build/st3215/st3215.egg-info/PKG-INFO
writing dependency_links to ../../build/st3215/st3215.egg-info/dependency_links.txt
writing requirements to ../../build/st3215/st3215.egg-info/requires.txt
writing top-level names to ../../build/st3215/st3215.egg-info/top_level.txt
writing manifest file '../../build/st3215/st3215.egg-info/SOURCES.txt'
reading manifest file '../../build/st3215/st3215.egg-info/SOURCES.txt'
adding license file 'LICENSE'
writing manifest file '../../build/st3215/st3215.egg-info/SOURCES.txt'
running build
running build_py
creating /home/rpd/Nav2/build/st3215/build
creating /home/rpd/Nav2/build/st3215/build/lib
creating /home/rpd/Nav2/build/st3215/build/lib/st3215
copying st3215/group_sync_read.py -> /home/rpd/Nav2/build/st3215/build/lib/st3215
copying st3215/st3215.py -> /home/rpd/Nav2/build/st3215/build/lib/st3215
copying st3215/values.py -> /home/rpd/Nav2/build/st3215/build/lib/st3215
copying st3215/__init__.py -> /home/rpd/Nav2/build/st3215/build/lib/st3215
copying st3215/protocol_packet_handler.py -> /home/rpd/Nav2/build/st3215/build/lib/st3215
copying st3215/port_handler.py -> /home/rpd/Nav2/build/st3215/build/lib/st3215
copying st3215/group_sync_write.py -> /home/rpd/Nav2/build/st3215/build/lib/st3215
running install
running install_lib
creating /home/rpd/Nav2/install/st3215/lib/python3.12/site-packages/st3215
copying /home/rpd/Nav2/build/st3215/build/lib/st3215/group_sync_read.py -> /home/rpd/Nav2/install/st3215/lib/python3.12/site-packages/st3215
copying /home/rpd/Nav2/build/st3215/build/lib/st3215/st3215.py -> /home/rpd/Nav2/install/st3215/lib/python3.12/site-packages/st3215
copying /home/rpd/Nav2/build/st3215/build/lib/st3215/values.py -> /home/rpd/Nav2/install/st3215/lib/python3.12/site-packages/st3215
copying /home/rpd/Nav2/build/st3215/build/lib/st3215/__init__.py -> /home/rpd/Nav2/install/st3215/lib/python3.12/site-packages/st3215
copying /home/rpd/Nav2/build/st3215/build/lib/st3215/protocol_packet_handler.py -> /home/rpd/Nav2/install/st3215/lib/python3.12/site-packages/st3215
copying /home/rpd/Nav2/build/st3215/build/lib/st3215/port_handler.py -> /home/rpd/Nav2/install/st3215/lib/python3.12/site-packages/st3215
copying /home/rpd/Nav2/build/st3215/build/lib/st3215/group_sync_write.py -> /home/rpd/Nav2/install/st3215/lib/python3.12/site-packages/st3215
byte-compiling /home/rpd/Nav2/install/st3215/lib/python3.12/site-packages/st3215/group_sync_read.py to group_sync_read.cpython-312.pyc
byte-compiling /home/rpd/Nav2/install/st3215/lib/python3.12/site-packages/st3215/st3215.py to st3215.cpython-312.pyc
byte-compiling /home/rpd/Nav2/install/st3215/lib/python3.12/site-packages/st3215/values.py to values.cpython-312.pyc
byte-compiling /home/rpd/Nav2/install/st3215/lib/python3.12/site-packages/st3215/__init__.py to __init__.cpython-312.pyc
byte-compiling /home/rpd/Nav2/install/st3215/lib/python3.12/site-packages/st3215/protocol_packet_handler.py to protocol_packet_handler.cpython-312.pyc
byte-compiling /home/rpd/Nav2/install/st3215/lib/python3.12/site-packages/st3215/port_handler.py to port_handler.cpython-312.pyc
byte-compiling /home/rpd/Nav2/install/st3215/lib/python3.12/site-packages/st3215/group_sync_write.py to group_sync_write.cpython-312.pyc
running install_egg_info
Copying ../../build/st3215/st3215.egg-info to /home/rpd/Nav2/install/st3215/lib/python3.12/site-packages/st3215-0.0.1-py3.12.egg-info
running install_scripts
writing list of installed files to '/home/rpd/Nav2/build/st3215/install.log'
