[2.040s] Invoking command in '/home/rpd/Nav2/atob/python-st3215': PYTHONPATH=/home/rpd/Nav2/build/st3215/prefix_override:/usr/lib/python3/dist-packages/colcon_core/task/python/colcon_distutils_commands:/home/rpd/Nav2/install/st3215/lib/python3.12/site-packages:${PYTHONPATH} /usr/bin/python3 -W ignore:setup.py install is deprecated -W ignore:easy_install command is deprecated setup.py egg_info --egg-base ../../build/st3215 build --build-base /home/rpd/Nav2/build/st3215/build install --record /home/rpd/Nav2/build/st3215/install.log --single-version-externally-managed
[2.400s] running egg_info
[2.401s] creating ../../build/st3215/st3215.egg-info
[2.424s] writing ../../build/st3215/st3215.egg-info/PKG-INFO
[2.425s] writing dependency_links to ../../build/st3215/st3215.egg-info/dependency_links.txt
[2.425s] writing requirements to ../../build/st3215/st3215.egg-info/requires.txt
[2.425s] writing top-level names to ../../build/st3215/st3215.egg-info/top_level.txt
[2.425s] writing manifest file '../../build/st3215/st3215.egg-info/SOURCES.txt'
[2.480s] reading manifest file '../../build/st3215/st3215.egg-info/SOURCES.txt'
[2.480s] adding license file 'LICENSE'
[2.481s] writing manifest file '../../build/st3215/st3215.egg-info/SOURCES.txt'
[2.481s] running build
[2.481s] running build_py
[2.482s] creating /home/rpd/Nav2/build/st3215/build
[2.482s] creating /home/rpd/Nav2/build/st3215/build/lib
[2.482s] creating /home/rpd/Nav2/build/st3215/build/lib/st3215
[2.482s] copying st3215/group_sync_read.py -> /home/rpd/Nav2/build/st3215/build/lib/st3215
[2.483s] copying st3215/st3215.py -> /home/rpd/Nav2/build/st3215/build/lib/st3215
[2.483s] copying st3215/values.py -> /home/rpd/Nav2/build/st3215/build/lib/st3215
[2.484s] copying st3215/__init__.py -> /home/rpd/Nav2/build/st3215/build/lib/st3215
[2.485s] copying st3215/protocol_packet_handler.py -> /home/rpd/Nav2/build/st3215/build/lib/st3215
[2.485s] copying st3215/port_handler.py -> /home/rpd/Nav2/build/st3215/build/lib/st3215
[2.486s] copying st3215/group_sync_write.py -> /home/rpd/Nav2/build/st3215/build/lib/st3215
[2.487s] running install
[2.496s] running install_lib
[2.521s] creating /home/rpd/Nav2/install/st3215/lib/python3.12/site-packages/st3215
[2.521s] copying /home/rpd/Nav2/build/st3215/build/lib/st3215/group_sync_read.py -> /home/rpd/Nav2/install/st3215/lib/python3.12/site-packages/st3215
[2.522s] copying /home/rpd/Nav2/build/st3215/build/lib/st3215/st3215.py -> /home/rpd/Nav2/install/st3215/lib/python3.12/site-packages/st3215
[2.522s] copying /home/rpd/Nav2/build/st3215/build/lib/st3215/values.py -> /home/rpd/Nav2/install/st3215/lib/python3.12/site-packages/st3215
[2.522s] copying /home/rpd/Nav2/build/st3215/build/lib/st3215/__init__.py -> /home/rpd/Nav2/install/st3215/lib/python3.12/site-packages/st3215
[2.522s] copying /home/rpd/Nav2/build/st3215/build/lib/st3215/protocol_packet_handler.py -> /home/rpd/Nav2/install/st3215/lib/python3.12/site-packages/st3215
[2.522s] copying /home/rpd/Nav2/build/st3215/build/lib/st3215/port_handler.py -> /home/rpd/Nav2/install/st3215/lib/python3.12/site-packages/st3215
[2.523s] copying /home/rpd/Nav2/build/st3215/build/lib/st3215/group_sync_write.py -> /home/rpd/Nav2/install/st3215/lib/python3.12/site-packages/st3215
[2.523s] byte-compiling /home/rpd/Nav2/install/st3215/lib/python3.12/site-packages/st3215/group_sync_read.py to group_sync_read.cpython-312.pyc
[2.526s] byte-compiling /home/rpd/Nav2/install/st3215/lib/python3.12/site-packages/st3215/st3215.py to st3215.cpython-312.pyc
[2.530s] byte-compiling /home/rpd/Nav2/install/st3215/lib/python3.12/site-packages/st3215/values.py to values.cpython-312.pyc
[2.531s] byte-compiling /home/rpd/Nav2/install/st3215/lib/python3.12/site-packages/st3215/__init__.py to __init__.cpython-312.pyc
[2.531s] byte-compiling /home/rpd/Nav2/install/st3215/lib/python3.12/site-packages/st3215/protocol_packet_handler.py to protocol_packet_handler.cpython-312.pyc
[2.536s] byte-compiling /home/rpd/Nav2/install/st3215/lib/python3.12/site-packages/st3215/port_handler.py to port_handler.cpython-312.pyc
[2.538s] byte-compiling /home/rpd/Nav2/install/st3215/lib/python3.12/site-packages/st3215/group_sync_write.py to group_sync_write.cpython-312.pyc
[2.539s] running install_egg_info
[2.565s] Copying ../../build/st3215/st3215.egg-info to /home/rpd/Nav2/install/st3215/lib/python3.12/site-packages/st3215-0.0.1-py3.12.egg-info
[2.566s] running install_scripts
[2.746s] writing list of installed files to '/home/rpd/Nav2/build/st3215/install.log'
[2.881s] Invoked command in '/home/rpd/Nav2/atob/python-st3215' returned '0': PYTHONPATH=/home/rpd/Nav2/build/st3215/prefix_override:/usr/lib/python3/dist-packages/colcon_core/task/python/colcon_distutils_commands:/home/rpd/Nav2/install/st3215/lib/python3.12/site-packages:${PYTHONPATH} /usr/bin/python3 -W ignore:setup.py install is deprecated -W ignore:easy_install command is deprecated setup.py egg_info --egg-base ../../build/st3215 build --build-base /home/rpd/Nav2/build/st3215/build install --record /home/rpd/Nav2/build/st3215/install.log --single-version-externally-managed
